2026-02-26 15:14:37,097 INFO: log_path:logs_2026_2_26_HS_RMSE_fusion/AMFormer_simple_MLP_dim32_depth2_heads4_dropout0.4_fusion0.45_0.55_lr0.001_6P 
2026-02-26 15:14:37,097 INFO: Model:namespace(attn_dropout=0.4, categories=[], cluster=3, depth=2, dim=32, ff_dropout=0.4, groups=[54, 54, 54], heads=4, name='AMFormer_simple_MLP_dim32_depth2_heads4_dropout0.4_fusion0.45_0.55', num_cate=0, num_cont=20, num_special_tokens=1, out_dim=1, predictor='simple_MLP', prod_num_per_group=[6, 6, 6], qk_relu=False, static_fusion={'kan_weight': 0.45, 'trans_weight': 0.55}, sum_num_per_group=[32, 16, 8], target_mode='regression', token_descent=False, use_KAN_path=True, use_cls_token=True, use_prod=True, use_row_col_attention=True, use_sigmoid=True) 
2026-02-26 15:14:37,098 INFO: lr:0.001, loss:RMSE 
2026-02-26 15:14:37,098 INFO: Dataset:HS, Target:['metal6_Peak'] 
2026-02-26 15:14:37,098 INFO: ------Begin Training Model------ 
2026-02-26 15:14:44,791 INFO: Epoch 1, Train Loss: 0.7647164527213934, Test Loss: 0.6753172657706521, Inverse Test Loss: 6.233056299614184, Train R2: 0.3997292477976192, Test R2: 0.5130417346954346, Inverse Test R2: 0.5130417346954346 
2026-02-26 15:14:44,812 INFO: ---> Saved new best model weights to log/txt_log\logs_2026_2_26_HS_RMSE_fusion/AMFormer_simple_MLP_dim32_depth2_heads4_dropout0.4_fusion0.45_0.55_lr0.001_6P\best_AMFormer_HS_weights.pth 
2026-02-26 15:14:49,024 INFO: Epoch 2, Train Loss: 0.6455058166475007, Test Loss: 0.5942425339510946, Inverse Test Loss: 5.484751181168989, Train R2: 0.5711112771973466, Test R2: 0.6212660074234009, Inverse Test R2: 0.6212660074234009 
2026-02-26 15:14:49,036 INFO: ---> Saved new best model weights to log/txt_log\logs_2026_2_26_HS_RMSE_fusion/AMFormer_simple_MLP_dim32_depth2_heads4_dropout0.4_fusion0.45_0.55_lr0.001_6P\best_AMFormer_HS_weights.pth 
2026-02-26 15:14:53,277 INFO: Epoch 3, Train Loss: 0.5765489448200573, Test Loss: 0.544416957732403, Inverse Test Loss: 5.024870113892988, Train R2: 0.6598549729043787, Test R2: 0.6792266964912415, Inverse Test R2: 0.6792266368865967 
2026-02-26 15:14:53,290 INFO: ---> Saved new best model weights to log/txt_log\logs_2026_2_26_HS_RMSE_fusion/AMFormer_simple_MLP_dim32_depth2_heads4_dropout0.4_fusion0.45_0.55_lr0.001_6P\best_AMFormer_HS_weights.pth 
2026-02-26 15:14:57,495 INFO: Epoch 4, Train Loss: 0.5398102538152174, Test Loss: 0.5211451613541805, Inverse Test Loss: 4.810075709314058, Train R2: 0.7013811441985044, Test R2: 0.7067505121231079, Inverse Test R2: 0.7067505121231079 
2026-02-26 15:14:57,508 INFO: ---> Saved new best model weights to log/txt_log\logs_2026_2_26_HS_RMSE_fusion/AMFormer_simple_MLP_dim32_depth2_heads4_dropout0.4_fusion0.45_0.55_lr0.001_6P\best_AMFormer_HS_weights.pth 
2026-02-26 15:15:01,716 INFO: Epoch 5, Train Loss: 0.5218447875795942, Test Loss: 0.49420401544281933, Inverse Test Loss: 4.561413772178419, Train R2: 0.7195524921019872, Test R2: 0.7347298860549927, Inverse Test R2: 0.7347298860549927 
2026-02-26 15:15:01,728 INFO: ---> Saved new best model weights to log/txt_log\logs_2026_2_26_HS_RMSE_fusion/AMFormer_simple_MLP_dim32_depth2_heads4_dropout0.4_fusion0.45_0.55_lr0.001_6P\best_AMFormer_HS_weights.pth 
2026-02-26 15:15:05,919 INFO: Epoch 6, Train Loss: 0.5035731097062429, Test Loss: 0.49177717891606415, Inverse Test Loss: 4.539014520067157, Train R2: 0.7382977437792402, Test R2: 0.7366374731063843, Inverse Test R2: 0.7366374135017395 
2026-02-26 15:15:05,931 INFO: ---> Saved new best model weights to log/txt_log\logs_2026_2_26_HS_RMSE_fusion/AMFormer_simple_MLP_dim32_depth2_heads4_dropout0.4_fusion0.45_0.55_lr0.001_6P\best_AMFormer_HS_weights.pth 
2026-02-26 15:15:10,154 INFO: Epoch 7, Train Loss: 0.49691310366897873, Test Loss: 0.4800168474515279, Inverse Test Loss: 4.4304687832341045, Train R2: 0.7456951480020176, Test R2: 0.7492548227310181, Inverse Test R2: 0.7492548227310181 
2026-02-26 15:15:10,167 INFO: ---> Saved new best model weights to log/txt_log\logs_2026_2_26_HS_RMSE_fusion/AMFormer_simple_MLP_dim32_depth2_heads4_dropout0.4_fusion0.45_0.55_lr0.001_6P\best_AMFormer_HS_weights.pth 
2026-02-26 15:15:14,387 INFO: Epoch 8, Train Loss: 0.4887272941343712, Test Loss: 0.48881548010941706, Inverse Test Loss: 4.511678515058575, Train R2: 0.7534644323768038, Test R2: 0.740525484085083, Inverse Test R2: 0.7405253648757935 
2026-02-26 15:15:18,594 INFO: Epoch 9, Train Loss: 0.4862172982909463, Test Loss: 0.46422390323696716, Inverse Test Loss: 4.284702821211382, Train R2: 0.7556139691309496, Test R2: 0.7652252316474915, Inverse Test R2: 0.7652251720428467 
2026-02-26 15:15:18,606 INFO: ---> Saved new best model weights to log/txt_log\logs_2026_2_26_HS_RMSE_fusion/AMFormer_simple_MLP_dim32_depth2_heads4_dropout0.4_fusion0.45_0.55_lr0.001_6P\best_AMFormer_HS_weights.pth 
2026-02-26 15:15:22,856 INFO: Epoch 10, Train Loss: 0.47574772888963873, Test Loss: 0.46478694677352905, Inverse Test Loss: 4.289899616530447, Train R2: 0.7670244624217352, Test R2: 0.7645114660263062, Inverse Test R2: 0.7645114660263062 
2026-02-26 15:15:22,857 INFO: Best Epoch 9, Best Test Loss: 0.46422390323696716, Inv Test Loss: 4.284702821211382, Best Test R2: 0.7652252316474915 
2026-02-26 15:15:27,076 INFO: Epoch 11, Train Loss: 0.470715985605211, Test Loss: 0.4547450831442168, Inverse Test Loss: 4.197215073036425, Train R2: 0.7702592891274076, Test R2: 0.774654746055603, Inverse Test R2: 0.774654746055603 
2026-02-26 15:15:27,089 INFO: ---> Saved new best model weights to log/txt_log\logs_2026_2_26_HS_RMSE_fusion/AMFormer_simple_MLP_dim32_depth2_heads4_dropout0.4_fusion0.45_0.55_lr0.001_6P\best_AMFormer_HS_weights.pth 
2026-02-26 15:15:31,336 INFO: Epoch 12, Train Loss: 0.4689941864573594, Test Loss: 0.4501534059192195, Inverse Test Loss: 4.154834725640037, Train R2: 0.7729012044993314, Test R2: 0.7778745889663696, Inverse Test R2: 0.7778745889663696 
2026-02-26 15:15:31,348 INFO: ---> Saved new best model weights to log/txt_log\logs_2026_2_26_HS_RMSE_fusion/AMFormer_simple_MLP_dim32_depth2_heads4_dropout0.4_fusion0.45_0.55_lr0.001_6P\best_AMFormer_HS_weights.pth 
2026-02-26 15:15:35,578 INFO: Epoch 13, Train Loss: 0.4615427657510295, Test Loss: 0.46391300811912073, Inverse Test Loss: 4.281833179069288, Train R2: 0.782291370359334, Test R2: 0.7641562223434448, Inverse Test R2: 0.7641562223434448 
2026-02-26 15:15:39,813 INFO: Epoch 14, Train Loss: 0.45834625286586356, Test Loss: 0.43872108062108356, Inverse Test Loss: 4.049316261753892, Train R2: 0.7816276053587595, Test R2: 0.7899267673492432, Inverse Test R2: 0.7899267673492432 
2026-02-26 15:15:39,826 INFO: ---> Saved new best model weights to log/txt_log\logs_2026_2_26_HS_RMSE_fusion/AMFormer_simple_MLP_dim32_depth2_heads4_dropout0.4_fusion0.45_0.55_lr0.001_6P\best_AMFormer_HS_weights.pth 
2026-02-26 15:15:44,070 INFO: Epoch 15, Train Loss: 0.4530495895129262, Test Loss: 0.4885661005973816, Inverse Test Loss: 4.509376944917621, Train R2: 0.7859158723643331, Test R2: 0.7423499226570129, Inverse Test R2: 0.7423499226570129 
2026-02-26 15:15:48,317 INFO: Epoch 16, Train Loss: 0.4546028332728328, Test Loss: 0.4466630753242608, Inverse Test Loss: 4.122619542208585, Train R2: 0.7873228887716929, Test R2: 0.7816190123558044, Inverse Test R2: 0.7816189527511597 
2026-02-26 15:15:52,545 INFO: Epoch 17, Train Loss: 0.45111973922361026, Test Loss: 0.4564763867493832, Inverse Test Loss: 4.21319461591316, Train R2: 0.790054174083652, Test R2: 0.7733913064002991, Inverse Test R2: 0.7733912467956543 
2026-02-26 15:15:56,793 INFO: Epoch 18, Train Loss: 0.4487238165104028, Test Loss: 0.43869894291415357, Inverse Test Loss: 4.049112002054851, Train R2: 0.7915951731530103, Test R2: 0.7899215817451477, Inverse Test R2: 0.7899215817451477 
2026-02-26 15:15:56,805 INFO: ---> Saved new best model weights to log/txt_log\logs_2026_2_26_HS_RMSE_fusion/AMFormer_simple_MLP_dim32_depth2_heads4_dropout0.4_fusion0.45_0.55_lr0.001_6P\best_AMFormer_HS_weights.pth 
2026-02-26 15:16:01,055 INFO: Epoch 19, Train Loss: 0.44632284569017816, Test Loss: 0.4507430051312302, Inverse Test Loss: 4.160276586359197, Train R2: 0.794589001120943, Test R2: 0.7797755599021912, Inverse Test R2: 0.7797755599021912 
2026-02-26 15:16:05,300 INFO: Epoch 20, Train Loss: 0.4455741528760303, Test Loss: 0.42298566753214056, Inverse Test Loss: 3.904081308480465, Train R2: 0.7952195356289545, Test R2: 0.8039199113845825, Inverse Test R2: 0.8039199113845825 
2026-02-26 15:16:05,313 INFO: ---> Saved new best model weights to log/txt_log\logs_2026_2_26_HS_RMSE_fusion/AMFormer_simple_MLP_dim32_depth2_heads4_dropout0.4_fusion0.45_0.55_lr0.001_6P\best_AMFormer_HS_weights.pth 
2026-02-26 15:16:05,313 INFO: Best Epoch 20, Best Test Loss: 0.42298566753214056, Inv Test Loss: 3.904081308480465, Best Test R2: 0.8039199113845825 
2026-02-26 15:16:09,567 INFO: Epoch 21, Train Loss: 0.4390060863260067, Test Loss: 0.42476093046592944, Inverse Test Loss: 3.920466661453247, Train R2: 0.8017464862628416, Test R2: 0.8028221130371094, Inverse Test R2: 0.8028221130371094 
2026-02-26 15:16:13,837 INFO: Epoch 22, Train Loss: 0.4425821110154643, Test Loss: 0.42562094601717865, Inverse Test Loss: 3.9284043673313027, Train R2: 0.797159837953972, Test R2: 0.8037530779838562, Inverse Test R2: 0.8037530779838562 
2026-02-26 15:16:18,078 INFO: Epoch 23, Train Loss: 0.433792141576608, Test Loss: 0.41650108406037994, Inverse Test Loss: 3.8442297632044014, Train R2: 0.8045210626089212, Test R2: 0.8104998469352722, Inverse Test R2: 0.8104997873306274 
2026-02-26 15:16:18,090 INFO: ---> Saved new best model weights to log/txt_log\logs_2026_2_26_HS_RMSE_fusion/AMFormer_simple_MLP_dim32_depth2_heads4_dropout0.4_fusion0.45_0.55_lr0.001_6P\best_AMFormer_HS_weights.pth 
2026-02-26 15:16:22,361 INFO: Epoch 24, Train Loss: 0.4339085015835184, Test Loss: 0.4149204980243336, Inverse Test Loss: 3.8296412482406152, Train R2: 0.804291796503645, Test R2: 0.8119483590126038, Inverse Test R2: 0.8119483590126038 
2026-02-26 15:16:22,373 INFO: ---> Saved new best model weights to log/txt_log\logs_2026_2_26_HS_RMSE_fusion/AMFormer_simple_MLP_dim32_depth2_heads4_dropout0.4_fusion0.45_0.55_lr0.001_6P\best_AMFormer_HS_weights.pth 
2026-02-26 15:16:26,643 INFO: Epoch 25, Train Loss: 0.43293934247710486, Test Loss: 0.417672877961939, Inverse Test Loss: 3.855045224681045, Train R2: 0.8053008950117863, Test R2: 0.8092026710510254, Inverse Test R2: 0.8092026114463806 
2026-02-26 15:16:30,909 INFO: Epoch 26, Train Loss: 0.4310003485191952, Test Loss: 0.43092541351462854, Inverse Test Loss: 3.977363767045917, Train R2: 0.8072163656805501, Test R2: 0.7976630926132202, Inverse Test R2: 0.7976630926132202 
2026-02-26 15:16:35,182 INFO: Epoch 27, Train Loss: 0.43214921698425757, Test Loss: 0.42057663292595837, Inverse Test Loss: 3.881846384568648, Train R2: 0.807334607297724, Test R2: 0.8075664639472961, Inverse Test R2: 0.8075664639472961 
2026-02-26 15:16:39,432 INFO: Epoch 28, Train Loss: 0.4253389587004979, Test Loss: 0.41357905485413293, Inverse Test Loss: 3.817260012482152, Train R2: 0.8121642994158196, Test R2: 0.8136540651321411, Inverse Test R2: 0.8136540055274963 
2026-02-26 15:16:39,445 INFO: ---> Saved new best model weights to log/txt_log\logs_2026_2_26_HS_RMSE_fusion/AMFormer_simple_MLP_dim32_depth2_heads4_dropout0.4_fusion0.45_0.55_lr0.001_6P\best_AMFormer_HS_weights.pth 
2026-02-26 15:16:43,714 INFO: Epoch 29, Train Loss: 0.4273685806176879, Test Loss: 0.4126980539524194, Inverse Test Loss: 3.8091284722992866, Train R2: 0.8097251477566633, Test R2: 0.8152565360069275, Inverse Test R2: 0.8152565360069275 
2026-02-26 15:16:43,725 INFO: ---> Saved new best model weights to log/txt_log\logs_2026_2_26_HS_RMSE_fusion/AMFormer_simple_MLP_dim32_depth2_heads4_dropout0.4_fusion0.45_0.55_lr0.001_6P\best_AMFormer_HS_weights.pth 
2026-02-26 15:16:47,992 INFO: Epoch 30, Train Loss: 0.4260984986568942, Test Loss: 0.4091058364420226, Inverse Test Loss: 3.7759730021158853, Train R2: 0.8111586715235855, Test R2: 0.8175873160362244, Inverse Test R2: 0.8175872564315796 
2026-02-26 15:16:48,003 INFO: ---> Saved new best model weights to log/txt_log\logs_2026_2_26_HS_RMSE_fusion/AMFormer_simple_MLP_dim32_depth2_heads4_dropout0.4_fusion0.45_0.55_lr0.001_6P\best_AMFormer_HS_weights.pth 
2026-02-26 15:16:48,003 INFO: Best Epoch 30, Best Test Loss: 0.4091058364420226, Inv Test Loss: 3.7759730021158853, Best Test R2: 0.8175873160362244 
2026-02-26 15:16:52,267 INFO: Epoch 31, Train Loss: 0.42780173457030096, Test Loss: 0.42426704999172327, Inverse Test Loss: 3.9159082716161553, Train R2: 0.8108067232550997, Test R2: 0.8034845590591431, Inverse Test R2: 0.8034845590591431 
2026-02-26 15:16:56,562 INFO: Epoch 32, Train Loss: 0.4217136308099284, Test Loss: 0.41309816999868915, Inverse Test Loss: 3.8128214966167104, Train R2: 0.8163209453676686, Test R2: 0.8143706321716309, Inverse Test R2: 0.8143706321716309 
2026-02-26 15:17:00,841 INFO: Epoch 33, Train Loss: 0.42314336945613223, Test Loss: 0.4108855056040215, Inverse Test Loss: 3.792398958495169, Train R2: 0.8147966771414785, Test R2: 0.8160313367843628, Inverse Test R2: 0.8160313367843628 
2026-02-26 15:17:05,105 INFO: Epoch 34, Train Loss: 0.42265407741069794, Test Loss: 0.4093177607565215, Inverse Test Loss: 3.7779290531620835, Train R2: 0.8135009678927335, Test R2: 0.8186990022659302, Inverse Test R2: 0.8186990022659302 
2026-02-26 15:17:09,339 INFO: Epoch 35, Train Loss: 0.41630156405947427, Test Loss: 0.4111621334697261, Inverse Test Loss: 3.7949521758339624, Train R2: 0.8203740232821667, Test R2: 0.8157473206520081, Inverse Test R2: 0.8157473206520081 
2026-02-26 15:17:13,595 INFO: Epoch 36, Train Loss: 0.41582300593004085, Test Loss: 0.408352278398745, Inverse Test Loss: 3.7690178047526968, Train R2: 0.8198080527963061, Test R2: 0.8184351921081543, Inverse Test R2: 0.8184351921081543 
2026-02-26 15:17:13,607 INFO: ---> Saved new best model weights to log/txt_log\logs_2026_2_26_HS_RMSE_fusion/AMFormer_simple_MLP_dim32_depth2_heads4_dropout0.4_fusion0.45_0.55_lr0.001_6P\best_AMFormer_HS_weights.pth 
2026-02-26 15:17:17,877 INFO: Epoch 37, Train Loss: 0.41395610932147864, Test Loss: 0.3996354648561189, Inverse Test Loss: 3.6885632095914898, Train R2: 0.8222349412513502, Test R2: 0.8257343173027039, Inverse Test R2: 0.8257343173027039 
2026-02-26 15:17:17,890 INFO: ---> Saved new best model weights to log/txt_log\logs_2026_2_26_HS_RMSE_fusion/AMFormer_simple_MLP_dim32_depth2_heads4_dropout0.4_fusion0.45_0.55_lr0.001_6P\best_AMFormer_HS_weights.pth 
2026-02-26 15:17:22,145 INFO: Epoch 38, Train Loss: 0.41410023470719654, Test Loss: 0.40994123888738226, Inverse Test Loss: 3.7836836323593603, Train R2: 0.8222023767955375, Test R2: 0.8172460198402405, Inverse Test R2: 0.8172460198402405 
2026-02-26 15:17:26,400 INFO: Epoch 39, Train Loss: 0.4119125453360153, Test Loss: 0.40628533020164026, Inverse Test Loss: 3.749940193060673, Train R2: 0.8251365179365332, Test R2: 0.8209562301635742, Inverse Test R2: 0.8209562301635742 
2026-02-26 15:17:30,673 INFO: Epoch 40, Train Loss: 0.4064185174577164, Test Loss: 0.41332550392006384, Inverse Test Loss: 3.814919782407356, Train R2: 0.8288124506220673, Test R2: 0.8147064447402954, Inverse Test R2: 0.8147064447402954 
2026-02-26 15:17:30,673 INFO: Best Epoch 37, Best Test Loss: 0.3996354648561189, Inv Test Loss: 3.6885632095914898, Best Test R2: 0.8257343173027039 
2026-02-26 15:17:34,936 INFO: Epoch 41, Train Loss: 0.4053354858223236, Test Loss: 0.40730310028249567, Inverse Test Loss: 3.759334101821437, Train R2: 0.8289952851606138, Test R2: 0.8195219039916992, Inverse Test R2: 0.8195218443870544 
2026-02-26 15:17:39,193 INFO: Epoch 42, Train Loss: 0.4072958201621518, Test Loss: 0.4033928197441679, Inverse Test Loss: 3.7232428753014766, Train R2: 0.8277105661955747, Test R2: 0.8235872387886047, Inverse Test R2: 0.8235872387886047 
2026-02-26 15:17:43,461 INFO: Epoch 43, Train Loss: 0.4091605365727887, Test Loss: 0.40639444734110974, Inverse Test Loss: 3.750947359836463, Train R2: 0.8262451236898248, Test R2: 0.821287989616394, Inverse Test R2: 0.821287989616394 
2026-02-26 15:17:47,719 INFO: Epoch 44, Train Loss: 0.40442337761774205, Test Loss: 0.4127280269608353, Inverse Test Loss: 3.809405110099099, Train R2: 0.8297810351306741, Test R2: 0.8154446482658386, Inverse Test R2: 0.8154445886611938 
2026-02-26 15:17:51,973 INFO: Epoch 45, Train Loss: 0.4040106790083827, Test Loss: 0.40398392803741223, Inverse Test Loss: 3.7286986943447227, Train R2: 0.8291080928210056, Test R2: 0.8221508860588074, Inverse Test R2: 0.8221508860588074 
2026-02-26 15:17:56,237 INFO: Epoch 46, Train Loss: 0.40433841717965674, Test Loss: 0.405069910215609, Inverse Test Loss: 3.738722172650424, Train R2: 0.8306065052747726, Test R2: 0.8220361471176147, Inverse Test R2: 0.8220361471176147 
2026-02-26 15:18:00,495 INFO: Epoch 47, Train Loss: 0.4038670379104036, Test Loss: 0.40269332040439954, Inverse Test Loss: 3.716786644675515, Train R2: 0.8303192154024587, Test R2: 0.8223239183425903, Inverse Test R2: 0.8223239183425903 
2026-02-26 15:18:04,766 INFO: Epoch 48, Train Loss: 0.3994645101554466, Test Loss: 0.41576509403459955, Inverse Test Loss: 3.8374367699478613, Train R2: 0.8334543005083547, Test R2: 0.812264084815979, Inverse Test R2: 0.812264084815979 
2026-02-26 15:18:09,016 INFO: Epoch 49, Train Loss: 0.4035840605696042, Test Loss: 0.40770915511882666, Inverse Test Loss: 3.7630818901639995, Train R2: 0.8299845118414272, Test R2: 0.8205525875091553, Inverse Test R2: 0.8205525875091553 
2026-02-26 15:18:13,246 INFO: Epoch 50, Train Loss: 0.4017933304562713, Test Loss: 0.4026867566686688, Inverse Test Loss: 3.716725970759536, Train R2: 0.8324532558520635, Test R2: 0.8244415521621704, Inverse Test R2: 0.8244415521621704 
2026-02-26 15:18:13,246 INFO: Best Epoch 37, Best Test Loss: 0.3996354648561189, Inv Test Loss: 3.6885632095914898, Best Test R2: 0.8257343173027039 
2026-02-26 15:18:17,505 INFO: Epoch 51, Train Loss: 0.39882646568796853, Test Loss: 0.40490344798926153, Inverse Test Loss: 3.7371857166290283, Train R2: 0.8344507298686288, Test R2: 0.8217015266418457, Inverse Test R2: 0.8217015266418457 
2026-02-26 15:18:21,746 INFO: Epoch 52, Train Loss: 0.39495691679643863, Test Loss: 0.4052256201252793, Inverse Test Loss: 3.7401593164964155, Train R2: 0.8375152105634863, Test R2: 0.8226286768913269, Inverse Test R2: 0.8226286172866821 
2026-02-26 15:18:26,016 INFO: Epoch 53, Train Loss: 0.39633815284028195, Test Loss: 0.4073709682984786, Inverse Test Loss: 3.7599604563279585, Train R2: 0.8362317365227323, Test R2: 0.8213463425636292, Inverse Test R2: 0.8213463425636292 
2026-02-26 15:18:30,284 INFO: Epoch 54, Train Loss: 0.3937570520422675, Test Loss: 0.417550161932454, Inverse Test Loss: 3.8539125485853716, Train R2: 0.8392398917313778, Test R2: 0.8105076551437378, Inverse Test R2: 0.8105076551437378 
2026-02-26 15:18:34,571 INFO: Epoch 55, Train Loss: 0.3944643683957331, Test Loss: 0.4025450917807492, Inverse Test Loss: 3.7154185699694082, Train R2: 0.8367417698556726, Test R2: 0.823364794254303, Inverse Test R2: 0.823364794254303 
2026-02-26 15:18:38,833 INFO: Epoch 56, Train Loss: 0.3934499923930024, Test Loss: 0.41644965428294556, Inverse Test Loss: 3.843755100712632, Train R2: 0.8374888896942139, Test R2: 0.8114432096481323, Inverse Test R2: 0.8114432096481323 
2026-02-26 15:18:43,094 INFO: Epoch 57, Train Loss: 0.3936701272473191, Test Loss: 0.4070171090689572, Inverse Test Loss: 3.756694360212846, Train R2: 0.8388324533448075, Test R2: 0.8206586241722107, Inverse Test R2: 0.8206586241722107 
2026-02-26 15:18:47,377 INFO: Epoch 58, Train Loss: 0.39223306411595055, Test Loss: 0.40271588708415174, Inverse Test Loss: 3.716994870792736, Train R2: 0.8388711999763142, Test R2: 0.8239937424659729, Inverse Test R2: 0.8239937424659729 
2026-02-26 15:18:51,639 INFO: Epoch 59, Train Loss: 0.38950609302881994, Test Loss: 0.40443797635309625, Inverse Test Loss: 3.7328894716320615, Train R2: 0.8405403061346575, Test R2: 0.8215975761413574, Inverse Test R2: 0.8215975761413574 
2026-02-26 15:18:55,937 INFO: Epoch 60, Train Loss: 0.39001126643834694, Test Loss: 0.41577894579280505, Inverse Test Loss: 3.8375645406318433, Train R2: 0.8415682324857423, Test R2: 0.8112994432449341, Inverse Test R2: 0.8112994432449341 
2026-02-26 15:18:55,937 INFO: Best Epoch 37, Best Test Loss: 0.3996354648561189, Inv Test Loss: 3.6885632095914898, Best Test R2: 0.8257343173027039 
2026-02-26 15:19:00,220 INFO: Epoch 61, Train Loss: 0.394853172202905, Test Loss: 0.3952995610959602, Inverse Test Loss: 3.6485435745932837, Train R2: 0.8372743107152708, Test R2: 0.8293477892875671, Inverse Test R2: 0.8293477892875671 
2026-02-26 15:19:00,233 INFO: ---> Saved new best model weights to log/txt_log\logs_2026_2_26_HS_RMSE_fusion/AMFormer_simple_MLP_dim32_depth2_heads4_dropout0.4_fusion0.45_0.55_lr0.001_6P\best_AMFormer_HS_weights.pth 
2026-02-26 15:19:04,524 INFO: Epoch 62, Train Loss: 0.38958974385803397, Test Loss: 0.4028503072984291, Inverse Test Loss: 3.7182356877760454, Train R2: 0.8408900476766356, Test R2: 0.8231997489929199, Inverse Test R2: 0.8231997489929199 
2026-02-26 15:19:08,797 INFO: Epoch 63, Train Loss: 0.38534318260622746, Test Loss: 0.4040969799865376, Inverse Test Loss: 3.7297421007445366, Train R2: 0.8439215164292942, Test R2: 0.8232516050338745, Inverse Test R2: 0.8232516050338745 
2026-02-26 15:19:13,054 INFO: Epoch 64, Train Loss: 0.3892137936570428, Test Loss: 0.3963628790595315, Inverse Test Loss: 3.658357779184977, Train R2: 0.8412785534605836, Test R2: 0.8289471864700317, Inverse Test R2: 0.8289471864700317 
2026-02-26 15:19:17,318 INFO: Epoch 65, Train Loss: 0.3846293498169292, Test Loss: 0.40416917656407214, Inverse Test Loss: 3.730408538471569, Train R2: 0.8449541212934436, Test R2: 0.8222663402557373, Inverse Test R2: 0.8222663402557373 
2026-02-26 15:19:21,566 INFO: Epoch 66, Train Loss: 0.37832959786509024, Test Loss: 0.42292267896912317, Inverse Test Loss: 3.9034998922637016, Train R2: 0.8503513354243655, Test R2: 0.8060461282730103, Inverse Test R2: 0.8060461282730103 
2026-02-26 15:19:25,813 INFO: Epoch 67, Train Loss: 0.38149511520609714, Test Loss: 0.4076348425764026, Inverse Test Loss: 3.7623959454623135, Train R2: 0.8472573797811161, Test R2: 0.8186811208724976, Inverse Test R2: 0.8186810612678528 
2026-02-26 15:19:30,074 INFO: Epoch 68, Train Loss: 0.38251520083709195, Test Loss: 0.4072060792735129, Inverse Test Loss: 3.7584385293902773, Train R2: 0.8464363953380873, Test R2: 0.8194400668144226, Inverse Test R2: 0.8194400668144226 
2026-02-26 15:19:34,334 INFO: Epoch 69, Train Loss: 0.37928735182592366, Test Loss: 0.4131248773950519, Inverse Test Loss: 3.8130680358771123, Train R2: 0.8497086664040884, Test R2: 0.8159148693084717, Inverse Test R2: 0.8159148693084717 
2026-02-26 15:19:38,585 INFO: Epoch 70, Train Loss: 0.3837528002984596, Test Loss: 0.41154724901372736, Inverse Test Loss: 3.7985067945538145, Train R2: 0.846362674778158, Test R2: 0.8159635663032532, Inverse Test R2: 0.8159635066986084 
2026-02-26 15:19:38,585 INFO: Best Epoch 61, Best Test Loss: 0.3952995610959602, Inv Test Loss: 3.6485435745932837, Best Test R2: 0.8293477892875671 
2026-02-26 15:19:42,840 INFO: Epoch 71, Train Loss: 0.3830992825555079, Test Loss: 0.4081649157133969, Inverse Test Loss: 3.7672885258992515, Train R2: 0.8471758749448892, Test R2: 0.8182636499404907, Inverse Test R2: 0.8182636499404907 
2026-02-26 15:19:47,102 INFO: Epoch 72, Train Loss: 0.37227223802245024, Test Loss: 0.4092551749764067, Inverse Test Loss: 3.7773513577201148, Train R2: 0.8549512060302676, Test R2: 0.8179154396057129, Inverse Test R2: 0.8179154396057129 
2026-02-26 15:19:51,349 INFO: Epoch 73, Train Loss: 0.3743231071893013, Test Loss: 0.41678269884803076, Inverse Test Loss: 3.84682906035221, Train R2: 0.8526273473645701, Test R2: 0.8108062148094177, Inverse Test R2: 0.8108062148094177 
2026-02-26 15:19:55,620 INFO: Epoch 74, Train Loss: 0.377386432028178, Test Loss: 0.4223472322478439, Inverse Test Loss: 3.8981887138251103, Train R2: 0.8505422156868558, Test R2: 0.8043515682220459, Inverse Test R2: 0.8043515682220459 
2026-02-26 15:19:59,892 INFO: Epoch 75, Train Loss: 0.37640704090396565, Test Loss: 0.4196776034254016, Inverse Test Loss: 3.8735485076904297, Train R2: 0.8514398056449313, Test R2: 0.8068739175796509, Inverse Test R2: 0.8068739175796509 
2026-02-26 15:20:04,172 INFO: Epoch 76, Train Loss: 0.36885420086257387, Test Loss: 0.4022411387978178, Inverse Test Loss: 3.7126131202235366, Train R2: 0.8571589042743047, Test R2: 0.8235832452774048, Inverse Test R2: 0.8235832452774048 
2026-02-26 15:20:08,449 INFO: Epoch 77, Train Loss: 0.37156343606836867, Test Loss: 0.4166483292073915, Inverse Test Loss: 3.845588792454113, Train R2: 0.8559534256205414, Test R2: 0.8110884428024292, Inverse Test R2: 0.8110883831977844 
2026-02-26 15:20:12,708 INFO: Epoch 78, Train Loss: 0.3708167200287183, Test Loss: 0.4120055915731372, Inverse Test Loss: 3.8027372143485327, Train R2: 0.8576436647863099, Test R2: 0.8143317699432373, Inverse Test R2: 0.8143317699432373 
2026-02-26 15:20:16,964 INFO: Epoch 79, Train Loss: 0.3770896290062052, Test Loss: 0.41288534890521655, Inverse Test Loss: 3.8108572743155738, Train R2: 0.8515099147052476, Test R2: 0.81351637840271, Inverse Test R2: 0.81351637840271 
2026-02-26 15:20:21,249 INFO: Epoch 80, Train Loss: 0.36767244361566775, Test Loss: 0.40833019578095636, Inverse Test Loss: 3.76881396409237, Train R2: 0.8584860292347994, Test R2: 0.8174567818641663, Inverse Test R2: 0.8174567222595215 
2026-02-26 15:20:21,249 INFO: Best Epoch 61, Best Test Loss: 0.3952995610959602, Inv Test Loss: 3.6485435745932837, Best Test R2: 0.8293477892875671 
2026-02-26 15:20:25,525 INFO: Epoch 81, Train Loss: 0.37312332382707886, Test Loss: 0.4174926732525681, Inverse Test Loss: 3.853382045572454, Train R2: 0.8536241153875986, Test R2: 0.8105790615081787, Inverse Test R2: 0.8105790615081787 
2026-02-26 15:20:29,813 INFO: Epoch 82, Train Loss: 0.3672980684222597, Test Loss: 0.41917385025457904, Inverse Test Loss: 3.8688989913824834, Train R2: 0.8590827399131024, Test R2: 0.8070351481437683, Inverse Test R2: 0.8070351481437683 
2026-02-26 15:20:34,105 INFO: Epoch 83, Train Loss: 0.3716947820150491, Test Loss: 0.4120523008433255, Inverse Test Loss: 3.803168296813965, Train R2: 0.8547059279499631, Test R2: 0.8145814538002014, Inverse Test R2: 0.8145814538002014 
2026-02-26 15:20:38,380 INFO: Epoch 84, Train Loss: 0.37122184963840427, Test Loss: 0.39683874267520325, Inverse Test Loss: 3.6627498973499644, Train R2: 0.8548683862794529, Test R2: 0.8283811211585999, Inverse Test R2: 0.8283811211585999 
2026-02-26 15:20:42,640 INFO: Epoch 85, Train Loss: 0.3623019829392433, Test Loss: 0.4259701831774278, Inverse Test Loss: 3.9316279382416695, Train R2: 0.863593067183639, Test R2: 0.8003175258636475, Inverse Test R2: 0.8003175258636475 
2026-02-26 15:20:46,900 INFO: Epoch 86, Train Loss: 0.36706642095338216, Test Loss: 0.4096754708073356, Inverse Test Loss: 3.781230594172622, Train R2: 0.8567015406760302, Test R2: 0.8163567781448364, Inverse Test R2: 0.8163567781448364 
2026-02-26 15:20:51,181 INFO: Epoch 87, Train Loss: 0.3624568513848565, Test Loss: 0.41621035518068256, Inverse Test Loss: 3.8415464343446675, Train R2: 0.86224104328589, Test R2: 0.8106537461280823, Inverse Test R2: 0.8106537461280823 
2026-02-26 15:20:55,435 INFO: Epoch 88, Train Loss: 0.35991800531293405, Test Loss: 0.416785225723729, Inverse Test Loss: 3.8468523531249077, Train R2: 0.8638366813009436, Test R2: 0.8108409643173218, Inverse Test R2: 0.8108409643173218 
2026-02-26 15:20:59,697 INFO: Epoch 89, Train Loss: 0.3585823445834897, Test Loss: 0.4348269511352886, Inverse Test Loss: 4.013374249140422, Train R2: 0.8645088893897606, Test R2: 0.7914783954620361, Inverse Test R2: 0.7914783954620361 
2026-02-26 15:21:03,963 INFO: Epoch 90, Train Loss: 0.3614544933944037, Test Loss: 0.407552339813926, Inverse Test Loss: 3.7616344798694956, Train R2: 0.8626860628525416, Test R2: 0.8178196549415588, Inverse Test R2: 0.8178196549415588 
2026-02-26 15:21:03,963 INFO: Best Epoch 61, Best Test Loss: 0.3952995610959602, Inv Test Loss: 3.6485435745932837, Best Test R2: 0.8293477892875671 
2026-02-26 15:21:08,259 INFO: Epoch 91, Train Loss: 0.35319979895244946, Test Loss: 0.4271386112227584, Inverse Test Loss: 3.942412253582116, Train R2: 0.8685114912011407, Test R2: 0.7980878353118896, Inverse Test R2: 0.7980878353118896 
2026-02-26 15:21:12,519 INFO: Epoch 92, Train Loss: 0.36337664689530025, Test Loss: 0.41581912835439044, Inverse Test Loss: 3.837935375444817, Train R2: 0.8606537061207222, Test R2: 0.8135978579521179, Inverse Test R2: 0.8135978579521179 
2026-02-26 15:21:16,781 INFO: Epoch 93, Train Loss: 0.37030452410831594, Test Loss: 0.4234969868804469, Inverse Test Loss: 3.9088007681297534, Train R2: 0.8566251523566969, Test R2: 0.7989311218261719, Inverse Test R2: 0.7989311218261719 
2026-02-26 15:21:21,038 INFO: Epoch 94, Train Loss: 0.3663337698036974, Test Loss: 0.40460904800530634, Inverse Test Loss: 3.734468445633397, Train R2: 0.8598188315377091, Test R2: 0.8222992420196533, Inverse Test R2: 0.8222992420196533 
2026-02-26 15:21:25,296 INFO: Epoch 95, Train Loss: 0.3520123199983077, Test Loss: 0.42667501803600427, Inverse Test Loss: 3.9381334059166186, Train R2: 0.8702193606983532, Test R2: 0.7993285059928894, Inverse Test R2: 0.7993285059928894 
2026-02-26 15:21:29,595 INFO: Epoch 96, Train Loss: 0.35354160291678977, Test Loss: 0.4124136503898736, Inverse Test Loss: 3.8065035487666274, Train R2: 0.8689701679078016, Test R2: 0.8150201439857483, Inverse Test R2: 0.8150200843811035 
2026-02-26 15:21:33,865 INFO: Epoch 97, Train Loss: 0.3550150965650876, Test Loss: 0.4163634786100099, Inverse Test Loss: 3.8429596424102783, Train R2: 0.8674699402216709, Test R2: 0.8086987137794495, Inverse Test R2: 0.8086986541748047 
2026-02-26 15:21:38,115 INFO: Epoch 98, Train Loss: 0.35110774726578686, Test Loss: 0.42949051387382275, Inverse Test Loss: 3.964119889519431, Train R2: 0.8697783572204185, Test R2: 0.796144962310791, Inverse Test R2: 0.796144962310791 
2026-02-26 15:21:42,556 INFO: Epoch 99, Train Loss: 0.3509573457819043, Test Loss: 0.43466550382700836, Inverse Test Loss: 4.011884161920259, Train R2: 0.8713771782138131, Test R2: 0.787277102470398, Inverse Test R2: 0.787277102470398 
2026-02-26 15:21:47,081 INFO: Epoch 100, Train Loss: 0.34955850446766074, Test Loss: 0.41528669631842413, Inverse Test Loss: 3.833021214514068, Train R2: 0.871522787845496, Test R2: 0.8112725615501404, Inverse Test R2: 0.8112725019454956 
2026-02-26 15:21:47,082 INFO: Best Epoch 61, Best Test Loss: 0.3952995610959602, Inv Test Loss: 3.6485435745932837, Best Test R2: 0.8293477892875671 
2026-02-26 15:21:51,810 INFO: Epoch 101, Train Loss: 0.34509989020950865, Test Loss: 0.41477986267118744, Inverse Test Loss: 3.828343203573516, Train R2: 0.8745242781711348, Test R2: 0.812785267829895, Inverse Test R2: 0.812785267829895 
2026-02-26 15:21:56,197 INFO: Epoch 102, Train Loss: 0.34481377628716553, Test Loss: 0.4249975211692579, Inverse Test Loss: 3.922650351668849, Train R2: 0.8750064779411663, Test R2: 0.7989564538002014, Inverse Test R2: 0.7989564538002014 
2026-02-26 15:22:00,674 INFO: Epoch 103, Train Loss: 0.34994632762038347, Test Loss: 0.41225418267828046, Inverse Test Loss: 3.805031581358476, Train R2: 0.8708169329347033, Test R2: 0.8125442266464233, Inverse Test R2: 0.8125442266464233 
2026-02-26 15:22:04,931 INFO: Epoch 104, Train Loss: 0.3448768313409704, Test Loss: 0.4146948646415364, Inverse Test Loss: 3.827558690851385, Train R2: 0.876096408475529, Test R2: 0.8116863369941711, Inverse Test R2: 0.8116862773895264 
2026-02-26 15:22:09,186 INFO: Epoch 105, Train Loss: 0.3593302170435588, Test Loss: 0.41164106491840247, Inverse Test Loss: 3.7993726802594736, Train R2: 0.8638229979710146, Test R2: 0.8144261240959167, Inverse Test R2: 0.814426064491272 
2026-02-26 15:22:13,470 INFO: Epoch 106, Train Loss: 0.3402798023413528, Test Loss: 0.4407505853609605, Inverse Test Loss: 4.068048361575965, Train R2: 0.8766758180025852, Test R2: 0.782453715801239, Inverse Test R2: 0.7824536561965942 
2026-02-26 15:22:17,723 INFO: Epoch 107, Train Loss: 0.3446434649328391, Test Loss: 0.42920966491554724, Inverse Test Loss: 3.9615276365569145, Train R2: 0.8749374038342274, Test R2: 0.7962571978569031, Inverse Test R2: 0.7962571382522583 
2026-02-26 15:22:21,979 INFO: Epoch 108, Train Loss: 0.342224419907187, Test Loss: 0.42705253940640076, Inverse Test Loss: 3.9416177706284956, Train R2: 0.8767180140271331, Test R2: 0.7972342371940613, Inverse Test R2: 0.7972342371940613 
2026-02-26 15:22:26,238 INFO: Epoch 109, Train Loss: 0.3367772814676617, Test Loss: 0.42155923987879895, Inverse Test Loss: 3.8909156105735083, Train R2: 0.880391519629594, Test R2: 0.8031229972839355, Inverse Test R2: 0.8031229972839355 
2026-02-26 15:22:30,485 INFO: Epoch 110, Train Loss: 0.33831798646486166, Test Loss: 0.4158446617198713, Inverse Test Loss: 3.838171135295521, Train R2: 0.8803737917632768, Test R2: 0.8090956211090088, Inverse Test R2: 0.8090956211090088 
2026-02-26 15:22:30,486 INFO: Best Epoch 61, Best Test Loss: 0.3952995610959602, Inv Test Loss: 3.6485435745932837, Best Test R2: 0.8293477892875671 
2026-02-26 15:22:34,764 INFO: Epoch 111, Train Loss: 0.3390085612508384, Test Loss: 0.40766016913182807, Inverse Test Loss: 3.7626296390186655, Train R2: 0.8779779058514219, Test R2: 0.8167709112167358, Inverse Test R2: 0.8167708516120911 
2026-02-26 15:22:39,025 INFO: Epoch 112, Train Loss: 0.3325614250744834, Test Loss: 0.41959563529852667, Inverse Test Loss: 3.8727919332908862, Train R2: 0.8833961662921038, Test R2: 0.8053770661354065, Inverse Test R2: 0.8053770065307617 
2026-02-26 15:22:43,301 INFO: Epoch 113, Train Loss: 0.34217056372400484, Test Loss: 0.4196279094074712, Inverse Test Loss: 3.8730897831194326, Train R2: 0.876260834661397, Test R2: 0.8055318593978882, Inverse Test R2: 0.8055318593978882 
2026-02-26 15:22:47,584 INFO: Epoch 114, Train Loss: 0.3348144577308135, Test Loss: 0.4121781659848762, Inverse Test Loss: 3.804330031077067, Train R2: 0.882671874129411, Test R2: 0.8128414154052734, Inverse Test R2: 0.8128413558006287 
2026-02-26 15:22:51,847 INFO: Epoch 115, Train Loss: 0.3318270818527901, Test Loss: 0.4140558902061347, Inverse Test Loss: 3.821661111080285, Train R2: 0.8838015352234696, Test R2: 0.8119439482688904, Inverse Test R2: 0.8119439482688904 
2026-02-26 15:22:56,106 INFO: Epoch 116, Train Loss: 0.33250002066294354, Test Loss: 0.41852181427406543, Inverse Test Loss: 3.8628807429111367, Train R2: 0.8834093524651094, Test R2: 0.8072031736373901, Inverse Test R2: 0.8072031736373901 
2026-02-26 15:23:00,356 INFO: Epoch 117, Train Loss: 0.33981774239377543, Test Loss: 0.42657216028733685, Inverse Test Loss: 3.937183958111387, Train R2: 0.8782113036423018, Test R2: 0.8000450730323792, Inverse Test R2: 0.8000450730323792 
2026-02-26 15:23:04,611 INFO: Epoch 118, Train Loss: 0.33385790218458034, Test Loss: 0.4141025759957053, Inverse Test Loss: 3.8220920345999976, Train R2: 0.8835132830973828, Test R2: 0.8116568326950073, Inverse Test R2: 0.8116568326950073 
2026-02-26 15:23:08,896 INFO: Epoch 119, Train Loss: 0.32801980288191274, Test Loss: 0.4225014728127104, Inverse Test Loss: 3.8996122750368984, Train R2: 0.8870577586419655, Test R2: 0.8022635579109192, Inverse Test R2: 0.8022635579109192 
2026-02-26 15:23:13,232 INFO: Epoch 120, Train Loss: 0.328222171036583, Test Loss: 0.42754145102067426, Inverse Test Loss: 3.946130391323205, Train R2: 0.8848625579566667, Test R2: 0.7987881898880005, Inverse Test R2: 0.7987881898880005 
2026-02-26 15:23:13,232 INFO: Best Epoch 61, Best Test Loss: 0.3952995610959602, Inv Test Loss: 3.6485435745932837, Best Test R2: 0.8293477892875671 
2026-02-26 15:23:17,559 INFO: Epoch 121, Train Loss: 0.32883731964411156, Test Loss: 0.423037894747474, Inverse Test Loss: 3.9045634125218247, Train R2: 0.8862205016793627, Test R2: 0.8012827634811401, Inverse Test R2: 0.8012827038764954 
2026-02-26 15:23:21,843 INFO: Epoch 122, Train Loss: 0.33068740830728505, Test Loss: 0.42180484172069665, Inverse Test Loss: 3.8931825305476333, Train R2: 0.8847614865411412, Test R2: 0.803545355796814, Inverse Test R2: 0.803545355796814 
2026-02-26 15:23:26,120 INFO: Epoch 123, Train Loss: 0.3295372600356738, Test Loss: 0.4061893983320756, Inverse Test Loss: 3.7490548148299707, Train R2: 0.8845487318255685, Test R2: 0.8189089894294739, Inverse Test R2: 0.8189090490341187 
2026-02-26 15:23:30,386 INFO: Epoch 124, Train Loss: 0.33163010757980926, Test Loss: 0.4270689406178214, Inverse Test Loss: 3.9417691519766143, Train R2: 0.8840295640808163, Test R2: 0.7998250722885132, Inverse Test R2: 0.7998250722885132 
2026-02-26 15:23:34,690 INFO: Epoch 125, Train Loss: 0.332897607124213, Test Loss: 0.42257811445178406, Inverse Test Loss: 3.9003196557362876, Train R2: 0.8833045160228555, Test R2: 0.8036381602287292, Inverse Test R2: 0.8036381006240845 
2026-02-26 15:23:39,253 INFO: Epoch 126, Train Loss: 0.3345141889470996, Test Loss: 0.42768147587776184, Inverse Test Loss: 3.9474227717428496, Train R2: 0.8809706342942787, Test R2: 0.8002914786338806, Inverse Test R2: 0.8002914786338806 
2026-02-26 15:23:43,774 INFO: Epoch 127, Train Loss: 0.3400777583998261, Test Loss: 0.4415578300302679, Inverse Test Loss: 4.075499093893803, Train R2: 0.8790972530841827, Test R2: 0.7813038229942322, Inverse Test R2: 0.7813038229942322 
2026-02-26 15:23:48,222 INFO: Epoch 128, Train Loss: 0.33496273907296586, Test Loss: 0.4182466277570436, Inverse Test Loss: 3.8603408986871894, Train R2: 0.8820418656775446, Test R2: 0.8073678612709045, Inverse Test R2: 0.8073678016662598 
2026-02-26 15:23:52,902 INFO: Epoch 129, Train Loss: 0.3293126304492806, Test Loss: 0.4273451900843418, Inverse Test Loss: 3.944319002556078, Train R2: 0.8872318001407565, Test R2: 0.7970011234283447, Inverse Test R2: 0.7970011234283447 
2026-02-26 15:23:57,461 INFO: Epoch 130, Train Loss: 0.3238238702443513, Test Loss: 0.4207567310694492, Inverse Test Loss: 3.883508718375004, Train R2: 0.8888198913949908, Test R2: 0.8058627843856812, Inverse Test R2: 0.8058627843856812 
2026-02-26 15:23:57,462 INFO: Best Epoch 61, Best Test Loss: 0.3952995610959602, Inv Test Loss: 3.6485435745932837, Best Test R2: 0.8293477892875671 
2026-02-26 15:24:01,858 INFO: Epoch 131, Train Loss: 0.3164385889064182, Test Loss: 0.4454785097729076, Inverse Test Loss: 4.111686106884118, Train R2: 0.8940118357087626, Test R2: 0.7778673768043518, Inverse Test R2: 0.7778673768043518 
2026-02-26 15:24:06,161 INFO: Epoch 132, Train Loss: 0.31888166307048366, Test Loss: 0.4367410657983838, Inverse Test Loss: 4.031041174223929, Train R2: 0.893557328617934, Test R2: 0.7892329692840576, Inverse Test R2: 0.7892329692840576 
2026-02-26 15:24:10,453 INFO: Epoch 133, Train Loss: 0.3229508377385862, Test Loss: 0.42708169962420606, Inverse Test Loss: 3.9418869090802744, Train R2: 0.8904883559003021, Test R2: 0.7973202466964722, Inverse Test R2: 0.7973202466964722 
2026-02-26 15:24:14,832 INFO: Epoch 134, Train Loss: 0.31833449660828617, Test Loss: 0.4256840465646802, Inverse Test Loss: 3.9289868528192695, Train R2: 0.8927141071269007, Test R2: 0.7977484464645386, Inverse Test R2: 0.7977484464645386 
2026-02-26 15:24:19,154 INFO: Epoch 135, Train Loss: 0.31809238784692506, Test Loss: 0.4361334695960536, Inverse Test Loss: 4.0254332080031885, Train R2: 0.8939580754800276, Test R2: 0.787256121635437, Inverse Test R2: 0.787256121635437 
2026-02-26 15:24:23,443 INFO: Epoch 136, Train Loss: 0.3267649281205553, Test Loss: 0.4289444377928069, Inverse Test Loss: 3.959079699082808, Train R2: 0.887240166013891, Test R2: 0.7915377616882324, Inverse Test R2: 0.7915377616882324 
2026-02-26 15:24:27,707 INFO: Epoch 137, Train Loss: 0.3181796692537539, Test Loss: 0.41434487429532135, Inverse Test Loss: 3.8243283358487217, Train R2: 0.8929541828957471, Test R2: 0.8111406564712524, Inverse Test R2: 0.8111405968666077 
2026-02-26 15:24:32,011 INFO: Epoch 138, Train Loss: 0.32129002689863695, Test Loss: 0.42025897629333264, Inverse Test Loss: 3.8789144284797437, Train R2: 0.8912540710333622, Test R2: 0.8064720630645752, Inverse Test R2: 0.8064720034599304 
2026-02-26 15:24:36,681 INFO: Epoch 139, Train Loss: 0.317038182169199, Test Loss: 0.41718498956073413, Inverse Test Loss: 3.850542090155862, Train R2: 0.8943333251006675, Test R2: 0.8082308173179626, Inverse Test R2: 0.8082308173179626 
2026-02-26 15:24:41,307 INFO: Epoch 140, Train Loss: 0.3176962198181586, Test Loss: 0.4327088332537449, Inverse Test Loss: 3.993824323018392, Train R2: 0.893952369238391, Test R2: 0.7900876402854919, Inverse Test R2: 0.7900876402854919 
2026-02-26 15:24:41,307 INFO: Best Epoch 61, Best Test Loss: 0.3952995610959602, Inv Test Loss: 3.6485435745932837, Best Test R2: 0.8293477892875671 
2026-02-26 15:24:46,077 INFO: Epoch 141, Train Loss: 0.31847840784625575, Test Loss: 0.4201711949073907, Inverse Test Loss: 3.878104224349513, Train R2: 0.8925636090112455, Test R2: 0.803289532661438, Inverse Test R2: 0.803289532661438 
2026-02-26 15:24:50,863 INFO: Epoch 142, Train Loss: 0.3130237663334066, Test Loss: 0.42989739143487177, Inverse Test Loss: 3.967875285582109, Train R2: 0.8968830316355734, Test R2: 0.7952203154563904, Inverse Test R2: 0.7952202558517456 
2026-02-26 15:24:55,335 INFO: Epoch 143, Train Loss: 0.30990479333382664, Test Loss: 0.4187809400486224, Inverse Test Loss: 3.8652724280501856, Train R2: 0.89676451096029, Test R2: 0.8073192834854126, Inverse Test R2: 0.8073192834854126 
2026-02-26 15:24:59,593 INFO: Epoch 144, Train Loss: 0.3097069746617115, Test Loss: 0.41899958885077276, Inverse Test Loss: 3.8672905257253936, Train R2: 0.8988144673181303, Test R2: 0.8076065182685852, Inverse Test R2: 0.8076065182685852 
2026-02-26 15:25:03,846 INFO: Epoch 145, Train Loss: 0.31072394132162584, Test Loss: 0.4312408981901227, Inverse Test Loss: 3.9802756092765113, Train R2: 0.8980020194342642, Test R2: 0.7933117151260376, Inverse Test R2: 0.7933117151260376 
2026-02-26 15:25:08,129 INFO: Epoch 146, Train Loss: 0.31015623315717233, Test Loss: 0.43454237146811053, Inverse Test Loss: 4.010747671127319, Train R2: 0.8986544374263647, Test R2: 0.7896066308021545, Inverse Test R2: 0.7896066308021545 
2026-02-26 15:25:12,389 INFO: Epoch 147, Train Loss: 0.31718027433662704, Test Loss: 0.42275645245205273, Inverse Test Loss: 3.9019656253583506, Train R2: 0.894811315518437, Test R2: 0.8025496006011963, Inverse Test R2: 0.8025496006011963 
2026-02-26 15:25:16,896 INFO: Epoch 148, Train Loss: 0.31531611988038727, Test Loss: 0.4441735419360074, Inverse Test Loss: 4.099641604857012, Train R2: 0.894565918228843, Test R2: 0.7817174792289734, Inverse Test R2: 0.7817174196243286 
2026-02-26 15:25:21,453 INFO: Epoch 149, Train Loss: 0.3297344294912887, Test Loss: 0.44211315115292865, Inverse Test Loss: 4.080624558708885, Train R2: 0.8854290707544847, Test R2: 0.777721643447876, Inverse Test R2: 0.7777215838432312 
2026-02-26 15:25:26,167 INFO: Epoch 150, Train Loss: 0.3088310614905574, Test Loss: 0.44444509347279865, Inverse Test Loss: 4.102147962107803, Train R2: 0.8979719154762499, Test R2: 0.7775195837020874, Inverse Test R2: 0.7775195240974426 
2026-02-26 15:25:26,168 INFO: Best Epoch 61, Best Test Loss: 0.3952995610959602, Inv Test Loss: 3.6485435745932837, Best Test R2: 0.8293477892875671 
