2026-02-26 14:36:46,339 INFO: log_path:logs_2026_2_26_HS_RMSE/simple_MLP_lr0.001_6P 
2026-02-26 14:36:46,339 INFO: Model:namespace(depth=2, name='simple_MLP') 
2026-02-26 14:36:46,339 INFO: lr:0.001, loss:RMSE 
2026-02-26 14:36:46,339 INFO: Dataset:HS, Target:['metal6_Peak'] 
2026-02-26 14:36:46,339 INFO: ------Begin Training Model------ 
2026-02-26 14:36:48,436 INFO: Epoch 1, Train Loss: 0.7773159268227491, Test Loss: 0.687098974531347, Inverse Test Loss: 6.341799432581121, Train R2: 0.38033712497263245, Test R2: 0.49704569578170776, Inverse Test R2: 0.49704569578170776 
2026-02-26 14:36:48,438 INFO: ---> Saved new best model weights to log/txt_log\logs_2026_2_26_HS_RMSE/simple_MLP_lr0.001_6P\best_simple_MLP_HS_weights.pth 
2026-02-26 14:36:48,695 INFO: Epoch 2, Train Loss: 0.6674886413595893, Test Loss: 0.6427301123286738, Inverse Test Loss: 5.932282823504823, Train R2: 0.5446341087420782, Test R2: 0.5584574937820435, Inverse Test R2: 0.5584574937820435 
2026-02-26 14:36:48,697 INFO: ---> Saved new best model weights to log/txt_log\logs_2026_2_26_HS_RMSE/simple_MLP_lr0.001_6P\best_simple_MLP_HS_weights.pth 
2026-02-26 14:36:48,940 INFO: Epoch 3, Train Loss: 0.6309338101383412, Test Loss: 0.6168867756019939, Inverse Test Loss: 5.6937534881360605, Train R2: 0.593725756262288, Test R2: 0.5924831628799438, Inverse Test R2: 0.5924830436706543 
2026-02-26 14:36:48,941 INFO: ---> Saved new best model weights to log/txt_log\logs_2026_2_26_HS_RMSE/simple_MLP_lr0.001_6P\best_simple_MLP_HS_weights.pth 
2026-02-26 14:36:49,184 INFO: Epoch 4, Train Loss: 0.6031512450991254, Test Loss: 0.5968438404979128, Inverse Test Loss: 5.508760842410001, Train R2: 0.6272133873267607, Test R2: 0.6173409223556519, Inverse Test R2: 0.6173409223556519 
2026-02-26 14:36:49,186 INFO: ---> Saved new best model weights to log/txt_log\logs_2026_2_26_HS_RMSE/simple_MLP_lr0.001_6P\best_simple_MLP_HS_weights.pth 
2026-02-26 14:36:49,438 INFO: Epoch 5, Train Loss: 0.5857914909720421, Test Loss: 0.5817666333733182, Inverse Test Loss: 5.369600888454553, Train R2: 0.6496635738647345, Test R2: 0.6351841688156128, Inverse Test R2: 0.6351841688156128 
2026-02-26 14:36:49,441 INFO: ---> Saved new best model weights to log/txt_log\logs_2026_2_26_HS_RMSE/simple_MLP_lr0.001_6P\best_simple_MLP_HS_weights.pth 
2026-02-26 14:36:49,684 INFO: Epoch 6, Train Loss: 0.5724229214317871, Test Loss: 0.5741649414553787, Inverse Test Loss: 5.299438722205885, Train R2: 0.6634116899786573, Test R2: 0.6446998119354248, Inverse Test R2: 0.6446998119354248 
2026-02-26 14:36:49,685 INFO: ---> Saved new best model weights to log/txt_log\logs_2026_2_26_HS_RMSE/simple_MLP_lr0.001_6P\best_simple_MLP_HS_weights.pth 
2026-02-26 14:36:49,931 INFO: Epoch 7, Train Loss: 0.5621487028671034, Test Loss: 0.5674508412679037, Inverse Test Loss: 5.237468777280865, Train R2: 0.6756061956737981, Test R2: 0.652808427810669, Inverse Test R2: 0.652808427810669 
2026-02-26 14:36:49,933 INFO: ---> Saved new best model weights to log/txt_log\logs_2026_2_26_HS_RMSE/simple_MLP_lr0.001_6P\best_simple_MLP_HS_weights.pth 
2026-02-26 14:36:50,176 INFO: Epoch 8, Train Loss: 0.5542392125635436, Test Loss: 0.5628243729923711, Inverse Test Loss: 5.194767366756093, Train R2: 0.6848432286219164, Test R2: 0.6582033634185791, Inverse Test R2: 0.6582033634185791 
2026-02-26 14:36:50,178 INFO: ---> Saved new best model weights to log/txt_log\logs_2026_2_26_HS_RMSE/simple_MLP_lr0.001_6P\best_simple_MLP_HS_weights.pth 
2026-02-26 14:36:50,424 INFO: Epoch 9, Train Loss: 0.5477548975384596, Test Loss: 0.5561578490517356, Inverse Test Loss: 5.133236480481697, Train R2: 0.6927300750306158, Test R2: 0.6660177707672119, Inverse Test R2: 0.6660177707672119 
2026-02-26 14:36:50,425 INFO: ---> Saved new best model weights to log/txt_log\logs_2026_2_26_HS_RMSE/simple_MLP_lr0.001_6P\best_simple_MLP_HS_weights.pth 
2026-02-26 14:36:50,667 INFO: Epoch 10, Train Loss: 0.5394909223823836, Test Loss: 0.546396275361379, Inverse Test Loss: 5.043138901392619, Train R2: 0.7000891995249372, Test R2: 0.6780658960342407, Inverse Test R2: 0.6780658960342407 
2026-02-26 14:36:50,669 INFO: ---> Saved new best model weights to log/txt_log\logs_2026_2_26_HS_RMSE/simple_MLP_lr0.001_6P\best_simple_MLP_HS_weights.pth 
2026-02-26 14:36:50,669 INFO: Best Epoch 10, Best Test Loss: 0.546396275361379, Inv Test Loss: 5.043138901392619, Best Test R2: 0.6780658960342407 
2026-02-26 14:36:50,912 INFO: Epoch 11, Train Loss: 0.5354879028869398, Test Loss: 0.5421237918463621, Inverse Test Loss: 5.00370472127741, Train R2: 0.7054159460645734, Test R2: 0.6824120879173279, Inverse Test R2: 0.6824120283126831 
2026-02-26 14:36:50,914 INFO: ---> Saved new best model weights to log/txt_log\logs_2026_2_26_HS_RMSE/simple_MLP_lr0.001_6P\best_simple_MLP_HS_weights.pth 
2026-02-26 14:36:51,158 INFO: Epoch 12, Train Loss: 0.5310208623607954, Test Loss: 0.5407937169075012, Inverse Test Loss: 4.991428346344919, Train R2: 0.7105819348132971, Test R2: 0.6839271783828735, Inverse Test R2: 0.6839271187782288 
2026-02-26 14:36:51,160 INFO: ---> Saved new best model weights to log/txt_log\logs_2026_2_26_HS_RMSE/simple_MLP_lr0.001_6P\best_simple_MLP_HS_weights.pth 
2026-02-26 14:36:51,406 INFO: Epoch 13, Train Loss: 0.528863118001909, Test Loss: 0.5427010718620184, Inverse Test Loss: 5.009032849109534, Train R2: 0.713326222968824, Test R2: 0.6816813945770264, Inverse Test R2: 0.6816813945770264 
2026-02-26 14:36:51,658 INFO: Epoch 14, Train Loss: 0.5227540848833142, Test Loss: 0.5397467306165984, Inverse Test Loss: 4.981764894543272, Train R2: 0.7199244350194931, Test R2: 0.6857679486274719, Inverse Test R2: 0.6857678890228271 
2026-02-26 14:36:51,660 INFO: ---> Saved new best model weights to log/txt_log\logs_2026_2_26_HS_RMSE/simple_MLP_lr0.001_6P\best_simple_MLP_HS_weights.pth 
2026-02-26 14:36:51,920 INFO: Epoch 15, Train Loss: 0.5209401482433984, Test Loss: 0.5309439337614811, Inverse Test Loss: 4.90051648833535, Train R2: 0.7227706159606124, Test R2: 0.6950355768203735, Inverse Test R2: 0.6950355768203735 
2026-02-26 14:36:51,922 INFO: ---> Saved new best model weights to log/txt_log\logs_2026_2_26_HS_RMSE/simple_MLP_lr0.001_6P\best_simple_MLP_HS_weights.pth 
2026-02-26 14:36:52,172 INFO: Epoch 16, Train Loss: 0.516744183771538, Test Loss: 0.5277676961638711, Inverse Test Loss: 4.871200554298632, Train R2: 0.7262188661279101, Test R2: 0.6994691491127014, Inverse Test R2: 0.6994690895080566 
2026-02-26 14:36:52,174 INFO: ---> Saved new best model weights to log/txt_log\logs_2026_2_26_HS_RMSE/simple_MLP_lr0.001_6P\best_simple_MLP_HS_weights.pth 
2026-02-26 14:36:52,517 INFO: Epoch 17, Train Loss: 0.5146758569912477, Test Loss: 0.52144081845428, Inverse Test Loss: 4.812804568897594, Train R2: 0.7278851230036129, Test R2: 0.7059346437454224, Inverse Test R2: 0.7059346437454224 
2026-02-26 14:36:52,520 INFO: ---> Saved new best model weights to log/txt_log\logs_2026_2_26_HS_RMSE/simple_MLP_lr0.001_6P\best_simple_MLP_HS_weights.pth 
2026-02-26 14:36:52,877 INFO: Epoch 18, Train Loss: 0.5125446893049009, Test Loss: 0.5228194106708873, Inverse Test Loss: 4.825528737270471, Train R2: 0.7281034674608347, Test R2: 0.7042821645736694, Inverse Test R2: 0.7042820453643799 
2026-02-26 14:36:53,174 INFO: Epoch 19, Train Loss: 0.5102901840300271, Test Loss: 0.5190014739831289, Inverse Test Loss: 4.7902898210467715, Train R2: 0.7327970641128945, Test R2: 0.7086908221244812, Inverse Test R2: 0.7086907625198364 
2026-02-26 14:36:53,177 INFO: ---> Saved new best model weights to log/txt_log\logs_2026_2_26_HS_RMSE/simple_MLP_lr0.001_6P\best_simple_MLP_HS_weights.pth 
2026-02-26 14:36:53,485 INFO: Epoch 20, Train Loss: 0.5091960152441805, Test Loss: 0.5185373037150411, Inverse Test Loss: 4.78600567037409, Train R2: 0.7332627515901219, Test R2: 0.7089258432388306, Inverse Test R2: 0.7089257836341858 
2026-02-26 14:36:53,487 INFO: ---> Saved new best model weights to log/txt_log\logs_2026_2_26_HS_RMSE/simple_MLP_lr0.001_6P\best_simple_MLP_HS_weights.pth 
2026-02-26 14:36:53,487 INFO: Best Epoch 20, Best Test Loss: 0.5185373037150411, Inv Test Loss: 4.78600567037409, Best Test R2: 0.7089258432388306 
2026-02-26 14:36:53,775 INFO: Epoch 21, Train Loss: 0.5088222270662134, Test Loss: 0.5192974182692441, Inverse Test Loss: 4.793021339358705, Train R2: 0.7336790177858237, Test R2: 0.7080780863761902, Inverse Test R2: 0.7080780267715454 
2026-02-26 14:36:54,071 INFO: Epoch 22, Train Loss: 0.5032632558634786, Test Loss: 0.5164636879256277, Inverse Test Loss: 4.766866561138269, Train R2: 0.740627233729218, Test R2: 0.7117599248886108, Inverse Test R2: 0.7117599248886108 
2026-02-26 14:36:54,075 INFO: ---> Saved new best model weights to log/txt_log\logs_2026_2_26_HS_RMSE/simple_MLP_lr0.001_6P\best_simple_MLP_HS_weights.pth 
2026-02-26 14:36:54,383 INFO: Epoch 23, Train Loss: 0.5009046817819277, Test Loss: 0.5118753332080264, Inverse Test Loss: 4.72451688304092, Train R2: 0.7429871139201251, Test R2: 0.7166450023651123, Inverse Test R2: 0.7166450023651123 
2026-02-26 14:36:54,386 INFO: ---> Saved new best model weights to log/txt_log\logs_2026_2_26_HS_RMSE/simple_MLP_lr0.001_6P\best_simple_MLP_HS_weights.pth 
2026-02-26 14:36:54,737 INFO: Epoch 24, Train Loss: 0.5021788559176705, Test Loss: 0.5151343101804907, Inverse Test Loss: 4.754596630732219, Train R2: 0.7409636157028603, Test R2: 0.7129877209663391, Inverse Test R2: 0.7129877209663391 
2026-02-26 14:36:55,040 INFO: Epoch 25, Train Loss: 0.5010518226208109, Test Loss: 0.5200605148618872, Inverse Test Loss: 4.800064599875248, Train R2: 0.7414985705505718, Test R2: 0.7069529891014099, Inverse Test R2: 0.7069529891014099 
2026-02-26 14:36:55,323 INFO: Epoch 26, Train Loss: 0.4977782393495242, Test Loss: 0.5154099879842816, Inverse Test Loss: 4.757141106056444, Train R2: 0.7466815547509627, Test R2: 0.7127670049667358, Inverse Test R2: 0.7127669453620911 
2026-02-26 14:36:55,664 INFO: Epoch 27, Train Loss: 0.4987520830649318, Test Loss: 0.5144943847800746, Inverse Test Loss: 4.748690178900054, Train R2: 0.7455099933978283, Test R2: 0.7136238217353821, Inverse Test R2: 0.7136237621307373 
2026-02-26 14:36:56,004 INFO: Epoch 28, Train Loss: 0.49488134975686215, Test Loss: 0.5089572017843073, Inverse Test Loss: 4.697583010702422, Train R2: 0.7489852227947928, Test R2: 0.7198100090026855, Inverse Test R2: 0.7198100090026855 
2026-02-26 14:36:56,006 INFO: ---> Saved new best model weights to log/txt_log\logs_2026_2_26_HS_RMSE/simple_MLP_lr0.001_6P\best_simple_MLP_HS_weights.pth 
2026-02-26 14:36:56,290 INFO: Epoch 29, Train Loss: 0.49431686983867124, Test Loss: 0.5103412505352136, Inverse Test Loss: 4.710357586542766, Train R2: 0.7485549711819851, Test R2: 0.7188704013824463, Inverse Test R2: 0.7188704013824463 
2026-02-26 14:36:56,579 INFO: Epoch 30, Train Loss: 0.49230293929576874, Test Loss: 0.5095897678172949, Inverse Test Loss: 4.703421527689153, Train R2: 0.7518946370392134, Test R2: 0.7188206315040588, Inverse Test R2: 0.7188205718994141 
2026-02-26 14:36:56,579 INFO: Best Epoch 28, Best Test Loss: 0.5089572017843073, Inv Test Loss: 4.697583010702422, Best Test R2: 0.7198100090026855 
2026-02-26 14:36:56,899 INFO: Epoch 31, Train Loss: 0.4922125188238693, Test Loss: 0.5090668860710028, Inverse Test Loss: 4.6985953721133145, Train R2: 0.7503420335776878, Test R2: 0.7187284827232361, Inverse Test R2: 0.7187284827232361 
2026-02-26 14:36:57,214 INFO: Epoch 32, Train Loss: 0.4917917759581046, Test Loss: 0.5050599593104739, Inverse Test Loss: 4.661612185564908, Train R2: 0.7506084920782031, Test R2: 0.7238552570343018, Inverse Test R2: 0.723855197429657 
2026-02-26 14:36:57,216 INFO: ---> Saved new best model weights to log/txt_log\logs_2026_2_26_HS_RMSE/simple_MLP_lr0.001_6P\best_simple_MLP_HS_weights.pth 
2026-02-26 14:36:57,518 INFO: Epoch 33, Train Loss: 0.4912320287390189, Test Loss: 0.5037409021998897, Inverse Test Loss: 4.649437492544001, Train R2: 0.7505181662060998, Test R2: 0.725988507270813, Inverse Test R2: 0.7259884476661682 
2026-02-26 14:36:57,521 INFO: ---> Saved new best model weights to log/txt_log\logs_2026_2_26_HS_RMSE/simple_MLP_lr0.001_6P\best_simple_MLP_HS_weights.pth 
2026-02-26 14:36:57,821 INFO: Epoch 34, Train Loss: 0.48909513584592124, Test Loss: 0.502121295892831, Inverse Test Loss: 4.634488886052912, Train R2: 0.7534255028674097, Test R2: 0.727242112159729, Inverse Test R2: 0.7272420525550842 
2026-02-26 14:36:57,824 INFO: ---> Saved new best model weights to log/txt_log\logs_2026_2_26_HS_RMSE/simple_MLP_lr0.001_6P\best_simple_MLP_HS_weights.pth 
2026-02-26 14:36:58,152 INFO: Epoch 35, Train Loss: 0.4879575324329463, Test Loss: 0.5006860395272573, Inverse Test Loss: 4.621241706790346, Train R2: 0.7534935668562398, Test R2: 0.7283384799957275, Inverse Test R2: 0.7283384799957275 
2026-02-26 14:36:58,155 INFO: ---> Saved new best model weights to log/txt_log\logs_2026_2_26_HS_RMSE/simple_MLP_lr0.001_6P\best_simple_MLP_HS_weights.pth 
2026-02-26 14:36:58,459 INFO: Epoch 36, Train Loss: 0.4865115120103865, Test Loss: 0.5062549728335757, Inverse Test Loss: 4.672641985344164, Train R2: 0.7559204986601165, Test R2: 0.7228820323944092, Inverse Test R2: 0.7228820323944092 
2026-02-26 14:36:58,750 INFO: Epoch 37, Train Loss: 0.4867981667771484, Test Loss: 0.5001555265802325, Inverse Test Loss: 4.616345123811201, Train R2: 0.7558611951994173, Test R2: 0.7289618253707886, Inverse Test R2: 0.7289618253707886 
2026-02-26 14:36:58,754 INFO: ---> Saved new best model weights to log/txt_log\logs_2026_2_26_HS_RMSE/simple_MLP_lr0.001_6P\best_simple_MLP_HS_weights.pth 
2026-02-26 14:36:59,063 INFO: Epoch 38, Train Loss: 0.4855912591923367, Test Loss: 0.5040694267460795, Inverse Test Loss: 4.652469714482625, Train R2: 0.7577332759445364, Test R2: 0.7251615524291992, Inverse Test R2: 0.7251615524291992 
2026-02-26 14:36:59,409 INFO: Epoch 39, Train Loss: 0.48491032827984204, Test Loss: 0.5011732939517859, Inverse Test Loss: 4.625739054246382, Train R2: 0.7573911285761631, Test R2: 0.7277785539627075, Inverse Test R2: 0.7277785539627075 
2026-02-26 14:36:59,746 INFO: Epoch 40, Train Loss: 0.485534755795291, Test Loss: 0.4980297874320637, Inverse Test Loss: 4.596724929231586, Train R2: 0.758374119346792, Test R2: 0.7306579351425171, Inverse Test R2: 0.7306579351425171 
2026-02-26 14:36:59,749 INFO: ---> Saved new best model weights to log/txt_log\logs_2026_2_26_HS_RMSE/simple_MLP_lr0.001_6P\best_simple_MLP_HS_weights.pth 
2026-02-26 14:36:59,749 INFO: Best Epoch 40, Best Test Loss: 0.4980297874320637, Inv Test Loss: 4.596724929231586, Best Test R2: 0.7306579351425171 
2026-02-26 14:37:00,095 INFO: Epoch 41, Train Loss: 0.48510055989027023, Test Loss: 0.49998332876147644, Inverse Test Loss: 4.61475573164044, Train R2: 0.7579986714955532, Test R2: 0.7293545007705688, Inverse Test R2: 0.7293544411659241 
2026-02-26 14:37:00,441 INFO: Epoch 42, Train Loss: 0.4832815954631025, Test Loss: 0.4940308287288203, Inverse Test Loss: 4.559815349000873, Train R2: 0.7592182687737725, Test R2: 0.7359227538108826, Inverse Test R2: 0.7359226942062378 
2026-02-26 14:37:00,445 INFO: ---> Saved new best model weights to log/txt_log\logs_2026_2_26_HS_RMSE/simple_MLP_lr0.001_6P\best_simple_MLP_HS_weights.pth 
2026-02-26 14:37:00,778 INFO: Epoch 43, Train Loss: 0.48325041500907956, Test Loss: 0.4950842152942311, Inverse Test Loss: 4.569537827462861, Train R2: 0.7605052924517429, Test R2: 0.7350081205368042, Inverse Test R2: 0.7350080609321594 
2026-02-26 14:37:01,110 INFO: Epoch 44, Train Loss: 0.48095933867223334, Test Loss: 0.5000004371007284, Inverse Test Loss: 4.614913622538249, Train R2: 0.7627231162605863, Test R2: 0.7296048402786255, Inverse Test R2: 0.7296048402786255 
2026-02-26 14:37:01,467 INFO: Epoch 45, Train Loss: 0.480943977607019, Test Loss: 0.4968072166948607, Inverse Test Loss: 4.5854408740997314, Train R2: 0.7616301689184073, Test R2: 0.7324236631393433, Inverse Test R2: 0.7324236631393433 
2026-02-26 14:37:01,778 INFO: Epoch 46, Train Loss: 0.48054414152195957, Test Loss: 0.4951531444535111, Inverse Test Loss: 4.570174130526456, Train R2: 0.7620992394107761, Test R2: 0.7347247004508972, Inverse Test R2: 0.734724760055542 
2026-02-26 14:37:02,078 INFO: Epoch 47, Train Loss: 0.4784123172814196, Test Loss: 0.5037509428732323, Inverse Test Loss: 4.649530251820882, Train R2: 0.7641571642774524, Test R2: 0.7256268262863159, Inverse Test R2: 0.7256268262863159 
2026-02-26 14:37:02,522 INFO: Epoch 48, Train Loss: 0.47917642444372177, Test Loss: 0.49417623606595124, Inverse Test Loss: 4.561157421632246, Train R2: 0.7635750897002943, Test R2: 0.7355961799621582, Inverse Test R2: 0.7355961799621582 
2026-02-26 14:37:02,890 INFO: Epoch 49, Train Loss: 0.47640579667958344, Test Loss: 0.4959995249907176, Inverse Test Loss: 4.577985994743578, Train R2: 0.7662470268480706, Test R2: 0.7342554926872253, Inverse Test R2: 0.7342554330825806 
2026-02-26 14:37:03,216 INFO: Epoch 50, Train Loss: 0.47750174299334036, Test Loss: 0.493224227067196, Inverse Test Loss: 4.552370476000236, Train R2: 0.7643040983062802, Test R2: 0.7366950511932373, Inverse Test R2: 0.7366950511932373 
2026-02-26 14:37:03,219 INFO: ---> Saved new best model weights to log/txt_log\logs_2026_2_26_HS_RMSE/simple_MLP_lr0.001_6P\best_simple_MLP_HS_weights.pth 
2026-02-26 14:37:03,219 INFO: Best Epoch 50, Best Test Loss: 0.493224227067196, Inv Test Loss: 4.552370476000236, Best Test R2: 0.7366950511932373 
2026-02-26 14:37:03,530 INFO: Epoch 51, Train Loss: 0.47696054072091076, Test Loss: 0.4990505530978694, Inverse Test Loss: 4.606146501772331, Train R2: 0.7659105897852869, Test R2: 0.7307049632072449, Inverse Test R2: 0.7307049036026001 
2026-02-26 14:37:03,896 INFO: Epoch 52, Train Loss: 0.47768664247158804, Test Loss: 0.49243099852041766, Inverse Test Loss: 4.545049147172407, Train R2: 0.7655391747301276, Test R2: 0.7370254993438721, Inverse Test R2: 0.7370254993438721 
2026-02-26 14:37:03,899 INFO: ---> Saved new best model weights to log/txt_log\logs_2026_2_26_HS_RMSE/simple_MLP_lr0.001_6P\best_simple_MLP_HS_weights.pth 
2026-02-26 14:37:04,191 INFO: Epoch 53, Train Loss: 0.47643283754587173, Test Loss: 0.4962528031883818, Inverse Test Loss: 4.580323674462059, Train R2: 0.7655270194465463, Test R2: 0.7329034805297852, Inverse Test R2: 0.7329034805297852 
2026-02-26 14:37:04,481 INFO: Epoch 54, Train Loss: 0.4726311099348646, Test Loss: 0.4894197429671432, Inverse Test Loss: 4.517255775856249, Train R2: 0.7715894444422289, Test R2: 0.7402804493904114, Inverse Test R2: 0.7402803897857666 
2026-02-26 14:37:04,484 INFO: ---> Saved new best model weights to log/txt_log\logs_2026_2_26_HS_RMSE/simple_MLP_lr0.001_6P\best_simple_MLP_HS_weights.pth 
2026-02-26 14:37:04,798 INFO: Epoch 55, Train Loss: 0.4752121852202849, Test Loss: 0.4919711784882979, Inverse Test Loss: 4.540805101394653, Train R2: 0.7670244678403392, Test R2: 0.7377095222473145, Inverse Test R2: 0.7377095222473145 
2026-02-26 14:37:05,101 INFO: Epoch 56, Train Loss: 0.47290345371672604, Test Loss: 0.4914829803235603, Inverse Test Loss: 4.5362991058465205, Train R2: 0.7686769330140316, Test R2: 0.7378215193748474, Inverse Test R2: 0.7378214597702026 
2026-02-26 14:37:05,385 INFO: Epoch 57, Train Loss: 0.4738306464119391, Test Loss: 0.49978455449595593, Inverse Test Loss: 4.612921151247892, Train R2: 0.7689782886794119, Test R2: 0.7297303676605225, Inverse Test R2: 0.7297303080558777 
2026-02-26 14:37:05,674 INFO: Epoch 58, Train Loss: 0.47321830554441974, Test Loss: 0.4906876159436775, Inverse Test Loss: 4.528958017175848, Train R2: 0.770123032909451, Test R2: 0.7393969297409058, Inverse Test R2: 0.7393969297409058 
2026-02-26 14:37:05,987 INFO: Epoch 59, Train Loss: 0.47133988841916574, Test Loss: 0.48862956419135584, Inverse Test Loss: 4.509962537071922, Train R2: 0.7726500142704357, Test R2: 0.7406376600265503, Inverse Test R2: 0.7406376600265503 
2026-02-26 14:37:05,990 INFO: ---> Saved new best model weights to log/txt_log\logs_2026_2_26_HS_RMSE/simple_MLP_lr0.001_6P\best_simple_MLP_HS_weights.pth 
2026-02-26 14:37:06,330 INFO: Epoch 60, Train Loss: 0.4707092938549591, Test Loss: 0.4841348113435687, Inverse Test Loss: 4.468476887905236, Train R2: 0.7727981990937031, Test R2: 0.7459335923194885, Inverse Test R2: 0.7459335923194885 
2026-02-26 14:37:06,333 INFO: ---> Saved new best model weights to log/txt_log\logs_2026_2_26_HS_RMSE/simple_MLP_lr0.001_6P\best_simple_MLP_HS_weights.pth 
2026-02-26 14:37:06,333 INFO: Best Epoch 60, Best Test Loss: 0.4841348113435687, Inv Test Loss: 4.468476887905236, Best Test R2: 0.7459335923194885 
2026-02-26 14:37:06,685 INFO: Epoch 61, Train Loss: 0.47307878710103757, Test Loss: 0.4885412698442286, Inverse Test Loss: 4.509147600694136, Train R2: 0.7694244050618374, Test R2: 0.7412732839584351, Inverse Test R2: 0.7412732243537903 
2026-02-26 14:37:07,070 INFO: Epoch 62, Train Loss: 0.46908098843061563, Test Loss: 0.49783158121686993, Inverse Test Loss: 4.594895529024528, Train R2: 0.7733435666922367, Test R2: 0.7314306497573853, Inverse Test R2: 0.7314306497573853 
2026-02-26 14:37:07,480 INFO: Epoch 63, Train Loss: 0.4710000173160524, Test Loss: 0.48690094369830506, Inverse Test Loss: 4.494007775277803, Train R2: 0.77174572782083, Test R2: 0.7426086664199829, Inverse Test R2: 0.7426086664199829 
2026-02-26 14:37:07,985 INFO: Epoch 64, Train Loss: 0.46968183305227396, Test Loss: 0.4835354207140027, Inverse Test Loss: 4.462944659319791, Train R2: 0.7723896485386472, Test R2: 0.7460448741912842, Inverse Test R2: 0.7460448741912842 
2026-02-26 14:37:07,987 INFO: ---> Saved new best model weights to log/txt_log\logs_2026_2_26_HS_RMSE/simple_MLP_lr0.001_6P\best_simple_MLP_HS_weights.pth 
2026-02-26 14:37:08,321 INFO: Epoch 65, Train Loss: 0.47168920121409674, Test Loss: 0.48657346584580163, Inverse Test Loss: 4.49098523457845, Train R2: 0.769859567284584, Test R2: 0.743566632270813, Inverse Test R2: 0.7435665726661682 
2026-02-26 14:37:08,649 INFO: Epoch 66, Train Loss: 0.4684397171844136, Test Loss: 0.4907796825423385, Inverse Test Loss: 4.529807878263069, Train R2: 0.7742504612966017, Test R2: 0.7387471199035645, Inverse Test R2: 0.7387470006942749 
2026-02-26 14:37:08,970 INFO: Epoch 67, Train Loss: 0.46827270338932675, Test Loss: 0.487673074910135, Inverse Test Loss: 4.501134330576116, Train R2: 0.7733759424000075, Test R2: 0.7423350811004639, Inverse Test R2: 0.7423350214958191 
2026-02-26 14:37:09,260 INFO: Epoch 68, Train Loss: 0.4686905351100546, Test Loss: 0.48703921021837177, Inverse Test Loss: 4.495283928784457, Train R2: 0.7735672222845482, Test R2: 0.7424170970916748, Inverse Test R2: 0.7424170970916748 
2026-02-26 14:37:09,574 INFO: Epoch 69, Train Loss: 0.468714805940787, Test Loss: 0.4837660319877393, Inverse Test Loss: 4.465073072549068, Train R2: 0.7736926489707195, Test R2: 0.7462173104286194, Inverse Test R2: 0.7462172508239746 
2026-02-26 14:37:09,871 INFO: Epoch 70, Train Loss: 0.46652272501678177, Test Loss: 0.4898937461954175, Inverse Test Loss: 4.521630756782763, Train R2: 0.7757690020582892, Test R2: 0.7396399974822998, Inverse Test R2: 0.7396399974822998 
2026-02-26 14:37:09,871 INFO: Best Epoch 64, Best Test Loss: 0.4835354207140027, Inv Test Loss: 4.462944659319791, Best Test R2: 0.7460448741912842 
2026-02-26 14:37:10,181 INFO: Epoch 71, Train Loss: 0.46701113134622574, Test Loss: 0.4826703794074781, Inverse Test Loss: 4.4549603751211455, Train R2: 0.7752163563713883, Test R2: 0.7477327585220337, Inverse Test R2: 0.7477326989173889 
2026-02-26 14:37:10,183 INFO: ---> Saved new best model weights to log/txt_log\logs_2026_2_26_HS_RMSE/simple_MLP_lr0.001_6P\best_simple_MLP_HS_weights.pth 
2026-02-26 14:37:10,469 INFO: Epoch 72, Train Loss: 0.4659077872832616, Test Loss: 0.4920124989567381, Inverse Test Loss: 4.541186498873161, Train R2: 0.7750184386968613, Test R2: 0.737788200378418, Inverse Test R2: 0.7377881407737732 
2026-02-26 14:37:10,756 INFO: Epoch 73, Train Loss: 0.46565809484684106, Test Loss: 0.4843455164721518, Inverse Test Loss: 4.470421711603801, Train R2: 0.7769688096913424, Test R2: 0.7466537952423096, Inverse Test R2: 0.7466537356376648 
2026-02-26 14:37:11,047 INFO: Epoch 74, Train Loss: 0.46640561972603656, Test Loss: 0.48635053544333484, Inverse Test Loss: 4.488927552194307, Train R2: 0.7754376905434059, Test R2: 0.744350254535675, Inverse Test R2: 0.7443501949310303 
2026-02-26 14:37:11,334 INFO: Epoch 75, Train Loss: 0.4641080482891112, Test Loss: 0.4860801633560296, Inverse Test Loss: 4.486432133298932, Train R2: 0.7784562007044301, Test R2: 0.7434276342391968, Inverse Test R2: 0.7434276342391968 
2026-02-26 14:37:11,655 INFO: Epoch 76, Train Loss: 0.4642979744257349, Test Loss: 0.49290315039230115, Inverse Test Loss: 4.549407142581361, Train R2: 0.7765856010444236, Test R2: 0.7361836433410645, Inverse Test R2: 0.7361836433410645 
2026-02-26 14:37:12,004 INFO: Epoch 77, Train Loss: 0.4650090578379053, Test Loss: 0.48278398586042, Inverse Test Loss: 4.45600894725684, Train R2: 0.7770805711095984, Test R2: 0.7473936080932617, Inverse Test R2: 0.7473936080932617 
2026-02-26 14:37:12,297 INFO: Epoch 78, Train Loss: 0.4634538667671608, Test Loss: 0.4802969874757709, Inverse Test Loss: 4.433054468848488, Train R2: 0.7785963212901895, Test R2: 0.7505412101745605, Inverse Test R2: 0.7505412101745605 
2026-02-26 14:37:12,300 INFO: ---> Saved new best model weights to log/txt_log\logs_2026_2_26_HS_RMSE/simple_MLP_lr0.001_6P\best_simple_MLP_HS_weights.pth 
2026-02-26 14:37:12,584 INFO: Epoch 79, Train Loss: 0.46463665433905343, Test Loss: 0.48193602941252967, Inverse Test Loss: 4.448182553956003, Train R2: 0.7781844735145569, Test R2: 0.7476406097412109, Inverse Test R2: 0.7476405501365662 
2026-02-26 14:37:12,882 INFO: Epoch 80, Train Loss: 0.46328195613442047, Test Loss: 0.48406417803330853, Inverse Test Loss: 4.467824950362697, Train R2: 0.7795125783392878, Test R2: 0.7455105781555176, Inverse Test R2: 0.7455105185508728 
2026-02-26 14:37:12,882 INFO: Best Epoch 78, Best Test Loss: 0.4802969874757709, Inv Test Loss: 4.433054468848488, Best Test R2: 0.7505412101745605 
2026-02-26 14:37:13,188 INFO: Epoch 81, Train Loss: 0.4646376102711215, Test Loss: 0.48549315694606665, Inverse Test Loss: 4.481014121662486, Train R2: 0.7783978310498324, Test R2: 0.7437174320220947, Inverse Test R2: 0.7437174320220947 
2026-02-26 14:37:13,522 INFO: Epoch 82, Train Loss: 0.4628876747958588, Test Loss: 0.4835602921066862, Inverse Test Loss: 4.463174111915357, Train R2: 0.7789402730537184, Test R2: 0.7460639476776123, Inverse Test R2: 0.7460638880729675 
2026-02-26 14:37:13,827 INFO: Epoch 83, Train Loss: 0.46288383932727756, Test Loss: 0.4852481782436371, Inverse Test Loss: 4.478753046555952, Train R2: 0.7794260197516644, Test R2: 0.7443096041679382, Inverse Test R2: 0.7443095445632935 
2026-02-26 14:37:14,128 INFO: Epoch 84, Train Loss: 0.46438838496352686, Test Loss: 0.4764553868409359, Inverse Test Loss: 4.397597081733473, Train R2: 0.7782740303964326, Test R2: 0.7533173561096191, Inverse Test R2: 0.7533173561096191 
2026-02-26 14:37:14,130 INFO: ---> Saved new best model weights to log/txt_log\logs_2026_2_26_HS_RMSE/simple_MLP_lr0.001_6P\best_simple_MLP_HS_weights.pth 
2026-02-26 14:37:14,425 INFO: Epoch 85, Train Loss: 0.4629269709641283, Test Loss: 0.4832919772827264, Inverse Test Loss: 4.460697665359035, Train R2: 0.7794148574272791, Test R2: 0.7467416524887085, Inverse Test R2: 0.7467416524887085 
2026-02-26 14:37:14,708 INFO: Epoch 86, Train Loss: 0.4630285587274667, Test Loss: 0.4766373128601999, Inverse Test Loss: 4.399276256561279, Train R2: 0.7803238752213392, Test R2: 0.7536652684211731, Inverse Test R2: 0.7536652088165283 
2026-02-26 14:37:15,036 INFO: Epoch 87, Train Loss: 0.4609202250386729, Test Loss: 0.4811609387397766, Inverse Test Loss: 4.4410285877458975, Train R2: 0.78055168327057, Test R2: 0.7490842342376709, Inverse Test R2: 0.7490842342376709 
2026-02-26 14:37:15,328 INFO: Epoch 88, Train Loss: 0.4620928782405275, Test Loss: 0.4773548426050128, Inverse Test Loss: 4.405898997277925, Train R2: 0.7822100447885918, Test R2: 0.7518961429595947, Inverse Test R2: 0.7518961429595947 
2026-02-26 14:37:15,622 INFO: Epoch 89, Train Loss: 0.4600796685977416, Test Loss: 0.4803631179260485, Inverse Test Loss: 4.433664798736572, Train R2: 0.781755015705571, Test R2: 0.748839259147644, Inverse Test R2: 0.7488391995429993 
2026-02-26 14:37:15,939 INFO: Epoch 90, Train Loss: 0.46023014774828247, Test Loss: 0.48440100929953833, Inverse Test Loss: 4.470933813037294, Train R2: 0.7814494791356, Test R2: 0.7463644742965698, Inverse Test R2: 0.7463644742965698 
2026-02-26 14:37:15,939 INFO: Best Epoch 84, Best Test Loss: 0.4764553868409359, Inv Test Loss: 4.397597081733473, Best Test R2: 0.7533173561096191 
2026-02-26 14:37:16,240 INFO: Epoch 91, Train Loss: 0.46169660037214105, Test Loss: 0.4808645176165032, Inverse Test Loss: 4.438292590054599, Train R2: 0.7809870026328347, Test R2: 0.7486991882324219, Inverse Test R2: 0.7486991286277771 
2026-02-26 14:37:16,547 INFO: Epoch 92, Train Loss: 0.46089831310691254, Test Loss: 0.48149522416519397, Inverse Test Loss: 4.444113919229219, Train R2: 0.7812696677265745, Test R2: 0.7482330799102783, Inverse Test R2: 0.7482330203056335 
2026-02-26 14:37:16,841 INFO: Epoch 93, Train Loss: 0.46101832389831543, Test Loss: 0.4768639866149787, Inverse Test Loss: 4.401368487964977, Train R2: 0.780926399158709, Test R2: 0.752463698387146, Inverse Test R2: 0.7524636387825012 
2026-02-26 14:37:17,140 INFO: Epoch 94, Train Loss: 0.4626515187097318, Test Loss: 0.48045134815302765, Inverse Test Loss: 4.434479113781091, Train R2: 0.7808426406347391, Test R2: 0.7496694326400757, Inverse Test R2: 0.7496693730354309 
2026-02-26 14:37:17,444 INFO: Epoch 95, Train Loss: 0.4588654294158473, Test Loss: 0.4773925840854645, Inverse Test Loss: 4.4062472762483536, Train R2: 0.7825231999158859, Test R2: 0.751672089099884, Inverse Test R2: 0.7516720294952393 
2026-02-26 14:37:17,772 INFO: Epoch 96, Train Loss: 0.457747696249774, Test Loss: 0.4944017908789895, Inverse Test Loss: 4.563239148168853, Train R2: 0.7826625767982367, Test R2: 0.7356373071670532, Inverse Test R2: 0.7356373071670532 
2026-02-26 14:37:18,108 INFO: Epoch 97, Train Loss: 0.45699321049632446, Test Loss: 0.48193887327656604, Inverse Test Loss: 4.448208765550093, Train R2: 0.7852133349938826, Test R2: 0.7481212615966797, Inverse Test R2: 0.7481212615966797 
2026-02-26 14:37:18,427 INFO: Epoch 98, Train Loss: 0.45839958863727975, Test Loss: 0.47611678007877234, Inverse Test Loss: 4.394471854874582, Train R2: 0.7827277011943586, Test R2: 0.753520667552948, Inverse Test R2: 0.7535206079483032 
2026-02-26 14:37:18,430 INFO: ---> Saved new best model weights to log/txt_log\logs_2026_2_26_HS_RMSE/simple_MLP_lr0.001_6P\best_simple_MLP_HS_weights.pth 
2026-02-26 14:37:18,761 INFO: Epoch 99, Train Loss: 0.45676422254605725, Test Loss: 0.47646108901861944, Inverse Test Loss: 4.397649801138676, Train R2: 0.783921047593608, Test R2: 0.7532283663749695, Inverse Test R2: 0.7532283067703247 
2026-02-26 14:37:19,084 INFO: Epoch 100, Train Loss: 0.4565274963776271, Test Loss: 0.4768121965003736, Inverse Test Loss: 4.40089039369063, Train R2: 0.7846403785727241, Test R2: 0.7535381317138672, Inverse Test R2: 0.7535380721092224 
2026-02-26 14:37:19,084 INFO: Best Epoch 98, Best Test Loss: 0.47611678007877234, Inv Test Loss: 4.394471854874582, Best Test R2: 0.753520667552948 
2026-02-26 14:37:19,401 INFO: Epoch 101, Train Loss: 0.4600021346951976, Test Loss: 0.4756251582593629, Inverse Test Loss: 4.389934301376343, Train R2: 0.7825234776193445, Test R2: 0.7542692422866821, Inverse Test R2: 0.7542692422866821 
2026-02-26 14:37:19,405 INFO: ---> Saved new best model weights to log/txt_log\logs_2026_2_26_HS_RMSE/simple_MLP_lr0.001_6P\best_simple_MLP_HS_weights.pth 
2026-02-26 14:37:19,747 INFO: Epoch 102, Train Loss: 0.45811811089515686, Test Loss: 0.47604074442025385, Inverse Test Loss: 4.393770123973037, Train R2: 0.7833966409618204, Test R2: 0.7538299560546875, Inverse Test R2: 0.7538299560546875 
2026-02-26 14:37:20,101 INFO: Epoch 103, Train Loss: 0.4561833387071436, Test Loss: 0.4733502891930667, Inverse Test Loss: 4.368937687440352, Train R2: 0.7851291091153116, Test R2: 0.7564437985420227, Inverse Test R2: 0.7564437985420227 
2026-02-26 14:37:20,105 INFO: ---> Saved new best model weights to log/txt_log\logs_2026_2_26_HS_RMSE/simple_MLP_lr0.001_6P\best_simple_MLP_HS_weights.pth 
2026-02-26 14:37:20,507 INFO: Epoch 104, Train Loss: 0.45479862662878906, Test Loss: 0.4759093893296791, Inverse Test Loss: 4.392557678800641, Train R2: 0.786039032719352, Test R2: 0.7534897327423096, Inverse Test R2: 0.7534897327423096 
2026-02-26 14:37:20,840 INFO: Epoch 105, Train Loss: 0.4565627940676429, Test Loss: 0.47492536270257196, Inverse Test Loss: 4.383475325324318, Train R2: 0.7850381194642095, Test R2: 0.7544139623641968, Inverse Test R2: 0.7544139623641968 
2026-02-26 14:37:21,163 INFO: Epoch 106, Train Loss: 0.4559877530643434, Test Loss: 0.47388596245736786, Inverse Test Loss: 4.373881802414402, Train R2: 0.7853982782725132, Test R2: 0.7563152313232422, Inverse Test R2: 0.7563151717185974 
2026-02-26 14:37:21,520 INFO: Epoch 107, Train Loss: 0.454456178753665, Test Loss: 0.47698601086934406, Inverse Test Loss: 4.402494683410183, Train R2: 0.7861345360676447, Test R2: 0.7523523569107056, Inverse Test R2: 0.7523522973060608 
2026-02-26 14:37:21,816 INFO: Epoch 108, Train Loss: 0.4572277595147942, Test Loss: 0.4714289668834571, Inverse Test Loss: 4.351204200224443, Train R2: 0.7842195408813881, Test R2: 0.7597081661224365, Inverse Test R2: 0.7597081065177917 
2026-02-26 14:37:21,819 INFO: ---> Saved new best model weights to log/txt_log\logs_2026_2_26_HS_RMSE/simple_MLP_lr0.001_6P\best_simple_MLP_HS_weights.pth 
2026-02-26 14:37:22,125 INFO: Epoch 109, Train Loss: 0.4574232467196204, Test Loss: 0.47580303929068823, Inverse Test Loss: 4.3915760228128145, Train R2: 0.7839229815837109, Test R2: 0.7543579339981079, Inverse Test R2: 0.7543578743934631 
2026-02-26 14:37:22,483 INFO: Epoch 110, Train Loss: 0.45553401428641693, Test Loss: 0.47645679929039697, Inverse Test Loss: 4.397610267003377, Train R2: 0.785642353422714, Test R2: 0.7530972957611084, Inverse Test R2: 0.7530972957611084 
2026-02-26 14:37:22,483 INFO: Best Epoch 108, Best Test Loss: 0.4714289668834571, Inv Test Loss: 4.351204200224443, Best Test R2: 0.7597081661224365 
2026-02-26 14:37:22,885 INFO: Epoch 111, Train Loss: 0.4539915449691541, Test Loss: 0.473430388804638, Inverse Test Loss: 4.3696769801053135, Train R2: 0.7867530778501973, Test R2: 0.7563155293464661, Inverse Test R2: 0.7563155293464661 
2026-02-26 14:37:23,253 INFO: Epoch 112, Train Loss: 0.45405910615668155, Test Loss: 0.47100582538229047, Inverse Test Loss: 4.347298723278624, Train R2: 0.7874402349645441, Test R2: 0.7592290639877319, Inverse Test R2: 0.7592290639877319 
2026-02-26 14:37:23,256 INFO: ---> Saved new best model weights to log/txt_log\logs_2026_2_26_HS_RMSE/simple_MLP_lr0.001_6P\best_simple_MLP_HS_weights.pth 
2026-02-26 14:37:23,623 INFO: Epoch 113, Train Loss: 0.4533526339765751, Test Loss: 0.4727817809942997, Inverse Test Loss: 4.363690556901874, Train R2: 0.7865756452083588, Test R2: 0.7569572925567627, Inverse Test R2: 0.7569572925567627 
2026-02-26 14:37:23,933 INFO: Epoch 114, Train Loss: 0.4534818997437304, Test Loss: 0.47597940401597455, Inverse Test Loss: 4.393203901522087, Train R2: 0.7889727751413981, Test R2: 0.7548179626464844, Inverse Test R2: 0.7548179626464844 
2026-02-26 14:37:24,230 INFO: Epoch 115, Train Loss: 0.45384752163381287, Test Loss: 0.47062537254709186, Inverse Test Loss: 4.34378711382548, Train R2: 0.7865633842619982, Test R2: 0.7588505148887634, Inverse Test R2: 0.7588504552841187 
2026-02-26 14:37:24,233 INFO: ---> Saved new best model weights to log/txt_log\logs_2026_2_26_HS_RMSE/simple_MLP_lr0.001_6P\best_simple_MLP_HS_weights.pth 
2026-02-26 14:37:24,566 INFO: Epoch 116, Train Loss: 0.45626674727960065, Test Loss: 0.47173043182401947, Inverse Test Loss: 4.353986624515418, Train R2: 0.7844898931004785, Test R2: 0.7576923966407776, Inverse Test R2: 0.7576923966407776 
2026-02-26 14:37:24,875 INFO: Epoch 117, Train Loss: 0.4511514373800971, Test Loss: 0.47401041424635687, Inverse Test Loss: 4.375030438105266, Train R2: 0.7902578034184196, Test R2: 0.7560867667198181, Inverse Test R2: 0.7560867071151733 
2026-02-26 14:37:25,184 INFO: Epoch 118, Train Loss: 0.45375097904241446, Test Loss: 0.4750669291525176, Inverse Test Loss: 4.38478194583546, Train R2: 0.7872901310523351, Test R2: 0.7548457384109497, Inverse Test R2: 0.7548457384109497 
2026-02-26 14:37:25,497 INFO: Epoch 119, Train Loss: 0.45412115188259067, Test Loss: 0.47084519628322485, Inverse Test Loss: 4.3458161065072725, Train R2: 0.788139058785005, Test R2: 0.7599018812179565, Inverse Test R2: 0.7599018812179565 
2026-02-26 14:37:25,789 INFO: Epoch 120, Train Loss: 0.45289006648641644, Test Loss: 0.4722119542685422, Inverse Test Loss: 4.358431050271699, Train R2: 0.7881855820164536, Test R2: 0.7584129571914673, Inverse Test R2: 0.7584129571914673 
2026-02-26 14:37:25,789 INFO: Best Epoch 115, Best Test Loss: 0.47062537254709186, Inv Test Loss: 4.34378711382548, Best Test R2: 0.7588505148887634 
2026-02-26 14:37:26,104 INFO: Epoch 121, Train Loss: 0.4529974738305265, Test Loss: 0.46873270200960565, Inverse Test Loss: 4.326318112286654, Train R2: 0.7886287493236137, Test R2: 0.7610611915588379, Inverse Test R2: 0.7610611319541931 
2026-02-26 14:37:26,107 INFO: ---> Saved new best model weights to log/txt_log\logs_2026_2_26_HS_RMSE/simple_MLP_lr0.001_6P\best_simple_MLP_HS_weights.pth 
2026-02-26 14:37:26,483 INFO: Epoch 122, Train Loss: 0.45056605542247946, Test Loss: 0.4750545214522969, Inverse Test Loss: 4.384667468793465, Train R2: 0.7902935260173046, Test R2: 0.7550445199012756, Inverse Test R2: 0.7550444602966309 
2026-02-26 14:37:26,818 INFO: Epoch 123, Train Loss: 0.4519281976602294, Test Loss: 0.47331647620056616, Inverse Test Loss: 4.368625554171476, Train R2: 0.7894168292934244, Test R2: 0.7564685940742493, Inverse Test R2: 0.7564685344696045 
2026-02-26 14:37:27,156 INFO: Epoch 124, Train Loss: 0.45373604875622375, Test Loss: 0.4727733884796952, Inverse Test Loss: 4.363613020290028, Train R2: 0.7875674786892805, Test R2: 0.7578768730163574, Inverse Test R2: 0.7578768134117126 
2026-02-26 14:37:27,518 INFO: Epoch 125, Train Loss: 0.449875992807475, Test Loss: 0.4694741214766647, Inverse Test Loss: 4.333161296266498, Train R2: 0.7922227382659912, Test R2: 0.7604917287826538, Inverse Test R2: 0.760491669178009 
2026-02-26 14:37:27,833 INFO: Epoch 126, Train Loss: 0.4516934086427544, Test Loss: 0.47869723041852313, Inverse Test Loss: 4.41828904729901, Train R2: 0.7906370596452192, Test R2: 0.7518389225006104, Inverse Test R2: 0.7518389225006104 
2026-02-26 14:37:28,146 INFO: Epoch 127, Train Loss: 0.4505408571073503, Test Loss: 0.47913955106879724, Inverse Test Loss: 4.422371575326631, Train R2: 0.7906022175694957, Test R2: 0.7513304948806763, Inverse Test R2: 0.7513304948806763 
2026-02-26 14:37:28,437 INFO: Epoch 128, Train Loss: 0.4516099668813474, Test Loss: 0.46931435845114966, Inverse Test Loss: 4.331686785726836, Train R2: 0.7905570227991451, Test R2: 0.760762095451355, Inverse Test R2: 0.760762095451355 
2026-02-26 14:37:28,727 INFO: Epoch 129, Train Loss: 0.4539720352851983, Test Loss: 0.475195872964281, Inverse Test Loss: 4.385972102483113, Train R2: 0.7878702766064442, Test R2: 0.754838764667511, Inverse Test R2: 0.754838764667511 
2026-02-26 14:37:29,014 INFO: Epoch 130, Train Loss: 0.44855829644383804, Test Loss: 0.4705363530101198, Inverse Test Loss: 4.342965588425145, Train R2: 0.7929784971656222, Test R2: 0.7600228190422058, Inverse Test R2: 0.760022759437561 
2026-02-26 14:37:29,014 INFO: Best Epoch 121, Best Test Loss: 0.46873270200960565, Inv Test Loss: 4.326318112286654, Best Test R2: 0.7610611915588379 
2026-02-26 14:37:29,305 INFO: Epoch 131, Train Loss: 0.44977717756321933, Test Loss: 0.47576760523246997, Inverse Test Loss: 4.391249078692812, Train R2: 0.7912162881005894, Test R2: 0.7546588182449341, Inverse Test R2: 0.7546588182449341 
2026-02-26 14:37:29,596 INFO: Epoch 132, Train Loss: 0.4500980532982133, Test Loss: 0.48077162739002344, Inverse Test Loss: 4.43743533076662, Train R2: 0.7911266214919813, Test R2: 0.7492451071739197, Inverse Test R2: 0.7492450475692749 
2026-02-26 14:37:29,918 INFO: Epoch 133, Train Loss: 0.44943995706059714, Test Loss: 0.46759985793720593, Inverse Test Loss: 4.3158621499032686, Train R2: 0.791902324015444, Test R2: 0.7626484632492065, Inverse Test R2: 0.7626484632492065 
2026-02-26 14:37:29,921 INFO: ---> Saved new best model weights to log/txt_log\logs_2026_2_26_HS_RMSE/simple_MLP_lr0.001_6P\best_simple_MLP_HS_weights.pth 
2026-02-26 14:37:30,216 INFO: Epoch 134, Train Loss: 0.4485647895119407, Test Loss: 0.4762367235891747, Inverse Test Loss: 4.395578933484627, Train R2: 0.7926082611083984, Test R2: 0.7535961866378784, Inverse Test R2: 0.7535961270332336 
2026-02-26 14:37:30,510 INFO: Epoch 135, Train Loss: 0.45125494694167917, Test Loss: 0.471842037005858, Inverse Test Loss: 4.3550167733972724, Train R2: 0.7902911842772455, Test R2: 0.7581826448440552, Inverse Test R2: 0.7581826448440552 
2026-02-26 14:37:30,802 INFO: Epoch 136, Train Loss: 0.44884670999917115, Test Loss: 0.4707227358312318, Inverse Test Loss: 4.34468590851986, Train R2: 0.7923598533326929, Test R2: 0.758527398109436, Inverse Test R2: 0.758527398109436 
2026-02-26 14:37:31,091 INFO: Epoch 137, Train Loss: 0.4476157006892291, Test Loss: 0.47127479314804077, Inverse Test Loss: 4.3497811375242295, Train R2: 0.792965500643759, Test R2: 0.7583929896354675, Inverse Test R2: 0.7583929896354675 
2026-02-26 14:37:31,382 INFO: Epoch 138, Train Loss: 0.44913568618622696, Test Loss: 0.4649941623210907, Inverse Test Loss: 4.291812109224724, Train R2: 0.7924837465539123, Test R2: 0.764718770980835, Inverse Test R2: 0.7647187113761902 
2026-02-26 14:37:31,384 INFO: ---> Saved new best model weights to log/txt_log\logs_2026_2_26_HS_RMSE/simple_MLP_lr0.001_6P\best_simple_MLP_HS_weights.pth 
2026-02-26 14:37:31,673 INFO: Epoch 139, Train Loss: 0.45213059110171866, Test Loss: 0.4741631809509162, Inverse Test Loss: 4.376440460031683, Train R2: 0.7898391995466116, Test R2: 0.7562175989151001, Inverse Test R2: 0.7562175393104553 
2026-02-26 14:37:31,986 INFO: Epoch 140, Train Loss: 0.4508327455683188, Test Loss: 0.473378143527291, Inverse Test Loss: 4.369194760467067, Train R2: 0.7914825700449221, Test R2: 0.7562006115913391, Inverse Test R2: 0.7562005519866943 
2026-02-26 14:37:31,986 INFO: Best Epoch 138, Best Test Loss: 0.4649941623210907, Inv Test Loss: 4.291812109224724, Best Test R2: 0.764718770980835 
2026-02-26 14:37:32,277 INFO: Epoch 141, Train Loss: 0.4490009647878734, Test Loss: 0.4692593343330152, Inverse Test Loss: 4.331178889130101, Train R2: 0.7916942500706875, Test R2: 0.7618365287780762, Inverse Test R2: 0.7618364691734314 
2026-02-26 14:37:32,577 INFO: Epoch 142, Train Loss: 0.449928033080968, Test Loss: 0.4874219090649576, Inverse Test Loss: 4.498816201181123, Train R2: 0.7907028645277023, Test R2: 0.7423347234725952, Inverse Test R2: 0.7423347234725952 
2026-02-26 14:37:32,883 INFO: Epoch 143, Train Loss: 0.45143127712336456, Test Loss: 0.467724497571136, Inverse Test Loss: 4.317012627919515, Train R2: 0.7895556390285492, Test R2: 0.7627700567245483, Inverse Test R2: 0.7627699971199036 
2026-02-26 14:37:33,194 INFO: Epoch 144, Train Loss: 0.4466254426674409, Test Loss: 0.467500444614526, Inverse Test Loss: 4.314944671862053, Train R2: 0.7929978917042414, Test R2: 0.7622485160827637, Inverse Test R2: 0.7622485160827637 
2026-02-26 14:37:33,489 INFO: Epoch 145, Train Loss: 0.44605044998002774, Test Loss: 0.46916631947864185, Inverse Test Loss: 4.3303203727259785, Train R2: 0.7951396496006937, Test R2: 0.7610565423965454, Inverse Test R2: 0.7610564827919006 
2026-02-26 14:37:33,832 INFO: Epoch 146, Train Loss: 0.4476228123812964, Test Loss: 0.4679435970205249, Inverse Test Loss: 4.319034807609789, Train R2: 0.7929504211201812, Test R2: 0.7618536353111267, Inverse Test R2: 0.7618536353111267 
2026-02-26 14:37:34,143 INFO: Epoch 147, Train Loss: 0.4478916417468678, Test Loss: 0.4705158571402232, Inverse Test Loss: 4.3427763996702256, Train R2: 0.7925933044065129, Test R2: 0.7594422101974487, Inverse Test R2: 0.7594422101974487 
2026-02-26 14:37:34,453 INFO: Epoch 148, Train Loss: 0.44904010991255444, Test Loss: 0.468080177451625, Inverse Test Loss: 4.320295500032829, Train R2: 0.7906118355917208, Test R2: 0.7618651390075684, Inverse Test R2: 0.7618651390075684 
2026-02-26 14:37:34,756 INFO: Epoch 149, Train Loss: 0.4471074202747056, Test Loss: 0.47389390432473383, Inverse Test Loss: 4.373955184763128, Train R2: 0.7943441366607492, Test R2: 0.7558615207672119, Inverse Test R2: 0.7558614611625671 
2026-02-26 14:37:35,052 INFO: Epoch 150, Train Loss: 0.4476557599775719, Test Loss: 0.47457012714761676, Inverse Test Loss: 4.380196542450876, Train R2: 0.7931282895080971, Test R2: 0.7561849355697632, Inverse Test R2: 0.7561848759651184 
2026-02-26 14:37:35,052 INFO: Best Epoch 138, Best Test Loss: 0.4649941623210907, Inv Test Loss: 4.291812109224724, Best Test R2: 0.764718770980835 
