2026-02-26 17:14:10,754 INFO: log_path:logs_2026_2_26_HS_RMSE_fusion/AMFormer_simple_MLP_dim32_depth2_heads4_dropout0.4_fusion0.6_0.4_lr0.001_6P 
2026-02-26 17:14:10,754 INFO: Model:namespace(attn_dropout=0.4, categories=[], cluster=3, depth=2, dim=32, ff_dropout=0.4, fusion='static', groups=[54, 54, 54], heads=4, name='AMFormer_simple_MLP_dim32_depth2_heads4_dropout0.4_fusion0.6_0.4', num_cate=0, num_cont=20, num_special_tokens=1, out_dim=1, predictor='simple_MLP', prod_num_per_group=[6, 6, 6], qk_relu=False, static_fusion={'kan_weight': 0.6, 'trans_weight': 0.4}, sum_num_per_group=[32, 16, 8], target_mode='regression', token_descent=False, use_KAN_path=True, use_cls_token=True, use_prod=True, use_row_col_attention=True, use_sigmoid=True) 
2026-02-26 17:14:10,755 INFO: lr:0.001, loss:RMSE 
2026-02-26 17:14:10,755 INFO: Dataset:HS, Target:['metal6_Peak'] 
2026-02-26 17:14:10,755 INFO: ------Begin Training Model------ 
2026-02-26 17:14:18,253 INFO: Epoch 1, Train Loss: 0.7731492925773967, Test Loss: 0.6764899131023523, Inverse Test Loss: 6.243879665027965, Train R2: 0.3874411393295635, Test R2: 0.5130296945571899, Inverse Test R2: 0.5130295753479004 
2026-02-26 17:14:18,275 INFO: ---> Saved new best model weights to log/txt_log\logs_2026_2_26_HS_RMSE_fusion/AMFormer_simple_MLP_dim32_depth2_heads4_dropout0.4_fusion0.6_0.4_lr0.001_6P\best_AMFormer_HS_weights.pth 
2026-02-26 17:14:22,328 INFO: Epoch 2, Train Loss: 0.6536537216919841, Test Loss: 0.5989744563897451, Inverse Test Loss: 5.528425996953791, Train R2: 0.5605149391022596, Test R2: 0.6144545078277588, Inverse Test R2: 0.6144545078277588 
2026-02-26 17:14:22,340 INFO: ---> Saved new best model weights to log/txt_log\logs_2026_2_26_HS_RMSE_fusion/AMFormer_simple_MLP_dim32_depth2_heads4_dropout0.4_fusion0.6_0.4_lr0.001_6P\best_AMFormer_HS_weights.pth 
2026-02-26 17:14:26,368 INFO: Epoch 3, Train Loss: 0.5924537911108045, Test Loss: 0.5469140482671333, Inverse Test Loss: 5.047917878989018, Train R2: 0.6411568508906798, Test R2: 0.6757903099060059, Inverse Test R2: 0.6757903099060059 
2026-02-26 17:14:26,380 INFO: ---> Saved new best model weights to log/txt_log\logs_2026_2_26_HS_RMSE_fusion/AMFormer_simple_MLP_dim32_depth2_heads4_dropout0.4_fusion0.6_0.4_lr0.001_6P\best_AMFormer_HS_weights.pth 
2026-02-26 17:14:30,396 INFO: Epoch 4, Train Loss: 0.5553808022629131, Test Loss: 0.5243857376503221, Inverse Test Loss: 4.839985594604954, Train R2: 0.6834185403404813, Test R2: 0.7034282088279724, Inverse Test R2: 0.7034282088279724 
2026-02-26 17:14:30,407 INFO: ---> Saved new best model weights to log/txt_log\logs_2026_2_26_HS_RMSE_fusion/AMFormer_simple_MLP_dim32_depth2_heads4_dropout0.4_fusion0.6_0.4_lr0.001_6P\best_AMFormer_HS_weights.pth 
2026-02-26 17:14:34,424 INFO: Epoch 5, Train Loss: 0.5421912076346802, Test Loss: 0.5121282420375131, Inverse Test Loss: 4.726851232124098, Train R2: 0.6990652468168375, Test R2: 0.7154114842414856, Inverse Test R2: 0.7154114246368408 
2026-02-26 17:14:34,435 INFO: ---> Saved new best model weights to log/txt_log\logs_2026_2_26_HS_RMSE_fusion/AMFormer_simple_MLP_dim32_depth2_heads4_dropout0.4_fusion0.6_0.4_lr0.001_6P\best_AMFormer_HS_weights.pth 
2026-02-26 17:14:38,483 INFO: Epoch 6, Train Loss: 0.5242960313052842, Test Loss: 0.4989084204037984, Inverse Test Loss: 4.604834549354784, Train R2: 0.7169404684594183, Test R2: 0.7307206392288208, Inverse Test R2: 0.7307206392288208 
2026-02-26 17:14:38,494 INFO: ---> Saved new best model weights to log/txt_log\logs_2026_2_26_HS_RMSE_fusion/AMFormer_simple_MLP_dim32_depth2_heads4_dropout0.4_fusion0.6_0.4_lr0.001_6P\best_AMFormer_HS_weights.pth 
2026-02-26 17:14:42,529 INFO: Epoch 7, Train Loss: 0.5155394230828141, Test Loss: 0.4862768135287545, Inverse Test Loss: 4.488247235616048, Train R2: 0.7259520332921635, Test R2: 0.7431144118309021, Inverse Test R2: 0.7431144714355469 
2026-02-26 17:14:42,541 INFO: ---> Saved new best model weights to log/txt_log\logs_2026_2_26_HS_RMSE_fusion/AMFormer_simple_MLP_dim32_depth2_heads4_dropout0.4_fusion0.6_0.4_lr0.001_6P\best_AMFormer_HS_weights.pth 
2026-02-26 17:14:46,562 INFO: Epoch 8, Train Loss: 0.5054247424458013, Test Loss: 0.49032703493580676, Inverse Test Loss: 4.525629932230169, Train R2: 0.7362237545576963, Test R2: 0.738263726234436, Inverse Test R2: 0.738263726234436 
2026-02-26 17:14:50,590 INFO: Epoch 9, Train Loss: 0.5012276353258075, Test Loss: 0.48282968094854645, Inverse Test Loss: 4.456430818095352, Train R2: 0.7422621322400642, Test R2: 0.7472761869430542, Inverse Test R2: 0.7472761869430542 
2026-02-26 17:14:50,601 INFO: ---> Saved new best model weights to log/txt_log\logs_2026_2_26_HS_RMSE_fusion/AMFormer_simple_MLP_dim32_depth2_heads4_dropout0.4_fusion0.6_0.4_lr0.001_6P\best_AMFormer_HS_weights.pth 
2026-02-26 17:14:54,634 INFO: Epoch 10, Train Loss: 0.4889618083834648, Test Loss: 0.4678127621159409, Inverse Test Loss: 4.317827275305083, Train R2: 0.753557566892017, Test R2: 0.7619146704673767, Inverse Test R2: 0.7619146704673767 
2026-02-26 17:14:54,646 INFO: ---> Saved new best model weights to log/txt_log\logs_2026_2_26_HS_RMSE_fusion/AMFormer_simple_MLP_dim32_depth2_heads4_dropout0.4_fusion0.6_0.4_lr0.001_6P\best_AMFormer_HS_weights.pth 
2026-02-26 17:14:54,646 INFO: Best Epoch 10, Best Test Loss: 0.4678127621159409, Inv Test Loss: 4.317827275305083, Best Test R2: 0.7619146704673767 
2026-02-26 17:14:58,682 INFO: Epoch 11, Train Loss: 0.4816534203110319, Test Loss: 0.4700516037868731, Inverse Test Loss: 4.338491403695309, Train R2: 0.7612490902344385, Test R2: 0.7594249844551086, Inverse Test R2: 0.7594249844551086 
2026-02-26 17:15:02,735 INFO: Epoch 12, Train Loss: 0.48707162295327044, Test Loss: 0.4582724661538095, Inverse Test Loss: 4.229772148710309, Train R2: 0.7560361176729202, Test R2: 0.7704622745513916, Inverse Test R2: 0.7704622745513916 
2026-02-26 17:15:02,746 INFO: ---> Saved new best model weights to log/txt_log\logs_2026_2_26_HS_RMSE_fusion/AMFormer_simple_MLP_dim32_depth2_heads4_dropout0.4_fusion0.6_0.4_lr0.001_6P\best_AMFormer_HS_weights.pth 
2026-02-26 17:15:06,813 INFO: Epoch 13, Train Loss: 0.4741916618112362, Test Loss: 0.45420915520552435, Inverse Test Loss: 4.192268487178918, Train R2: 0.7681538431030331, Test R2: 0.7759470343589783, Inverse Test R2: 0.7759469747543335 
2026-02-26 17:15:06,824 INFO: ---> Saved new best model weights to log/txt_log\logs_2026_2_26_HS_RMSE_fusion/AMFormer_simple_MLP_dim32_depth2_heads4_dropout0.4_fusion0.6_0.4_lr0.001_6P\best_AMFormer_HS_weights.pth 
2026-02-26 17:15:10,876 INFO: Epoch 14, Train Loss: 0.47708298965837015, Test Loss: 0.49501758181687555, Inverse Test Loss: 4.568922873699304, Train R2: 0.7655415029236765, Test R2: 0.7357627153396606, Inverse Test R2: 0.7357627153396606 
2026-02-26 17:15:14,914 INFO: Epoch 15, Train Loss: 0.465427582914179, Test Loss: 0.4513322855487014, Inverse Test Loss: 4.165715477683327, Train R2: 0.7768386245676966, Test R2: 0.7767706513404846, Inverse Test R2: 0.7767706513404846 
2026-02-26 17:15:14,925 INFO: ---> Saved new best model weights to log/txt_log\logs_2026_2_26_HS_RMSE_fusion/AMFormer_simple_MLP_dim32_depth2_heads4_dropout0.4_fusion0.6_0.4_lr0.001_6P\best_AMFormer_HS_weights.pth 
2026-02-26 17:15:18,974 INFO: Epoch 16, Train Loss: 0.4614219374277375, Test Loss: 0.44458134878765454, Inverse Test Loss: 4.103405526190093, Train R2: 0.7812007408250462, Test R2: 0.7838131189346313, Inverse Test R2: 0.7838131189346313 
2026-02-26 17:15:18,985 INFO: ---> Saved new best model weights to log/txt_log\logs_2026_2_26_HS_RMSE_fusion/AMFormer_simple_MLP_dim32_depth2_heads4_dropout0.4_fusion0.6_0.4_lr0.001_6P\best_AMFormer_HS_weights.pth 
2026-02-26 17:15:23,017 INFO: Epoch 17, Train Loss: 0.4550141308343772, Test Loss: 0.44020500056671374, Inverse Test Loss: 4.063012607169874, Train R2: 0.7862158584775347, Test R2: 0.7895804643630981, Inverse Test R2: 0.7895804643630981 
2026-02-26 17:15:23,028 INFO: ---> Saved new best model weights to log/txt_log\logs_2026_2_26_HS_RMSE_fusion/AMFormer_simple_MLP_dim32_depth2_heads4_dropout0.4_fusion0.6_0.4_lr0.001_6P\best_AMFormer_HS_weights.pth 
2026-02-26 17:15:27,070 INFO: Epoch 18, Train Loss: 0.4592522064393217, Test Loss: 0.4361516291444952, Inverse Test Loss: 4.025600794589881, Train R2: 0.7820022869290728, Test R2: 0.7927607893943787, Inverse Test R2: 0.7927607297897339 
2026-02-26 17:15:27,082 INFO: ---> Saved new best model weights to log/txt_log\logs_2026_2_26_HS_RMSE_fusion/AMFormer_simple_MLP_dim32_depth2_heads4_dropout0.4_fusion0.6_0.4_lr0.001_6P\best_AMFormer_HS_weights.pth 
2026-02-26 17:15:31,134 INFO: Epoch 19, Train Loss: 0.45106399714043643, Test Loss: 0.45104802016055945, Inverse Test Loss: 4.163091710119536, Train R2: 0.7891267818031888, Test R2: 0.7788869738578796, Inverse Test R2: 0.7788869142532349 
2026-02-26 17:15:35,198 INFO: Epoch 20, Train Loss: 0.4471195913625486, Test Loss: 0.4341692409732125, Inverse Test Loss: 4.007303613604921, Train R2: 0.7925636953476703, Test R2: 0.7955114841461182, Inverse Test R2: 0.7955114841461182 
2026-02-26 17:15:35,209 INFO: ---> Saved new best model weights to log/txt_log\logs_2026_2_26_HS_RMSE_fusion/AMFormer_simple_MLP_dim32_depth2_heads4_dropout0.4_fusion0.6_0.4_lr0.001_6P\best_AMFormer_HS_weights.pth 
2026-02-26 17:15:35,209 INFO: Best Epoch 20, Best Test Loss: 0.4341692409732125, Inv Test Loss: 4.007303613604921, Best Test R2: 0.7955114841461182 
2026-02-26 17:15:39,282 INFO: Epoch 21, Train Loss: 0.4447675137357278, Test Loss: 0.4334994988007979, Inverse Test Loss: 4.001122091755723, Train R2: 0.794178486773462, Test R2: 0.7954736948013306, Inverse Test R2: 0.7954736948013306 
2026-02-26 17:15:39,293 INFO: ---> Saved new best model weights to log/txt_log\logs_2026_2_26_HS_RMSE_fusion/AMFormer_simple_MLP_dim32_depth2_heads4_dropout0.4_fusion0.6_0.4_lr0.001_6P\best_AMFormer_HS_weights.pth 
2026-02-26 17:15:43,353 INFO: Epoch 22, Train Loss: 0.44152312071034405, Test Loss: 0.421962581800692, Inverse Test Loss: 3.894638372190071, Train R2: 0.7990428561514075, Test R2: 0.805307149887085, Inverse Test R2: 0.805307149887085 
2026-02-26 17:15:43,365 INFO: ---> Saved new best model weights to log/txt_log\logs_2026_2_26_HS_RMSE_fusion/AMFormer_simple_MLP_dim32_depth2_heads4_dropout0.4_fusion0.6_0.4_lr0.001_6P\best_AMFormer_HS_weights.pth 
2026-02-26 17:15:47,419 INFO: Epoch 23, Train Loss: 0.44202868911353027, Test Loss: 0.41264001618732105, Inverse Test Loss: 3.8085928252249053, Train R2: 0.797443076968193, Test R2: 0.8137223720550537, Inverse Test R2: 0.8137223720550537 
2026-02-26 17:15:47,430 INFO: ---> Saved new best model weights to log/txt_log\logs_2026_2_26_HS_RMSE_fusion/AMFormer_simple_MLP_dim32_depth2_heads4_dropout0.4_fusion0.6_0.4_lr0.001_6P\best_AMFormer_HS_weights.pth 
2026-02-26 17:15:51,495 INFO: Epoch 24, Train Loss: 0.43922353423002997, Test Loss: 0.4303058729027257, Inverse Test Loss: 3.971645463596691, Train R2: 0.7999215798847603, Test R2: 0.7977797985076904, Inverse Test R2: 0.7977797985076904 
2026-02-26 17:15:55,564 INFO: Epoch 25, Train Loss: 0.43585170715144184, Test Loss: 0.4210848266428167, Inverse Test Loss: 3.886536894422589, Train R2: 0.8024531426754865, Test R2: 0.8059036731719971, Inverse Test R2: 0.8059036731719971 
2026-02-26 17:15:59,626 INFO: Epoch 26, Train Loss: 0.4333023984323848, Test Loss: 0.42110774824113556, Inverse Test Loss: 3.8867484295006953, Train R2: 0.80645216820818, Test R2: 0.8077518343925476, Inverse Test R2: 0.8077517747879028 
2026-02-26 17:16:03,699 INFO: Epoch 27, Train Loss: 0.42811296180342184, Test Loss: 0.4299575966415983, Inverse Test Loss: 3.9684309670419404, Train R2: 0.8101945338827191, Test R2: 0.7975763082504272, Inverse Test R2: 0.7975762486457825 
2026-02-26 17:16:07,796 INFO: Epoch 28, Train Loss: 0.4274172760320432, Test Loss: 0.41283158190322644, Inverse Test Loss: 3.810360908508301, Train R2: 0.8114964727199439, Test R2: 0.8133677244186401, Inverse Test R2: 0.8133677244186401 
2026-02-26 17:16:11,875 INFO: Epoch 29, Train Loss: 0.4271605565692439, Test Loss: 0.4095259588776213, Inverse Test Loss: 3.779850620211977, Train R2: 0.8109909408923351, Test R2: 0.8173900246620178, Inverse Test R2: 0.8173900246620178 
2026-02-26 17:16:11,887 INFO: ---> Saved new best model weights to log/txt_log\logs_2026_2_26_HS_RMSE_fusion/AMFormer_simple_MLP_dim32_depth2_heads4_dropout0.4_fusion0.6_0.4_lr0.001_6P\best_AMFormer_HS_weights.pth 
2026-02-26 17:16:15,974 INFO: Epoch 30, Train Loss: 0.4305878207087517, Test Loss: 0.41905499317429284, Inverse Test Loss: 3.867801926352761, Train R2: 0.8071877671913668, Test R2: 0.8083763122558594, Inverse Test R2: 0.8083763122558594 
2026-02-26 17:16:15,974 INFO: Best Epoch 29, Best Test Loss: 0.4095259588776213, Inv Test Loss: 3.779850620211977, Best Test R2: 0.8173900246620178 
2026-02-26 17:16:20,080 INFO: Epoch 31, Train Loss: 0.4248425102595127, Test Loss: 0.41046770504026703, Inverse Test Loss: 3.7885428125208076, Train R2: 0.8135576266230959, Test R2: 0.8156262040138245, Inverse Test R2: 0.8156262040138245 
2026-02-26 17:16:24,181 INFO: Epoch 32, Train Loss: 0.4213955122413057, Test Loss: 0.41705846154328546, Inverse Test Loss: 3.8493742581569785, Train R2: 0.8149909038435329, Test R2: 0.8096630573272705, Inverse Test R2: 0.8096630573272705 
2026-02-26 17:16:28,261 INFO: Epoch 33, Train Loss: 0.41927973293896875, Test Loss: 0.41406388806574274, Inverse Test Loss: 3.8217348980181143, Train R2: 0.8165365091779015, Test R2: 0.8130723237991333, Inverse Test R2: 0.8130723237991333 
2026-02-26 17:16:32,337 INFO: Epoch 34, Train Loss: 0.42163929907661496, Test Loss: 0.4128660722212358, Inverse Test Loss: 3.8106792695594556, Train R2: 0.816482562007326, Test R2: 0.8134496808052063, Inverse Test R2: 0.8134496212005615 
2026-02-26 17:16:36,429 INFO: Epoch 35, Train Loss: 0.4182254843639605, Test Loss: 0.4118115044001377, Inverse Test Loss: 3.80094575881958, Train R2: 0.8193240716601863, Test R2: 0.8143151998519897, Inverse Test R2: 0.8143151998519897 
2026-02-26 17:16:40,519 INFO: Epoch 36, Train Loss: 0.4147000583735379, Test Loss: 0.4090023600693905, Inverse Test Loss: 3.77501790451281, Train R2: 0.8207943182099949, Test R2: 0.8180490732192993, Inverse Test R2: 0.8180490732192993 
2026-02-26 17:16:40,530 INFO: ---> Saved new best model weights to log/txt_log\logs_2026_2_26_HS_RMSE_fusion/AMFormer_simple_MLP_dim32_depth2_heads4_dropout0.4_fusion0.6_0.4_lr0.001_6P\best_AMFormer_HS_weights.pth 
2026-02-26 17:16:44,631 INFO: Epoch 37, Train Loss: 0.40997000749815593, Test Loss: 0.4139818594311223, Inverse Test Loss: 3.8209778251069966, Train R2: 0.8248802884058519, Test R2: 0.8124305605888367, Inverse Test R2: 0.8124305009841919 
2026-02-26 17:16:48,708 INFO: Epoch 38, Train Loss: 0.40997233715924347, Test Loss: 0.4201787141236392, Inverse Test Loss: 3.8781736258304482, Train R2: 0.8250538643562433, Test R2: 0.8084261417388916, Inverse Test R2: 0.8084261417388916 
2026-02-26 17:16:52,784 INFO: Epoch 39, Train Loss: 0.4134673367847096, Test Loss: 0.41065073103615735, Inverse Test Loss: 3.7902320876266016, Train R2: 0.8225331049073826, Test R2: 0.8155689239501953, Inverse Test R2: 0.8155688643455505 
2026-02-26 17:16:56,875 INFO: Epoch 40, Train Loss: 0.4086929516810359, Test Loss: 0.41843947858521435, Inverse Test Loss: 3.862120859550707, Train R2: 0.8253981918096542, Test R2: 0.8082286715507507, Inverse Test R2: 0.8082286715507507 
2026-02-26 17:16:56,875 INFO: Best Epoch 36, Best Test Loss: 0.4090023600693905, Inv Test Loss: 3.77501790451281, Best Test R2: 0.8180490732192993 
2026-02-26 17:17:00,949 INFO: Epoch 41, Train Loss: 0.41150330074808816, Test Loss: 0.4065074279452815, Inverse Test Loss: 3.7519901738022314, Train R2: 0.8227002300096281, Test R2: 0.8188698887825012, Inverse Test R2: 0.8188698291778564 
2026-02-26 17:17:00,960 INFO: ---> Saved new best model weights to log/txt_log\logs_2026_2_26_HS_RMSE_fusion/AMFormer_simple_MLP_dim32_depth2_heads4_dropout0.4_fusion0.6_0.4_lr0.001_6P\best_AMFormer_HS_weights.pth 
2026-02-26 17:17:05,005 INFO: Epoch 42, Train Loss: 0.4089179007392941, Test Loss: 0.40038583224469965, Inverse Test Loss: 3.695488893624508, Train R2: 0.8264614890019099, Test R2: 0.8241589665412903, Inverse Test R2: 0.8241589665412903 
2026-02-26 17:17:05,017 INFO: ---> Saved new best model weights to log/txt_log\logs_2026_2_26_HS_RMSE_fusion/AMFormer_simple_MLP_dim32_depth2_heads4_dropout0.4_fusion0.6_0.4_lr0.001_6P\best_AMFormer_HS_weights.pth 
2026-02-26 17:17:09,099 INFO: Epoch 43, Train Loss: 0.4047095629979264, Test Loss: 0.4090158027229887, Inverse Test Loss: 3.7751420266700513, Train R2: 0.8288173878734763, Test R2: 0.8161566853523254, Inverse Test R2: 0.8161566853523254 
2026-02-26 17:17:13,178 INFO: Epoch 44, Train Loss: 0.40337581955122226, Test Loss: 0.4075330098470052, Inverse Test Loss: 3.7614561210979116, Train R2: 0.8311586312272332, Test R2: 0.8191415667533875, Inverse Test R2: 0.8191415667533875 
2026-02-26 17:17:17,251 INFO: Epoch 45, Train Loss: 0.4015608788891272, Test Loss: 0.41382107409563934, Inverse Test Loss: 3.8194937705993652, Train R2: 0.8320318613991593, Test R2: 0.8128461241722107, Inverse Test R2: 0.8128461241722107 
2026-02-26 17:17:21,329 INFO: Epoch 46, Train Loss: 0.3993981566393014, Test Loss: 0.41148914170987677, Inverse Test Loss: 3.79797050447175, Train R2: 0.8330348283052444, Test R2: 0.815331757068634, Inverse Test R2: 0.8153316974639893 
2026-02-26 17:17:25,392 INFO: Epoch 47, Train Loss: 0.40166184893160156, Test Loss: 0.4119106251181978, Inverse Test Loss: 3.801860657605258, Train R2: 0.8312793924952998, Test R2: 0.8154463171958923, Inverse Test R2: 0.8154463171958923 
2026-02-26 17:17:29,474 INFO: Epoch 48, Train Loss: 0.4008993885733865, Test Loss: 0.3988129966186755, Inverse Test Loss: 3.6809718970096474, Train R2: 0.8333676651571736, Test R2: 0.8255746364593506, Inverse Test R2: 0.8255746364593506 
2026-02-26 17:17:29,485 INFO: ---> Saved new best model weights to log/txt_log\logs_2026_2_26_HS_RMSE_fusion/AMFormer_simple_MLP_dim32_depth2_heads4_dropout0.4_fusion0.6_0.4_lr0.001_6P\best_AMFormer_HS_weights.pth 
2026-02-26 17:17:33,575 INFO: Epoch 49, Train Loss: 0.4015523371371356, Test Loss: 0.4009636396711523, Inverse Test Loss: 3.7008219848979604, Train R2: 0.8322483278585203, Test R2: 0.8241075873374939, Inverse Test R2: 0.8241075873374939 
2026-02-26 17:17:37,657 INFO: Epoch 50, Train Loss: 0.40028003738685086, Test Loss: 0.40215580842711707, Inverse Test Loss: 3.7118254791606557, Train R2: 0.8337763538866332, Test R2: 0.8227787017822266, Inverse Test R2: 0.8227787017822266 
2026-02-26 17:17:37,657 INFO: Best Epoch 48, Best Test Loss: 0.3988129966186755, Inv Test Loss: 3.6809718970096474, Best Test R2: 0.8255746364593506 
2026-02-26 17:17:41,742 INFO: Epoch 51, Train Loss: 0.39326903675541736, Test Loss: 0.42420245120019623, Inverse Test Loss: 3.915312001199433, Train R2: 0.838585765524344, Test R2: 0.8047931790351868, Inverse Test R2: 0.8047931790351868 
2026-02-26 17:17:45,827 INFO: Epoch 52, Train Loss: 0.39794661127256625, Test Loss: 0.41646906552892743, Inverse Test Loss: 3.8439342180887857, Train R2: 0.8345299941120725, Test R2: 0.8105636835098267, Inverse Test R2: 0.8105636835098267 
2026-02-26 17:17:49,909 INFO: Epoch 53, Train Loss: 0.39236828594496753, Test Loss: 0.41217102607091266, Inverse Test Loss: 3.8042640975027373, Train R2: 0.8399866123994192, Test R2: 0.8141013383865356, Inverse Test R2: 0.8141013383865356 
2026-02-26 17:17:53,989 INFO: Epoch 54, Train Loss: 0.39570256277467264, Test Loss: 0.4164591431617737, Inverse Test Loss: 3.8438426653544107, Train R2: 0.837978102944114, Test R2: 0.8103232383728027, Inverse Test R2: 0.8103232383728027 
2026-02-26 17:17:58,081 INFO: Epoch 55, Train Loss: 0.390565093719598, Test Loss: 0.41492244149699353, Inverse Test Loss: 3.8296591585332695, Train R2: 0.840631854353529, Test R2: 0.8123959302902222, Inverse Test R2: 0.8123959302902222 
2026-02-26 17:18:02,162 INFO: Epoch 56, Train Loss: 0.38953212874405313, Test Loss: 0.4175563301100875, Inverse Test Loss: 3.8539695450753877, Train R2: 0.84123187715357, Test R2: 0.8084505200386047, Inverse Test R2: 0.8084505796432495 
2026-02-26 17:18:06,249 INFO: Epoch 57, Train Loss: 0.394260681262522, Test Loss: 0.40713738401730853, Inverse Test Loss: 3.7578044949155864, Train R2: 0.8390578948187105, Test R2: 0.8194058537483215, Inverse Test R2: 0.8194058537483215 
2026-02-26 17:18:10,369 INFO: Epoch 58, Train Loss: 0.3868349702520804, Test Loss: 0.4161426172111974, Inverse Test Loss: 3.8409212069077925, Train R2: 0.8444309510064848, Test R2: 0.8106454014778137, Inverse Test R2: 0.8106454014778137 
2026-02-26 17:18:14,434 INFO: Epoch 59, Train Loss: 0.3868594371685476, Test Loss: 0.4105494771942948, Inverse Test Loss: 3.7892975734941885, Train R2: 0.8434590345079248, Test R2: 0.8155384063720703, Inverse Test R2: 0.8155384063720703 
2026-02-26 17:18:18,526 INFO: Epoch 60, Train Loss: 0.38561578264290636, Test Loss: 0.4221438368161519, Inverse Test Loss: 3.89631141315807, Train R2: 0.8456032172296987, Test R2: 0.8057654500007629, Inverse Test R2: 0.8057654500007629 
2026-02-26 17:18:18,526 INFO: Best Epoch 48, Best Test Loss: 0.3988129966186755, Inv Test Loss: 3.6809718970096474, Best Test R2: 0.8255746364593506 
2026-02-26 17:18:22,585 INFO: Epoch 61, Train Loss: 0.3846522348396706, Test Loss: 0.4159278959938974, Inverse Test Loss: 3.838939327182192, Train R2: 0.8458683824900425, Test R2: 0.8089314699172974, Inverse Test R2: 0.8089314699172974 
2026-02-26 17:18:26,646 INFO: Epoch 62, Train Loss: 0.3862526325339621, Test Loss: 0.41199282172954443, Inverse Test Loss: 3.8026193127487646, Train R2: 0.8437274468667579, Test R2: 0.8134164810180664, Inverse Test R2: 0.8134164810180664 
2026-02-26 17:18:30,788 INFO: Epoch 63, Train Loss: 0.37944357322924066, Test Loss: 0.41826994942896295, Inverse Test Loss: 3.8605560317183985, Train R2: 0.8513465288913611, Test R2: 0.8070696592330933, Inverse Test R2: 0.8070696592330933 
2026-02-26 17:18:35,037 INFO: Epoch 64, Train Loss: 0.37960088952924265, Test Loss: 0.41094283895059064, Inverse Test Loss: 3.7929281971671363, Train R2: 0.8482472589521697, Test R2: 0.8147239685058594, Inverse Test R2: 0.8147239685058594 
2026-02-26 17:18:39,121 INFO: Epoch 65, Train Loss: 0.38087451593442395, Test Loss: 0.40642062055342126, Inverse Test Loss: 3.751188885081898, Train R2: 0.8492823708238024, Test R2: 0.8186771869659424, Inverse Test R2: 0.8186771869659424 
2026-02-26 17:18:43,202 INFO: Epoch 66, Train Loss: 0.3820721403215871, Test Loss: 0.4166520165674614, Inverse Test Loss: 3.8456228935357295, Train R2: 0.8478778018192812, Test R2: 0.809298038482666, Inverse Test R2: 0.809298038482666 
2026-02-26 17:18:47,295 INFO: Epoch 67, Train Loss: 0.3783651136539199, Test Loss: 0.4215555109760978, Inverse Test Loss: 3.890881213274869, Train R2: 0.8507270722678213, Test R2: 0.8054287433624268, Inverse Test R2: 0.8054287433624268 
2026-02-26 17:18:51,386 INFO: Epoch 68, Train Loss: 0.378313643236955, Test Loss: 0.43094331838867883, Inverse Test Loss: 3.977529099493316, Train R2: 0.8504831754800045, Test R2: 0.7954967617988586, Inverse Test R2: 0.7954967021942139 
2026-02-26 17:18:55,450 INFO: Epoch 69, Train Loss: 0.37763851610097016, Test Loss: 0.4271841491713668, Inverse Test Loss: 3.9428325710874614, Train R2: 0.851045418417815, Test R2: 0.7967376708984375, Inverse Test R2: 0.7967376112937927 
2026-02-26 17:18:59,526 INFO: Epoch 70, Train Loss: 0.37582791619228595, Test Loss: 0.4286980511564197, Inverse Test Loss: 3.956805554303256, Train R2: 0.8519882916501074, Test R2: 0.7983158826828003, Inverse Test R2: 0.7983158826828003 
2026-02-26 17:18:59,526 INFO: Best Epoch 48, Best Test Loss: 0.3988129966186755, Inv Test Loss: 3.6809718970096474, Best Test R2: 0.8255746364593506 
2026-02-26 17:19:03,602 INFO: Epoch 71, Train Loss: 0.3758592969088843, Test Loss: 0.4184514753746264, Inverse Test Loss: 3.862231543569854, Train R2: 0.8529977161775936, Test R2: 0.8077173829078674, Inverse Test R2: 0.8077173829078674 
2026-02-26 17:19:07,682 INFO: Epoch 72, Train Loss: 0.382393656354962, Test Loss: 0.4273091735261859, Inverse Test Loss: 3.9439864375374536, Train R2: 0.847355553598115, Test R2: 0.8010289669036865, Inverse Test R2: 0.8010289669036865 
2026-02-26 17:19:11,765 INFO: Epoch 73, Train Loss: 0.37554519657384267, Test Loss: 0.41349547108014423, Inverse Test Loss: 3.8164885405338174, Train R2: 0.8522984566110553, Test R2: 0.8122890591621399, Inverse Test R2: 0.8122889995574951 
2026-02-26 17:19:15,833 INFO: Epoch 74, Train Loss: 0.3735229813239791, Test Loss: 0.4281556461796616, Inverse Test Loss: 3.9517992771033086, Train R2: 0.8549205177661144, Test R2: 0.796562671661377, Inverse Test R2: 0.796562671661377 
2026-02-26 17:19:19,910 INFO: Epoch 75, Train Loss: 0.36851032439506415, Test Loss: 0.4266129596666856, Inverse Test Loss: 3.9375605727687026, Train R2: 0.8583839896953467, Test R2: 0.7983837723731995, Inverse Test R2: 0.7983837723731995 
2026-02-26 17:19:23,997 INFO: Epoch 76, Train Loss: 0.36991854215210135, Test Loss: 0.4239399586663102, Inverse Test Loss: 3.9128892855210737, Train R2: 0.8566833883523941, Test R2: 0.7993490099906921, Inverse Test R2: 0.7993490099906921 
2026-02-26 17:19:28,063 INFO: Epoch 77, Train Loss: 0.36489989540793677, Test Loss: 0.4358148556767088, Inverse Test Loss: 4.022492387078025, Train R2: 0.8621976827130173, Test R2: 0.7907625436782837, Inverse Test R2: 0.7907625436782837 
2026-02-26 17:19:32,145 INFO: Epoch 78, Train Loss: 0.3747846547401313, Test Loss: 0.42512596014774207, Inverse Test Loss: 3.923835833867391, Train R2: 0.8526163841738845, Test R2: 0.8007559180259705, Inverse Test R2: 0.8007559180259705 
2026-02-26 17:19:36,228 INFO: Epoch 79, Train Loss: 0.3642448712930535, Test Loss: 0.43658150416432007, Inverse Test Loss: 4.029568462660818, Train R2: 0.861200259941997, Test R2: 0.7892260551452637, Inverse Test R2: 0.7892260551452637 
2026-02-26 17:19:40,313 INFO: Epoch 80, Train Loss: 0.3669025135988539, Test Loss: 0.4165686513438369, Inverse Test Loss: 3.8448534228584985, Train R2: 0.8594855345559843, Test R2: 0.8068712949752808, Inverse Test R2: 0.8068712949752808 
2026-02-26 17:19:40,313 INFO: Best Epoch 48, Best Test Loss: 0.3988129966186755, Inv Test Loss: 3.6809718970096474, Best Test R2: 0.8255746364593506 
2026-02-26 17:19:44,384 INFO: Epoch 81, Train Loss: 0.36256707753195905, Test Loss: 0.42131648280403833, Inverse Test Loss: 3.88867500334075, Train R2: 0.8624547038114432, Test R2: 0.8040348291397095, Inverse Test R2: 0.8040348291397095 
2026-02-26 17:19:48,460 INFO: Epoch 82, Train Loss: 0.3598209048310916, Test Loss: 0.42429204781850177, Inverse Test Loss: 3.9161389379790337, Train R2: 0.8643177779334964, Test R2: 0.7994828224182129, Inverse Test R2: 0.7994828224182129 
2026-02-26 17:19:52,542 INFO: Epoch 83, Train Loss: 0.36707138349161006, Test Loss: 0.41965131145535095, Inverse Test Loss: 3.87330580480171, Train R2: 0.8594653195503986, Test R2: 0.8032452464103699, Inverse Test R2: 0.8032452464103699 
2026-02-26 17:19:56,618 INFO: Epoch 84, Train Loss: 0.3583175234045043, Test Loss: 0.42550384727391327, Inverse Test Loss: 3.9273236086874297, Train R2: 0.8652948795846014, Test R2: 0.799958348274231, Inverse Test R2: 0.799958348274231 
2026-02-26 17:20:00,706 INFO: Epoch 85, Train Loss: 0.35567600347779016, Test Loss: 0.4417672229535652, Inverse Test Loss: 4.077431613748724, Train R2: 0.8688630917758653, Test R2: 0.7852293848991394, Inverse Test R2: 0.7852293848991394 
2026-02-26 17:20:04,778 INFO: Epoch 86, Train Loss: 0.36080003281434375, Test Loss: 0.4120219855597525, Inverse Test Loss: 3.8028885595726245, Train R2: 0.8638648639122645, Test R2: 0.8140072226524353, Inverse Test R2: 0.8140072822570801 
2026-02-26 17:20:08,865 INFO: Epoch 87, Train Loss: 0.356197897796378, Test Loss: 0.4472759429252509, Inverse Test Loss: 4.128276145819462, Train R2: 0.8666129604433522, Test R2: 0.7780007123947144, Inverse Test R2: 0.7780007123947144 
2026-02-26 17:20:12,905 INFO: Epoch 88, Train Loss: 0.3617536276578903, Test Loss: 0.41637970913540234, Inverse Test Loss: 3.843109484874841, Train R2: 0.8632532024022305, Test R2: 0.8101868629455566, Inverse Test R2: 0.8101868629455566 
2026-02-26 17:20:16,945 INFO: Epoch 89, Train Loss: 0.35513058428963024, Test Loss: 0.4258445690978657, Inverse Test Loss: 3.930468429218639, Train R2: 0.8676400085290273, Test R2: 0.7983068227767944, Inverse Test R2: 0.7983068227767944 
2026-02-26 17:20:21,003 INFO: Epoch 90, Train Loss: 0.35242370606371853, Test Loss: 0.4286360063336112, Inverse Test Loss: 3.9562328873258648, Train R2: 0.8695491525259885, Test R2: 0.7961502075195312, Inverse Test R2: 0.7961502075195312 
2026-02-26 17:20:21,003 INFO: Best Epoch 48, Best Test Loss: 0.3988129966186755, Inv Test Loss: 3.6809718970096474, Best Test R2: 0.8255746364593506 
2026-02-26 17:20:25,061 INFO: Epoch 91, Train Loss: 0.3589698560535908, Test Loss: 0.4193801021937168, Inverse Test Loss: 3.8708026336901113, Train R2: 0.8649561707720612, Test R2: 0.8054876327514648, Inverse Test R2: 0.8054875731468201 
2026-02-26 17:20:29,101 INFO: Epoch 92, Train Loss: 0.3530227565629916, Test Loss: 0.42999759858304804, Inverse Test Loss: 3.9688001401496655, Train R2: 0.8694116852500222, Test R2: 0.791569173336029, Inverse Test R2: 0.7915691137313843 
2026-02-26 17:20:33,164 INFO: Epoch 93, Train Loss: 0.35764457782109577, Test Loss: 0.4222456993478717, Inverse Test Loss: 3.8972515698635215, Train R2: 0.8650146853743177, Test R2: 0.8023846745491028, Inverse Test R2: 0.8023846745491028 
2026-02-26 17:20:37,223 INFO: Epoch 94, Train Loss: 0.36341854026823334, Test Loss: 0.4183797872427738, Inverse Test Loss: 3.8615698380903765, Train R2: 0.8620805835182016, Test R2: 0.8079683780670166, Inverse Test R2: 0.8079683780670166 
2026-02-26 17:20:41,291 INFO: Epoch 95, Train Loss: 0.3536659260139321, Test Loss: 0.41063300316984, Inverse Test Loss: 3.7900684602332837, Train R2: 0.8685029329675616, Test R2: 0.8145386576652527, Inverse Test R2: 0.8145385980606079 
2026-02-26 17:20:45,329 INFO: Epoch 96, Train Loss: 0.35365624206535745, Test Loss: 0.4086027407284939, Inverse Test Loss: 3.7713295112956655, Train R2: 0.867422755017425, Test R2: 0.8165631294250488, Inverse Test R2: 0.816563069820404 
2026-02-26 17:20:49,365 INFO: Epoch 97, Train Loss: 0.34938888759775594, Test Loss: 0.41821511134956824, Inverse Test Loss: 3.860049934098215, Train R2: 0.8716052427436366, Test R2: 0.8068434000015259, Inverse Test R2: 0.8068434000015259 
2026-02-26 17:20:53,411 INFO: Epoch 98, Train Loss: 0.3435470845663186, Test Loss: 0.418342773661469, Inverse Test Loss: 3.86122820594094, Train R2: 0.875477056611668, Test R2: 0.8067905902862549, Inverse Test R2: 0.8067905902862549 
2026-02-26 17:20:57,454 INFO: Epoch 99, Train Loss: 0.3500792975678588, Test Loss: 0.43878054347905243, Inverse Test Loss: 4.049865137447011, Train R2: 0.8706833503463052, Test R2: 0.7860476970672607, Inverse Test R2: 0.7860476970672607 
2026-02-26 17:21:01,513 INFO: Epoch 100, Train Loss: 0.3429043178982807, Test Loss: 0.4304562761928096, Inverse Test Loss: 3.9730336449363013, Train R2: 0.8748721543586615, Test R2: 0.796190619468689, Inverse Test R2: 0.796190619468689 
2026-02-26 17:21:01,513 INFO: Best Epoch 48, Best Test Loss: 0.3988129966186755, Inv Test Loss: 3.6809718970096474, Best Test R2: 0.8255746364593506 
2026-02-26 17:21:05,548 INFO: Epoch 101, Train Loss: 0.34634430142063083, Test Loss: 0.42520926034811773, Inverse Test Loss: 3.924604719335383, Train R2: 0.8737538321451708, Test R2: 0.8022069334983826, Inverse Test R2: 0.8022069334983826 
2026-02-26 17:21:09,597 INFO: Epoch 102, Train Loss: 0.3380638153264017, Test Loss: 0.42580692424918665, Inverse Test Loss: 3.9301210461240825, Train R2: 0.8808728271361553, Test R2: 0.8004342913627625, Inverse Test R2: 0.8004342913627625 
2026-02-26 17:21:13,653 INFO: Epoch 103, Train Loss: 0.33772104346390924, Test Loss: 0.4262074819116881, Inverse Test Loss: 3.9338181163325454, Train R2: 0.8796883595712257, Test R2: 0.7997646927833557, Inverse Test R2: 0.7997646927833557 
2026-02-26 17:21:17,694 INFO: Epoch 104, Train Loss: 0.336860536625891, Test Loss: 0.4144921691128702, Inverse Test Loss: 3.825687921408451, Train R2: 0.8810787666024584, Test R2: 0.8104816675186157, Inverse Test R2: 0.8104816675186157 
2026-02-26 17:21:21,757 INFO: Epoch 105, Train Loss: 0.3400817889381539, Test Loss: 0.4179026565768502, Inverse Test Loss: 3.8571660590894297, Train R2: 0.8786030596855915, Test R2: 0.8054013252258301, Inverse Test R2: 0.8054012656211853 
2026-02-26 17:21:25,808 INFO: Epoch 106, Train Loss: 0.3457197860786409, Test Loss: 0.4251640032638203, Inverse Test Loss: 3.9241868871631045, Train R2: 0.87478611731168, Test R2: 0.7981373071670532, Inverse Test R2: 0.7981373071670532 
2026-02-26 17:21:29,841 INFO: Epoch 107, Train Loss: 0.3393584954919237, Test Loss: 0.42641433802517975, Inverse Test Loss: 3.9357273000659365, Train R2: 0.8786298668745792, Test R2: 0.7982405424118042, Inverse Test R2: 0.7982405424118042 
2026-02-26 17:21:33,910 INFO: Epoch 108, Train Loss: 0.3433516225354238, Test Loss: 0.42903208551984845, Inverse Test Loss: 3.959888703895338, Train R2: 0.8760305999806433, Test R2: 0.7959885597229004, Inverse Test R2: 0.7959885597229004 
2026-02-26 17:21:37,967 INFO: Epoch 109, Train Loss: 0.3405042563875516, Test Loss: 0.41860469272642425, Inverse Test Loss: 3.863645633061727, Train R2: 0.8787225706107689, Test R2: 0.8060871362686157, Inverse Test R2: 0.806087076663971 
2026-02-26 17:21:42,035 INFO: Epoch 110, Train Loss: 0.3391939774155617, Test Loss: 0.43163552248116693, Inverse Test Loss: 3.98391790823503, Train R2: 0.8793157000433315, Test R2: 0.7931044697761536, Inverse Test R2: 0.7931044697761536 
2026-02-26 17:21:42,035 INFO: Best Epoch 48, Best Test Loss: 0.3988129966186755, Inv Test Loss: 3.6809718970096474, Best Test R2: 0.8255746364593506 
2026-02-26 17:21:46,097 INFO: Epoch 111, Train Loss: 0.33877625542156625, Test Loss: 0.42335225145022076, Inverse Test Loss: 3.90746477878455, Train R2: 0.8787520329157511, Test R2: 0.8025428652763367, Inverse Test R2: 0.8025428652763367 
2026-02-26 17:21:50,131 INFO: Epoch 112, Train Loss: 0.3370837955312295, Test Loss: 0.42357078194618225, Inverse Test Loss: 3.909481821638165, Train R2: 0.8802422145099351, Test R2: 0.8013761043548584, Inverse Test R2: 0.8013760447502136 
2026-02-26 17:21:54,182 INFO: Epoch 113, Train Loss: 0.33573606181325333, Test Loss: 0.42718303293892834, Inverse Test Loss: 3.9428222612901167, Train R2: 0.8798201513109785, Test R2: 0.7971347570419312, Inverse Test R2: 0.7971347570419312 
2026-02-26 17:21:58,255 INFO: Epoch 114, Train Loss: 0.33024516679120786, Test Loss: 0.4235347184267911, Inverse Test Loss: 3.9091489676273232, Train R2: 0.8854954612977577, Test R2: 0.8011010885238647, Inverse Test R2: 0.8011010885238647 
2026-02-26 17:22:02,331 INFO: Epoch 115, Train Loss: 0.3325971123395544, Test Loss: 0.42522027185468964, Inverse Test Loss: 3.9247062423012475, Train R2: 0.8835634340842565, Test R2: 0.7984958291053772, Inverse Test R2: 0.7984958291053772 
2026-02-26 17:22:06,396 INFO: Epoch 116, Train Loss: 0.32760997985800105, Test Loss: 0.42332009474436444, Inverse Test Loss: 3.907167983777595, Train R2: 0.8862745197433414, Test R2: 0.8023899793624878, Inverse Test R2: 0.8023899793624878 
2026-02-26 17:22:10,482 INFO: Epoch 117, Train Loss: 0.3318688220372706, Test Loss: 0.4294905499978499, Inverse Test Loss: 3.96412028688373, Train R2: 0.8839233129313497, Test R2: 0.7947598695755005, Inverse Test R2: 0.7947598695755005 
2026-02-26 17:22:14,545 INFO: Epoch 118, Train Loss: 0.33210320296612655, Test Loss: 0.4274371148961963, Inverse Test Loss: 3.945167331984549, Train R2: 0.8837446931636694, Test R2: 0.7979812622070312, Inverse Test R2: 0.7979812622070312 
2026-02-26 17:22:18,631 INFO: Epoch 119, Train Loss: 0.33362542137955176, Test Loss: 0.42815576177654846, Inverse Test Loss: 3.95180039694815, Train R2: 0.8837320985216083, Test R2: 0.7951329946517944, Inverse Test R2: 0.7951329946517944 
2026-02-26 17:22:22,696 INFO: Epoch 120, Train Loss: 0.326500635481242, Test Loss: 0.433865743153023, Inverse Test Loss: 4.004502469843084, Train R2: 0.8880768057071802, Test R2: 0.7895470857620239, Inverse Test R2: 0.7895470857620239 
2026-02-26 17:22:22,696 INFO: Best Epoch 48, Best Test Loss: 0.3988129966186755, Inv Test Loss: 3.6809718970096474, Best Test R2: 0.8255746364593506 
2026-02-26 17:22:26,771 INFO: Epoch 121, Train Loss: 0.3265913538634777, Test Loss: 0.43371957992062427, Inverse Test Loss: 4.003153454173695, Train R2: 0.8874969771414092, Test R2: 0.7910781502723694, Inverse Test R2: 0.7910781502723694 
2026-02-26 17:22:30,825 INFO: Epoch 122, Train Loss: 0.3272692576953859, Test Loss: 0.42719113646131573, Inverse Test Loss: 3.9428970380262895, Train R2: 0.8884169472889467, Test R2: 0.7972259521484375, Inverse Test R2: 0.7972259521484375 
2026-02-26 17:22:34,902 INFO: Epoch 123, Train Loss: 0.3291739895939827, Test Loss: 0.4360858409693747, Inverse Test Loss: 4.024993506344882, Train R2: 0.8857436293002331, Test R2: 0.7866963744163513, Inverse Test R2: 0.7866963744163513 
2026-02-26 17:22:38,973 INFO: Epoch 124, Train Loss: 0.3304305902936242, Test Loss: 0.4286699584036162, Inverse Test Loss: 3.956546263261275, Train R2: 0.8838001141945521, Test R2: 0.7953440546989441, Inverse Test R2: 0.7953440546989441 
2026-02-26 17:22:43,044 INFO: Epoch 125, Train Loss: 0.3306439059476058, Test Loss: 0.4220568763487267, Inverse Test Loss: 3.8955087517247056, Train R2: 0.8849588212641802, Test R2: 0.8030523657798767, Inverse Test R2: 0.8030523657798767 
2026-02-26 17:22:47,100 INFO: Epoch 126, Train Loss: 0.32776659275546216, Test Loss: 0.42072543592164013, Inverse Test Loss: 3.8832198200803814, Train R2: 0.8858182218038675, Test R2: 0.8029017448425293, Inverse Test R2: 0.8029017448425293 
2026-02-26 17:22:51,154 INFO: Epoch 127, Train Loss: 0.329251376855554, Test Loss: 0.42754168311754864, Inverse Test Loss: 3.946132537090417, Train R2: 0.8864868201992728, Test R2: 0.7962195873260498, Inverse Test R2: 0.796219527721405 
2026-02-26 17:22:55,207 INFO: Epoch 128, Train Loss: 0.32377974463231635, Test Loss: 0.42958651528213965, Inverse Test Loss: 3.9650059685562598, Train R2: 0.8893385854634371, Test R2: 0.7960693836212158, Inverse Test R2: 0.7960693836212158 
2026-02-26 17:22:59,273 INFO: Epoch 129, Train Loss: 0.32148444483225996, Test Loss: 0.41816892497467273, Inverse Test Loss: 3.859623656128392, Train R2: 0.8913162937670043, Test R2: 0.8069784641265869, Inverse Test R2: 0.8069784641265869 
2026-02-26 17:23:03,332 INFO: Epoch 130, Train Loss: 0.3215311390883995, Test Loss: 0.42177565350677027, Inverse Test Loss: 3.892913160902081, Train R2: 0.8901486816731367, Test R2: 0.802141547203064, Inverse Test R2: 0.802141547203064 
2026-02-26 17:23:03,332 INFO: Best Epoch 48, Best Test Loss: 0.3988129966186755, Inv Test Loss: 3.6809718970096474, Best Test R2: 0.8255746364593506 
2026-02-26 17:23:07,390 INFO: Epoch 131, Train Loss: 0.31787516887892375, Test Loss: 0.4224646281112324, Inverse Test Loss: 3.899272174546213, Train R2: 0.8941543684764341, Test R2: 0.8017079830169678, Inverse Test R2: 0.8017079830169678 
2026-02-26 17:23:11,448 INFO: Epoch 132, Train Loss: 0.3225092527767022, Test Loss: 0.43128590060002875, Inverse Test Loss: 3.980690934441306, Train R2: 0.8900904750282114, Test R2: 0.7936273813247681, Inverse Test R2: 0.7936273813247681 
2026-02-26 17:23:15,513 INFO: Epoch 133, Train Loss: 0.32162506043007877, Test Loss: 0.4467339009949655, Inverse Test Loss: 4.1232732426036485, Train R2: 0.8909464952620593, Test R2: 0.7730425596237183, Inverse Test R2: 0.7730425596237183 
2026-02-26 17:23:19,565 INFO: Epoch 134, Train Loss: 0.31840773784753046, Test Loss: 0.41911167086976947, Inverse Test Loss: 3.8683250600641426, Train R2: 0.8929734193917477, Test R2: 0.80544513463974, Inverse Test R2: 0.80544513463974 
2026-02-26 17:23:23,621 INFO: Epoch 135, Train Loss: 0.3236780900395278, Test Loss: 0.429126245505882, Inverse Test Loss: 3.9607577179417466, Train R2: 0.8893511232101556, Test R2: 0.7966722249984741, Inverse Test R2: 0.7966722249984741 
2026-02-26 17:23:27,700 INFO: Epoch 136, Train Loss: 0.32358221179156593, Test Loss: 0.4258977888208447, Inverse Test Loss: 3.93095960039081, Train R2: 0.8900542137297717, Test R2: 0.8002467155456543, Inverse Test R2: 0.8002467155456543 
2026-02-26 17:23:31,752 INFO: Epoch 137, Train Loss: 0.3230615036957192, Test Loss: 0.42617387663234363, Inverse Test Loss: 3.933507875962691, Train R2: 0.8900839645754207, Test R2: 0.7989906668663025, Inverse Test R2: 0.7989906668663025 
2026-02-26 17:23:35,831 INFO: Epoch 138, Train Loss: 0.3187888746686054, Test Loss: 0.42197960434537946, Inverse Test Loss: 3.8947955044833096, Train R2: 0.8925433858777537, Test R2: 0.804904580116272, Inverse Test R2: 0.8049045205116272 
2026-02-26 17:23:39,876 INFO: Epoch 139, Train Loss: 0.31350241590178374, Test Loss: 0.43146034533327277, Inverse Test Loss: 3.982301040129228, Train R2: 0.8963904574964986, Test R2: 0.7924870252609253, Inverse Test R2: 0.7924869656562805 
2026-02-26 17:23:43,948 INFO: Epoch 140, Train Loss: 0.3185423953515111, Test Loss: 0.44604112614284863, Inverse Test Loss: 4.116879000808254, Train R2: 0.8922213600440458, Test R2: 0.7771131992340088, Inverse Test R2: 0.7771131992340088 
2026-02-26 17:23:43,948 INFO: Best Epoch 48, Best Test Loss: 0.3988129966186755, Inv Test Loss: 3.6809718970096474, Best Test R2: 0.8255746364593506 
2026-02-26 17:23:48,036 INFO: Epoch 141, Train Loss: 0.318139910697937, Test Loss: 0.42819360440427606, Inverse Test Loss: 3.952149607918479, Train R2: 0.893212873375777, Test R2: 0.7945012450218201, Inverse Test R2: 0.7945011854171753 
2026-02-26 17:23:52,098 INFO: Epoch 142, Train Loss: 0.31678118985710724, Test Loss: 0.42265931313688104, Inverse Test Loss: 3.9010691570513174, Train R2: 0.8925846639004621, Test R2: 0.8023074865341187, Inverse Test R2: 0.8023074865341187 
2026-02-26 17:23:56,166 INFO: Epoch 143, Train Loss: 0.3232270978165395, Test Loss: 0.43781814069458935, Inverse Test Loss: 4.040982347546202, Train R2: 0.888926932757551, Test R2: 0.7833642959594727, Inverse Test R2: 0.7833642959594727 
2026-02-26 17:24:00,223 INFO: Epoch 144, Train Loss: 0.3142550920672489, Test Loss: 0.42218779524167377, Inverse Test Loss: 3.896717165455674, Train R2: 0.8962867539940458, Test R2: 0.8017083406448364, Inverse Test R2: 0.8017083406448364 
2026-02-26 17:24:04,267 INFO: Epoch 145, Train Loss: 0.31375083699822426, Test Loss: 0.43027546640598413, Inverse Test Loss: 3.971364859378699, Train R2: 0.8966288629806403, Test R2: 0.7970268726348877, Inverse Test R2: 0.7970268130302429 
2026-02-26 17:24:08,323 INFO: Epoch 146, Train Loss: 0.3153666729728381, Test Loss: 0.4440012068459482, Inverse Test Loss: 4.0980509772445215, Train R2: 0.8951178604003155, Test R2: 0.7803621292114258, Inverse Test R2: 0.7803621292114258 
2026-02-26 17:24:12,405 INFO: Epoch 147, Train Loss: 0.3126810790237152, Test Loss: 0.4209953338810892, Inverse Test Loss: 3.8857108896428887, Train R2: 0.8966966379772533, Test R2: 0.8035645484924316, Inverse Test R2: 0.8035645484924316 
2026-02-26 17:24:16,461 INFO: Epoch 148, Train Loss: 0.3147126628142415, Test Loss: 0.43548287406112207, Inverse Test Loss: 4.019428274848244, Train R2: 0.8958940889799234, Test R2: 0.7900972366333008, Inverse Test R2: 0.7900972366333008 
2026-02-26 17:24:20,525 INFO: Epoch 149, Train Loss: 0.31658506788539165, Test Loss: 0.4375956744858713, Inverse Test Loss: 4.038928985595703, Train R2: 0.8935447633266449, Test R2: 0.7853280901908875, Inverse Test R2: 0.7853280305862427 
2026-02-26 17:24:24,588 INFO: Epoch 150, Train Loss: 0.309351961043748, Test Loss: 0.42664177038452844, Inverse Test Loss: 3.937826546755704, Train R2: 0.8981959806247191, Test R2: 0.7962686419487, Inverse Test R2: 0.7962686419487 
2026-02-26 17:24:24,589 INFO: Best Epoch 48, Best Test Loss: 0.3988129966186755, Inv Test Loss: 3.6809718970096474, Best Test R2: 0.8255746364593506 
