2026-02-26 14:58:13,793 INFO: log_path:logs_2026_2_26_HS_RMSE_fusion/AMFormer_simple_MLP_dim32_depth2_heads4_dropout0.4_fusion0.45_0.55_lr0.001_6P 
2026-02-26 14:58:13,794 INFO: Model:namespace(attn_dropout=0.4, categories=[], cluster=3, depth=2, dim=32, ff_dropout=0.4, groups=[54, 54, 54], heads=4, name='AMFormer_simple_MLP_dim32_depth2_heads4_dropout0.4_fusion0.45_0.55', num_cate=0, num_cont=20, num_special_tokens=1, out_dim=1, predictor='simple_MLP', prod_num_per_group=[6, 6, 6], qk_relu=False, static_fusion={'kan_weight': 0.45, 'trans_weight': 0.55}, sum_num_per_group=[32, 16, 8], target_mode='regression', token_descent=False, use_KAN_path=True, use_cls_token=True, use_prod=True, use_row_col_attention=True, use_sigmoid=True) 
2026-02-26 14:58:13,794 INFO: lr:0.001, loss:RMSE 
2026-02-26 14:58:13,794 INFO: Dataset:HS, Target:['metal6_Peak'] 
2026-02-26 14:58:13,794 INFO: ------Begin Training Model------ 
2026-02-26 14:58:21,627 INFO: Epoch 1, Train Loss: 0.762137772007422, Test Loss: 0.6899386969479647, Inverse Test Loss: 6.368009509462299, Train R2: 0.39954165798245056, Test R2: 0.49163466691970825, Inverse Test R2: 0.4916345477104187 
2026-02-26 14:58:21,641 INFO: ---> Saved new best model weights to log/txt_log\logs_2026_2_26_HS_RMSE_fusion/AMFormer_simple_MLP_dim32_depth2_heads4_dropout0.4_fusion0.45_0.55_lr0.001_6P\best_AMFormer_HS_weights.pth 
2026-02-26 14:58:26,007 INFO: Epoch 2, Train Loss: 0.6660896210056363, Test Loss: 0.6541625333554817, Inverse Test Loss: 6.037802045995539, Train R2: 0.5463508069515228, Test R2: 0.5404742956161499, Inverse Test R2: 0.5404742956161499 
2026-02-26 14:58:26,021 INFO: ---> Saved new best model weights to log/txt_log\logs_2026_2_26_HS_RMSE_fusion/AMFormer_simple_MLP_dim32_depth2_heads4_dropout0.4_fusion0.45_0.55_lr0.001_6P\best_AMFormer_HS_weights.pth 
2026-02-26 14:58:30,377 INFO: Epoch 3, Train Loss: 0.6056291061368856, Test Loss: 0.5560917592409885, Inverse Test Loss: 5.132626511833885, Train R2: 0.6234200718727979, Test R2: 0.6665558815002441, Inverse Test R2: 0.6665558815002441 
2026-02-26 14:58:30,390 INFO: ---> Saved new best model weights to log/txt_log\logs_2026_2_26_HS_RMSE_fusion/AMFormer_simple_MLP_dim32_depth2_heads4_dropout0.4_fusion0.45_0.55_lr0.001_6P\best_AMFormer_HS_weights.pth 
2026-02-26 14:58:34,877 INFO: Epoch 4, Train Loss: 0.5625249664440299, Test Loss: 0.5311513434756886, Inverse Test Loss: 4.902430873928648, Train R2: 0.6745320030234077, Test R2: 0.6920144557952881, Inverse Test R2: 0.6920144557952881 
2026-02-26 14:58:34,891 INFO: ---> Saved new best model weights to log/txt_log\logs_2026_2_26_HS_RMSE_fusion/AMFormer_simple_MLP_dim32_depth2_heads4_dropout0.4_fusion0.45_0.55_lr0.001_6P\best_AMFormer_HS_weights.pth 
2026-02-26 14:58:39,269 INFO: Epoch 5, Train Loss: 0.5329736299587019, Test Loss: 0.5217589745015809, Inverse Test Loss: 4.815741134412361, Train R2: 0.7073506929657676, Test R2: 0.7054492235183716, Inverse Test R2: 0.7054492235183716 
2026-02-26 14:58:39,282 INFO: ---> Saved new best model weights to log/txt_log\logs_2026_2_26_HS_RMSE_fusion/AMFormer_simple_MLP_dim32_depth2_heads4_dropout0.4_fusion0.45_0.55_lr0.001_6P\best_AMFormer_HS_weights.pth 
2026-02-26 14:58:43,703 INFO: Epoch 6, Train Loss: 0.5166194307984728, Test Loss: 0.5294407840931055, Inverse Test Loss: 4.886642846194181, Train R2: 0.7261171846678762, Test R2: 0.6963686943054199, Inverse Test R2: 0.6963685750961304 
2026-02-26 14:58:48,157 INFO: Epoch 7, Train Loss: 0.5150777241497329, Test Loss: 0.5054658235925616, Inverse Test Loss: 4.665358283303001, Train R2: 0.7250792424787175, Test R2: 0.7216113209724426, Inverse Test R2: 0.7216112613677979 
2026-02-26 14:58:48,172 INFO: ---> Saved new best model weights to log/txt_log\logs_2026_2_26_HS_RMSE_fusion/AMFormer_simple_MLP_dim32_depth2_heads4_dropout0.4_fusion0.45_0.55_lr0.001_6P\best_AMFormer_HS_weights.pth 
2026-02-26 14:58:52,653 INFO: Epoch 8, Train Loss: 0.5036147193926753, Test Loss: 0.4977021677927537, Inverse Test Loss: 4.593701102516868, Train R2: 0.7378372139099872, Test R2: 0.7308657169342041, Inverse Test R2: 0.7308657169342041 
2026-02-26 14:58:52,667 INFO: ---> Saved new best model weights to log/txt_log\logs_2026_2_26_HS_RMSE_fusion/AMFormer_simple_MLP_dim32_depth2_heads4_dropout0.4_fusion0.45_0.55_lr0.001_6P\best_AMFormer_HS_weights.pth 
2026-02-26 14:58:57,100 INFO: Epoch 9, Train Loss: 0.5006707823186209, Test Loss: 0.5158509621114442, Inverse Test Loss: 4.761211229093147, Train R2: 0.7416912457256606, Test R2: 0.7128445506095886, Inverse Test R2: 0.7128445506095886 
2026-02-26 14:59:01,538 INFO: Epoch 10, Train Loss: 0.49114118945417984, Test Loss: 0.49267181844422314, Inverse Test Loss: 4.547271865786928, Train R2: 0.7516967821301836, Test R2: 0.7376084327697754, Inverse Test R2: 0.7376084327697754 
2026-02-26 14:59:01,550 INFO: ---> Saved new best model weights to log/txt_log\logs_2026_2_26_HS_RMSE_fusion/AMFormer_simple_MLP_dim32_depth2_heads4_dropout0.4_fusion0.45_0.55_lr0.001_6P\best_AMFormer_HS_weights.pth 
2026-02-26 14:59:01,550 INFO: Best Epoch 10, Best Test Loss: 0.49267181844422314, Inv Test Loss: 4.547271865786928, Best Test R2: 0.7376084327697754 
2026-02-26 14:59:05,973 INFO: Epoch 11, Train Loss: 0.4762943524754409, Test Loss: 0.4711746338642005, Inverse Test Loss: 4.348856716444998, Train R2: 0.7662217350620212, Test R2: 0.7579532861709595, Inverse Test R2: 0.7579532861709595 
2026-02-26 14:59:05,987 INFO: ---> Saved new best model weights to log/txt_log\logs_2026_2_26_HS_RMSE_fusion/AMFormer_simple_MLP_dim32_depth2_heads4_dropout0.4_fusion0.45_0.55_lr0.001_6P\best_AMFormer_HS_weights.pth 
2026-02-26 14:59:10,461 INFO: Epoch 12, Train Loss: 0.47576475685293024, Test Loss: 0.46529221895969275, Inverse Test Loss: 4.294563120061701, Train R2: 0.7661192733230013, Test R2: 0.7655344605445862, Inverse Test R2: 0.7655344009399414 
2026-02-26 14:59:10,474 INFO: ---> Saved new best model weights to log/txt_log\logs_2026_2_26_HS_RMSE_fusion/AMFormer_simple_MLP_dim32_depth2_heads4_dropout0.4_fusion0.45_0.55_lr0.001_6P\best_AMFormer_HS_weights.pth 
2026-02-26 14:59:14,922 INFO: Epoch 13, Train Loss: 0.47439512497547903, Test Loss: 0.46174131288672937, Inverse Test Loss: 4.2617889389847265, Train R2: 0.7684479084881869, Test R2: 0.7675620913505554, Inverse Test R2: 0.7675620913505554 
2026-02-26 14:59:14,935 INFO: ---> Saved new best model weights to log/txt_log\logs_2026_2_26_HS_RMSE_fusion/AMFormer_simple_MLP_dim32_depth2_heads4_dropout0.4_fusion0.45_0.55_lr0.001_6P\best_AMFormer_HS_weights.pth 
2026-02-26 14:59:19,387 INFO: Epoch 14, Train Loss: 0.47436184481237875, Test Loss: 0.44604797525839374, Inverse Test Loss: 4.1169422539797695, Train R2: 0.7679059817032381, Test R2: 0.7826866507530212, Inverse Test R2: 0.7826866507530212 
2026-02-26 14:59:19,400 INFO: ---> Saved new best model weights to log/txt_log\logs_2026_2_26_HS_RMSE_fusion/AMFormer_simple_MLP_dim32_depth2_heads4_dropout0.4_fusion0.45_0.55_lr0.001_6P\best_AMFormer_HS_weights.pth 
2026-02-26 14:59:23,859 INFO: Epoch 15, Train Loss: 0.4623144589590304, Test Loss: 0.44795098900794983, Inverse Test Loss: 4.13450669519829, Train R2: 0.7782076904267976, Test R2: 0.7810105085372925, Inverse Test R2: 0.7810105085372925 
2026-02-26 14:59:28,311 INFO: Epoch 16, Train Loss: 0.4627584957263686, Test Loss: 0.45391853560100903, Inverse Test Loss: 4.189586068644668, Train R2: 0.7791569372921279, Test R2: 0.7748206853866577, Inverse Test R2: 0.7748206853866577 
2026-02-26 14:59:32,761 INFO: Epoch 17, Train Loss: 0.4587545408443971, Test Loss: 0.454403199932792, Inverse Test Loss: 4.1940594080722695, Train R2: 0.7822901168555925, Test R2: 0.77479487657547, Inverse Test R2: 0.77479487657547 
2026-02-26 14:59:37,219 INFO: Epoch 18, Train Loss: 0.45755574829650647, Test Loss: 0.43500014236479095, Inverse Test Loss: 4.014972759015633, Train R2: 0.7819150036031549, Test R2: 0.7940545082092285, Inverse Test R2: 0.7940545082092285 
2026-02-26 14:59:37,231 INFO: ---> Saved new best model weights to log/txt_log\logs_2026_2_26_HS_RMSE_fusion/AMFormer_simple_MLP_dim32_depth2_heads4_dropout0.4_fusion0.45_0.55_lr0.001_6P\best_AMFormer_HS_weights.pth 
2026-02-26 14:59:41,694 INFO: Epoch 19, Train Loss: 0.4533036378296939, Test Loss: 0.4508604064132228, Inverse Test Loss: 4.161360104878743, Train R2: 0.787559505664941, Test R2: 0.7789520025253296, Inverse Test R2: 0.7789519429206848 
2026-02-26 14:59:46,146 INFO: Epoch 20, Train Loss: 0.4475469451510545, Test Loss: 0.44480958671280835, Inverse Test Loss: 4.105512127731785, Train R2: 0.7932333765607892, Test R2: 0.7857027649879456, Inverse Test R2: 0.7857027649879456 
2026-02-26 14:59:46,146 INFO: Best Epoch 18, Best Test Loss: 0.43500014236479095, Inv Test Loss: 4.014972759015633, Best Test R2: 0.7940545082092285 
2026-02-26 14:59:50,627 INFO: Epoch 21, Train Loss: 0.4481804197033246, Test Loss: 0.4328460359212124, Inverse Test Loss: 3.995090715812914, Train R2: 0.7920298458951892, Test R2: 0.7951970100402832, Inverse Test R2: 0.7951970100402832 
2026-02-26 14:59:50,640 INFO: ---> Saved new best model weights to log/txt_log\logs_2026_2_26_HS_RMSE_fusion/AMFormer_simple_MLP_dim32_depth2_heads4_dropout0.4_fusion0.45_0.55_lr0.001_6P\best_AMFormer_HS_weights.pth 
2026-02-26 14:59:55,118 INFO: Epoch 22, Train Loss: 0.45007104539509973, Test Loss: 0.4412814297459342, Inverse Test Loss: 4.072947877826112, Train R2: 0.7906879678820119, Test R2: 0.7890283465385437, Inverse Test R2: 0.7890282869338989 
2026-02-26 14:59:59,598 INFO: Epoch 23, Train Loss: 0.4445905260967486, Test Loss: 0.4284818470478058, Inverse Test Loss: 3.954810026920203, Train R2: 0.7962115158637365, Test R2: 0.7996688485145569, Inverse Test R2: 0.7996688485145569 
2026-02-26 14:59:59,612 INFO: ---> Saved new best model weights to log/txt_log\logs_2026_2_26_HS_RMSE_fusion/AMFormer_simple_MLP_dim32_depth2_heads4_dropout0.4_fusion0.45_0.55_lr0.001_6P\best_AMFormer_HS_weights.pth 
2026-02-26 15:00:04,080 INFO: Epoch 24, Train Loss: 0.4400332924543005, Test Loss: 0.4230980403495557, Inverse Test Loss: 3.905118465423584, Train R2: 0.7989067028869282, Test R2: 0.8038660287857056, Inverse Test R2: 0.8038659691810608 
2026-02-26 15:00:04,092 INFO: ---> Saved new best model weights to log/txt_log\logs_2026_2_26_HS_RMSE_fusion/AMFormer_simple_MLP_dim32_depth2_heads4_dropout0.4_fusion0.45_0.55_lr0.001_6P\best_AMFormer_HS_weights.pth 
2026-02-26 15:00:08,556 INFO: Epoch 25, Train Loss: 0.4429210582465837, Test Loss: 0.4450101193153497, Inverse Test Loss: 4.1073630361846, Train R2: 0.7968012627327081, Test R2: 0.7855852842330933, Inverse Test R2: 0.7855852246284485 
2026-02-26 15:00:13,004 INFO: Epoch 26, Train Loss: 0.4401249535607569, Test Loss: 0.42381214011799206, Inverse Test Loss: 3.9117095109188194, Train R2: 0.7992554135394819, Test R2: 0.8047659397125244, Inverse Test R2: 0.8047658801078796 
2026-02-26 15:00:17,469 INFO: Epoch 27, Train Loss: 0.4381867051124573, Test Loss: 0.425546157540697, Inverse Test Loss: 3.927714188893636, Train R2: 0.8020171586311224, Test R2: 0.8024579882621765, Inverse Test R2: 0.8024579286575317 
2026-02-26 15:00:21,961 INFO: Epoch 28, Train Loss: 0.4369105346726649, Test Loss: 0.4236099539381085, Inverse Test Loss: 3.909843336452137, Train R2: 0.8036765519416693, Test R2: 0.8042281866073608, Inverse Test R2: 0.8042281866073608 
2026-02-26 15:00:26,419 INFO: Epoch 29, Train Loss: 0.4311364462429827, Test Loss: 0.43411330020788946, Inverse Test Loss: 4.006787350683501, Train R2: 0.8085950450463728, Test R2: 0.7956323623657227, Inverse Test R2: 0.7956323623657227 
2026-02-26 15:00:30,886 INFO: Epoch 30, Train Loss: 0.4343056997114962, Test Loss: 0.41671484528165875, Inverse Test Loss: 3.846202785318548, Train R2: 0.8052123148332943, Test R2: 0.8101897239685059, Inverse Test R2: 0.8101897239685059 
2026-02-26 15:00:30,900 INFO: ---> Saved new best model weights to log/txt_log\logs_2026_2_26_HS_RMSE_fusion/AMFormer_simple_MLP_dim32_depth2_heads4_dropout0.4_fusion0.45_0.55_lr0.001_6P\best_AMFormer_HS_weights.pth 
2026-02-26 15:00:30,900 INFO: Best Epoch 30, Best Test Loss: 0.41671484528165875, Inv Test Loss: 3.846202785318548, Best Test R2: 0.8101897239685059 
2026-02-26 15:00:35,350 INFO: Epoch 31, Train Loss: 0.427682781987118, Test Loss: 0.44346186338048993, Inverse Test Loss: 4.093072884010546, Train R2: 0.80978738990697, Test R2: 0.7858320474624634, Inverse Test R2: 0.7858320474624634 
2026-02-26 15:00:39,839 INFO: Epoch 32, Train Loss: 0.43136402535619156, Test Loss: 0.42649639014041785, Inverse Test Loss: 3.9364846475196607, Train R2: 0.8066788410598581, Test R2: 0.8027122020721436, Inverse Test R2: 0.8027122020721436 
2026-02-26 15:00:44,299 INFO: Epoch 33, Train Loss: 0.43189935928041284, Test Loss: 0.42098613850998157, Inverse Test Loss: 3.885626070427172, Train R2: 0.8064304003209779, Test R2: 0.8064409494400024, Inverse Test R2: 0.8064409494400024 
2026-02-26 15:00:48,770 INFO: Epoch 34, Train Loss: 0.43156042401537753, Test Loss: 0.41763805439977936, Inverse Test Loss: 3.854723821986805, Train R2: 0.8069270776979851, Test R2: 0.8099815249443054, Inverse Test R2: 0.8099815249443054 
2026-02-26 15:00:53,351 INFO: Epoch 35, Train Loss: 0.4247120310637084, Test Loss: 0.41503581043445703, Inverse Test Loss: 3.830705584901752, Train R2: 0.8134573449691137, Test R2: 0.812229573726654, Inverse Test R2: 0.812229573726654 
2026-02-26 15:00:53,363 INFO: ---> Saved new best model weights to log/txt_log\logs_2026_2_26_HS_RMSE_fusion/AMFormer_simple_MLP_dim32_depth2_heads4_dropout0.4_fusion0.45_0.55_lr0.001_6P\best_AMFormer_HS_weights.pth 
2026-02-26 15:00:57,808 INFO: Epoch 36, Train Loss: 0.4247733002359217, Test Loss: 0.41945418896097125, Inverse Test Loss: 3.871486454299002, Train R2: 0.8139800492561224, Test R2: 0.8079096674919128, Inverse Test R2: 0.8079096078872681 
2026-02-26 15:01:02,159 INFO: Epoch 37, Train Loss: 0.4209358904397849, Test Loss: 0.4344256285465125, Inverse Test Loss: 4.009670127521861, Train R2: 0.8154673648603035, Test R2: 0.7926350831985474, Inverse Test R2: 0.7926350831985474 
2026-02-26 15:01:06,471 INFO: Epoch 38, Train Loss: 0.4242374352885015, Test Loss: 0.42082280643058545, Inverse Test Loss: 3.8841184052554043, Train R2: 0.8124986972772714, Test R2: 0.8081972599029541, Inverse Test R2: 0.8081972002983093 
2026-02-26 15:01:10,952 INFO: Epoch 39, Train Loss: 0.4181247610937465, Test Loss: 0.43457141157352563, Inverse Test Loss: 4.011015639160618, Train R2: 0.8173628155932282, Test R2: 0.7937003970146179, Inverse Test R2: 0.7937003374099731 
2026-02-26 15:01:15,302 INFO: Epoch 40, Train Loss: 0.41442489499847096, Test Loss: 0.41142583615852124, Inverse Test Loss: 3.7973861260847612, Train R2: 0.821486827098962, Test R2: 0.8156257271766663, Inverse Test R2: 0.8156256675720215 
2026-02-26 15:01:15,313 INFO: ---> Saved new best model weights to log/txt_log\logs_2026_2_26_HS_RMSE_fusion/AMFormer_simple_MLP_dim32_depth2_heads4_dropout0.4_fusion0.45_0.55_lr0.001_6P\best_AMFormer_HS_weights.pth 
2026-02-26 15:01:15,313 INFO: Best Epoch 40, Best Test Loss: 0.41142583615852124, Inv Test Loss: 3.7973861260847612, Best Test R2: 0.8156257271766663 
2026-02-26 15:01:19,803 INFO: Epoch 41, Train Loss: 0.4169317933194565, Test Loss: 0.40791554974787164, Inverse Test Loss: 3.7649868618358266, Train R2: 0.8185828201698534, Test R2: 0.8176428079605103, Inverse Test R2: 0.8176428079605103 
2026-02-26 15:01:19,815 INFO: ---> Saved new best model weights to log/txt_log\logs_2026_2_26_HS_RMSE_fusion/AMFormer_simple_MLP_dim32_depth2_heads4_dropout0.4_fusion0.45_0.55_lr0.001_6P\best_AMFormer_HS_weights.pth 
2026-02-26 15:01:24,272 INFO: Epoch 42, Train Loss: 0.41650691854231287, Test Loss: 0.4207616683208581, Inverse Test Loss: 3.883554220199585, Train R2: 0.8189045655908007, Test R2: 0.8071063160896301, Inverse Test R2: 0.8071063160896301 
2026-02-26 15:01:28,603 INFO: Epoch 43, Train Loss: 0.41654782629374304, Test Loss: 0.42167192245974683, Inverse Test Loss: 3.8919557441364634, Train R2: 0.8189804553985596, Test R2: 0.8064602017402649, Inverse Test R2: 0.8064601421356201 
2026-02-26 15:01:32,928 INFO: Epoch 44, Train Loss: 0.4110173011819522, Test Loss: 0.4138846252903794, Inverse Test Loss: 3.8200803308775932, Train R2: 0.8237469399517233, Test R2: 0.8134652376174927, Inverse Test R2: 0.8134652972221375 
2026-02-26 15:01:37,416 INFO: Epoch 45, Train Loss: 0.4120777594772252, Test Loss: 0.420974873232119, Inverse Test Loss: 3.8855220838026567, Train R2: 0.8237914411407529, Test R2: 0.8067740201950073, Inverse Test R2: 0.8067739605903625 
2026-02-26 15:01:41,902 INFO: Epoch 46, Train Loss: 0.4173361471656597, Test Loss: 0.40606997229836206, Inverse Test Loss: 3.7479525045915083, Train R2: 0.8191930457498088, Test R2: 0.8207828998565674, Inverse Test R2: 0.8207828998565674 
2026-02-26 15:01:41,915 INFO: ---> Saved new best model weights to log/txt_log\logs_2026_2_26_HS_RMSE_fusion/AMFormer_simple_MLP_dim32_depth2_heads4_dropout0.4_fusion0.45_0.55_lr0.001_6P\best_AMFormer_HS_weights.pth 
2026-02-26 15:01:46,358 INFO: Epoch 47, Train Loss: 0.40698891607197846, Test Loss: 0.4151599353010004, Inverse Test Loss: 3.8318511500503076, Train R2: 0.8284016594742284, Test R2: 0.8111194372177124, Inverse Test R2: 0.8111193776130676 
2026-02-26 15:01:50,712 INFO: Epoch 48, Train Loss: 0.41413801502097736, Test Loss: 0.41753187414371606, Inverse Test Loss: 3.8537437915802, Train R2: 0.8214574672959067, Test R2: 0.8103562593460083, Inverse Test R2: 0.8103562593460083 
2026-02-26 15:01:55,035 INFO: Epoch 49, Train Loss: 0.40994392854697775, Test Loss: 0.42233195629986847, Inverse Test Loss: 3.8980476422743364, Train R2: 0.8247890147295865, Test R2: 0.8066385984420776, Inverse Test R2: 0.8066385388374329 
2026-02-26 15:01:59,362 INFO: Epoch 50, Train Loss: 0.4100499758214662, Test Loss: 0.41687621582638135, Inverse Test Loss: 3.8476921572829736, Train R2: 0.824098137291995, Test R2: 0.8102937936782837, Inverse Test R2: 0.8102937936782837 
2026-02-26 15:01:59,362 INFO: Best Epoch 46, Best Test Loss: 0.40606997229836206, Inv Test Loss: 3.7479525045915083, Best Test R2: 0.8207828998565674 
2026-02-26 15:02:03,670 INFO: Epoch 51, Train Loss: 0.40700602779785794, Test Loss: 0.4269330953106736, Inverse Test Loss: 3.940515301444314, Train R2: 0.8271376373189868, Test R2: 0.7982975244522095, Inverse Test R2: 0.7982974648475647 
2026-02-26 15:02:07,991 INFO: Epoch 52, Train Loss: 0.4096901768987829, Test Loss: 0.4069907746531747, Inverse Test Loss: 3.7564513538822983, Train R2: 0.8256044455549933, Test R2: 0.817383885383606, Inverse Test R2: 0.817383885383606 
2026-02-26 15:02:12,286 INFO: Epoch 53, Train Loss: 0.4004857081807021, Test Loss: 0.4179077717390927, Inverse Test Loss: 3.8572132659680918, Train R2: 0.8323636682647647, Test R2: 0.8107637763023376, Inverse Test R2: 0.8107637166976929 
2026-02-26 15:02:16,583 INFO: Epoch 54, Train Loss: 0.4043655674340147, Test Loss: 0.4245852656436689, Inverse Test Loss: 3.918845256169637, Train R2: 0.8285595557906411, Test R2: 0.801586925983429, Inverse Test R2: 0.801586925983429 
2026-02-26 15:02:20,878 INFO: Epoch 55, Train Loss: 0.4020022630239978, Test Loss: 0.42296148430217395, Inverse Test Loss: 3.90385804754315, Train R2: 0.8313231012134841, Test R2: 0.803571879863739, Inverse Test R2: 0.8035718202590942 
2026-02-26 15:02:25,196 INFO: Epoch 56, Train Loss: 0.4054950845964027, Test Loss: 0.412931684291724, Inverse Test Loss: 3.811284896099206, Train R2: 0.8280450444329869, Test R2: 0.814550518989563, Inverse Test R2: 0.814550518989563 
2026-02-26 15:02:29,494 INFO: Epoch 57, Train Loss: 0.3987206012913675, Test Loss: 0.41533639123945526, Inverse Test Loss: 3.8334799174106484, Train R2: 0.8349599409284014, Test R2: 0.8121225237846375, Inverse Test R2: 0.8121225237846375 
2026-02-26 15:02:33,805 INFO: Epoch 58, Train Loss: 0.4013774793482188, Test Loss: 0.42122963432109717, Inverse Test Loss: 3.887873476201838, Train R2: 0.8319294348810659, Test R2: 0.8057564496994019, Inverse Test R2: 0.8057563900947571 
2026-02-26 15:02:38,127 INFO: Epoch 59, Train Loss: 0.3976941266746232, Test Loss: 0.41344554406223877, Inverse Test Loss: 3.8160276196219702, Train R2: 0.835872931913896, Test R2: 0.8137841820716858, Inverse Test R2: 0.8137841820716858 
2026-02-26 15:02:42,441 INFO: Epoch 60, Train Loss: 0.39275118697321776, Test Loss: 0.43152802731051587, Inverse Test Loss: 3.982925812403361, Train R2: 0.8379688547416166, Test R2: 0.7976992726325989, Inverse Test R2: 0.7976992726325989 
2026-02-26 15:02:42,442 INFO: Best Epoch 46, Best Test Loss: 0.40606997229836206, Inv Test Loss: 3.7479525045915083, Best Test R2: 0.8207828998565674 
2026-02-26 15:02:46,754 INFO: Epoch 61, Train Loss: 0.3937849420489687, Test Loss: 0.424735014185761, Inverse Test Loss: 3.9202274192463267, Train R2: 0.8376265985496116, Test R2: 0.8020851612091064, Inverse Test R2: 0.8020851016044617 
2026-02-26 15:02:51,053 INFO: Epoch 62, Train Loss: 0.40218984245350864, Test Loss: 0.43098541552370245, Inverse Test Loss: 3.9779176061803643, Train R2: 0.8310213468291543, Test R2: 0.7981760501861572, Inverse Test R2: 0.7981759905815125 
2026-02-26 15:02:55,346 INFO: Epoch 63, Train Loss: 0.39000392840667203, Test Loss: 0.42102421684698627, Inverse Test Loss: 3.8859774994127676, Train R2: 0.8418592815146302, Test R2: 0.8073274493217468, Inverse Test R2: 0.807327389717102 
2026-02-26 15:02:59,642 INFO: Epoch 64, Train Loss: 0.3917939191063245, Test Loss: 0.42156221469243366, Inverse Test Loss: 3.890943072058938, Train R2: 0.8400443358854814, Test R2: 0.8068159818649292, Inverse Test R2: 0.8068159818649292 
2026-02-26 15:03:03,956 INFO: Epoch 65, Train Loss: 0.3962907698569876, Test Loss: 0.4251017173131307, Inverse Test Loss: 3.923612103317723, Train R2: 0.8360247639092532, Test R2: 0.8022514581680298, Inverse Test R2: 0.8022514581680298 
2026-02-26 15:03:08,253 INFO: Epoch 66, Train Loss: 0.3974801647392186, Test Loss: 0.4161804535172202, Inverse Test Loss: 3.8412704251029273, Train R2: 0.8350768987879609, Test R2: 0.8109620213508606, Inverse Test R2: 0.8109619617462158 
2026-02-26 15:03:12,548 INFO: Epoch 67, Train Loss: 0.3862153160752672, Test Loss: 0.41496686231006275, Inverse Test Loss: 3.83006916624127, Train R2: 0.8438491568420873, Test R2: 0.8119470477104187, Inverse Test R2: 0.8119470477104187 
2026-02-26 15:03:16,868 INFO: Epoch 68, Train Loss: 0.39243810669039236, Test Loss: 0.4315463891535094, Inverse Test Loss: 3.983095169067383, Train R2: 0.8402395135525501, Test R2: 0.7964521646499634, Inverse Test R2: 0.7964521646499634 
2026-02-26 15:03:21,173 INFO: Epoch 69, Train Loss: 0.38695967671546067, Test Loss: 0.41746746771263354, Inverse Test Loss: 3.8531493201400293, Train R2: 0.8447444289922714, Test R2: 0.8096683025360107, Inverse Test R2: 0.809668242931366 
2026-02-26 15:03:25,504 INFO: Epoch 70, Train Loss: 0.3864032851927208, Test Loss: 0.4629158115748203, Inverse Test Loss: 4.272629376613732, Train R2: 0.8448535619360028, Test R2: 0.7653425931930542, Inverse Test R2: 0.7653425931930542 
2026-02-26 15:03:25,505 INFO: Best Epoch 46, Best Test Loss: 0.40606997229836206, Inv Test Loss: 3.7479525045915083, Best Test R2: 0.8207828998565674 
2026-02-26 15:03:29,824 INFO: Epoch 71, Train Loss: 0.38890012872941565, Test Loss: 0.41991373896598816, Inverse Test Loss: 3.875727978619662, Train R2: 0.8419961459708937, Test R2: 0.8066548109054565, Inverse Test R2: 0.8066548109054565 
2026-02-26 15:03:34,152 INFO: Epoch 72, Train Loss: 0.3884342373772101, Test Loss: 0.41569115898825904, Inverse Test Loss: 3.8367543581760293, Train R2: 0.8432885774157264, Test R2: 0.8104783296585083, Inverse Test R2: 0.8104783296585083 
2026-02-26 15:03:38,468 INFO: Epoch 73, Train Loss: 0.39087161466930853, Test Loss: 0.41247372464700177, Inverse Test Loss: 3.8070579658855093, Train R2: 0.8396708179603923, Test R2: 0.8133463859558105, Inverse Test R2: 0.8133463859558105 
2026-02-26 15:03:42,771 INFO: Epoch 74, Train Loss: 0.381860642383496, Test Loss: 0.42277059681487805, Inverse Test Loss: 3.9020963004141143, Train R2: 0.8479564370531024, Test R2: 0.8040638566017151, Inverse Test R2: 0.8040638566017151 
2026-02-26 15:03:47,082 INFO: Epoch 75, Train Loss: 0.38300499308741454, Test Loss: 0.42221800034696405, Inverse Test Loss: 3.896995941797892, Train R2: 0.845756038571849, Test R2: 0.804972767829895, Inverse Test R2: 0.8049727082252502 
2026-02-26 15:03:51,391 INFO: Epoch 76, Train Loss: 0.38732949982989917, Test Loss: 0.42158334544210724, Inverse Test Loss: 3.8911381418054756, Train R2: 0.8440832220243685, Test R2: 0.8051328063011169, Inverse Test R2: 0.8051327466964722 
2026-02-26 15:03:55,725 INFO: Epoch 77, Train Loss: 0.3876640810207887, Test Loss: 0.43702173865202704, Inverse Test Loss: 4.03363172935717, Train R2: 0.8438271171215809, Test R2: 0.7908812165260315, Inverse Test R2: 0.7908811569213867 
2026-02-26 15:04:00,027 INFO: Epoch 78, Train Loss: 0.38495779872843716, Test Loss: 0.4229113387339043, Inverse Test Loss: 3.9033952987555303, Train R2: 0.8443449676939936, Test R2: 0.8036607503890991, Inverse Test R2: 0.8036606907844543 
2026-02-26 15:04:04,338 INFO: Epoch 79, Train Loss: 0.3791981781973983, Test Loss: 0.4299769338333245, Inverse Test Loss: 3.9686094703096333, Train R2: 0.849281852444013, Test R2: 0.7982099056243896, Inverse Test R2: 0.7982099056243896 
2026-02-26 15:04:08,649 INFO: Epoch 80, Train Loss: 0.38231846927241847, Test Loss: 0.4242297727050203, Inverse Test Loss: 3.915564168583263, Train R2: 0.8478379430192889, Test R2: 0.8016799688339233, Inverse Test R2: 0.8016799688339233 
2026-02-26 15:04:08,650 INFO: Best Epoch 46, Best Test Loss: 0.40606997229836206, Inv Test Loss: 3.7479525045915083, Best Test R2: 0.8207828998565674 
2026-02-26 15:04:12,950 INFO: Epoch 81, Train Loss: 0.37461543376698636, Test Loss: 0.41421352913885406, Inverse Test Loss: 3.8231160640716553, Train R2: 0.8523909752116059, Test R2: 0.8123538494110107, Inverse Test R2: 0.812353789806366 
2026-02-26 15:04:17,259 INFO: Epoch 82, Train Loss: 0.37259509120926715, Test Loss: 0.41535975445400586, Inverse Test Loss: 3.8336955200542104, Train R2: 0.8548047637397592, Test R2: 0.8104175925254822, Inverse Test R2: 0.8104175329208374 
2026-02-26 15:04:21,590 INFO: Epoch 83, Train Loss: 0.37433627360697946, Test Loss: 0.4237879505663207, Inverse Test Loss: 3.911486184958256, Train R2: 0.8530645307266351, Test R2: 0.8018210530281067, Inverse Test R2: 0.8018209934234619 
2026-02-26 15:04:26,080 INFO: Epoch 84, Train Loss: 0.3734470075278571, Test Loss: 0.4155479570229848, Inverse Test Loss: 3.835432616147128, Train R2: 0.8541975649017276, Test R2: 0.809898853302002, Inverse Test R2: 0.809898853302002 
2026-02-26 15:04:30,342 INFO: Epoch 85, Train Loss: 0.37217436967925593, Test Loss: 0.43548203778989386, Inverse Test Loss: 4.019420616554491, Train R2: 0.8552173466393442, Test R2: 0.7937071919441223, Inverse Test R2: 0.7937071919441223 
2026-02-26 15:04:34,630 INFO: Epoch 86, Train Loss: 0.3746885880827904, Test Loss: 0.42084437337788666, Inverse Test Loss: 3.88431758591623, Train R2: 0.854414780031551, Test R2: 0.8044037222862244, Inverse Test R2: 0.8044036626815796 
2026-02-26 15:04:38,921 INFO: Epoch 87, Train Loss: 0.37363195024204976, Test Loss: 0.42869909875320666, Inverse Test Loss: 3.956815257216945, Train R2: 0.854273364850969, Test R2: 0.7961474657058716, Inverse Test R2: 0.7961474657058716 
2026-02-26 15:04:43,179 INFO: Epoch 88, Train Loss: 0.37880322540348227, Test Loss: 0.4285226717139735, Inverse Test Loss: 3.9551868294224595, Train R2: 0.8492850823835894, Test R2: 0.7980720400810242, Inverse Test R2: 0.7980719804763794 
2026-02-26 15:04:47,464 INFO: Epoch 89, Train Loss: 0.37247430713790836, Test Loss: 0.418812508835937, Inverse Test Loss: 3.8655637538794316, Train R2: 0.8548165483005119, Test R2: 0.807966411113739, Inverse Test R2: 0.8079663515090942 
2026-02-26 15:04:51,733 INFO: Epoch 90, Train Loss: 0.3675508433670709, Test Loss: 0.42581722050002124, Inverse Test Loss: 3.9302160956642846, Train R2: 0.8594744715726736, Test R2: 0.8002489805221558, Inverse Test R2: 0.8002489805221558 
2026-02-26 15:04:51,733 INFO: Best Epoch 46, Best Test Loss: 0.40606997229836206, Inv Test Loss: 3.7479525045915083, Best Test R2: 0.8207828998565674 
2026-02-26 15:04:56,029 INFO: Epoch 91, Train Loss: 0.37139735957889847, Test Loss: 0.4275246515418544, Inverse Test Loss: 3.9459753542235405, Train R2: 0.8546855657389669, Test R2: 0.7974388003349304, Inverse Test R2: 0.7974388003349304 
2026-02-26 15:05:00,292 INFO: Epoch 92, Train Loss: 0.36626927001458226, Test Loss: 0.42961698499592865, Inverse Test Loss: 3.965287129084269, Train R2: 0.859306740489873, Test R2: 0.7946485280990601, Inverse Test R2: 0.7946485280990601 
2026-02-26 15:05:04,590 INFO: Epoch 93, Train Loss: 0.3722224317942605, Test Loss: 0.41383446256319684, Inverse Test Loss: 3.8196173147721724, Train R2: 0.8555572868296595, Test R2: 0.8120736479759216, Inverse Test R2: 0.8120736479759216 
2026-02-26 15:05:08,863 INFO: Epoch 94, Train Loss: 0.37495717812668194, Test Loss: 0.4203264776504401, Inverse Test Loss: 3.8795374740253794, Train R2: 0.8525310777353517, Test R2: 0.8063235878944397, Inverse Test R2: 0.8063235878944397 
2026-02-26 15:05:13,221 INFO: Epoch 95, Train Loss: 0.376485632337404, Test Loss: 0.4262559811274211, Inverse Test Loss: 3.934265729152795, Train R2: 0.8511435394034241, Test R2: 0.8000159859657288, Inverse Test R2: 0.8000159859657288 
2026-02-26 15:05:18,008 INFO: Epoch 96, Train Loss: 0.36998610175920255, Test Loss: 0.4190428067337383, Inverse Test Loss: 3.867689443357063, Train R2: 0.8573601850957582, Test R2: 0.8059272766113281, Inverse Test R2: 0.8059272766113281 
2026-02-26 15:05:22,390 INFO: Epoch 97, Train Loss: 0.359527286367886, Test Loss: 0.44122635595726245, Inverse Test Loss: 4.0724395766402735, Train R2: 0.8650596326950825, Test R2: 0.7829751968383789, Inverse Test R2: 0.7829751968383789 
2026-02-26 15:05:26,852 INFO: Epoch 98, Train Loss: 0.35807430078134395, Test Loss: 0.42749092795632104, Inverse Test Loss: 3.945664087931315, Train R2: 0.8661855847546549, Test R2: 0.799177885055542, Inverse Test R2: 0.799177885055542 
2026-02-26 15:05:31,318 INFO: Epoch 99, Train Loss: 0.3581859799045505, Test Loss: 0.42611557335564587, Inverse Test Loss: 3.932969823028102, Train R2: 0.8654830360954459, Test R2: 0.7993603348731995, Inverse Test R2: 0.7993603348731995 
2026-02-26 15:05:35,754 INFO: Epoch 100, Train Loss: 0.3564481507196571, Test Loss: 0.45614160642479407, Inverse Test Loss: 4.210104696678393, Train R2: 0.866186492822387, Test R2: 0.768362283706665, Inverse Test R2: 0.768362283706665 
2026-02-26 15:05:35,754 INFO: Best Epoch 46, Best Test Loss: 0.40606997229836206, Inv Test Loss: 3.7479525045915083, Best Test R2: 0.8207828998565674 
2026-02-26 15:05:40,207 INFO: Epoch 101, Train Loss: 0.35684003658366925, Test Loss: 0.42293326421217486, Inverse Test Loss: 3.903597658330744, Train R2: 0.863973724119591, Test R2: 0.8011233806610107, Inverse Test R2: 0.8011233806610107 
2026-02-26 15:05:44,667 INFO: Epoch 102, Train Loss: 0.35483375869014044, Test Loss: 0.42161391359387024, Inverse Test Loss: 3.8914202921318286, Train R2: 0.8684148648471544, Test R2: 0.8015660643577576, Inverse Test R2: 0.8015660643577576 
2026-02-26 15:05:49,116 INFO: Epoch 103, Train Loss: 0.3568133721974763, Test Loss: 0.4411338016842351, Inverse Test Loss: 4.071585402344212, Train R2: 0.8670556504618038, Test R2: 0.7858375906944275, Inverse Test R2: 0.7858375310897827 
2026-02-26 15:05:53,561 INFO: Epoch 104, Train Loss: 0.361855072053996, Test Loss: 0.4448281354976423, Inverse Test Loss: 4.105683355620413, Train R2: 0.8627560265136488, Test R2: 0.7794457674026489, Inverse Test R2: 0.7794457077980042 
2026-02-26 15:05:58,095 INFO: Epoch 105, Train Loss: 0.3601238480345769, Test Loss: 0.4306416358008529, Inverse Test Loss: 3.9747444716366855, Train R2: 0.8634888367219404, Test R2: 0.7933691740036011, Inverse Test R2: 0.7933691740036011 
2026-02-26 15:06:02,600 INFO: Epoch 106, Train Loss: 0.35413325623129355, Test Loss: 0.44333594947150257, Inverse Test Loss: 4.091910759607951, Train R2: 0.8692844473954403, Test R2: 0.7828599214553833, Inverse Test R2: 0.7828599214553833 
2026-02-26 15:06:07,060 INFO: Epoch 107, Train Loss: 0.3550225862047889, Test Loss: 0.44420608336275275, Inverse Test Loss: 4.099941968917847, Train R2: 0.8663173083103064, Test R2: 0.7816559672355652, Inverse Test R2: 0.7816559672355652 
2026-02-26 15:06:11,516 INFO: Epoch 108, Train Loss: 0.35654998446504277, Test Loss: 0.4350891609986623, Inverse Test Loss: 4.0157944000128545, Train R2: 0.8672600456259467, Test R2: 0.7894625663757324, Inverse Test R2: 0.7894625663757324 
2026-02-26 15:06:15,956 INFO: Epoch 109, Train Loss: 0.35215973662156047, Test Loss: 0.43457916017734644, Inverse Test Loss: 4.01108717918396, Train R2: 0.8701538940270742, Test R2: 0.7882725596427917, Inverse Test R2: 0.7882725596427917 
2026-02-26 15:06:20,429 INFO: Epoch 110, Train Loss: 0.3473824172308951, Test Loss: 0.4296845125429558, Inverse Test Loss: 3.965910463622122, Train R2: 0.8729945281238267, Test R2: 0.7953579425811768, Inverse Test R2: 0.7953579425811768 
2026-02-26 15:06:20,430 INFO: Best Epoch 46, Best Test Loss: 0.40606997229836206, Inv Test Loss: 3.7479525045915083, Best Test R2: 0.8207828998565674 
2026-02-26 15:06:24,904 INFO: Epoch 111, Train Loss: 0.3437119952657006, Test Loss: 0.4367308670824224, Inverse Test Loss: 4.030947006109989, Train R2: 0.8748909492384304, Test R2: 0.7895075082778931, Inverse Test R2: 0.7895075082778931 
2026-02-26 15:06:29,362 INFO: Epoch 112, Train Loss: 0.34894932625871716, Test Loss: 0.4381417848847129, Inverse Test Loss: 4.043969616745457, Train R2: 0.8718322375507066, Test R2: 0.788174033164978, Inverse Test R2: 0.788174033164978 
2026-02-26 15:06:33,785 INFO: Epoch 113, Train Loss: 0.34593010637344734, Test Loss: 0.4439357808141997, Inverse Test Loss: 4.097447128006906, Train R2: 0.8750419666369756, Test R2: 0.7802103757858276, Inverse Test R2: 0.7802103161811829 
2026-02-26 15:06:38,236 INFO: Epoch 114, Train Loss: 0.3451091573771202, Test Loss: 0.4405966048890894, Inverse Test Loss: 4.066627032829054, Train R2: 0.874243035009413, Test R2: 0.7854791879653931, Inverse Test R2: 0.7854791879653931 
2026-02-26 15:06:42,694 INFO: Epoch 115, Train Loss: 0.35021460609454097, Test Loss: 0.4457198688478181, Inverse Test Loss: 4.1139139478856865, Train R2: 0.8704437301917509, Test R2: 0.7782390713691711, Inverse Test R2: 0.7782390713691711 
2026-02-26 15:06:47,148 INFO: Epoch 116, Train Loss: 0.3439832205573718, Test Loss: 0.44876756812586927, Inverse Test Loss: 4.142043604995266, Train R2: 0.8750973136136027, Test R2: 0.7760695815086365, Inverse Test R2: 0.7760695219039917 
2026-02-26 15:06:51,718 INFO: Epoch 117, Train Loss: 0.3469399305229837, Test Loss: 0.44139104268767615, Inverse Test Loss: 4.073959509531657, Train R2: 0.8743941097548513, Test R2: 0.7845402956008911, Inverse Test R2: 0.7845402956008911 
2026-02-26 15:06:56,247 INFO: Epoch 118, Train Loss: 0.34007291811885254, Test Loss: 0.44170731035145844, Inverse Test Loss: 4.076878634366122, Train R2: 0.8783604358181809, Test R2: 0.7816766500473022, Inverse Test R2: 0.7816766500473022 
2026-02-26 15:07:00,700 INFO: Epoch 119, Train Loss: 0.3391877827093457, Test Loss: 0.4453493130929542, Inverse Test Loss: 4.110493739446004, Train R2: 0.8797418113910791, Test R2: 0.7784104347229004, Inverse Test R2: 0.7784104943275452 
2026-02-26 15:07:05,178 INFO: Epoch 120, Train Loss: 0.3554235627931176, Test Loss: 0.44031917506998236, Inverse Test Loss: 4.064066518436778, Train R2: 0.8678436500556541, Test R2: 0.785264253616333, Inverse Test R2: 0.7852641940116882 
2026-02-26 15:07:05,178 INFO: Best Epoch 46, Best Test Loss: 0.40606997229836206, Inv Test Loss: 3.7479525045915083, Best Test R2: 0.8207828998565674 
2026-02-26 15:07:09,666 INFO: Epoch 121, Train Loss: 0.34468817575411365, Test Loss: 0.43342257178190985, Inverse Test Loss: 4.0004119873046875, Train R2: 0.8751921893069239, Test R2: 0.7929776310920715, Inverse Test R2: 0.7929775714874268 
2026-02-26 15:07:14,163 INFO: Epoch 122, Train Loss: 0.34755884957584465, Test Loss: 0.45598467913540924, Inverse Test Loss: 4.208656202663075, Train R2: 0.8720114786516536, Test R2: 0.7674872875213623, Inverse Test R2: 0.7674872875213623 
2026-02-26 15:07:18,650 INFO: Epoch 123, Train Loss: 0.3445219779104898, Test Loss: 0.4536837258122184, Inverse Test Loss: 4.187418793186997, Train R2: 0.8746615372823946, Test R2: 0.767594039440155, Inverse Test R2: 0.767594039440155 
2026-02-26 15:07:23,120 INFO: Epoch 124, Train Loss: 0.3394002557703943, Test Loss: 0.4419557912783189, Inverse Test Loss: 4.079172105500192, Train R2: 0.8782365155039411, Test R2: 0.7808318734169006, Inverse Test R2: 0.7808318138122559 
2026-02-26 15:07:27,621 INFO: Epoch 125, Train Loss: 0.3415977422035102, Test Loss: 0.4570155387574976, Inverse Test Loss: 4.218170910170584, Train R2: 0.8765122312487978, Test R2: 0.7652665972709656, Inverse Test R2: 0.7652665972709656 
2026-02-26 15:07:32,076 INFO: Epoch 126, Train Loss: 0.33942264724861493, Test Loss: 0.44552754813974554, Inverse Test Loss: 4.112138791517778, Train R2: 0.8792579873944774, Test R2: 0.7820972204208374, Inverse Test R2: 0.7820971608161926 
2026-02-26 15:07:36,531 INFO: Epoch 127, Train Loss: 0.3386196098995931, Test Loss: 0.4532354230230505, Inverse Test Loss: 4.1832811037699384, Train R2: 0.8788999653223789, Test R2: 0.7691950798034668, Inverse Test R2: 0.7691950798034668 
2026-02-26 15:07:40,995 INFO: Epoch 128, Train Loss: 0.3359040632618196, Test Loss: 0.4410003225008647, Inverse Test Loss: 4.070353291251442, Train R2: 0.8809422791907282, Test R2: 0.7851368188858032, Inverse Test R2: 0.7851368188858032 
2026-02-26 15:07:45,468 INFO: Epoch 129, Train Loss: 0.3358369962961385, Test Loss: 0.44912978013356525, Inverse Test Loss: 4.14538675366026, Train R2: 0.881710251623934, Test R2: 0.7741633653640747, Inverse Test R2: 0.7741633653640747 
2026-02-26 15:07:49,933 INFO: Epoch 130, Train Loss: 0.33268755437298253, Test Loss: 0.45389931761857233, Inverse Test Loss: 4.189408714121038, Train R2: 0.88296568032467, Test R2: 0.7695037722587585, Inverse Test R2: 0.7695037722587585 
2026-02-26 15:07:49,933 INFO: Best Epoch 46, Best Test Loss: 0.40606997229836206, Inv Test Loss: 3.7479525045915083, Best Test R2: 0.8207828998565674 
2026-02-26 15:07:54,449 INFO: Epoch 131, Train Loss: 0.32880737722823117, Test Loss: 0.44367240233854816, Inverse Test Loss: 4.095016147151138, Train R2: 0.8866476384979306, Test R2: 0.7802780270576477, Inverse Test R2: 0.7802780270576477 
2026-02-26 15:07:59,424 INFO: Epoch 132, Train Loss: 0.3327510133385658, Test Loss: 0.43596251715313306, Inverse Test Loss: 4.023855267149029, Train R2: 0.8837503258026007, Test R2: 0.7889031171798706, Inverse Test R2: 0.7889030575752258 
2026-02-26 15:08:04,625 INFO: Epoch 133, Train Loss: 0.32811069443370355, Test Loss: 0.45905611189928924, Inverse Test Loss: 4.237005017020485, Train R2: 0.8866731285145788, Test R2: 0.7642326951026917, Inverse Test R2: 0.7642326951026917 
2026-02-26 15:08:09,546 INFO: Epoch 134, Train Loss: 0.3300014776036595, Test Loss: 0.4541160518472845, Inverse Test Loss: 4.191409168821393, Train R2: 0.8863654362432885, Test R2: 0.7690324783325195, Inverse Test R2: 0.7690324783325195 
2026-02-26 15:08:14,848 INFO: Epoch 135, Train Loss: 0.328412509551554, Test Loss: 0.4482432549650019, Inverse Test Loss: 4.137204336397575, Train R2: 0.8855021921071139, Test R2: 0.7768814563751221, Inverse Test R2: 0.7768813967704773 
2026-02-26 15:08:19,643 INFO: Epoch 136, Train Loss: 0.3467203698149233, Test Loss: 0.43652345194961084, Inverse Test Loss: 4.029032591617469, Train R2: 0.8747361406232371, Test R2: 0.7907958030700684, Inverse Test R2: 0.7907958030700684 
2026-02-26 15:08:24,484 INFO: Epoch 137, Train Loss: 0.33499498654044035, Test Loss: 0.43200910001090076, Inverse Test Loss: 3.9873659971988564, Train R2: 0.8815241483124819, Test R2: 0.7935683131217957, Inverse Test R2: 0.7935682535171509 
2026-02-26 15:08:29,359 INFO: Epoch 138, Train Loss: 0.32865057829203026, Test Loss: 0.4445255922548699, Inverse Test Loss: 4.1028909105243105, Train R2: 0.8856207750963442, Test R2: 0.7806493639945984, Inverse Test R2: 0.7806493639945984 
2026-02-26 15:08:34,298 INFO: Epoch 139, Train Loss: 0.33955986752654566, Test Loss: 0.4464314173568379, Inverse Test Loss: 4.1204813971663965, Train R2: 0.8780443546446887, Test R2: 0.7771674394607544, Inverse Test R2: 0.7771674394607544 
2026-02-26 15:08:39,151 INFO: Epoch 140, Train Loss: 0.3326458874525446, Test Loss: 0.4452370658065333, Inverse Test Loss: 4.109457651774089, Train R2: 0.8839095252932925, Test R2: 0.7787443399429321, Inverse Test R2: 0.7787443399429321 
2026-02-26 15:08:39,151 INFO: Best Epoch 46, Best Test Loss: 0.40606997229836206, Inv Test Loss: 3.7479525045915083, Best Test R2: 0.8207828998565674 
2026-02-26 15:08:44,132 INFO: Epoch 141, Train Loss: 0.32567020110560185, Test Loss: 0.44145794077353046, Inverse Test Loss: 4.074577136473223, Train R2: 0.887929153713313, Test R2: 0.7824879288673401, Inverse Test R2: 0.7824879288673401 
2026-02-26 15:08:48,563 INFO: Epoch 142, Train Loss: 0.32579149215510395, Test Loss: 0.45248142336354114, Inverse Test Loss: 4.176321809942072, Train R2: 0.8886619941754774, Test R2: 0.7724623084068298, Inverse Test R2: 0.7724623084068298 
2026-02-26 15:08:52,897 INFO: Epoch 143, Train Loss: 0.3286145151113019, Test Loss: 0.4484398464361827, Inverse Test Loss: 4.139018781257398, Train R2: 0.8865949434764457, Test R2: 0.777065634727478, Inverse Test R2: 0.7770655751228333 
2026-02-26 15:08:57,216 INFO: Epoch 144, Train Loss: 0.32521617446433415, Test Loss: 0.4588021762443311, Inverse Test Loss: 4.234661203442198, Train R2: 0.8879366435787894, Test R2: 0.7665898203849792, Inverse Test R2: 0.7665897607803345 
2026-02-26 15:09:01,516 INFO: Epoch 145, Train Loss: 0.31951532648368314, Test Loss: 0.44468707929957996, Inverse Test Loss: 4.104381431232799, Train R2: 0.891832535014008, Test R2: 0.7803030014038086, Inverse Test R2: 0.7803030014038086 
2026-02-26 15:09:05,823 INFO: Epoch 146, Train Loss: 0.3198120439368667, Test Loss: 0.4608264249382597, Inverse Test Loss: 4.2533447164477725, Train R2: 0.8918512079751852, Test R2: 0.761828601360321, Inverse Test R2: 0.7618285417556763 
2026-02-26 15:09:10,131 INFO: Epoch 147, Train Loss: 0.31935642941883113, Test Loss: 0.4466344488389564, Inverse Test Loss: 4.122355244376442, Train R2: 0.8918292147643638, Test R2: 0.7782297134399414, Inverse Test R2: 0.7782296538352966 
2026-02-26 15:09:14,446 INFO: Epoch 148, Train Loss: 0.32605060122229834, Test Loss: 0.4473847475918857, Inverse Test Loss: 4.129280422673081, Train R2: 0.8886618492278185, Test R2: 0.7765294313430786, Inverse Test R2: 0.7765294313430786 
2026-02-26 15:09:18,763 INFO: Epoch 149, Train Loss: 0.3193991495804353, Test Loss: 0.4539158380392826, Inverse Test Loss: 4.189561179189971, Train R2: 0.8933137881033348, Test R2: 0.7697650790214539, Inverse Test R2: 0.7697650194168091 
2026-02-26 15:09:23,085 INFO: Epoch 150, Train Loss: 0.3147387377014666, Test Loss: 0.4535598863254894, Inverse Test Loss: 4.18627582174359, Train R2: 0.894675696438009, Test R2: 0.7703123092651367, Inverse Test R2: 0.7703123092651367 
2026-02-26 15:09:23,086 INFO: Best Epoch 46, Best Test Loss: 0.40606997229836206, Inv Test Loss: 3.7479525045915083, Best Test R2: 0.8207828998565674 
