2026-02-26 16:50:25,901 INFO: log_path:logs_2026_2_26_HS_RMSE_fusion/AMFormer_simple_MLP_dim32_depth2_heads4_dropout0.4_fusion0.5_0.5_lr0.001_6P 
2026-02-26 16:50:25,901 INFO: Model:namespace(attn_dropout=0.4, categories=[], cluster=3, depth=2, dim=32, ff_dropout=0.4, fusion='static', groups=[54, 54, 54], heads=4, name='AMFormer_simple_MLP_dim32_depth2_heads4_dropout0.4_fusion0.5_0.5', num_cate=0, num_cont=20, num_special_tokens=1, out_dim=1, predictor='simple_MLP', prod_num_per_group=[6, 6, 6], qk_relu=False, static_fusion={'kan_weight': 0.5, 'trans_weight': 0.5}, sum_num_per_group=[32, 16, 8], target_mode='regression', token_descent=False, use_KAN_path=True, use_cls_token=True, use_prod=True, use_row_col_attention=True, use_sigmoid=True) 
2026-02-26 16:50:25,902 INFO: lr:0.001, loss:RMSE 
2026-02-26 16:50:25,902 INFO: Dataset:HS, Target:['metal6_Peak'] 
2026-02-26 16:50:25,902 INFO: ------Begin Training Model------ 
2026-02-26 16:50:33,376 INFO: Epoch 1, Train Loss: 0.7743362061905138, Test Loss: 0.6774169911037792, Inverse Test Loss: 6.252436421134255, Train R2: 0.3856957094235854, Test R2: 0.5117354393005371, Inverse Test R2: 0.5117353200912476 
2026-02-26 16:50:33,388 INFO: ---> Saved new best model weights to log/txt_log\logs_2026_2_26_HS_RMSE_fusion/AMFormer_simple_MLP_dim32_depth2_heads4_dropout0.4_fusion0.5_0.5_lr0.001_6P\best_AMFormer_HS_weights.pth 
2026-02-26 16:50:37,405 INFO: Epoch 2, Train Loss: 0.6535582716266314, Test Loss: 0.5949761298569766, Inverse Test Loss: 5.491522225466642, Train R2: 0.5606880486011505, Test R2: 0.6197766065597534, Inverse Test R2: 0.6197764873504639 
2026-02-26 16:50:37,416 INFO: ---> Saved new best model weights to log/txt_log\logs_2026_2_26_HS_RMSE_fusion/AMFormer_simple_MLP_dim32_depth2_heads4_dropout0.4_fusion0.5_0.5_lr0.001_6P\best_AMFormer_HS_weights.pth 
2026-02-26 16:50:41,409 INFO: Epoch 3, Train Loss: 0.5909435611331102, Test Loss: 0.5431957606113318, Inverse Test Loss: 5.0135987093954375, Train R2: 0.6429713305198785, Test R2: 0.6804227828979492, Inverse Test R2: 0.6804227828979492 
2026-02-26 16:50:41,420 INFO: ---> Saved new best model weights to log/txt_log\logs_2026_2_26_HS_RMSE_fusion/AMFormer_simple_MLP_dim32_depth2_heads4_dropout0.4_fusion0.5_0.5_lr0.001_6P\best_AMFormer_HS_weights.pth 
2026-02-26 16:50:45,417 INFO: Epoch 4, Train Loss: 0.5552066332011512, Test Loss: 0.5288031760490302, Inverse Test Loss: 4.880757750886859, Train R2: 0.683713590556925, Test R2: 0.6985885500907898, Inverse Test R2: 0.6985885500907898 
2026-02-26 16:50:45,429 INFO: ---> Saved new best model weights to log/txt_log\logs_2026_2_26_HS_RMSE_fusion/AMFormer_simple_MLP_dim32_depth2_heads4_dropout0.4_fusion0.5_0.5_lr0.001_6P\best_AMFormer_HS_weights.pth 
2026-02-26 16:50:49,450 INFO: Epoch 5, Train Loss: 0.5421858152205293, Test Loss: 0.5169656746315233, Inverse Test Loss: 4.771499951680501, Train R2: 0.6992083020282515, Test R2: 0.7101912498474121, Inverse Test R2: 0.7101912498474121 
2026-02-26 16:50:49,461 INFO: ---> Saved new best model weights to log/txt_log\logs_2026_2_26_HS_RMSE_fusion/AMFormer_simple_MLP_dim32_depth2_heads4_dropout0.4_fusion0.5_0.5_lr0.001_6P\best_AMFormer_HS_weights.pth 
2026-02-26 16:50:53,470 INFO: Epoch 6, Train Loss: 0.5249085062832544, Test Loss: 0.49909738699595135, Inverse Test Loss: 4.606578660733772, Train R2: 0.7165880140030023, Test R2: 0.7304071187973022, Inverse Test R2: 0.7304071187973022 
2026-02-26 16:50:53,481 INFO: ---> Saved new best model weights to log/txt_log\logs_2026_2_26_HS_RMSE_fusion/AMFormer_simple_MLP_dim32_depth2_heads4_dropout0.4_fusion0.5_0.5_lr0.001_6P\best_AMFormer_HS_weights.pth 
2026-02-26 16:50:57,504 INFO: Epoch 7, Train Loss: 0.5159820720101848, Test Loss: 0.48726862398060883, Inverse Test Loss: 4.49740135308468, Train R2: 0.7255477571126187, Test R2: 0.7427453994750977, Inverse Test R2: 0.7427453994750977 
2026-02-26 16:50:57,515 INFO: ---> Saved new best model weights to log/txt_log\logs_2026_2_26_HS_RMSE_fusion/AMFormer_simple_MLP_dim32_depth2_heads4_dropout0.4_fusion0.5_0.5_lr0.001_6P\best_AMFormer_HS_weights.pth 
2026-02-26 16:51:01,549 INFO: Epoch 8, Train Loss: 0.5081043694958542, Test Loss: 0.4855331904960401, Inverse Test Loss: 4.481383706584121, Train R2: 0.7338031561988773, Test R2: 0.7436622381210327, Inverse Test R2: 0.7436622381210327 
2026-02-26 16:51:01,561 INFO: ---> Saved new best model weights to log/txt_log\logs_2026_2_26_HS_RMSE_fusion/AMFormer_simple_MLP_dim32_depth2_heads4_dropout0.4_fusion0.5_0.5_lr0.001_6P\best_AMFormer_HS_weights.pth 
2026-02-26 16:51:05,594 INFO: Epoch 9, Train Loss: 0.4997945443698854, Test Loss: 0.4887156369108142, Inverse Test Loss: 4.51075697667671, Train R2: 0.7437581776669531, Test R2: 0.7408182621002197, Inverse Test R2: 0.7408182621002197 
2026-02-26 16:51:09,622 INFO: Epoch 10, Train Loss: 0.4892612792777293, Test Loss: 0.4709526273337277, Inverse Test Loss: 4.346807617129701, Train R2: 0.7533674213019285, Test R2: 0.7587461471557617, Inverse Test R2: 0.7587460875511169 
2026-02-26 16:51:09,633 INFO: ---> Saved new best model weights to log/txt_log\logs_2026_2_26_HS_RMSE_fusion/AMFormer_simple_MLP_dim32_depth2_heads4_dropout0.4_fusion0.5_0.5_lr0.001_6P\best_AMFormer_HS_weights.pth 
2026-02-26 16:51:09,633 INFO: Best Epoch 10, Best Test Loss: 0.4709526273337277, Inv Test Loss: 4.346807617129701, Best Test R2: 0.7587461471557617 
2026-02-26 16:51:13,658 INFO: Epoch 11, Train Loss: 0.4848993533488476, Test Loss: 0.47013520381667395, Inverse Test Loss: 4.339263012914946, Train R2: 0.7581708842154705, Test R2: 0.7590786814689636, Inverse Test R2: 0.7590786218643188 
2026-02-26 16:51:13,669 INFO: ---> Saved new best model weights to log/txt_log\logs_2026_2_26_HS_RMSE_fusion/AMFormer_simple_MLP_dim32_depth2_heads4_dropout0.4_fusion0.5_0.5_lr0.001_6P\best_AMFormer_HS_weights.pth 
2026-02-26 16:51:17,722 INFO: Epoch 12, Train Loss: 0.48816536457249615, Test Loss: 0.4586110557570602, Inverse Test Loss: 4.232897202173869, Train R2: 0.7549468197605826, Test R2: 0.7705316543579102, Inverse Test R2: 0.7705315947532654 
2026-02-26 16:51:17,732 INFO: ---> Saved new best model weights to log/txt_log\logs_2026_2_26_HS_RMSE_fusion/AMFormer_simple_MLP_dim32_depth2_heads4_dropout0.4_fusion0.5_0.5_lr0.001_6P\best_AMFormer_HS_weights.pth 
2026-02-26 16:51:21,761 INFO: Epoch 13, Train Loss: 0.47469438793081226, Test Loss: 0.46107844240737683, Inverse Test Loss: 4.255670771454319, Train R2: 0.7672169962615678, Test R2: 0.7690410614013672, Inverse Test R2: 0.7690410614013672 
2026-02-26 16:51:25,841 INFO: Epoch 14, Train Loss: 0.4786584284720999, Test Loss: 0.48385862328789453, Inverse Test Loss: 4.465927702007872, Train R2: 0.7639328575495518, Test R2: 0.747245192527771, Inverse Test R2: 0.7472451329231262 
2026-02-26 16:51:29,869 INFO: Epoch 15, Train Loss: 0.46608558906750247, Test Loss: 0.4558567251219894, Inverse Test Loss: 4.207475300991174, Train R2: 0.7761419022625143, Test R2: 0.7725787162780762, Inverse Test R2: 0.7725786566734314 
2026-02-26 16:51:29,882 INFO: ---> Saved new best model weights to log/txt_log\logs_2026_2_26_HS_RMSE_fusion/AMFormer_simple_MLP_dim32_depth2_heads4_dropout0.4_fusion0.5_0.5_lr0.001_6P\best_AMFormer_HS_weights.pth 
2026-02-26 16:51:33,903 INFO: Epoch 16, Train Loss: 0.4636711595636426, Test Loss: 0.4517503227248336, Inverse Test Loss: 4.16957392837062, Train R2: 0.7788872425303315, Test R2: 0.7767055034637451, Inverse Test R2: 0.7767055034637451 
2026-02-26 16:51:33,915 INFO: ---> Saved new best model weights to log/txt_log\logs_2026_2_26_HS_RMSE_fusion/AMFormer_simple_MLP_dim32_depth2_heads4_dropout0.4_fusion0.5_0.5_lr0.001_6P\best_AMFormer_HS_weights.pth 
2026-02-26 16:51:37,961 INFO: Epoch 17, Train Loss: 0.4563673215382027, Test Loss: 0.4493454396724701, Inverse Test Loss: 4.147377187555486, Train R2: 0.7851867021033259, Test R2: 0.7815540432929993, Inverse Test R2: 0.7815540432929993 
2026-02-26 16:51:37,972 INFO: ---> Saved new best model weights to log/txt_log\logs_2026_2_26_HS_RMSE_fusion/AMFormer_simple_MLP_dim32_depth2_heads4_dropout0.4_fusion0.5_0.5_lr0.001_6P\best_AMFormer_HS_weights.pth 
2026-02-26 16:51:42,007 INFO: Epoch 18, Train Loss: 0.4590238556265831, Test Loss: 0.44406108964573254, Inverse Test Loss: 4.098603595386852, Train R2: 0.7820704669663401, Test R2: 0.7856517434120178, Inverse Test R2: 0.785651683807373 
2026-02-26 16:51:42,018 INFO: ---> Saved new best model weights to log/txt_log\logs_2026_2_26_HS_RMSE_fusion/AMFormer_simple_MLP_dim32_depth2_heads4_dropout0.4_fusion0.5_0.5_lr0.001_6P\best_AMFormer_HS_weights.pth 
2026-02-26 16:51:46,047 INFO: Epoch 19, Train Loss: 0.45072093876925384, Test Loss: 0.45712911811741913, Inverse Test Loss: 4.219219207763672, Train R2: 0.7895223502859925, Test R2: 0.7726505398750305, Inverse Test R2: 0.7726504802703857 
2026-02-26 16:51:50,111 INFO: Epoch 20, Train Loss: 0.4507742350300153, Test Loss: 0.4407066829276807, Inverse Test Loss: 4.067643006642659, Train R2: 0.7892418160583033, Test R2: 0.7891919016838074, Inverse Test R2: 0.7891918420791626 
2026-02-26 16:51:50,123 INFO: ---> Saved new best model weights to log/txt_log\logs_2026_2_26_HS_RMSE_fusion/AMFormer_simple_MLP_dim32_depth2_heads4_dropout0.4_fusion0.5_0.5_lr0.001_6P\best_AMFormer_HS_weights.pth 
2026-02-26 16:51:50,123 INFO: Best Epoch 20, Best Test Loss: 0.4407066829276807, Inv Test Loss: 4.067643006642659, Best Test R2: 0.7891919016838074 
2026-02-26 16:51:54,160 INFO: Epoch 21, Train Loss: 0.44553640575119946, Test Loss: 0.4343104895317193, Inverse Test Loss: 4.00860730084506, Train R2: 0.793345878070051, Test R2: 0.7949365973472595, Inverse Test R2: 0.7949365377426147 
2026-02-26 16:51:54,172 INFO: ---> Saved new best model weights to log/txt_log\logs_2026_2_26_HS_RMSE_fusion/AMFormer_simple_MLP_dim32_depth2_heads4_dropout0.4_fusion0.5_0.5_lr0.001_6P\best_AMFormer_HS_weights.pth 
2026-02-26 16:51:58,223 INFO: Epoch 22, Train Loss: 0.44337075519742386, Test Loss: 0.426973050290888, Inverse Test Loss: 3.940884055513324, Train R2: 0.7974280827876293, Test R2: 0.800243616104126, Inverse Test R2: 0.800243616104126 
2026-02-26 16:51:58,235 INFO: ---> Saved new best model weights to log/txt_log\logs_2026_2_26_HS_RMSE_fusion/AMFormer_simple_MLP_dim32_depth2_heads4_dropout0.4_fusion0.5_0.5_lr0.001_6P\best_AMFormer_HS_weights.pth 
2026-02-26 16:52:02,262 INFO: Epoch 23, Train Loss: 0.44129603897983377, Test Loss: 0.417578606894522, Inverse Test Loss: 3.854175141363433, Train R2: 0.7983048653060739, Test R2: 0.8088966608047485, Inverse Test R2: 0.8088966608047485 
2026-02-26 16:52:02,273 INFO: ---> Saved new best model weights to log/txt_log\logs_2026_2_26_HS_RMSE_fusion/AMFormer_simple_MLP_dim32_depth2_heads4_dropout0.4_fusion0.5_0.5_lr0.001_6P\best_AMFormer_HS_weights.pth 
2026-02-26 16:52:06,294 INFO: Epoch 24, Train Loss: 0.4377383327845371, Test Loss: 0.4257414097135717, Inverse Test Loss: 3.9295162721113726, Train R2: 0.8009846585266518, Test R2: 0.8016595840454102, Inverse Test R2: 0.8016595244407654 
2026-02-26 16:52:10,329 INFO: Epoch 25, Train Loss: 0.435497381244645, Test Loss: 0.4196783150687362, Inverse Test Loss: 3.8735550461393413, Train R2: 0.8029903561779947, Test R2: 0.8071743845939636, Inverse Test R2: 0.8071743249893188 
2026-02-26 16:52:14,365 INFO: Epoch 26, Train Loss: 0.43235422670841217, Test Loss: 0.4234075194055384, Inverse Test Loss: 3.907974929520578, Train R2: 0.8071690608154644, Test R2: 0.8048242330551147, Inverse Test R2: 0.8048242330551147 
2026-02-26 16:52:18,421 INFO: Epoch 27, Train Loss: 0.4296325605475541, Test Loss: 0.4266395957180948, Inverse Test Loss: 3.9378064184477837, Train R2: 0.8086802918802608, Test R2: 0.7998533248901367, Inverse Test R2: 0.7998532652854919 
2026-02-26 16:52:22,456 INFO: Epoch 28, Train Loss: 0.42875318251775973, Test Loss: 0.4141900593584234, Inverse Test Loss: 3.822899493304166, Train R2: 0.8101969510316849, Test R2: 0.8121957182884216, Inverse Test R2: 0.8121957182884216 
2026-02-26 16:52:22,469 INFO: ---> Saved new best model weights to log/txt_log\logs_2026_2_26_HS_RMSE_fusion/AMFormer_simple_MLP_dim32_depth2_heads4_dropout0.4_fusion0.5_0.5_lr0.001_6P\best_AMFormer_HS_weights.pth 
2026-02-26 16:52:26,506 INFO: Epoch 29, Train Loss: 0.425890739216949, Test Loss: 0.40976134936014813, Inverse Test Loss: 3.782023234800859, Train R2: 0.8119688169522719, Test R2: 0.8170410990715027, Inverse Test R2: 0.8170410394668579 
2026-02-26 16:52:26,517 INFO: ---> Saved new best model weights to log/txt_log\logs_2026_2_26_HS_RMSE_fusion/AMFormer_simple_MLP_dim32_depth2_heads4_dropout0.4_fusion0.5_0.5_lr0.001_6P\best_AMFormer_HS_weights.pth 
2026-02-26 16:52:30,581 INFO: Epoch 30, Train Loss: 0.42956879170555057, Test Loss: 0.4175720016161601, Inverse Test Loss: 3.8541141856800425, Train R2: 0.8082007824471502, Test R2: 0.8096147775650024, Inverse Test R2: 0.8096147775650024 
2026-02-26 16:52:30,581 INFO: Best Epoch 29, Best Test Loss: 0.40976134936014813, Inv Test Loss: 3.782023234800859, Best Test R2: 0.8170410990715027 
2026-02-26 16:52:34,617 INFO: Epoch 31, Train Loss: 0.42407343875278125, Test Loss: 0.41456023039239825, Inverse Test Loss: 3.8263160893411348, Train R2: 0.8140777444297617, Test R2: 0.811926007270813, Inverse Test R2: 0.811926007270813 
2026-02-26 16:52:38,690 INFO: Epoch 32, Train Loss: 0.4219766076315533, Test Loss: 0.4119843434203755, Inverse Test Loss: 3.802541060881181, Train R2: 0.8143883004333033, Test R2: 0.8144211769104004, Inverse Test R2: 0.8144211769104004 
2026-02-26 16:52:42,707 INFO: Epoch 33, Train Loss: 0.4216936379671097, Test Loss: 0.4174122114976247, Inverse Test Loss: 3.8526393139001094, Train R2: 0.8148337715502941, Test R2: 0.8101823925971985, Inverse Test R2: 0.8101823329925537 
2026-02-26 16:52:46,756 INFO: Epoch 34, Train Loss: 0.42105368931185116, Test Loss: 0.41623480572844995, Inverse Test Loss: 3.8417721300414116, Train R2: 0.8170371150428598, Test R2: 0.8107041120529175, Inverse Test R2: 0.8107041120529175 
2026-02-26 16:52:50,787 INFO: Epoch 35, Train Loss: 0.42052207187269675, Test Loss: 0.4178025045178153, Inverse Test Loss: 3.8562415946613657, Train R2: 0.817356090202476, Test R2: 0.8098406791687012, Inverse Test R2: 0.8098406791687012 
2026-02-26 16:52:54,823 INFO: Epoch 36, Train Loss: 0.4149314241878914, Test Loss: 0.4122969408830007, Inverse Test Loss: 3.8054263013781924, Train R2: 0.8210713637597633, Test R2: 0.8144062757492065, Inverse Test R2: 0.8144062161445618 
2026-02-26 16:52:58,853 INFO: Epoch 37, Train Loss: 0.41106548634442414, Test Loss: 0.42099995865966333, Inverse Test Loss: 3.885753537669326, Train R2: 0.8242471412275777, Test R2: 0.8065159916877747, Inverse Test R2: 0.8065159320831299 
2026-02-26 16:53:02,876 INFO: Epoch 38, Train Loss: 0.410468675421946, Test Loss: 0.40897884784322797, Inverse Test Loss: 3.774800936381022, Train R2: 0.8246719841704224, Test R2: 0.818044126033783, Inverse Test R2: 0.818044126033783 
2026-02-26 16:53:02,887 INFO: ---> Saved new best model weights to log/txt_log\logs_2026_2_26_HS_RMSE_fusion/AMFormer_simple_MLP_dim32_depth2_heads4_dropout0.4_fusion0.5_0.5_lr0.001_6P\best_AMFormer_HS_weights.pth 
2026-02-26 16:53:06,908 INFO: Epoch 39, Train Loss: 0.4129119339314374, Test Loss: 0.4105303901614565, Inverse Test Loss: 3.7891213677146216, Train R2: 0.823188714908831, Test R2: 0.8154810070991516, Inverse Test R2: 0.8154810070991516 
2026-02-26 16:53:10,941 INFO: Epoch 40, Train Loss: 0.4084732539274476, Test Loss: 0.417094678589792, Inverse Test Loss: 3.8497084776560464, Train R2: 0.8257787873347601, Test R2: 0.8103210926055908, Inverse Test R2: 0.8103210926055908 
2026-02-26 16:53:10,941 INFO: Best Epoch 38, Best Test Loss: 0.40897884784322797, Inv Test Loss: 3.774800936381022, Best Test R2: 0.818044126033783 
2026-02-26 16:53:14,955 INFO: Epoch 41, Train Loss: 0.4109733682690245, Test Loss: 0.41039417458303046, Inverse Test Loss: 3.787864092624549, Train R2: 0.8231088225588654, Test R2: 0.8161239624023438, Inverse Test R2: 0.8161239624023438 
2026-02-26 16:53:18,985 INFO: Epoch 42, Train Loss: 0.4081748127937317, Test Loss: 0.40317358844207996, Inverse Test Loss: 3.7212194168206416, Train R2: 0.8266310330593225, Test R2: 0.8223256468772888, Inverse Test R2: 0.8223256468772888 
2026-02-26 16:53:18,996 INFO: ---> Saved new best model weights to log/txt_log\logs_2026_2_26_HS_RMSE_fusion/AMFormer_simple_MLP_dim32_depth2_heads4_dropout0.4_fusion0.5_0.5_lr0.001_6P\best_AMFormer_HS_weights.pth 
2026-02-26 16:53:23,049 INFO: Epoch 43, Train Loss: 0.4061552227446527, Test Loss: 0.4108390744888421, Inverse Test Loss: 3.7919704047116367, Train R2: 0.8277453125426264, Test R2: 0.8139892816543579, Inverse Test R2: 0.8139892816543579 
2026-02-26 16:53:27,112 INFO: Epoch 44, Train Loss: 0.40574555844068527, Test Loss: 0.4042197908415939, Inverse Test Loss: 3.730875658266472, Train R2: 0.8295606031562343, Test R2: 0.8221514225006104, Inverse Test R2: 0.8221513628959656 
2026-02-26 16:53:31,141 INFO: Epoch 45, Train Loss: 0.40113352408463304, Test Loss: 0.40595583843462396, Inverse Test Loss: 3.746899142409816, Train R2: 0.8321553242929054, Test R2: 0.820955753326416, Inverse Test R2: 0.8209556937217712 
2026-02-26 16:53:35,177 INFO: Epoch 46, Train Loss: 0.4010299697066798, Test Loss: 0.40945644270290027, Inverse Test Loss: 3.7792090647148364, Train R2: 0.8319346358378729, Test R2: 0.8174383640289307, Inverse Test R2: 0.8174383640289307 
2026-02-26 16:53:39,221 INFO: Epoch 47, Train Loss: 0.40344665425293375, Test Loss: 0.40511308294354065, Inverse Test Loss: 3.7391205700961025, Train R2: 0.830566324970939, Test R2: 0.8217473030090332, Inverse Test R2: 0.8217473030090332 
2026-02-26 16:53:43,271 INFO: Epoch 48, Train Loss: 0.40232479640028695, Test Loss: 0.4022682083375526, Inverse Test Loss: 3.7128629539952134, Train R2: 0.83202420807246, Test R2: 0.8234132528305054, Inverse Test R2: 0.8234132528305054 
2026-02-26 16:53:43,282 INFO: ---> Saved new best model weights to log/txt_log\logs_2026_2_26_HS_RMSE_fusion/AMFormer_simple_MLP_dim32_depth2_heads4_dropout0.4_fusion0.5_0.5_lr0.001_6P\best_AMFormer_HS_weights.pth 
2026-02-26 16:53:47,334 INFO: Epoch 49, Train Loss: 0.4012966151490356, Test Loss: 0.39989152641007397, Inverse Test Loss: 3.6909265518188477, Train R2: 0.8324467901027564, Test R2: 0.8257022500038147, Inverse Test R2: 0.8257021903991699 
2026-02-26 16:53:47,346 INFO: ---> Saved new best model weights to log/txt_log\logs_2026_2_26_HS_RMSE_fusion/AMFormer_simple_MLP_dim32_depth2_heads4_dropout0.4_fusion0.5_0.5_lr0.001_6P\best_AMFormer_HS_weights.pth 
2026-02-26 16:53:51,412 INFO: Epoch 50, Train Loss: 0.3984805225874438, Test Loss: 0.40043288379004505, Inverse Test Loss: 3.695923241701993, Train R2: 0.8355285787221157, Test R2: 0.8239437341690063, Inverse Test R2: 0.8239437341690063 
2026-02-26 16:53:51,412 INFO: Best Epoch 49, Best Test Loss: 0.39989152641007397, Inv Test Loss: 3.6909265518188477, Best Test R2: 0.8257022500038147 
2026-02-26 16:53:55,473 INFO: Epoch 51, Train Loss: 0.3931290290572427, Test Loss: 0.42179515957832336, Inverse Test Loss: 3.893093152479692, Train R2: 0.8391095648209254, Test R2: 0.8070547580718994, Inverse Test R2: 0.8070547580718994 
2026-02-26 16:53:59,537 INFO: Epoch 52, Train Loss: 0.3945714934079936, Test Loss: 0.4185983755371787, Inverse Test Loss: 3.8635873794555664, Train R2: 0.8386557951118007, Test R2: 0.8082489967346191, Inverse Test R2: 0.8082489967346191 
2026-02-26 16:54:03,587 INFO: Epoch 53, Train Loss: 0.39527948132970114, Test Loss: 0.4105008379979567, Inverse Test Loss: 3.7888486746585732, Train R2: 0.8376535899711378, Test R2: 0.8166258335113525, Inverse Test R2: 0.8166258335113525 
2026-02-26 16:54:07,657 INFO: Epoch 54, Train Loss: 0.39837676941445377, Test Loss: 0.41835275292396545, Inverse Test Loss: 3.8613204305822197, Train R2: 0.8357126915996725, Test R2: 0.8098320364952087, Inverse Test R2: 0.809831976890564 
2026-02-26 16:54:11,703 INFO: Epoch 55, Train Loss: 0.3925507427616553, Test Loss: 0.40382122541918897, Inverse Test Loss: 3.727196895714962, Train R2: 0.8393677549831795, Test R2: 0.8224455118179321, Inverse Test R2: 0.8224454522132874 
2026-02-26 16:54:15,752 INFO: Epoch 56, Train Loss: 0.3903368983530637, Test Loss: 0.4105446185126449, Inverse Test Loss: 3.7892526496540415, Train R2: 0.8404403622403289, Test R2: 0.8148083686828613, Inverse Test R2: 0.8148083686828613 
2026-02-26 16:54:19,802 INFO: Epoch 57, Train Loss: 0.3927553334470951, Test Loss: 0.39987817587274493, Inverse Test Loss: 3.690803318312674, Train R2: 0.840447830431389, Test R2: 0.8266372680664062, Inverse Test R2: 0.8266372680664062 
2026-02-26 16:54:19,814 INFO: ---> Saved new best model weights to log/txt_log\logs_2026_2_26_HS_RMSE_fusion/AMFormer_simple_MLP_dim32_depth2_heads4_dropout0.4_fusion0.5_0.5_lr0.001_6P\best_AMFormer_HS_weights.pth 
2026-02-26 16:54:23,897 INFO: Epoch 58, Train Loss: 0.394090861082077, Test Loss: 0.415627739646218, Inverse Test Loss: 3.8361689249674478, Train R2: 0.8384262937487978, Test R2: 0.8118271827697754, Inverse Test R2: 0.8118271827697754 
2026-02-26 16:54:27,943 INFO: Epoch 59, Train Loss: 0.3947152548441381, Test Loss: 0.4068872901526364, Inverse Test Loss: 3.7554961768063633, Train R2: 0.8372026338721766, Test R2: 0.8188585042953491, Inverse Test R2: 0.8188584446907043 
2026-02-26 16:54:32,011 INFO: Epoch 60, Train Loss: 0.3882448266852986, Test Loss: 0.4068771447196151, Inverse Test Loss: 3.7554026300256904, Train R2: 0.8434425348585303, Test R2: 0.8195827007293701, Inverse Test R2: 0.8195827007293701 
2026-02-26 16:54:32,011 INFO: Best Epoch 57, Best Test Loss: 0.39987817587274493, Inv Test Loss: 3.690803318312674, Best Test R2: 0.8266372680664062 
2026-02-26 16:54:36,029 INFO: Epoch 61, Train Loss: 0.382616157107281, Test Loss: 0.41296189120321564, Inverse Test Loss: 3.8115637085654517, Train R2: 0.8469700822324464, Test R2: 0.8118559122085571, Inverse Test R2: 0.8118559122085571 
2026-02-26 16:54:40,051 INFO: Epoch 62, Train Loss: 0.3878681637120969, Test Loss: 0.41227028767267865, Inverse Test Loss: 3.8051802750789756, Train R2: 0.8428086363004915, Test R2: 0.8141138553619385, Inverse Test R2: 0.8141138553619385 
2026-02-26 16:54:44,101 INFO: Epoch 63, Train Loss: 0.3831369166798664, Test Loss: 0.4004212798494281, Inverse Test Loss: 3.695816083387895, Train R2: 0.8483270668622219, Test R2: 0.8257870674133301, Inverse Test R2: 0.8257870674133301 
2026-02-26 16:54:48,125 INFO: Epoch 64, Train Loss: 0.38445316367980203, Test Loss: 0.4066037318923257, Inverse Test Loss: 3.7528790416139546, Train R2: 0.8445145587126414, Test R2: 0.8198744654655457, Inverse Test R2: 0.8198744654655457 
2026-02-26 16:54:52,175 INFO: Epoch 65, Train Loss: 0.38199178592273686, Test Loss: 0.40375660766254773, Inverse Test Loss: 3.7266005458253804, Train R2: 0.84870135558374, Test R2: 0.8212474584579468, Inverse Test R2: 0.8212474584579468 
2026-02-26 16:54:56,225 INFO: Epoch 66, Train Loss: 0.3838828896934336, Test Loss: 0.41363810951059515, Inverse Test Loss: 3.8178050156795615, Train R2: 0.8455245368408434, Test R2: 0.8134248852729797, Inverse Test R2: 0.813424825668335 
2026-02-26 16:55:00,266 INFO: Epoch 67, Train Loss: 0.3760464175632506, Test Loss: 0.41954915993141406, Inverse Test Loss: 3.872362960468639, Train R2: 0.853024195541035, Test R2: 0.808426022529602, Inverse Test R2: 0.8084259629249573 
2026-02-26 16:55:04,306 INFO: Epoch 68, Train Loss: 0.37721571247234487, Test Loss: 0.414023807554534, Inverse Test Loss: 3.821364995205041, Train R2: 0.8512973031311324, Test R2: 0.8115599155426025, Inverse Test R2: 0.8115598559379578 
2026-02-26 16:55:08,340 INFO: Epoch 69, Train Loss: 0.37389872889175557, Test Loss: 0.4095170543049321, Inverse Test Loss: 3.7797684597246572, Train R2: 0.8537635152990167, Test R2: 0.8164012432098389, Inverse Test R2: 0.8164012432098389 
2026-02-26 16:55:12,368 INFO: Epoch 70, Train Loss: 0.3809078272544976, Test Loss: 0.4193702015009793, Inverse Test Loss: 3.870711254351067, Train R2: 0.8480885484904954, Test R2: 0.807214617729187, Inverse Test R2: 0.807214617729187 
2026-02-26 16:55:12,368 INFO: Best Epoch 57, Best Test Loss: 0.39987817587274493, Inv Test Loss: 3.690803318312674, Best Test R2: 0.8266372680664062 
2026-02-26 16:55:16,391 INFO: Epoch 71, Train Loss: 0.37787466089833865, Test Loss: 0.4197900810024955, Inverse Test Loss: 3.8745866255326704, Train R2: 0.8509762978011911, Test R2: 0.807441771030426, Inverse Test R2: 0.807441771030426 
2026-02-26 16:55:20,416 INFO: Epoch 72, Train Loss: 0.37630469803557254, Test Loss: 0.4154232279820876, Inverse Test Loss: 3.8342813578518955, Train R2: 0.8517878854816611, Test R2: 0.8128940463066101, Inverse Test R2: 0.8128940463066101 
2026-02-26 16:55:24,492 INFO: Epoch 73, Train Loss: 0.37618433277715335, Test Loss: 0.4089122008193623, Inverse Test Loss: 3.7741857586484966, Train R2: 0.8515925655762354, Test R2: 0.8170246481895447, Inverse Test R2: 0.8170245885848999 
2026-02-26 16:55:28,549 INFO: Epoch 74, Train Loss: 0.37537629665298894, Test Loss: 0.4087955454985301, Inverse Test Loss: 3.7731090747948848, Train R2: 0.8537334334669691, Test R2: 0.8174581527709961, Inverse Test R2: 0.8174581527709961 
2026-02-26 16:55:32,604 INFO: Epoch 75, Train Loss: 0.3714866754457806, Test Loss: 0.4163762258760857, Inverse Test Loss: 3.8430773200410786, Train R2: 0.8559724313743187, Test R2: 0.8100428581237793, Inverse Test R2: 0.8100428581237793 
2026-02-26 16:55:36,649 INFO: Epoch 76, Train Loss: 0.371446681632237, Test Loss: 0.4189615123199694, Inverse Test Loss: 3.8669391111894087, Train R2: 0.8562297075986862, Test R2: 0.8080374002456665, Inverse Test R2: 0.8080374002456665 
2026-02-26 16:55:40,705 INFO: Epoch 77, Train Loss: 0.3667694709517739, Test Loss: 0.4176907521305662, Inverse Test Loss: 3.8552102320121997, Train R2: 0.860365143328002, Test R2: 0.8099168539047241, Inverse Test R2: 0.8099167943000793 
2026-02-26 16:55:44,763 INFO: Epoch 78, Train Loss: 0.3700353092316425, Test Loss: 0.4234677354494731, Inverse Test Loss: 3.9085308060501562, Train R2: 0.8568218540061604, Test R2: 0.8039124011993408, Inverse Test R2: 0.8039124011993408 
2026-02-26 16:55:48,809 INFO: Epoch 79, Train Loss: 0.36550673379591014, Test Loss: 0.42287859772190906, Inverse Test Loss: 3.903093099594116, Train R2: 0.8607049855318937, Test R2: 0.8056358098983765, Inverse Test R2: 0.8056357502937317 
2026-02-26 16:55:52,837 INFO: Epoch 80, Train Loss: 0.36723082196531875, Test Loss: 0.40766629486372974, Inverse Test Loss: 3.7626862309195777, Train R2: 0.858832422079462, Test R2: 0.8182971477508545, Inverse Test R2: 0.8182971477508545 
2026-02-26 16:55:52,837 INFO: Best Epoch 57, Best Test Loss: 0.39987817587274493, Inv Test Loss: 3.690803318312674, Best Test R2: 0.8266372680664062 
2026-02-26 16:55:56,867 INFO: Epoch 81, Train Loss: 0.36450753248099127, Test Loss: 0.4230708895307599, Inverse Test Loss: 3.904867981419419, Train R2: 0.8609707617398464, Test R2: 0.8039574027061462, Inverse Test R2: 0.8039573431015015 
2026-02-26 16:56:00,895 INFO: Epoch 82, Train Loss: 0.3648613855016954, Test Loss: 0.4086797842473695, Inverse Test Loss: 3.772040677793098, Train R2: 0.8596780665896155, Test R2: 0.8171170949935913, Inverse Test R2: 0.8171170353889465 
2026-02-26 16:56:04,915 INFO: Epoch 83, Train Loss: 0.36413093204751157, Test Loss: 0.4205040010538968, Inverse Test Loss: 3.8811760237722686, Train R2: 0.8616518125389562, Test R2: 0.8065465688705444, Inverse Test R2: 0.8065465092658997 
2026-02-26 16:56:08,952 INFO: Epoch 84, Train Loss: 0.36553708904168825, Test Loss: 0.41309102827852423, Inverse Test Loss: 3.812755483569521, Train R2: 0.8595573202227101, Test R2: 0.8144610524177551, Inverse Test R2: 0.8144610524177551 
2026-02-26 16:56:12,995 INFO: Epoch 85, Train Loss: 0.3643850434684392, Test Loss: 0.4139774306253953, Inverse Test Loss: 3.8209369254834726, Train R2: 0.8624160357496955, Test R2: 0.8139362335205078, Inverse Test R2: 0.8139362335205078 
2026-02-26 16:56:17,030 INFO: Epoch 86, Train Loss: 0.35966054384003987, Test Loss: 0.4115523939782923, Inverse Test Loss: 3.798554275975083, Train R2: 0.8646181564439427, Test R2: 0.8112125992774963, Inverse Test R2: 0.8112125992774963 
2026-02-26 16:56:21,070 INFO: Epoch 87, Train Loss: 0.3616262258905353, Test Loss: 0.41416820974060986, Inverse Test Loss: 3.8226977695118296, Train R2: 0.862742845307697, Test R2: 0.8118046522140503, Inverse Test R2: 0.8118046522140503 
2026-02-26 16:56:25,129 INFO: Epoch 88, Train Loss: 0.361605005621007, Test Loss: 0.41685652552228986, Inverse Test Loss: 3.8475104823256983, Train R2: 0.8628694062883203, Test R2: 0.8105003833770752, Inverse Test R2: 0.8105003833770752 
2026-02-26 16:56:29,178 INFO: Epoch 89, Train Loss: 0.3646131207545598, Test Loss: 0.4178490331678679, Inverse Test Loss: 3.8566710804447983, Train R2: 0.8606870887857495, Test R2: 0.8063957691192627, Inverse Test R2: 0.8063957691192627 
2026-02-26 16:56:33,225 INFO: Epoch 90, Train Loss: 0.3564755173795151, Test Loss: 0.4359948734442393, Inverse Test Loss: 4.024153933380589, Train R2: 0.8669540123506025, Test R2: 0.7924134731292725, Inverse Test R2: 0.7924134731292725 
2026-02-26 16:56:33,225 INFO: Best Epoch 57, Best Test Loss: 0.39987817587274493, Inv Test Loss: 3.690803318312674, Best Test R2: 0.8266372680664062 
2026-02-26 16:56:37,289 INFO: Epoch 91, Train Loss: 0.354834339835427, Test Loss: 0.4174266421433651, Inverse Test Loss: 3.852772568211411, Train R2: 0.867759545192574, Test R2: 0.8106193542480469, Inverse Test R2: 0.8106193542480469 
2026-02-26 16:56:41,323 INFO: Epoch 92, Train Loss: 0.35382065809134283, Test Loss: 0.4290133868203019, Inverse Test Loss: 3.9597160960688735, Train R2: 0.8686172519669388, Test R2: 0.7974377274513245, Inverse Test R2: 0.7974377274513245 
2026-02-26 16:56:45,373 INFO: Epoch 93, Train Loss: 0.3537730331899542, Test Loss: 0.4150230387846629, Inverse Test Loss: 3.8305876471779565, Train R2: 0.8682833015918732, Test R2: 0.8112356662750244, Inverse Test R2: 0.8112356662750244 
2026-02-26 16:56:49,403 INFO: Epoch 94, Train Loss: 0.354948556107102, Test Loss: 0.428867319316575, Inverse Test Loss: 3.9583678968024976, Train R2: 0.8687952445311979, Test R2: 0.7978147268295288, Inverse Test R2: 0.7978147268295288 
2026-02-26 16:56:53,433 INFO: Epoch 95, Train Loss: 0.3522091952688766, Test Loss: 0.41400065024693805, Inverse Test Loss: 3.821151220437252, Train R2: 0.8702371441053621, Test R2: 0.8117790222167969, Inverse Test R2: 0.8117790222167969 
2026-02-26 16:56:57,488 INFO: Epoch 96, Train Loss: 0.3509355533980962, Test Loss: 0.4152607321739197, Inverse Test Loss: 3.8327815604932383, Train R2: 0.8699593020207954, Test R2: 0.8111838698387146, Inverse Test R2: 0.8111838698387146 
2026-02-26 16:57:01,520 INFO: Epoch 97, Train Loss: 0.3467042005874894, Test Loss: 0.421650742039536, Inverse Test Loss: 3.8917602120023784, Train R2: 0.8738871600591775, Test R2: 0.8041980266571045, Inverse Test R2: 0.8041980266571045 
2026-02-26 16:57:05,594 INFO: Epoch 98, Train Loss: 0.3492710711152265, Test Loss: 0.42280462022983667, Inverse Test Loss: 3.9024102398843477, Train R2: 0.8710989098657261, Test R2: 0.8043618202209473, Inverse Test R2: 0.8043618202209473 
2026-02-26 16:57:09,613 INFO: Epoch 99, Train Loss: 0.3494838317009536, Test Loss: 0.44042954751939484, Inverse Test Loss: 4.065085179878004, Train R2: 0.8708374653801774, Test R2: 0.7850358486175537, Inverse Test R2: 0.7850357890129089 
2026-02-26 16:57:13,652 INFO: Epoch 100, Train Loss: 0.34989343572295073, Test Loss: 0.431426951379487, Inverse Test Loss: 3.9819928443793096, Train R2: 0.8703526497790308, Test R2: 0.7946087121963501, Inverse Test R2: 0.7946087121963501 
2026-02-26 16:57:13,652 INFO: Best Epoch 57, Best Test Loss: 0.39987817587274493, Inv Test Loss: 3.690803318312674, Best Test R2: 0.8266372680664062 
2026-02-26 16:57:17,695 INFO: Epoch 101, Train Loss: 0.34454617062301346, Test Loss: 0.42191998886339593, Inverse Test Loss: 3.8942453427748247, Train R2: 0.8746322285045277, Test R2: 0.8035600781440735, Inverse Test R2: 0.8035600185394287 
2026-02-26 16:57:21,730 INFO: Epoch 102, Train Loss: 0.34729159555651923, Test Loss: 0.4274644698157455, Inverse Test Loss: 3.9454198967326772, Train R2: 0.8743640080545888, Test R2: 0.7989963293075562, Inverse Test R2: 0.7989963293075562 
2026-02-26 16:57:25,771 INFO: Epoch 103, Train Loss: 0.34932354295795615, Test Loss: 0.4185015784971642, Inverse Test Loss: 3.862693960016424, Train R2: 0.8724347912903988, Test R2: 0.807012140750885, Inverse Test R2: 0.8070120811462402 
2026-02-26 16:57:29,826 INFO: Epoch 104, Train Loss: 0.3429918327566349, Test Loss: 0.4322974582513173, Inverse Test Loss: 3.990027514371005, Train R2: 0.8768443921298692, Test R2: 0.7930023074150085, Inverse Test R2: 0.7930023074150085 
2026-02-26 16:57:33,886 INFO: Epoch 105, Train Loss: 0.34866123646497726, Test Loss: 0.42390212416648865, Inverse Test Loss: 3.912540074550744, Train R2: 0.872037082007437, Test R2: 0.8017237186431885, Inverse Test R2: 0.8017237186431885 
2026-02-26 16:57:37,938 INFO: Epoch 106, Train Loss: 0.3452546088532968, Test Loss: 0.41783730459935736, Inverse Test Loss: 3.8565628962083296, Train R2: 0.8754104231343125, Test R2: 0.8080728650093079, Inverse Test R2: 0.8080728054046631 
2026-02-26 16:57:41,986 INFO: Epoch 107, Train Loss: 0.34278509427200665, Test Loss: 0.4289498645247835, Inverse Test Loss: 3.959129745310003, Train R2: 0.8764473935871413, Test R2: 0.7986609935760498, Inverse Test R2: 0.7986609935760498 
2026-02-26 16:57:46,074 INFO: Epoch 108, Train Loss: 0.3439385648252386, Test Loss: 0.42536623279253644, Inverse Test Loss: 3.9260534806685015, Train R2: 0.8760798180645163, Test R2: 0.8011344075202942, Inverse Test R2: 0.8011343479156494 
2026-02-26 16:57:50,132 INFO: Epoch 109, Train Loss: 0.3420749463592515, Test Loss: 0.42782831914497144, Inverse Test Loss: 3.948778159690626, Train R2: 0.8772290890867059, Test R2: 0.7997703552246094, Inverse Test R2: 0.7997703552246094 
2026-02-26 16:57:54,194 INFO: Epoch 110, Train Loss: 0.34545110775665805, Test Loss: 0.43084211331425293, Inverse Test Loss: 3.976594924926758, Train R2: 0.8753537738865073, Test R2: 0.7972905039787292, Inverse Test R2: 0.7972904443740845 
2026-02-26 16:57:54,194 INFO: Best Epoch 57, Best Test Loss: 0.39987817587274493, Inv Test Loss: 3.690803318312674, Best Test R2: 0.8266372680664062 
2026-02-26 16:57:58,281 INFO: Epoch 111, Train Loss: 0.33879232621102623, Test Loss: 0.4401185494480711, Inverse Test Loss: 4.0622147213328965, Train R2: 0.8788713167111079, Test R2: 0.7844107151031494, Inverse Test R2: 0.7844107151031494 
2026-02-26 16:58:02,349 INFO: Epoch 112, Train Loss: 0.33501195512486226, Test Loss: 0.41906718683965277, Inverse Test Loss: 3.8679145032709297, Train R2: 0.8822932889064153, Test R2: 0.8080781698226929, Inverse Test R2: 0.8080781102180481 
2026-02-26 16:58:06,411 INFO: Epoch 113, Train Loss: 0.3353565329629363, Test Loss: 0.42481019822033966, Inverse Test Loss: 3.920921383482037, Train R2: 0.8811986541206186, Test R2: 0.8026956915855408, Inverse Test R2: 0.8026956915855408 
2026-02-26 16:58:10,478 INFO: Epoch 114, Train Loss: 0.3304418737463879, Test Loss: 0.41877309571612964, Inverse Test Loss: 3.865200006600582, Train R2: 0.8851157900961962, Test R2: 0.8077964782714844, Inverse Test R2: 0.8077964782714844 
2026-02-26 16:58:14,527 INFO: Epoch 115, Train Loss: 0.3363307129704591, Test Loss: 0.41801438999898505, Inverse Test Loss: 3.858197306141709, Train R2: 0.8803910793680133, Test R2: 0.8072410225868225, Inverse Test R2: 0.8072409629821777 
2026-02-26 16:58:18,600 INFO: Epoch 116, Train Loss: 0.34242177653041755, Test Loss: 0.4285428686575456, Inverse Test Loss: 3.955373344999371, Train R2: 0.8761112563537828, Test R2: 0.8000233769416809, Inverse Test R2: 0.8000233769416809 
2026-02-26 16:58:22,664 INFO: Epoch 117, Train Loss: 0.34480516465775896, Test Loss: 0.4146190303744692, Inverse Test Loss: 3.8268587444767808, Train R2: 0.8748580276062994, Test R2: 0.8116306066513062, Inverse Test R2: 0.8116306066513062 
2026-02-26 16:58:26,740 INFO: Epoch 118, Train Loss: 0.34224057762008725, Test Loss: 0.42046557412003027, Inverse Test Loss: 3.880821314725009, Train R2: 0.8770143669663053, Test R2: 0.8045685887336731, Inverse Test R2: 0.8045685887336731 
2026-02-26 16:58:30,811 INFO: Epoch 119, Train Loss: 0.33573787275588873, Test Loss: 0.4249441117951364, Inverse Test Loss: 3.9221573598457105, Train R2: 0.8816012225367806, Test R2: 0.801521360874176, Inverse Test R2: 0.801521360874176 
2026-02-26 16:58:34,852 INFO: Epoch 120, Train Loss: 0.32768783898967685, Test Loss: 0.4440154026855122, Inverse Test Loss: 4.098181948517308, Train R2: 0.8872530090086388, Test R2: 0.7791025638580322, Inverse Test R2: 0.7791025638580322 
2026-02-26 16:58:34,852 INFO: Best Epoch 57, Best Test Loss: 0.39987817587274493, Inv Test Loss: 3.690803318312674, Best Test R2: 0.8266372680664062 
2026-02-26 16:58:38,921 INFO: Epoch 121, Train Loss: 0.3288444396898602, Test Loss: 0.43608103466756415, Inverse Test Loss: 4.024949232737224, Train R2: 0.8855917647932515, Test R2: 0.7877712845802307, Inverse Test R2: 0.7877712249755859 
2026-02-26 16:58:42,967 INFO: Epoch 122, Train Loss: 0.33455397019332106, Test Loss: 0.42622086947614496, Inverse Test Loss: 3.9339416388309365, Train R2: 0.8832979622212324, Test R2: 0.8002774715423584, Inverse Test R2: 0.8002774715423584 
2026-02-26 16:58:47,032 INFO: Epoch 123, Train Loss: 0.33285562829537824, Test Loss: 0.44720671754894836, Inverse Test Loss: 4.127637249050719, Train R2: 0.8835955456350789, Test R2: 0.7738736867904663, Inverse Test R2: 0.7738736867904663 
2026-02-26 16:58:51,097 INFO: Epoch 124, Train Loss: 0.336829074517344, Test Loss: 0.4492987574953021, Inverse Test Loss: 4.14694644465591, Train R2: 0.8789088771198735, Test R2: 0.7718038558959961, Inverse Test R2: 0.7718037962913513 
2026-02-26 16:58:55,162 INFO: Epoch 125, Train Loss: 0.33376860923387786, Test Loss: 0.42547629818771826, Inverse Test Loss: 3.927069461706913, Train R2: 0.8830455686106826, Test R2: 0.8017373085021973, Inverse Test R2: 0.8017373085021973 
2026-02-26 16:58:59,241 INFO: Epoch 126, Train Loss: 0.3314499135947589, Test Loss: 0.43570837739742163, Inverse Test Loss: 4.0215096762686064, Train R2: 0.8832377154718746, Test R2: 0.7882755994796753, Inverse Test R2: 0.7882755994796753 
2026-02-26 16:59:03,305 INFO: Epoch 127, Train Loss: 0.34226039751912607, Test Loss: 0.42275661410707416, Inverse Test Loss: 3.9019672003659336, Train R2: 0.8772811072342324, Test R2: 0.802366316318512, Inverse Test R2: 0.8023662567138672 
2026-02-26 16:59:07,353 INFO: Epoch 128, Train Loss: 0.33036928206230654, Test Loss: 0.4481120723666567, Inverse Test Loss: 4.135993524031206, Train R2: 0.8848042330055526, Test R2: 0.7823324799537659, Inverse Test R2: 0.7823324203491211 
2026-02-26 16:59:11,427 INFO: Epoch 129, Train Loss: 0.33460010001153656, Test Loss: 0.42630138902953174, Inverse Test Loss: 3.9346847967668013, Train R2: 0.8829667753342426, Test R2: 0.7997095584869385, Inverse Test R2: 0.7997095584869385 
2026-02-26 16:59:15,474 INFO: Epoch 130, Train Loss: 0.3276897545791034, Test Loss: 0.4280026148666035, Inverse Test Loss: 3.950386798743046, Train R2: 0.8863801721370581, Test R2: 0.7965279221534729, Inverse Test R2: 0.7965278625488281 
2026-02-26 16:59:15,475 INFO: Best Epoch 57, Best Test Loss: 0.39987817587274493, Inv Test Loss: 3.690803318312674, Best Test R2: 0.8266372680664062 
2026-02-26 16:59:19,547 INFO: Epoch 131, Train Loss: 0.32117732320771075, Test Loss: 0.431543975165396, Inverse Test Loss: 3.9830728949922505, Train R2: 0.892315025582458, Test R2: 0.7920445203781128, Inverse Test R2: 0.792044460773468 
2026-02-26 16:59:23,601 INFO: Epoch 132, Train Loss: 0.32167845682212803, Test Loss: 0.43627694881323614, Inverse Test Loss: 4.026757529287627, Train R2: 0.8905002727653041, Test R2: 0.7908905148506165, Inverse Test R2: 0.7908904552459717 
2026-02-26 16:59:27,686 INFO: Epoch 133, Train Loss: 0.3227343318814581, Test Loss: 0.4414821673523296, Inverse Test Loss: 4.0748005419066455, Train R2: 0.8898224758379387, Test R2: 0.781859815120697, Inverse Test R2: 0.781859815120697 
2026-02-26 16:59:31,752 INFO: Epoch 134, Train Loss: 0.321752182913549, Test Loss: 0.4239833851655324, Inverse Test Loss: 3.9132901177261816, Train R2: 0.8904357236443143, Test R2: 0.8014172315597534, Inverse Test R2: 0.8014171719551086 
2026-02-26 16:59:35,822 INFO: Epoch 135, Train Loss: 0.32461072504520416, Test Loss: 0.4351280358704654, Inverse Test Loss: 4.016153299447262, Train R2: 0.8887785894401146, Test R2: 0.7884817123413086, Inverse Test R2: 0.7884817123413086 
2026-02-26 16:59:39,861 INFO: Epoch 136, Train Loss: 0.32374491000717337, Test Loss: 0.4210111363367601, Inverse Test Loss: 3.885856765689272, Train R2: 0.8898000586213488, Test R2: 0.8040186166763306, Inverse Test R2: 0.8040186166763306 
2026-02-26 16:59:43,901 INFO: Epoch 137, Train Loss: 0.32668432694944466, Test Loss: 0.41515717000672314, Inverse Test Loss: 3.8318257476344253, Train R2: 0.8879050842740319, Test R2: 0.8123214244842529, Inverse Test R2: 0.8123213648796082 
2026-02-26 16:59:47,959 INFO: Epoch 138, Train Loss: 0.3219595475856102, Test Loss: 0.419460395971934, Inverse Test Loss: 3.871543624184348, Train R2: 0.8905200791178327, Test R2: 0.8080515265464783, Inverse Test R2: 0.8080515265464783 
2026-02-26 16:59:52,015 INFO: Epoch 139, Train Loss: 0.32327100205602066, Test Loss: 0.427622526884079, Inverse Test Loss: 3.9468786644213125, Train R2: 0.8903037557999293, Test R2: 0.7989014387130737, Inverse Test R2: 0.7989014387130737 
2026-02-26 16:59:56,052 INFO: Epoch 140, Train Loss: 0.31763338579824474, Test Loss: 0.4177483726631511, Inverse Test Loss: 3.8557420643893154, Train R2: 0.8926669399846684, Test R2: 0.8077812194824219, Inverse Test R2: 0.8077812194824219 
2026-02-26 16:59:56,052 INFO: Best Epoch 57, Best Test Loss: 0.39987817587274493, Inv Test Loss: 3.690803318312674, Best Test R2: 0.8266372680664062 
2026-02-26 17:00:00,121 INFO: Epoch 141, Train Loss: 0.319393801079555, Test Loss: 0.4150501218709079, Inverse Test Loss: 3.830837618220936, Train R2: 0.8927249976179816, Test R2: 0.8110647201538086, Inverse Test R2: 0.8110647797584534 
2026-02-26 17:00:04,144 INFO: Epoch 142, Train Loss: 0.3202900593027924, Test Loss: 0.4148003702813929, Inverse Test Loss: 3.8285325223749336, Train R2: 0.8908644201177539, Test R2: 0.8115553855895996, Inverse Test R2: 0.8115553855895996 
2026-02-26 17:00:08,216 INFO: Epoch 143, Train Loss: 0.3271916482710477, Test Loss: 0.4318084174936468, Inverse Test Loss: 3.9855137160330107, Train R2: 0.8860581833304781, Test R2: 0.7920948266983032, Inverse Test R2: 0.7920947670936584 
2026-02-26 17:00:12,269 INFO: Epoch 144, Train Loss: 0.3307771154425361, Test Loss: 0.43715093623508106, Inverse Test Loss: 4.034824219616977, Train R2: 0.8853455411665367, Test R2: 0.7845512628555298, Inverse Test R2: 0.784551203250885 
2026-02-26 17:00:16,322 INFO: Epoch 145, Train Loss: 0.32198723383022076, Test Loss: 0.4283714980790109, Inverse Test Loss: 3.9537915027502812, Train R2: 0.8909488401629708, Test R2: 0.7959166765213013, Inverse Test R2: 0.7959166169166565 
2026-02-26 17:00:20,384 INFO: Epoch 146, Train Loss: 0.31825326721776614, Test Loss: 0.4368358471176841, Inverse Test Loss: 4.031916004238707, Train R2: 0.8932686976411126, Test R2: 0.7921044826507568, Inverse Test R2: 0.7921044826507568 
2026-02-26 17:00:24,443 INFO: Epoch 147, Train Loss: 0.31535408115296654, Test Loss: 0.4277017658407038, Inverse Test Loss: 3.9476100820483584, Train R2: 0.8953866493521314, Test R2: 0.7991479635238647, Inverse Test R2: 0.7991479635238647 
2026-02-26 17:00:28,687 INFO: Epoch 148, Train Loss: 0.31116254797035997, Test Loss: 0.42253664858413464, Inverse Test Loss: 3.8999369433431914, Train R2: 0.8977638455954465, Test R2: 0.8026231527328491, Inverse Test R2: 0.8026231527328491 
2026-02-26 17:00:32,761 INFO: Epoch 149, Train Loss: 0.3157460934510737, Test Loss: 0.44084349184325244, Inverse Test Loss: 4.068905830383301, Train R2: 0.8942315682317271, Test R2: 0.7843810319900513, Inverse Test R2: 0.7843810319900513 
2026-02-26 17:00:36,932 INFO: Epoch 150, Train Loss: 0.3144076144830747, Test Loss: 0.4374134098038529, Inverse Test Loss: 4.037246848597671, Train R2: 0.8951669132167642, Test R2: 0.7877616882324219, Inverse Test R2: 0.7877616882324219 
2026-02-26 17:00:36,932 INFO: Best Epoch 57, Best Test Loss: 0.39987817587274493, Inv Test Loss: 3.690803318312674, Best Test R2: 0.8266372680664062 
