2026-01-16 20:26:59,313 INFO: log_path:/logs_2026_1_16_HS_RMSE/AMFormer_simple_MLP_dim32_depth2_heads4_dropout0.4_fusion0.45_0.55_lr0.001 
2026-01-16 20:26:59,314 INFO: Model:namespace(attn_dropout=0.4, categories=[], cluster=3, depth=2, dim=32, ff_dropout=0.4, groups=[54, 54, 54], heads=4, name='AMFormer_simple_MLP_dim32_depth2_heads4_dropout0.4_fusion0.45_0.55', num_cate=0, num_cont=20, num_special_tokens=1, out_dim=1, predictor='simple_MLP', prod_num_per_group=[6, 6, 6], qk_relu=False, static_fusion={'kan_weight': 0.45, 'trans_weight': 0.55}, sum_num_per_group=[32, 16, 8], target_mode='regression', token_descent=False, use_cls_token=True, use_prod=True, use_row_col_attention=True, use_sigmoid=True) 
2026-01-16 20:26:59,314 INFO: lr:0.001, loss:RMSE 
2026-01-16 20:26:59,314 INFO: Dataset:HS, Target:['metal6_Peak'] 
2026-01-16 20:26:59,314 INFO: ------Begin Training Model------ 
2026-01-16 20:27:12,306 INFO: Epoch 1, Train Loss: 0.7746563937627908, Test Loss: 0.6780933394576564, Inverse Test Loss: 6.258678855318012, Train R2: 0.3851520030787497, Test R2: 0.5107879638671875, Inverse Test R2: 0.5107879638671875 
2026-01-16 20:27:18,232 INFO: Epoch 2, Train Loss: 0.6548773280598901, Test Loss: 0.5995605055129889, Inverse Test Loss: 5.533835107629949, Train R2: 0.5588131835966399, Test R2: 0.6139416098594666, Inverse Test R2: 0.6139416098594666 
2026-01-16 20:27:23,954 INFO: Epoch 3, Train Loss: 0.5931519750844348, Test Loss: 0.5462357952739253, Inverse Test Loss: 5.041657700683132, Train R2: 0.640180455012755, Test R2: 0.6768615245819092, Inverse Test R2: 0.6768614053726196 
2026-01-16 20:27:29,677 INFO: Epoch 4, Train Loss: 0.5551404968807192, Test Loss: 0.5236149872794296, Inverse Test Loss: 4.832871754964192, Train R2: 0.6835471161387183, Test R2: 0.7041022777557373, Inverse Test R2: 0.7041022777557373 
2026-01-16 20:27:34,950 INFO: Epoch 5, Train Loss: 0.5427166839892213, Test Loss: 0.5152922904852665, Inverse Test Loss: 4.7560547626379766, Train R2: 0.6985548409548673, Test R2: 0.7122863531112671, Inverse Test R2: 0.7122863531112671 
2026-01-16 20:27:40,423 INFO: Epoch 6, Train Loss: 0.5240277548631033, Test Loss: 0.5019552834106215, Inverse Test Loss: 4.632956584294637, Train R2: 0.717308631900585, Test R2: 0.7279458045959473, Inverse Test R2: 0.7279456853866577 
2026-01-16 20:27:45,685 INFO: Epoch 7, Train Loss: 0.5145578142819982, Test Loss: 0.4820757047696547, Inverse Test Loss: 4.449471632639567, Train R2: 0.7271624984163226, Test R2: 0.7478886842727661, Inverse Test R2: 0.7478886842727661 
2026-01-16 20:27:51,064 INFO: Epoch 8, Train Loss: 0.5076769987742106, Test Loss: 0.4880609232367891, Inverse Test Loss: 4.5047141566421045, Train R2: 0.734081970019774, Test R2: 0.7405102252960205, Inverse Test R2: 0.7405101656913757 
2026-01-16 20:27:56,400 INFO: Epoch 9, Train Loss: 0.49940563467415894, Test Loss: 0.4844711549354322, Inverse Test Loss: 4.471581235076442, Train R2: 0.7441443539027012, Test R2: 0.7451497316360474, Inverse Test R2: 0.7451497316360474 
2026-01-16 20:28:01,932 INFO: Epoch 10, Train Loss: 0.48873853570584097, Test Loss: 0.4658832423614733, Inverse Test Loss: 4.300018129926739, Train R2: 0.7537434606841116, Test R2: 0.7635437846183777, Inverse Test R2: 0.7635437250137329 
2026-01-16 20:28:07,586 INFO: Epoch 11, Train Loss: 0.4831458528836568, Test Loss: 0.47002806627389154, Inverse Test Loss: 4.338274132121693, Train R2: 0.7599423884442358, Test R2: 0.7596031427383423, Inverse Test R2: 0.7596032023429871 
2026-01-16 20:28:13,066 INFO: Epoch 12, Train Loss: 0.48810515597914206, Test Loss: 0.4560160519498767, Inverse Test Loss: 4.208945787314213, Train R2: 0.7549114168593378, Test R2: 0.7728108167648315, Inverse Test R2: 0.7728108167648315 
2026-01-16 20:28:18,915 INFO: Epoch 13, Train Loss: 0.4737703687313831, Test Loss: 0.4604310592015584, Inverse Test Loss: 4.24969548890085, Train R2: 0.7681407047943636, Test R2: 0.7697128057479858, Inverse Test R2: 0.7697127461433411 
2026-01-16 20:28:24,162 INFO: Epoch 14, Train Loss: 0.47813896947737894, Test Loss: 0.48667064580050384, Inverse Test Loss: 4.49188207135056, Train R2: 0.7644535790790211, Test R2: 0.7444443702697754, Inverse Test R2: 0.7444443702697754 
2026-01-16 20:28:29,386 INFO: Epoch 15, Train Loss: 0.4642348700400555, Test Loss: 0.45737912799372815, Inverse Test Loss: 4.221526745593909, Train R2: 0.7778011239839323, Test R2: 0.7702524662017822, Inverse Test R2: 0.7702524065971375 
2026-01-16 20:28:34,666 INFO: Epoch 16, Train Loss: 0.46294191321640304, Test Loss: 0.4454159727602294, Inverse Test Loss: 4.111108852155281, Train R2: 0.7793365771120245, Test R2: 0.7826358079910278, Inverse Test R2: 0.7826358079910278 
2026-01-16 20:28:40,090 INFO: Epoch 17, Train Loss: 0.45659388105074566, Test Loss: 0.4467971216548573, Inverse Test Loss: 4.123856725114765, Train R2: 0.7850235944444482, Test R2: 0.7838999032974243, Inverse Test R2: 0.7838999032974243 
2026-01-16 20:28:45,634 INFO: Epoch 18, Train Loss: 0.45847986819166126, Test Loss: 0.4460313320159912, Inverse Test Loss: 4.116788596817941, Train R2: 0.7823481171420126, Test R2: 0.7840319871902466, Inverse Test R2: 0.7840319871902466 
2026-01-16 20:28:51,081 INFO: Epoch 19, Train Loss: 0.44956595902190066, Test Loss: 0.45253256143945636, Inverse Test Loss: 4.176793792031028, Train R2: 0.7905086626609167, Test R2: 0.7770825624465942, Inverse Test R2: 0.7770825624465942 
2026-01-16 20:28:56,467 INFO: Epoch 20, Train Loss: 0.4496693976900794, Test Loss: 0.4441121645046003, Inverse Test Loss: 4.099075107863455, Train R2: 0.7904189974069595, Test R2: 0.7862344980239868, Inverse Test R2: 0.7862344980239868 
2026-01-16 20:29:01,756 INFO: Epoch 21, Train Loss: 0.4470108808441596, Test Loss: 0.43349825432806305, Inverse Test Loss: 4.001110669338342, Train R2: 0.7918199689099283, Test R2: 0.7953406572341919, Inverse Test R2: 0.7953406572341919 
2026-01-16 20:29:07,111 INFO: Epoch 22, Train Loss: 0.4433416776133306, Test Loss: 0.42925846667000744, Inverse Test Loss: 3.961978153748946, Train R2: 0.797266399770072, Test R2: 0.798046350479126, Inverse Test R2: 0.798046350479126 
2026-01-16 20:29:12,899 INFO: Epoch 23, Train Loss: 0.44136296144940634, Test Loss: 0.4195631435423186, Inverse Test Loss: 3.8724920821912363, Train R2: 0.7983687298767495, Test R2: 0.8072372674942017, Inverse Test R2: 0.8072372674942017 
2026-01-16 20:29:18,237 INFO: Epoch 24, Train Loss: 0.4372313596082456, Test Loss: 0.42577916744983557, Inverse Test Loss: 3.9298648328492134, Train R2: 0.8018096775719614, Test R2: 0.8013583421707153, Inverse Test R2: 0.8013582825660706 
2026-01-16 20:29:23,583 INFO: Epoch 25, Train Loss: 0.4344583454005646, Test Loss: 0.42399519140070135, Inverse Test Loss: 3.91339906056722, Train R2: 0.8039023352391792, Test R2: 0.8029362559318542, Inverse Test R2: 0.8029362559318542 
2026-01-16 20:29:28,907 INFO: Epoch 26, Train Loss: 0.4349330659165527, Test Loss: 0.4249091654112845, Inverse Test Loss: 3.9218349240042945, Train R2: 0.804909936857946, Test R2: 0.8037248849868774, Inverse Test R2: 0.8037248849868774 
2026-01-16 20:29:34,253 INFO: Epoch 27, Train Loss: 0.43032586777752097, Test Loss: 0.4244155224525567, Inverse Test Loss: 3.917278607686361, Train R2: 0.8081430941820145, Test R2: 0.8026217222213745, Inverse Test R2: 0.8026216626167297 
2026-01-16 20:29:39,655 INFO: Epoch 28, Train Loss: 0.42702804099429736, Test Loss: 0.41209373871485394, Inverse Test Loss: 3.803550778013287, Train R2: 0.8118031404235146, Test R2: 0.8134173154830933, Inverse Test R2: 0.8134173154830933 
2026-01-16 20:29:45,252 INFO: Epoch 29, Train Loss: 0.4269662533294071, Test Loss: 0.4073417430574244, Inverse Test Loss: 3.7596907037677187, Train R2: 0.8111982634573272, Test R2: 0.8187766075134277, Inverse Test R2: 0.8187766075134277 
2026-01-16 20:29:50,620 INFO: Epoch 30, Train Loss: 0.4328033131631938, Test Loss: 0.4182776050134139, Inverse Test Loss: 3.860626777013143, Train R2: 0.8057640786423828, Test R2: 0.809245228767395, Inverse Test R2: 0.809245228767395 
2026-01-16 20:29:55,904 INFO: Epoch 31, Train Loss: 0.42461508083524124, Test Loss: 0.4221104220910506, Inverse Test Loss: 3.896002957315156, Train R2: 0.81369948387146, Test R2: 0.8054115176200867, Inverse Test R2: 0.8054115176200867 
2026-01-16 20:30:01,315 INFO: Epoch 32, Train Loss: 0.42194137519056146, Test Loss: 0.42162805073189014, Inverse Test Loss: 3.8915507648930405, Train R2: 0.8144828392700716, Test R2: 0.8056508302688599, Inverse Test R2: 0.8056508302688599 
2026-01-16 20:30:06,820 INFO: Epoch 33, Train Loss: 0.4200755509011673, Test Loss: 0.4189262796532024, Inverse Test Loss: 3.8666139660459575, Train R2: 0.8160556816693508, Test R2: 0.8091799020767212, Inverse Test R2: 0.8091798424720764 
2026-01-16 20:30:12,030 INFO: Epoch 34, Train Loss: 0.42063540784698544, Test Loss: 0.41855294686375244, Inverse Test Loss: 3.86316813844623, Train R2: 0.8173077363859523, Test R2: 0.8092424869537354, Inverse Test R2: 0.8092424273490906 
2026-01-16 20:30:17,276 INFO: Epoch 35, Train Loss: 0.4222173031532403, Test Loss: 0.41188218647783453, Inverse Test Loss: 3.8015981298504453, Train R2: 0.8159311824675762, Test R2: 0.8151163458824158, Inverse Test R2: 0.8151163458824158 
2026-01-16 20:30:22,780 INFO: Epoch 36, Train Loss: 0.4152983379634944, Test Loss: 0.41175012516252923, Inverse Test Loss: 3.800379269050829, Train R2: 0.8209369047121569, Test R2: 0.8155307769775391, Inverse Test R2: 0.8155307769775391 
2026-01-16 20:30:28,170 INFO: Epoch 37, Train Loss: 0.4110661605090806, Test Loss: 0.4229207255623557, Inverse Test Loss: 3.903481895273382, Train R2: 0.8244467793088971, Test R2: 0.8046875, Inverse Test R2: 0.8046874403953552 
2026-01-16 20:30:33,470 INFO: Epoch 38, Train Loss: 0.4109060773343751, Test Loss: 0.4141539931297302, Inverse Test Loss: 3.8225665525956587, Train R2: 0.8244213805054174, Test R2: 0.8139472603797913, Inverse Test R2: 0.8139472603797913 
2026-01-16 20:30:39,051 INFO: Epoch 39, Train Loss: 0.41461512446403503, Test Loss: 0.42069925503297284, Inverse Test Loss: 3.882978143114032, Train R2: 0.8216446105277899, Test R2: 0.8068013191223145, Inverse Test R2: 0.8068013191223145 
2026-01-16 20:30:43,664 INFO: Epoch 40, Train Loss: 0.41056827749266767, Test Loss: 0.419726955168175, Inverse Test Loss: 3.8740040388974277, Train R2: 0.8235772085009199, Test R2: 0.807921826839447, Inverse Test R2: 0.8079217672348022 
2026-01-16 20:30:48,225 INFO: Epoch 41, Train Loss: 0.41211981642426865, Test Loss: 0.40931618936134107, Inverse Test Loss: 3.777914524078369, Train R2: 0.8221666230396791, Test R2: 0.8174194693565369, Inverse Test R2: 0.8174194693565369 
2026-01-16 20:30:52,967 INFO: Epoch 42, Train Loss: 0.4054010614301219, Test Loss: 0.4052414225809502, Inverse Test Loss: 3.7403051564187715, Train R2: 0.8293273530223153, Test R2: 0.8204072713851929, Inverse Test R2: 0.8204072713851929 
2026-01-16 20:30:57,464 INFO: Epoch 43, Train Loss: 0.40634210046493646, Test Loss: 0.4170346973520337, Inverse Test Loss: 3.8491549058394, Train R2: 0.8279954113743522, Test R2: 0.8090591430664062, Inverse Test R2: 0.8090591430664062 
2026-01-16 20:31:01,863 INFO: Epoch 44, Train Loss: 0.4079134749869506, Test Loss: 0.40321377913157147, Inverse Test Loss: 3.7215903889049184, Train R2: 0.8276288848031651, Test R2: 0.8224788904190063, Inverse Test R2: 0.8224788904190063 
2026-01-16 20:31:06,228 INFO: Epoch 45, Train Loss: 0.40205834060907364, Test Loss: 0.41051601008935407, Inverse Test Loss: 3.7889886697133384, Train R2: 0.8313089058254705, Test R2: 0.8157299757003784, Inverse Test R2: 0.8157299757003784 
2026-01-16 20:31:10,582 INFO: Epoch 46, Train Loss: 0.4045575261116028, Test Loss: 0.410250978939461, Inverse Test Loss: 3.786542444518118, Train R2: 0.8284709981896661, Test R2: 0.8155890703201294, Inverse Test R2: 0.8155890107154846 
2026-01-16 20:31:15,071 INFO: Epoch 47, Train Loss: 0.40437745641578327, Test Loss: 0.416943222284317, Inverse Test Loss: 3.848310629526774, Train R2: 0.8297825293107466, Test R2: 0.8110877275466919, Inverse Test R2: 0.8110877275466919 
2026-01-16 20:31:19,691 INFO: Epoch 48, Train Loss: 0.4044228478363066, Test Loss: 0.4039543496839928, Inverse Test Loss: 3.728425712296457, Train R2: 0.8306666707450693, Test R2: 0.8207821249961853, Inverse Test R2: 0.8207821249961853 
2026-01-16 20:31:24,239 INFO: Epoch 49, Train Loss: 0.4055364393826687, Test Loss: 0.4045719097961079, Inverse Test Loss: 3.734125686414314, Train R2: 0.8288124004999796, Test R2: 0.8212994337081909, Inverse Test R2: 0.8212994337081909 
2026-01-16 20:31:28,803 INFO: Epoch 50, Train Loss: 0.39887922595847736, Test Loss: 0.4077708359920617, Inverse Test Loss: 3.763651147033229, Train R2: 0.8346474500316562, Test R2: 0.8180850744247437, Inverse Test R2: 0.8180850744247437 
2026-01-16 20:31:33,574 INFO: Epoch 51, Train Loss: 0.39268882617805945, Test Loss: 0.4369553499149554, Inverse Test Loss: 4.033018878011992, Train R2: 0.8392407194231496, Test R2: 0.7931236028671265, Inverse Test R2: 0.7931236028671265 
2026-01-16 20:31:39,046 INFO: Epoch 52, Train Loss: 0.399857600417101, Test Loss: 0.4223028150471774, Inverse Test Loss: 3.8977788000395805, Train R2: 0.8335234351230391, Test R2: 0.8060610294342041, Inverse Test R2: 0.8060610294342041 
2026-01-16 20:31:44,433 INFO: Epoch 53, Train Loss: 0.3949009092016654, Test Loss: 0.4100609701691252, Inverse Test Loss: 3.784788702473496, Train R2: 0.8378772713018187, Test R2: 0.816618800163269, Inverse Test R2: 0.8166187405586243 
2026-01-16 20:31:50,025 INFO: Epoch 54, Train Loss: 0.39543428407473996, Test Loss: 0.4200656088915738, Inverse Test Loss: 3.8771296631206167, Train R2: 0.8379140410459402, Test R2: 0.807279646396637, Inverse Test R2: 0.807279646396637 
2026-01-16 20:31:55,726 INFO: Epoch 55, Train Loss: 0.3915515463009025, Test Loss: 0.4105646682508064, Inverse Test Loss: 3.7894377347194785, Train R2: 0.8401160059553204, Test R2: 0.8170297145843506, Inverse Test R2: 0.8170297145843506 
2026-01-16 20:32:01,527 INFO: Epoch 56, Train Loss: 0.39243112549637305, Test Loss: 0.41345354282494745, Inverse Test Loss: 3.8161015944047407, Train R2: 0.8397542811704405, Test R2: 0.8120584487915039, Inverse Test R2: 0.8120583891868591 
2026-01-16 20:32:06,969 INFO: Epoch 57, Train Loss: 0.3927411965348504, Test Loss: 0.4085826151298754, Inverse Test Loss: 3.7711437543233237, Train R2: 0.8405545277125908, Test R2: 0.8182533979415894, Inverse Test R2: 0.8182533979415894 
2026-01-16 20:32:12,350 INFO: Epoch 58, Train Loss: 0.38912120879147993, Test Loss: 0.42041573109048785, Inverse Test Loss: 3.8803613402626733, Train R2: 0.8422592340996771, Test R2: 0.8065274357795715, Inverse Test R2: 0.8065273761749268 
2026-01-16 20:32:17,708 INFO: Epoch 59, Train Loss: 0.39051174767541164, Test Loss: 0.4103037714958191, Inverse Test Loss: 3.787029678171331, Train R2: 0.8408516568667961, Test R2: 0.8160390257835388, Inverse Test R2: 0.8160390257835388 
2026-01-16 20:32:23,034 INFO: Epoch 60, Train Loss: 0.3856423238687443, Test Loss: 0.41251063798413135, Inverse Test Loss: 3.8073986588102398, Train R2: 0.8455805512088718, Test R2: 0.81398606300354, Inverse Test R2: 0.81398606300354 
2026-01-16 20:32:28,575 INFO: Epoch 61, Train Loss: 0.3838764934828787, Test Loss: 0.41453469160831335, Inverse Test Loss: 3.826080322265625, Train R2: 0.846434392712333, Test R2: 0.8115230798721313, Inverse Test R2: 0.8115230798721313 
2026-01-16 20:32:34,231 INFO: Epoch 62, Train Loss: 0.38661086706049513, Test Loss: 0.41010921651666815, Inverse Test Loss: 3.785234003356009, Train R2: 0.8443299012653755, Test R2: 0.8166316151618958, Inverse Test R2: 0.816631555557251 
2026-01-16 20:32:39,825 INFO: Epoch 63, Train Loss: 0.3861961385065859, Test Loss: 0.41295083544471045, Inverse Test Loss: 3.8114616148399585, Train R2: 0.8459772905617049, Test R2: 0.8139975070953369, Inverse Test R2: 0.8139975070953369 
2026-01-16 20:32:46,429 INFO: Epoch 64, Train Loss: 0.38711740144274454, Test Loss: 0.4178174544464458, Inverse Test Loss: 3.8563796895923037, Train R2: 0.8414806926792319, Test R2: 0.8099064230918884, Inverse Test R2: 0.8099064230918884 
2026-01-16 20:32:52,869 INFO: Epoch 65, Train Loss: 0.38406669495232176, Test Loss: 0.40717583804419544, Inverse Test Loss: 3.7581594279318145, Train R2: 0.8474803268909454, Test R2: 0.8188815116882324, Inverse Test R2: 0.8188815116882324 
2026-01-16 20:32:59,170 INFO: Epoch 66, Train Loss: 0.3806430006569082, Test Loss: 0.4190214890422243, Inverse Test Loss: 3.8674926324324175, Train R2: 0.8493328193823496, Test R2: 0.808548629283905, Inverse Test R2: 0.8085485696792603 
2026-01-16 20:33:05,503 INFO: Epoch 67, Train Loss: 0.38178131955139566, Test Loss: 0.42207165107582556, Inverse Test Loss: 3.895645105477535, Train R2: 0.84817974133925, Test R2: 0.8046798706054688, Inverse Test R2: 0.8046798706054688 
2026-01-16 20:33:12,081 INFO: Epoch 68, Train Loss: 0.3831179738044739, Test Loss: 0.41970241250413837, Inverse Test Loss: 3.8737774762240322, Train R2: 0.8458808240565386, Test R2: 0.8083641529083252, Inverse Test R2: 0.8083640933036804 
2026-01-16 20:33:18,242 INFO: Epoch 69, Train Loss: 0.37851500262816745, Test Loss: 0.40577940597678674, Inverse Test Loss: 3.745270591793638, Train R2: 0.8507356598521724, Test R2: 0.8197159767150879, Inverse Test R2: 0.8197159767150879 
2026-01-16 20:33:24,355 INFO: Epoch 70, Train Loss: 0.37901817307327734, Test Loss: 0.41877949237823486, Inverse Test Loss: 3.8652590332609233, Train R2: 0.8495519852096384, Test R2: 0.8074734807014465, Inverse Test R2: 0.8074734807014465 
2026-01-16 20:33:30,478 INFO: Epoch 71, Train Loss: 0.3781545137365659, Test Loss: 0.41323123104644544, Inverse Test Loss: 3.8140496196168843, Train R2: 0.8511152244878538, Test R2: 0.8130630254745483, Inverse Test R2: 0.8130630254745483 
2026-01-16 20:33:36,860 INFO: Epoch 72, Train Loss: 0.3765447721111052, Test Loss: 0.41783396764235065, Inverse Test Loss: 3.856532046289155, Train R2: 0.8518888033700712, Test R2: 0.8104223608970642, Inverse Test R2: 0.8104223012924194 
2026-01-16 20:33:43,352 INFO: Epoch 73, Train Loss: 0.3855697460698359, Test Loss: 0.4092330544283896, Inverse Test Loss: 3.777147242517182, Train R2: 0.8436165614561602, Test R2: 0.8164365291595459, Inverse Test R2: 0.8164364695549011 
2026-01-16 20:33:50,686 INFO: Epoch 74, Train Loss: 0.3793157734202616, Test Loss: 0.41928518450621405, Inverse Test Loss: 3.8699264743111352, Train R2: 0.85060984573581, Test R2: 0.8063445091247559, Inverse Test R2: 0.8063445091247559 
2026-01-16 20:33:57,093 INFO: Epoch 75, Train Loss: 0.3735438342573065, Test Loss: 0.4173008411219626, Inverse Test Loss: 3.8516114047079375, Train R2: 0.8542205357190334, Test R2: 0.8094097971916199, Inverse Test R2: 0.8094097971916199 
2026-01-16 20:34:03,419 INFO: Epoch 76, Train Loss: 0.3714931419853008, Test Loss: 0.41758018190210516, Inverse Test Loss: 3.8541897788192285, Train R2: 0.8558631629654856, Test R2: 0.8083716034889221, Inverse Test R2: 0.8083716034889221 
2026-01-16 20:34:09,686 INFO: Epoch 77, Train Loss: 0.37296415786399983, Test Loss: 0.4105779537648866, Inverse Test Loss: 3.7895604119156348, Train R2: 0.8555219606919722, Test R2: 0.8167880177497864, Inverse Test R2: 0.8167880177497864 
2026-01-16 20:34:16,303 INFO: Epoch 78, Train Loss: 0.3765719662787336, Test Loss: 0.41790127844521496, Inverse Test Loss: 3.85715330730785, Train R2: 0.8501894614010146, Test R2: 0.809386134147644, Inverse Test R2: 0.809386134147644 
2026-01-16 20:34:23,788 INFO: Epoch 79, Train Loss: 0.3699257170612162, Test Loss: 0.4268049480337085, Inverse Test Loss: 3.9393325863462505, Train R2: 0.8574968459028186, Test R2: 0.8016703128814697, Inverse Test R2: 0.8016703128814697 
2026-01-16 20:34:30,648 INFO: Epoch 80, Train Loss: 0.36810700222849846, Test Loss: 0.4168617481535131, Inverse Test Loss: 3.8475586645530933, Train R2: 0.8582870648665861, Test R2: 0.8084394335746765, Inverse Test R2: 0.8084393739700317 
2026-01-16 20:34:37,241 INFO: Epoch 81, Train Loss: 0.3642163983348644, Test Loss: 0.42620550321810174, Inverse Test Loss: 3.9337997581019546, Train R2: 0.8612887674208843, Test R2: 0.8016235828399658, Inverse Test R2: 0.801623523235321 
2026-01-16 20:34:44,138 INFO: Epoch 82, Train Loss: 0.3671176065549706, Test Loss: 0.42191051443417865, Inverse Test Loss: 3.894157821481878, Train R2: 0.8592286258935928, Test R2: 0.8052176237106323, Inverse Test R2: 0.8052175641059875 
2026-01-16 20:34:51,035 INFO: Epoch 83, Train Loss: 0.3682017396345283, Test Loss: 0.4154984002763575, Inverse Test Loss: 3.8349751631418862, Train R2: 0.8585604763392246, Test R2: 0.809825599193573, Inverse Test R2: 0.8098255395889282 
2026-01-16 20:34:58,736 INFO: Epoch 84, Train Loss: 0.36387915672226384, Test Loss: 0.4226885817267678, Inverse Test Loss: 3.901339321425467, Train R2: 0.8618973005901683, Test R2: 0.8035095930099487, Inverse Test R2: 0.8035095930099487 
2026-01-16 20:35:07,082 INFO: Epoch 85, Train Loss: 0.376533914018761, Test Loss: 0.42058448177395447, Inverse Test Loss: 3.8819188060182515, Train R2: 0.8526029812567162, Test R2: 0.8055891990661621, Inverse Test R2: 0.8055891990661621 
2026-01-16 20:35:13,989 INFO: Epoch 86, Train Loss: 0.36419654897216597, Test Loss: 0.4127496462879759, Inverse Test Loss: 3.8096046736746123, Train R2: 0.8611018075184389, Test R2: 0.8122628331184387, Inverse Test R2: 0.8122628331184387 
2026-01-16 20:35:20,575 INFO: Epoch 87, Train Loss: 0.3634872973868341, Test Loss: 0.4365387540875059, Inverse Test Loss: 4.029173814889156, Train R2: 0.8614157799518469, Test R2: 0.7909996509552002, Inverse Test R2: 0.7909995913505554 
2026-01-16 20:35:28,699 INFO: Epoch 88, Train Loss: 0.3655803246480046, Test Loss: 0.4184015095233917, Inverse Test Loss: 3.861770369789817, Train R2: 0.8600817038254305, Test R2: 0.8093885183334351, Inverse Test R2: 0.8093885183334351 
2026-01-16 20:35:35,962 INFO: Epoch 89, Train Loss: 0.36486899401202344, Test Loss: 0.42451529250000464, Inverse Test Loss: 3.9181995102853486, Train R2: 0.86034607796958, Test R2: 0.8026832938194275, Inverse Test R2: 0.8026832938194275 
2026-01-16 20:35:43,167 INFO: Epoch 90, Train Loss: 0.36256178920016147, Test Loss: 0.4185815462560365, Inverse Test Loss: 3.8634320750381006, Train R2: 0.8621536068844072, Test R2: 0.8076243996620178, Inverse Test R2: 0.8076243996620178 
2026-01-16 20:35:49,922 INFO: Epoch 91, Train Loss: 0.36073153894959076, Test Loss: 0.42027919762062305, Inverse Test Loss: 3.8791010741031533, Train R2: 0.8634482554414056, Test R2: 0.8051256537437439, Inverse Test R2: 0.8051256537437439 
2026-01-16 20:35:56,602 INFO: Epoch 92, Train Loss: 0.3602759562658541, Test Loss: 0.42584212259812787, Inverse Test Loss: 3.9304459022753164, Train R2: 0.8639195231777249, Test R2: 0.8000895380973816, Inverse Test R2: 0.8000895380973816 
2026-01-16 20:36:03,182 INFO: Epoch 93, Train Loss: 0.36072696045492636, Test Loss: 0.41871415936585626, Inverse Test Loss: 3.8646560871239863, Train R2: 0.8630751976461122, Test R2: 0.8066574931144714, Inverse Test R2: 0.8066574931144714 
2026-01-16 20:36:09,985 INFO: Epoch 94, Train Loss: 0.3577672751112418, Test Loss: 0.42394720604925445, Inverse Test Loss: 3.912956143870498, Train R2: 0.8663701785333229, Test R2: 0.8037868738174438, Inverse Test R2: 0.8037868142127991 
2026-01-16 20:36:17,003 INFO: Epoch 95, Train Loss: 0.3597481914541938, Test Loss: 0.42038041624155914, Inverse Test Loss: 3.8800353425921816, Train R2: 0.8640158993728233, Test R2: 0.8037717342376709, Inverse Test R2: 0.8037717342376709 
2026-01-16 20:36:23,928 INFO: Epoch 96, Train Loss: 0.3542123108424924, Test Loss: 0.4196818335489793, Inverse Test Loss: 3.873587550538959, Train R2: 0.868081560640624, Test R2: 0.8058347702026367, Inverse Test R2: 0.8058347702026367 
2026-01-16 20:36:30,318 INFO: Epoch 97, Train Loss: 0.3474862437808152, Test Loss: 0.41456991614717426, Inverse Test Loss: 3.826405467409076, Train R2: 0.8733286329291083, Test R2: 0.8098486661911011, Inverse Test R2: 0.8098486661911011 
2026-01-16 20:36:36,884 INFO: Epoch 98, Train Loss: 0.35182618778763397, Test Loss: 0.4223531051115556, Inverse Test Loss: 3.898242899865815, Train R2: 0.869177803848729, Test R2: 0.8040370345115662, Inverse Test R2: 0.8040369749069214 
2026-01-16 20:36:43,334 INFO: Epoch 99, Train Loss: 0.3534393622116609, Test Loss: 0.4307154037735679, Inverse Test Loss: 3.9754254167730156, Train R2: 0.8681683061700879, Test R2: 0.7950413823127747, Inverse Test R2: 0.7950413823127747 
2026-01-16 20:36:50,384 INFO: Epoch 100, Train Loss: 0.3458735245195302, Test Loss: 0.4305006301764286, Inverse Test Loss: 3.973443125233506, Train R2: 0.8734534595048788, Test R2: 0.7947050333023071, Inverse Test R2: 0.7947050333023071 
2026-01-16 20:36:50,384 INFO: Best Epoch 44, Best Test Loss: 0.40321377913157147, Inv Test Loss: 3.7215903889049184, Best Test R2: 0.8224788904190063 
2026-01-16 20:36:57,103 INFO: Epoch 101, Train Loss: 0.347172665889516, Test Loss: 0.43341646682132373, Inverse Test Loss: 4.000355742194436, Train R2: 0.8728528207901752, Test R2: 0.7931907176971436, Inverse Test R2: 0.7931907176971436 
2026-01-16 20:37:03,227 INFO: Epoch 102, Train Loss: 0.3474241563993873, Test Loss: 0.43441241708668793, Inverse Test Loss: 4.009548093333389, Train R2: 0.8741885224978129, Test R2: 0.7883250713348389, Inverse Test R2: 0.7883250117301941 
