2026-02-26 14:13:37,690 INFO: log_path:logs_2026_2_26_HS_RMSE/AMFormer_simple_MLP_dim32_depth2_heads4_dropout0.4_fusion0.45_0.55_lr0.001_6P_noKAN 
2026-02-26 14:13:37,690 INFO: Model:namespace(attn_dropout=0.4, categories=[], cluster=3, depth=2, dim=32, ff_dropout=0.4, groups=[54, 54, 54], heads=4, name='AMFormer_simple_MLP_dim32_depth2_heads4_dropout0.4_fusion0.45_0.55', num_cate=0, num_cont=20, num_special_tokens=1, out_dim=1, predictor='simple_MLP', prod_num_per_group=[6, 6, 6], qk_relu=False, static_fusion={'kan_weight': 0.45, 'trans_weight': 0.55}, sum_num_per_group=[32, 16, 8], target_mode='regression', token_descent=False, use_KAN_path=False, use_cls_token=True, use_prod=True, use_row_col_attention=True, use_sigmoid=True) 
2026-02-26 14:13:37,691 INFO: lr:0.001, loss:RMSE 
2026-02-26 14:13:37,691 INFO: Dataset:HS, Target:['metal6_Peak'] 
2026-02-26 14:13:37,691 INFO: ------Begin Training Model------ 
2026-02-26 14:13:44,052 INFO: Epoch 1, Train Loss: 0.7788541235707023, Test Loss: 0.7311381535096602, Inverse Test Loss: 6.748273127006762, Train R2: 0.3780131493553971, Test R2: 0.43256521224975586, Inverse Test R2: 0.4325650930404663 
2026-02-26 14:13:44,064 INFO: ---> Saved new best model weights to log/txt_log\logs_2026_2_26_HS_RMSE/AMFormer_simple_MLP_dim32_depth2_heads4_dropout0.4_fusion0.45_0.55_lr0.001_6P_noKAN\best_AMFormer_HS_weights.pth 
2026-02-26 14:13:46,969 INFO: Epoch 2, Train Loss: 0.6634415261673204, Test Loss: 0.5961147528706174, Inverse Test Loss: 5.502031499689275, Train R2: 0.5478109640605522, Test R2: 0.6176674365997314, Inverse Test R2: 0.6176674365997314 
2026-02-26 14:13:46,980 INFO: ---> Saved new best model weights to log/txt_log\logs_2026_2_26_HS_RMSE/AMFormer_simple_MLP_dim32_depth2_heads4_dropout0.4_fusion0.45_0.55_lr0.001_6P_noKAN\best_AMFormer_HS_weights.pth 
2026-02-26 14:13:49,871 INFO: Epoch 3, Train Loss: 0.6050787816445032, Test Loss: 0.552469503698927, Inverse Test Loss: 5.099193674145323, Train R2: 0.6255017288706519, Test R2: 0.6706824898719788, Inverse Test R2: 0.6706825494766235 
2026-02-26 14:13:49,882 INFO: ---> Saved new best model weights to log/txt_log\logs_2026_2_26_HS_RMSE/AMFormer_simple_MLP_dim32_depth2_heads4_dropout0.4_fusion0.45_0.55_lr0.001_6P_noKAN\best_AMFormer_HS_weights.pth 
2026-02-26 14:13:52,769 INFO: Epoch 4, Train Loss: 0.5726597688414834, Test Loss: 0.5425240171678138, Inverse Test Loss: 5.007398648695513, Train R2: 0.6630896189899156, Test R2: 0.6828166246414185, Inverse Test R2: 0.6828166246414185 
2026-02-26 14:13:52,779 INFO: ---> Saved new best model weights to log/txt_log\logs_2026_2_26_HS_RMSE/AMFormer_simple_MLP_dim32_depth2_heads4_dropout0.4_fusion0.45_0.55_lr0.001_6P_noKAN\best_AMFormer_HS_weights.pth 
2026-02-26 14:13:55,782 INFO: Epoch 5, Train Loss: 0.5529755010749354, Test Loss: 0.5131830076376597, Inverse Test Loss: 4.736586505716497, Train R2: 0.6870982651457642, Test R2: 0.7144896984100342, Inverse Test R2: 0.7144896984100342 
2026-02-26 14:13:55,794 INFO: ---> Saved new best model weights to log/txt_log\logs_2026_2_26_HS_RMSE/AMFormer_simple_MLP_dim32_depth2_heads4_dropout0.4_fusion0.45_0.55_lr0.001_6P_noKAN\best_AMFormer_HS_weights.pth 
2026-02-26 14:13:58,853 INFO: Epoch 6, Train Loss: 0.535789122635668, Test Loss: 0.4974566969004544, Inverse Test Loss: 4.591435461333304, Train R2: 0.7048966812364983, Test R2: 0.7319402694702148, Inverse Test R2: 0.7319402694702148 
2026-02-26 14:13:58,864 INFO: ---> Saved new best model weights to log/txt_log\logs_2026_2_26_HS_RMSE/AMFormer_simple_MLP_dim32_depth2_heads4_dropout0.4_fusion0.45_0.55_lr0.001_6P_noKAN\best_AMFormer_HS_weights.pth 
2026-02-26 14:14:01,849 INFO: Epoch 7, Train Loss: 0.5256711203943599, Test Loss: 0.48622242970900104, Inverse Test Loss: 4.487745234460542, Train R2: 0.7157807973298159, Test R2: 0.7431270480155945, Inverse Test R2: 0.7431269884109497 
2026-02-26 14:14:01,860 INFO: ---> Saved new best model weights to log/txt_log\logs_2026_2_26_HS_RMSE/AMFormer_simple_MLP_dim32_depth2_heads4_dropout0.4_fusion0.45_0.55_lr0.001_6P_noKAN\best_AMFormer_HS_weights.pth 
2026-02-26 14:14:04,850 INFO: Epoch 8, Train Loss: 0.5136234426137173, Test Loss: 0.5062448906176018, Inverse Test Loss: 4.672548843152596, Train R2: 0.7279556818080671, Test R2: 0.7210788726806641, Inverse Test R2: 0.7210788726806641 
2026-02-26 14:14:07,765 INFO: Epoch 9, Train Loss: 0.509827671854785, Test Loss: 0.49998401421489136, Inverse Test Loss: 4.6147621833916865, Train R2: 0.7335209679422956, Test R2: 0.7295936346054077, Inverse Test R2: 0.7295936346054077 
2026-02-26 14:14:10,679 INFO: Epoch 10, Train Loss: 0.5033488948688363, Test Loss: 0.4768206513289249, Inverse Test Loss: 4.4009684577132715, Train R2: 0.7390337929581151, Test R2: 0.7523635625839233, Inverse Test R2: 0.7523635625839233 
2026-02-26 14:14:10,690 INFO: ---> Saved new best model weights to log/txt_log\logs_2026_2_26_HS_RMSE/AMFormer_simple_MLP_dim32_depth2_heads4_dropout0.4_fusion0.45_0.55_lr0.001_6P_noKAN\best_AMFormer_HS_weights.pth 
2026-02-26 14:14:10,690 INFO: Best Epoch 10, Best Test Loss: 0.4768206513289249, Inv Test Loss: 4.4009684577132715, Best Test R2: 0.7523635625839233 
2026-02-26 14:14:13,599 INFO: Epoch 11, Train Loss: 0.4970214032765591, Test Loss: 0.47373295191562537, Inverse Test Loss: 4.372469649170384, Train R2: 0.7460033681356546, Test R2: 0.7560181617736816, Inverse Test R2: 0.7560181021690369 
2026-02-26 14:14:13,610 INFO: ---> Saved new best model weights to log/txt_log\logs_2026_2_26_HS_RMSE/AMFormer_simple_MLP_dim32_depth2_heads4_dropout0.4_fusion0.45_0.55_lr0.001_6P_noKAN\best_AMFormer_HS_weights.pth 
2026-02-26 14:14:16,534 INFO: Epoch 12, Train Loss: 0.49493528721910535, Test Loss: 0.4802033133579023, Inverse Test Loss: 4.432189883607807, Train R2: 0.747883121172587, Test R2: 0.7495766878128052, Inverse Test R2: 0.7495766878128052 
2026-02-26 14:14:19,436 INFO: Epoch 13, Train Loss: 0.48837039213288913, Test Loss: 0.46986938606608997, Inverse Test Loss: 4.336809584588716, Train R2: 0.7541321628924572, Test R2: 0.7610325813293457, Inverse Test R2: 0.7610325813293457 
2026-02-26 14:14:19,446 INFO: ---> Saved new best model weights to log/txt_log\logs_2026_2_26_HS_RMSE/AMFormer_simple_MLP_dim32_depth2_heads4_dropout0.4_fusion0.45_0.55_lr0.001_6P_noKAN\best_AMFormer_HS_weights.pth 
2026-02-26 14:14:22,365 INFO: Epoch 14, Train Loss: 0.4902624467557127, Test Loss: 0.4675205142209024, Inverse Test Loss: 4.315129923098015, Train R2: 0.7524030660137986, Test R2: 0.76279616355896, Inverse Test R2: 0.76279616355896 
2026-02-26 14:14:22,377 INFO: ---> Saved new best model weights to log/txt_log\logs_2026_2_26_HS_RMSE/AMFormer_simple_MLP_dim32_depth2_heads4_dropout0.4_fusion0.45_0.55_lr0.001_6P_noKAN\best_AMFormer_HS_weights.pth 
2026-02-26 14:14:25,305 INFO: Epoch 15, Train Loss: 0.4816549318757924, Test Loss: 0.46292778759291675, Inverse Test Loss: 4.2727397644158565, Train R2: 0.7612949198845661, Test R2: 0.7657296061515808, Inverse Test R2: 0.765729546546936 
2026-02-26 14:14:25,316 INFO: ---> Saved new best model weights to log/txt_log\logs_2026_2_26_HS_RMSE/AMFormer_simple_MLP_dim32_depth2_heads4_dropout0.4_fusion0.45_0.55_lr0.001_6P_noKAN\best_AMFormer_HS_weights.pth 
2026-02-26 14:14:28,242 INFO: Epoch 16, Train Loss: 0.4823594991907929, Test Loss: 0.47458148725105054, Inverse Test Loss: 4.3803013382536, Train R2: 0.7607648991274111, Test R2: 0.7562296986579895, Inverse Test R2: 0.7562296986579895 
2026-02-26 14:14:31,157 INFO: Epoch 17, Train Loss: 0.47392990665905405, Test Loss: 0.45765873880097363, Inverse Test Loss: 4.2241074749917695, Train R2: 0.7689583211234121, Test R2: 0.7717936038970947, Inverse Test R2: 0.7717936038970947 
2026-02-26 14:14:31,168 INFO: ---> Saved new best model weights to log/txt_log\logs_2026_2_26_HS_RMSE/AMFormer_simple_MLP_dim32_depth2_heads4_dropout0.4_fusion0.45_0.55_lr0.001_6P_noKAN\best_AMFormer_HS_weights.pth 
2026-02-26 14:14:34,099 INFO: Epoch 18, Train Loss: 0.4754349955103614, Test Loss: 0.4517848347172593, Inverse Test Loss: 4.16989237611944, Train R2: 0.7665033019853361, Test R2: 0.7774558067321777, Inverse Test R2: 0.777455747127533 
2026-02-26 14:14:34,109 INFO: ---> Saved new best model weights to log/txt_log\logs_2026_2_26_HS_RMSE/AMFormer_simple_MLP_dim32_depth2_heads4_dropout0.4_fusion0.45_0.55_lr0.001_6P_noKAN\best_AMFormer_HS_weights.pth 
2026-02-26 14:14:37,045 INFO: Epoch 19, Train Loss: 0.47264123753164755, Test Loss: 0.46648032647190674, Inverse Test Loss: 4.30552914648345, Train R2: 0.7689459039406343, Test R2: 0.7640914916992188, Inverse Test R2: 0.7640914916992188 
2026-02-26 14:14:39,981 INFO: Epoch 20, Train Loss: 0.4697039897243182, Test Loss: 0.4555285825873866, Inverse Test Loss: 4.204446481935905, Train R2: 0.771235467358069, Test R2: 0.7752086520195007, Inverse Test R2: 0.7752086520195007 
2026-02-26 14:14:39,981 INFO: Best Epoch 18, Best Test Loss: 0.4517848347172593, Inv Test Loss: 4.16989237611944, Best Test R2: 0.7774558067321777 
2026-02-26 14:14:42,920 INFO: Epoch 21, Train Loss: 0.4688006167610486, Test Loss: 0.47536587624838855, Inverse Test Loss: 4.38754120017543, Train R2: 0.7714319364591078, Test R2: 0.7559653520584106, Inverse Test R2: 0.7559652924537659 
2026-02-26 14:14:45,862 INFO: Epoch 22, Train Loss: 0.46528940083402576, Test Loss: 0.4481751187281175, Inverse Test Loss: 4.136575438759544, Train R2: 0.7769509508754268, Test R2: 0.7801209688186646, Inverse Test R2: 0.7801209688186646 
2026-02-26 14:14:45,872 INFO: ---> Saved new best model weights to log/txt_log\logs_2026_2_26_HS_RMSE/AMFormer_simple_MLP_dim32_depth2_heads4_dropout0.4_fusion0.45_0.55_lr0.001_6P_noKAN\best_AMFormer_HS_weights.pth 
2026-02-26 14:14:48,825 INFO: Epoch 23, Train Loss: 0.46415463157675485, Test Loss: 0.45019720539902197, Inverse Test Loss: 4.15523886680603, Train R2: 0.7771069944807978, Test R2: 0.7790292501449585, Inverse Test R2: 0.7790292501449585 
2026-02-26 14:14:51,786 INFO: Epoch 24, Train Loss: 0.4635046853712111, Test Loss: 0.4428235418868787, Inverse Test Loss: 4.0871812502543134, Train R2: 0.7781243617787506, Test R2: 0.7860153317451477, Inverse Test R2: 0.7860152721405029 
2026-02-26 14:14:51,797 INFO: ---> Saved new best model weights to log/txt_log\logs_2026_2_26_HS_RMSE/AMFormer_simple_MLP_dim32_depth2_heads4_dropout0.4_fusion0.45_0.55_lr0.001_6P_noKAN\best_AMFormer_HS_weights.pth 
2026-02-26 14:14:54,741 INFO: Epoch 25, Train Loss: 0.45695208645228186, Test Loss: 0.44447761232202704, Inverse Test Loss: 4.102448159998113, Train R2: 0.7842043349237153, Test R2: 0.7851758003234863, Inverse Test R2: 0.7851758003234863 
2026-02-26 14:14:57,695 INFO: Epoch 26, Train Loss: 0.45612106269056146, Test Loss: 0.4451311176473444, Inverse Test Loss: 4.108479846607555, Train R2: 0.7860678881406784, Test R2: 0.7848910093307495, Inverse Test R2: 0.7848910093307495 
2026-02-26 14:15:00,636 INFO: Epoch 27, Train Loss: 0.4554792699037176, Test Loss: 0.4620501091985991, Inverse Test Loss: 4.26463905247775, Train R2: 0.7852192363052657, Test R2: 0.768772304058075, Inverse Test R2: 0.768772304058075 
2026-02-26 14:15:03,574 INFO: Epoch 28, Train Loss: 0.4545827562158758, Test Loss: 0.4402844887791258, Inverse Test Loss: 4.0637462861610185, Train R2: 0.7876686453819275, Test R2: 0.7887885570526123, Inverse Test R2: 0.7887885570526123 
2026-02-26 14:15:03,585 INFO: ---> Saved new best model weights to log/txt_log\logs_2026_2_26_HS_RMSE/AMFormer_simple_MLP_dim32_depth2_heads4_dropout0.4_fusion0.45_0.55_lr0.001_6P_noKAN\best_AMFormer_HS_weights.pth 
2026-02-26 14:15:06,551 INFO: Epoch 29, Train Loss: 0.4549811286005107, Test Loss: 0.433600722840338, Inverse Test Loss: 4.002056295221502, Train R2: 0.7870102159001611, Test R2: 0.7952489852905273, Inverse Test R2: 0.7952489256858826 
2026-02-26 14:15:06,562 INFO: ---> Saved new best model weights to log/txt_log\logs_2026_2_26_HS_RMSE/AMFormer_simple_MLP_dim32_depth2_heads4_dropout0.4_fusion0.45_0.55_lr0.001_6P_noKAN\best_AMFormer_HS_weights.pth 
2026-02-26 14:15:09,512 INFO: Epoch 30, Train Loss: 0.4540204403526855, Test Loss: 0.4349497683120496, Inverse Test Loss: 4.014507799437552, Train R2: 0.7869271012869749, Test R2: 0.7945007085800171, Inverse Test R2: 0.7945006489753723 
2026-02-26 14:15:09,513 INFO: Best Epoch 29, Best Test Loss: 0.433600722840338, Inv Test Loss: 4.002056295221502, Best Test R2: 0.7952489852905273 
2026-02-26 14:15:12,481 INFO: Epoch 31, Train Loss: 0.4507099315524101, Test Loss: 0.43962242386557837, Inverse Test Loss: 4.057635502381758, Train R2: 0.7910902274377418, Test R2: 0.7895774841308594, Inverse Test R2: 0.7895774841308594 
2026-02-26 14:15:15,446 INFO: Epoch 32, Train Loss: 0.44870551720713125, Test Loss: 0.4518388843897617, Inverse Test Loss: 4.170391285058224, Train R2: 0.7916427959095348, Test R2: 0.7778541445732117, Inverse Test R2: 0.7778541445732117 
2026-02-26 14:15:18,406 INFO: Epoch 33, Train Loss: 0.44985585275924567, Test Loss: 0.4491738984079072, Inverse Test Loss: 4.145793958143755, Train R2: 0.7894762230641914, Test R2: 0.7808421850204468, Inverse Test R2: 0.7808421850204468 
2026-02-26 14:15:21,357 INFO: Epoch 34, Train Loss: 0.44829162752086466, Test Loss: 0.4339669699018652, Inverse Test Loss: 4.005436687758475, Train R2: 0.7929202598152738, Test R2: 0.7939895391464233, Inverse Test R2: 0.7939895391464233 
2026-02-26 14:15:24,330 INFO: Epoch 35, Train Loss: 0.4482857004711122, Test Loss: 0.429314987225966, Inverse Test Loss: 3.9624998424992417, Train R2: 0.792742036057241, Test R2: 0.7987085580825806, Inverse Test R2: 0.7987085580825806 
2026-02-26 14:15:24,340 INFO: ---> Saved new best model weights to log/txt_log\logs_2026_2_26_HS_RMSE/AMFormer_simple_MLP_dim32_depth2_heads4_dropout0.4_fusion0.45_0.55_lr0.001_6P_noKAN\best_AMFormer_HS_weights.pth 
2026-02-26 14:15:27,292 INFO: Epoch 36, Train Loss: 0.4428377779144229, Test Loss: 0.4309577761274396, Inverse Test Loss: 3.9776624910759204, Train R2: 0.7967805311535344, Test R2: 0.7969124913215637, Inverse Test R2: 0.7969124913215637 
2026-02-26 14:15:30,256 INFO: Epoch 37, Train Loss: 0.44275465878573333, Test Loss: 0.432303578564615, Inverse Test Loss: 3.9900839762254194, Train R2: 0.7968707581361135, Test R2: 0.7965764999389648, Inverse Test R2: 0.7965764403343201 
2026-02-26 14:15:33,226 INFO: Epoch 38, Train Loss: 0.44375327161767264, Test Loss: 0.42737565618572815, Inverse Test Loss: 3.9446001052856445, Train R2: 0.7965413810628833, Test R2: 0.8009719252586365, Inverse Test R2: 0.8009718656539917 
2026-02-26 14:15:33,237 INFO: ---> Saved new best model weights to log/txt_log\logs_2026_2_26_HS_RMSE/AMFormer_simple_MLP_dim32_depth2_heads4_dropout0.4_fusion0.45_0.55_lr0.001_6P_noKAN\best_AMFormer_HS_weights.pth 
2026-02-26 14:15:36,218 INFO: Epoch 39, Train Loss: 0.4420411927681981, Test Loss: 0.4347552711313421, Inverse Test Loss: 4.012712630358609, Train R2: 0.7981902053861907, Test R2: 0.794104814529419, Inverse Test R2: 0.794104814529419 
2026-02-26 14:15:39,212 INFO: Epoch 40, Train Loss: 0.43533351294922107, Test Loss: 0.4335093922687299, Inverse Test Loss: 4.001213420521129, Train R2: 0.8023495750896859, Test R2: 0.7951827049255371, Inverse Test R2: 0.7951827049255371 
2026-02-26 14:15:39,213 INFO: Best Epoch 38, Best Test Loss: 0.42737565618572815, Inv Test Loss: 3.9446001052856445, Best Test R2: 0.8009719252586365 
2026-02-26 14:15:42,181 INFO: Epoch 41, Train Loss: 0.4386584363651998, Test Loss: 0.4268885977340467, Inverse Test Loss: 3.940104665178241, Train R2: 0.7990473025675976, Test R2: 0.8009621500968933, Inverse Test R2: 0.8009620904922485 
2026-02-26 14:15:42,193 INFO: ---> Saved new best model weights to log/txt_log\logs_2026_2_26_HS_RMSE/AMFormer_simple_MLP_dim32_depth2_heads4_dropout0.4_fusion0.45_0.55_lr0.001_6P_noKAN\best_AMFormer_HS_weights.pth 
2026-02-26 14:15:45,166 INFO: Epoch 42, Train Loss: 0.43784780258482153, Test Loss: 0.4277717579494823, Inverse Test Loss: 3.9482559579791445, Train R2: 0.8017292040767092, Test R2: 0.8003517985343933, Inverse Test R2: 0.8003517985343933 
2026-02-26 14:15:48,138 INFO: Epoch 43, Train Loss: 0.4388032941655679, Test Loss: 0.42122639399586304, Inverse Test Loss: 3.8878435655073686, Train R2: 0.8000804402611472, Test R2: 0.805840015411377, Inverse Test R2: 0.805840015411377 
2026-02-26 14:15:48,148 INFO: ---> Saved new best model weights to log/txt_log\logs_2026_2_26_HS_RMSE/AMFormer_simple_MLP_dim32_depth2_heads4_dropout0.4_fusion0.45_0.55_lr0.001_6P_noKAN\best_AMFormer_HS_weights.pth 
2026-02-26 14:15:51,120 INFO: Epoch 44, Train Loss: 0.4355249364267696, Test Loss: 0.42134027499141113, Inverse Test Loss: 3.8888946879993784, Train R2: 0.8041388988494873, Test R2: 0.8068392276763916, Inverse Test R2: 0.8068391680717468 
2026-02-26 14:15:54,111 INFO: Epoch 45, Train Loss: 0.4347653007417014, Test Loss: 0.4233673458749598, Inverse Test Loss: 3.9076041958548804, Train R2: 0.804298383268443, Test R2: 0.8048735857009888, Inverse Test R2: 0.8048735857009888 
2026-02-26 14:15:57,105 INFO: Epoch 46, Train Loss: 0.4363399615341967, Test Loss: 0.4317902841351249, Inverse Test Loss: 3.985346403988925, Train R2: 0.8017928568702756, Test R2: 0.7958071827888489, Inverse Test R2: 0.7958071231842041 
2026-02-26 14:16:00,110 INFO: Epoch 47, Train Loss: 0.4326613168373252, Test Loss: 0.42324020826455316, Inverse Test Loss: 3.906430721282959, Train R2: 0.8065781376578591, Test R2: 0.8044853210449219, Inverse Test R2: 0.8044853210449219 
2026-02-26 14:16:03,080 INFO: Epoch 48, Train Loss: 0.4335604858669368, Test Loss: 0.42618780966961023, Inverse Test Loss: 3.9336364774992973, Train R2: 0.8054535601175192, Test R2: 0.8019691109657288, Inverse Test R2: 0.801969051361084 
2026-02-26 14:16:06,061 INFO: Epoch 49, Train Loss: 0.4322369012868766, Test Loss: 0.4178871087955706, Inverse Test Loss: 3.8570225527792266, Train R2: 0.8068831197240136, Test R2: 0.8088507056236267, Inverse Test R2: 0.8088507056236267 
2026-02-26 14:16:06,072 INFO: ---> Saved new best model weights to log/txt_log\logs_2026_2_26_HS_RMSE/AMFormer_simple_MLP_dim32_depth2_heads4_dropout0.4_fusion0.45_0.55_lr0.001_6P_noKAN\best_AMFormer_HS_weights.pth 
2026-02-26 14:16:09,054 INFO: Epoch 50, Train Loss: 0.42711863147489953, Test Loss: 0.4217589262760047, Inverse Test Loss: 3.8927586873372397, Train R2: 0.8110296568184188, Test R2: 0.8051806092262268, Inverse Test R2: 0.8051806092262268 
2026-02-26 14:16:09,055 INFO: Best Epoch 49, Best Test Loss: 0.4178871087955706, Inv Test Loss: 3.8570225527792266, Best Test R2: 0.8088507056236267 
2026-02-26 14:16:12,037 INFO: Epoch 51, Train Loss: 0.42417758658076776, Test Loss: 0.4566414509758805, Inverse Test Loss: 4.214718182881673, Train R2: 0.8139383847063238, Test R2: 0.771643877029419, Inverse Test R2: 0.771643877029419 
2026-02-26 14:16:15,027 INFO: Epoch 52, Train Loss: 0.424652853021116, Test Loss: 0.4330795298923146, Inverse Test Loss: 3.997245860822273, Train R2: 0.8132151645241361, Test R2: 0.7935973405838013, Inverse Test R2: 0.7935973405838013 
2026-02-26 14:16:18,004 INFO: Epoch 53, Train Loss: 0.42626449104511377, Test Loss: 0.43189376773256244, Inverse Test Loss: 3.9863014221191406, Train R2: 0.8114837105527068, Test R2: 0.7958190441131592, Inverse Test R2: 0.7958190441131592 
2026-02-26 14:16:20,992 INFO: Epoch 54, Train Loss: 0.4290158852483287, Test Loss: 0.42026009433197253, Inverse Test Loss: 3.8789248105251426, Train R2: 0.8101517707109451, Test R2: 0.806734561920166, Inverse Test R2: 0.806734561920166 
2026-02-26 14:16:23,974 INFO: Epoch 55, Train Loss: 0.422628268373735, Test Loss: 0.4160577609683528, Inverse Test Loss: 3.8401380091002495, Train R2: 0.8143085607073524, Test R2: 0.8111922740936279, Inverse Test R2: 0.8111922740936279 
2026-02-26 14:16:23,985 INFO: ---> Saved new best model weights to log/txt_log\logs_2026_2_26_HS_RMSE/AMFormer_simple_MLP_dim32_depth2_heads4_dropout0.4_fusion0.45_0.55_lr0.001_6P_noKAN\best_AMFormer_HS_weights.pth 
2026-02-26 14:16:26,975 INFO: Epoch 56, Train Loss: 0.4210139029856884, Test Loss: 0.42647409890637256, Inverse Test Loss: 3.9362789356347285, Train R2: 0.8167064478903105, Test R2: 0.7997699975967407, Inverse Test R2: 0.7997699975967407 
2026-02-26 14:16:29,939 INFO: Epoch 57, Train Loss: 0.4231243993748318, Test Loss: 0.42245649749582465, Inverse Test Loss: 3.8991971666162666, Train R2: 0.815427842465314, Test R2: 0.8047845959663391, Inverse Test R2: 0.8047845959663391 
2026-02-26 14:16:32,914 INFO: Epoch 58, Train Loss: 0.42378387013168045, Test Loss: 0.4293148589856697, Inverse Test Loss: 3.962498599832708, Train R2: 0.8145294871294138, Test R2: 0.7987565994262695, Inverse Test R2: 0.7987565994262695 
2026-02-26 14:16:35,898 INFO: Epoch 59, Train Loss: 0.42281166486667865, Test Loss: 0.4231188234054681, Inverse Test Loss: 3.9053103418061226, Train R2: 0.8138100938363508, Test R2: 0.8045554757118225, Inverse Test R2: 0.8045554757118225 
2026-02-26 14:16:38,883 INFO: Epoch 60, Train Loss: 0.4228402509382277, Test Loss: 0.4272223313649495, Inverse Test Loss: 3.943184960972179, Train R2: 0.8142495516574744, Test R2: 0.7994679808616638, Inverse Test R2: 0.799467921257019 
2026-02-26 14:16:38,883 INFO: Best Epoch 55, Best Test Loss: 0.4160577609683528, Inv Test Loss: 3.8401380091002495, Best Test R2: 0.8111922740936279 
2026-02-26 14:16:41,871 INFO: Epoch 61, Train Loss: 0.41640051747813367, Test Loss: 0.41654609550129285, Inverse Test Loss: 3.844645290663748, Train R2: 0.820386623342832, Test R2: 0.8102476596832275, Inverse Test R2: 0.8102476596832275 
2026-02-26 14:16:44,848 INFO: Epoch 62, Train Loss: 0.41866294565525924, Test Loss: 0.42678772138826776, Inverse Test Loss: 3.9391735611539898, Train R2: 0.8179781373703119, Test R2: 0.799866795539856, Inverse Test R2: 0.799866795539856 
2026-02-26 14:16:47,862 INFO: Epoch 63, Train Loss: 0.4165284037590027, Test Loss: 0.42165323279120703, Inverse Test Loss: 3.891783215782859, Train R2: 0.822110200470144, Test R2: 0.8039181232452393, Inverse Test R2: 0.8039181232452393 
2026-02-26 14:16:50,826 INFO: Epoch 64, Train Loss: 0.41432710488637287, Test Loss: 0.41788703654751636, Inverse Test Loss: 3.857021916996349, Train R2: 0.8199990879405629, Test R2: 0.8094143271446228, Inverse Test R2: 0.8094143271446228 
2026-02-26 14:16:53,789 INFO: Epoch 65, Train Loss: 0.42152787338603626, Test Loss: 0.41806275555581757, Inverse Test Loss: 3.858643777442701, Train R2: 0.8168210883935293, Test R2: 0.8093128204345703, Inverse Test R2: 0.8093128204345703 
2026-02-26 14:16:56,759 INFO: Epoch 66, Train Loss: 0.41967560610536375, Test Loss: 0.4253250170837749, Inverse Test Loss: 3.925673094662753, Train R2: 0.8164206111069882, Test R2: 0.7989091277122498, Inverse Test R2: 0.7989091277122498 
2026-02-26 14:16:59,731 INFO: Epoch 67, Train Loss: 0.4231078268000574, Test Loss: 0.44857745640205615, Inverse Test Loss: 4.1402888731523, Train R2: 0.8136159077738271, Test R2: 0.779766857624054, Inverse Test R2: 0.779766857624054 
2026-02-26 14:17:02,712 INFO: Epoch 68, Train Loss: 0.42569222165779635, Test Loss: 0.4132186978152304, Inverse Test Loss: 3.8139339793812144, Train R2: 0.8123993426561356, Test R2: 0.812211275100708, Inverse Test R2: 0.812211275100708 
2026-02-26 14:17:02,723 INFO: ---> Saved new best model weights to log/txt_log\logs_2026_2_26_HS_RMSE/AMFormer_simple_MLP_dim32_depth2_heads4_dropout0.4_fusion0.45_0.55_lr0.001_6P_noKAN\best_AMFormer_HS_weights.pth 
2026-02-26 14:17:05,704 INFO: Epoch 69, Train Loss: 0.41815227992606885, Test Loss: 0.41373489661650226, Inverse Test Loss: 3.818698398994677, Train R2: 0.8187040298274069, Test R2: 0.8126425743103027, Inverse Test R2: 0.8126425743103027 
2026-02-26 14:17:08,685 INFO: Epoch 70, Train Loss: 0.4143380080208634, Test Loss: 0.42031444293079956, Inverse Test Loss: 3.879426349293102, Train R2: 0.8211917944929816, Test R2: 0.8069010972976685, Inverse Test R2: 0.8069010972976685 
2026-02-26 14:17:08,686 INFO: Best Epoch 68, Best Test Loss: 0.4132186978152304, Inv Test Loss: 3.8139339793812144, Best Test R2: 0.812211275100708 
2026-02-26 14:17:11,671 INFO: Epoch 71, Train Loss: 0.4144797909891967, Test Loss: 0.42051974029252026, Inverse Test Loss: 3.8813213218342173, Train R2: 0.8216109483531027, Test R2: 0.8037886619567871, Inverse Test R2: 0.8037886619567871 
2026-02-26 14:17:14,667 INFO: Epoch 72, Train Loss: 0.4156105379489335, Test Loss: 0.4278146371696935, Inverse Test Loss: 3.9486518050685073, Train R2: 0.8201894123445858, Test R2: 0.8007884621620178, Inverse Test R2: 0.8007884621620178 
2026-02-26 14:17:17,665 INFO: Epoch 73, Train Loss: 0.41017461895491136, Test Loss: 0.42090285727472015, Inverse Test Loss: 3.8848573944785376, Train R2: 0.8247163887276794, Test R2: 0.8054901361465454, Inverse Test R2: 0.8054901361465454 
2026-02-26 14:17:20,650 INFO: Epoch 74, Train Loss: 0.4060228259274454, Test Loss: 0.43030410734089936, Inverse Test Loss: 3.971629178885258, Train R2: 0.8292156087629723, Test R2: 0.7916554808616638, Inverse Test R2: 0.7916554808616638 
2026-02-26 14:17:23,638 INFO: Epoch 75, Train Loss: 0.40936961273352307, Test Loss: 0.42085314338857477, Inverse Test Loss: 3.884398503737016, Train R2: 0.8255297270688143, Test R2: 0.8052879571914673, Inverse Test R2: 0.8052879571914673 
2026-02-26 14:17:26,622 INFO: Epoch 76, Train Loss: 0.4070109728385102, Test Loss: 0.43479853416934156, Inverse Test Loss: 4.013111930904967, Train R2: 0.8283502920107408, Test R2: 0.7852152585983276, Inverse Test R2: 0.7852151989936829 
2026-02-26 14:17:29,633 INFO: Epoch 77, Train Loss: 0.4067784647146861, Test Loss: 0.4194986955686049, Inverse Test Loss: 3.8718971917123506, Train R2: 0.8279459900928267, Test R2: 0.8072691559791565, Inverse Test R2: 0.8072691559791565 
2026-02-26 14:17:32,637 INFO: Epoch 78, Train Loss: 0.41565896322329837, Test Loss: 0.42533404899365973, Inverse Test Loss: 3.925756461692579, Train R2: 0.8207569248748549, Test R2: 0.8018226027488708, Inverse Test R2: 0.8018225431442261 
2026-02-26 14:17:35,626 INFO: Epoch 79, Train Loss: 0.40141484118772275, Test Loss: 0.45161897214976227, Inverse Test Loss: 4.168361497647835, Train R2: 0.8324985883452676, Test R2: 0.7692933678627014, Inverse Test R2: 0.7692933082580566 
2026-02-26 14:17:38,641 INFO: Epoch 80, Train Loss: 0.41035598651929334, Test Loss: 0.41883244568651373, Inverse Test Loss: 3.865747834696914, Train R2: 0.8256770232410142, Test R2: 0.8083304166793823, Inverse Test R2: 0.8083303570747375 
2026-02-26 14:17:38,641 INFO: Best Epoch 68, Best Test Loss: 0.4132186978152304, Inv Test Loss: 3.8139339793812144, Best Test R2: 0.812211275100708 
2026-02-26 14:17:41,620 INFO: Epoch 81, Train Loss: 0.40517520814230945, Test Loss: 0.43192191196210455, Inverse Test Loss: 3.9865611827734746, Train R2: 0.8286388010689707, Test R2: 0.7930283546447754, Inverse Test R2: 0.7930283546447754 
2026-02-26 14:17:44,611 INFO: Epoch 82, Train Loss: 0.40574903549118474, Test Loss: 0.4199042401530526, Inverse Test Loss: 3.8756402550321636, Train R2: 0.8268375148375829, Test R2: 0.8066533803939819, Inverse Test R2: 0.8066533803939819 
2026-02-26 14:17:47,599 INFO: Epoch 83, Train Loss: 0.3989847966215827, Test Loss: 0.4337283517375137, Inverse Test Loss: 4.0032343503200645, Train R2: 0.8342193089651339, Test R2: 0.7898337841033936, Inverse Test R2: 0.7898337841033936 
2026-02-26 14:17:50,559 INFO: Epoch 84, Train Loss: 0.4027961359331102, Test Loss: 0.421333650747935, Inverse Test Loss: 3.8888334722229927, Train R2: 0.8310240868366126, Test R2: 0.806160032749176, Inverse Test R2: 0.806160032749176 
2026-02-26 14:17:53,535 INFO: Epoch 85, Train Loss: 0.3994957445697351, Test Loss: 0.4358534271066839, Inverse Test Loss: 4.022848447163899, Train R2: 0.8344269218769941, Test R2: 0.7791597843170166, Inverse Test R2: 0.7791597247123718 
2026-02-26 14:17:56,503 INFO: Epoch 86, Train Loss: 0.40229413951888227, Test Loss: 0.42510714856061066, Inverse Test Loss: 3.9236622506921943, Train R2: 0.8315450300772985, Test R2: 0.8003355860710144, Inverse Test R2: 0.8003355264663696 
2026-02-26 14:17:59,503 INFO: Epoch 87, Train Loss: 0.4023676110487996, Test Loss: 0.4521972826032927, Inverse Test Loss: 4.173699198347149, Train R2: 0.8312774883075194, Test R2: 0.7723183631896973, Inverse Test R2: 0.7723183631896973 
2026-02-26 14:18:02,475 INFO: Epoch 88, Train Loss: 0.39820578942696255, Test Loss: 0.43538787870696094, Inverse Test Loss: 4.018551544709639, Train R2: 0.8341758779504083, Test R2: 0.7917867302894592, Inverse Test R2: 0.7917867302894592 
2026-02-26 14:18:05,479 INFO: Epoch 89, Train Loss: 0.39515645689133444, Test Loss: 0.44611696402231854, Inverse Test Loss: 4.117578947182857, Train R2: 0.8367689762151602, Test R2: 0.7763940095901489, Inverse Test R2: 0.7763939499855042 
2026-02-26 14:18:08,448 INFO: Epoch 90, Train Loss: 0.3946855947601073, Test Loss: 0.4502939780553182, Inverse Test Loss: 4.15613206950101, Train R2: 0.8370221058527628, Test R2: 0.7649673223495483, Inverse Test R2: 0.7649673223495483 
2026-02-26 14:18:08,448 INFO: Best Epoch 68, Best Test Loss: 0.4132186978152304, Inv Test Loss: 3.8139339793812144, Best Test R2: 0.812211275100708 
2026-02-26 14:18:11,400 INFO: Epoch 91, Train Loss: 0.3960998513256059, Test Loss: 0.4145480493704478, Inverse Test Loss: 3.8262036352446587, Train R2: 0.8356943970376794, Test R2: 0.8104169964790344, Inverse Test R2: 0.8104169964790344 
2026-02-26 14:18:14,356 INFO: Epoch 92, Train Loss: 0.39582163208361826, Test Loss: 0.43173470641627454, Inverse Test Loss: 3.9848333922299473, Train R2: 0.8363525637171485, Test R2: 0.7866133451461792, Inverse Test R2: 0.7866133451461792 
2026-02-26 14:18:17,308 INFO: Epoch 93, Train Loss: 0.4010620720007203, Test Loss: 0.4378888923110384, Inverse Test Loss: 4.041635397708777, Train R2: 0.8314571439316778, Test R2: 0.7874454259872437, Inverse Test R2: 0.7874454259872437 
2026-02-26 14:18:20,277 INFO: Epoch 94, Train Loss: 0.3972115103494037, Test Loss: 0.44412057959672174, Inverse Test Loss: 4.0991527383977715, Train R2: 0.8349355829484535, Test R2: 0.7770901918411255, Inverse Test R2: 0.7770901918411255 
2026-02-26 14:18:23,229 INFO: Epoch 95, Train Loss: 0.4015457300525723, Test Loss: 0.4201000007716092, Inverse Test Loss: 3.877447149970315, Train R2: 0.8298237852074883, Test R2: 0.8045659065246582, Inverse Test R2: 0.8045659065246582 
2026-02-26 14:18:26,196 INFO: Epoch 96, Train Loss: 0.39345566363948764, Test Loss: 0.42303885384039447, Inverse Test Loss: 3.9045721834356133, Train R2: 0.8385629974531404, Test R2: 0.7987526059150696, Inverse Test R2: 0.7987526059150696 
2026-02-26 14:18:29,189 INFO: Epoch 97, Train Loss: 0.3995672565969554, Test Loss: 0.4313402528112585, Inverse Test Loss: 3.9811926393797905, Train R2: 0.8332836208018389, Test R2: 0.7931573390960693, Inverse Test R2: 0.7931573390960693 
2026-02-26 14:18:32,148 INFO: Epoch 98, Train Loss: 0.39305369544661406, Test Loss: 0.4442743875763633, Inverse Test Loss: 4.100572427113851, Train R2: 0.8379041123570818, Test R2: 0.7832877039909363, Inverse Test R2: 0.7832877039909363 
2026-02-26 14:18:35,276 INFO: Epoch 99, Train Loss: 0.3973109166730534, Test Loss: 0.4795851933233666, Inverse Test Loss: 4.426484649831599, Train R2: 0.8347078507596796, Test R2: 0.727034866809845, Inverse Test R2: 0.7270348072052002 
2026-02-26 14:18:38,336 INFO: Epoch 100, Train Loss: 0.38876111286156106, Test Loss: 0.44102762233127246, Inverse Test Loss: 4.070605270790331, Train R2: 0.840404133905064, Test R2: 0.7834797501564026, Inverse Test R2: 0.7834796905517578 
2026-02-26 14:18:38,337 INFO: Best Epoch 68, Best Test Loss: 0.4132186978152304, Inv Test Loss: 3.8139339793812144, Best Test R2: 0.812211275100708 
2026-02-26 14:18:41,353 INFO: Epoch 101, Train Loss: 0.39303308635046985, Test Loss: 0.43514103329542914, Inverse Test Loss: 4.0162731878685225, Train R2: 0.8372263050440586, Test R2: 0.7940964698791504, Inverse Test R2: 0.7940964698791504 
2026-02-26 14:18:44,307 INFO: Epoch 102, Train Loss: 0.3933006583741217, Test Loss: 0.4375192414630543, Inverse Test Loss: 4.038223562818585, Train R2: 0.8390905098481611, Test R2: 0.7872891426086426, Inverse Test R2: 0.7872890830039978 
2026-02-26 14:18:47,265 INFO: Epoch 103, Train Loss: 0.3911910711815863, Test Loss: 0.44702261686325073, Inverse Test Loss: 4.125938112085516, Train R2: 0.8408473278536941, Test R2: 0.7696670293807983, Inverse Test R2: 0.7696670293807983 
2026-02-26 14:18:50,228 INFO: Epoch 104, Train Loss: 0.3939427159952395, Test Loss: 0.4266557621233391, Inverse Test Loss: 3.9379556106798574, Train R2: 0.8384457776943842, Test R2: 0.7993137240409851, Inverse Test R2: 0.7993137240409851 
2026-02-26 14:18:53,176 INFO: Epoch 105, Train Loss: 0.38524686578999867, Test Loss: 0.4176448412013776, Inverse Test Loss: 3.8547865694219414, Train R2: 0.8447482310461275, Test R2: 0.8084423542022705, Inverse Test R2: 0.8084423542022705 
2026-02-26 14:18:56,135 INFO: Epoch 106, Train Loss: 0.3828401423313401, Test Loss: 0.4336214210047866, Inverse Test Loss: 4.002247412999471, Train R2: 0.8466548052701083, Test R2: 0.7901711463928223, Inverse Test R2: 0.7901711463928223 
2026-02-26 14:18:59,105 INFO: Epoch 107, Train Loss: 0.3859118925351085, Test Loss: 0.44112038702675793, Inverse Test Loss: 4.071461468031912, Train R2: 0.8442340967330065, Test R2: 0.7783671617507935, Inverse Test R2: 0.7783671021461487 
2026-02-26 14:19:02,060 INFO: Epoch 108, Train Loss: 0.3885301049008514, Test Loss: 0.44325948484016187, Inverse Test Loss: 4.09120496114095, Train R2: 0.8422156816179102, Test R2: 0.7738459706306458, Inverse Test R2: 0.773845911026001 
2026-02-26 14:19:05,015 INFO: Epoch 109, Train Loss: 0.39227216374693497, Test Loss: 0.42187124581047986, Inverse Test Loss: 3.8937954035672275, Train R2: 0.8406969882322081, Test R2: 0.8044974207878113, Inverse Test R2: 0.8044973611831665 
2026-02-26 14:19:07,978 INFO: Epoch 110, Train Loss: 0.3889186450026252, Test Loss: 0.4353814287619157, Inverse Test Loss: 4.018491932840059, Train R2: 0.8414968979178052, Test R2: 0.7913687229156494, Inverse Test R2: 0.7913687229156494 
2026-02-26 14:19:07,979 INFO: Best Epoch 68, Best Test Loss: 0.4132186978152304, Inv Test Loss: 3.8139339793812144, Best Test R2: 0.812211275100708 
2026-02-26 14:19:10,942 INFO: Epoch 111, Train Loss: 0.38263133845546027, Test Loss: 0.4308692126563101, Inverse Test Loss: 3.9768449971170137, Train R2: 0.846130932822372, Test R2: 0.7939516305923462, Inverse Test R2: 0.7939516305923462 
2026-02-26 14:19:13,901 INFO: Epoch 112, Train Loss: 0.39083938594117307, Test Loss: 0.4276014683824597, Inverse Test Loss: 3.9466843749537612, Train R2: 0.8411285520503016, Test R2: 0.7979708909988403, Inverse Test R2: 0.7979708909988403 
2026-02-26 14:19:16,860 INFO: Epoch 113, Train Loss: 0.38385730823784164, Test Loss: 0.449360860116554, Inverse Test Loss: 4.147519530672016, Train R2: 0.8449580285585288, Test R2: 0.7746761441230774, Inverse Test R2: 0.7746761441230774 
2026-02-26 14:19:19,828 INFO: Epoch 114, Train Loss: 0.37914956880338263, Test Loss: 0.437300291928378, Inverse Test Loss: 4.036202770290953, Train R2: 0.8496010908574769, Test R2: 0.7856217622756958, Inverse Test R2: 0.785621702671051 
2026-02-26 14:19:22,784 INFO: Epoch 115, Train Loss: 0.38380007694164914, Test Loss: 0.4341656565666199, Inverse Test Loss: 4.007270574569702, Train R2: 0.8448731176780931, Test R2: 0.792084813117981, Inverse Test R2: 0.792084813117981 
2026-02-26 14:19:25,739 INFO: Epoch 116, Train Loss: 0.3816178474913944, Test Loss: 0.4213053918246067, Inverse Test Loss: 3.8885727145455102, Train R2: 0.8473039590048067, Test R2: 0.8055612444877625, Inverse Test R2: 0.8055612444877625 
2026-02-26 14:19:28,709 INFO: Epoch 117, Train Loss: 0.3858492753722451, Test Loss: 0.42169665296872455, Inverse Test Loss: 3.892183881817442, Train R2: 0.8443841383312688, Test R2: 0.804144024848938, Inverse Test R2: 0.8041439652442932 
2026-02-26 14:19:31,672 INFO: Epoch 118, Train Loss: 0.3830277353073611, Test Loss: 0.4238020551927162, Inverse Test Loss: 3.911616491548943, Train R2: 0.8459385150309765, Test R2: 0.7965352535247803, Inverse Test R2: 0.7965352535247803 
2026-02-26 14:19:34,626 INFO: Epoch 119, Train Loss: 0.38298351791771973, Test Loss: 0.429464963349429, Inverse Test Loss: 3.9638840068470347, Train R2: 0.8469219135515618, Test R2: 0.7943720817565918, Inverse Test R2: 0.7943720817565918 
2026-02-26 14:19:37,572 INFO: Epoch 120, Train Loss: 0.3758999135232333, Test Loss: 0.44750244238159875, Inverse Test Loss: 4.130366766091549, Train R2: 0.8524412327643597, Test R2: 0.7752724289894104, Inverse Test R2: 0.7752724289894104 
2026-02-26 14:19:37,572 INFO: Best Epoch 68, Best Test Loss: 0.4132186978152304, Inv Test Loss: 3.8139339793812144, Best Test R2: 0.812211275100708 
2026-02-26 14:19:40,527 INFO: Epoch 121, Train Loss: 0.3833788680759343, Test Loss: 0.4349261224269867, Inverse Test Loss: 4.0142895236159815, Train R2: 0.8462775480566602, Test R2: 0.7907901406288147, Inverse Test R2: 0.7907900810241699 
2026-02-26 14:19:43,486 INFO: Epoch 122, Train Loss: 0.3821801696762894, Test Loss: 0.4206271018042709, Inverse Test Loss: 3.882312182224158, Train R2: 0.8491594385017048, Test R2: 0.8033373951911926, Inverse Test R2: 0.8033373951911926 
2026-02-26 14:19:46,438 INFO: Epoch 123, Train Loss: 0.3765286907102122, Test Loss: 0.42425634012077795, Inverse Test Loss: 3.915809472401937, Train R2: 0.8512647305474137, Test R2: 0.7990173697471619, Inverse Test R2: 0.7990173101425171 
2026-02-26 14:19:49,402 INFO: Epoch 124, Train Loss: 0.3810911465323333, Test Loss: 0.42694952180891327, Inverse Test Loss: 3.9406668923117896, Train R2: 0.84631777622483, Test R2: 0.7969585657119751, Inverse Test R2: 0.7969585061073303 
2026-02-26 14:19:52,348 INFO: Epoch 125, Train Loss: 0.37591261597293796, Test Loss: 0.4191602658141743, Inverse Test Loss: 3.8687735543106543, Train R2: 0.8523308986967261, Test R2: 0.8070342540740967, Inverse Test R2: 0.8070342540740967 
2026-02-26 14:19:55,293 INFO: Epoch 126, Train Loss: 0.37002428767807555, Test Loss: 0.4261653793580604, Inverse Test Loss: 3.9334294362501665, Train R2: 0.8553418173934474, Test R2: 0.799319326877594, Inverse Test R2: 0.799319326877594 
2026-02-26 14:19:58,243 INFO: Epoch 127, Train Loss: 0.37733335002805246, Test Loss: 0.41991551717122394, Inverse Test Loss: 3.875744407827204, Train R2: 0.8509149366255963, Test R2: 0.804932713508606, Inverse Test R2: 0.804932713508606 
2026-02-26 14:20:01,194 INFO: Epoch 128, Train Loss: 0.37316575623822934, Test Loss: 0.43303840900912427, Inverse Test Loss: 3.9968663562427866, Train R2: 0.854084770787846, Test R2: 0.7918782234191895, Inverse Test R2: 0.7918781638145447 
2026-02-26 14:20:04,153 INFO: Epoch 129, Train Loss: 0.37109166101524327, Test Loss: 0.4322689816807256, Inverse Test Loss: 3.9897646181511157, Train R2: 0.8570431145754728, Test R2: 0.7944960594177246, Inverse Test R2: 0.7944960594177246 
2026-02-26 14:20:07,165 INFO: Epoch 130, Train Loss: 0.36748407171531156, Test Loss: 0.4336054568940943, Inverse Test Loss: 4.00210004864317, Train R2: 0.8580923021742792, Test R2: 0.7927200198173523, Inverse Test R2: 0.7927200198173523 
2026-02-26 14:20:07,165 INFO: Best Epoch 68, Best Test Loss: 0.4132186978152304, Inv Test Loss: 3.8139339793812144, Best Test R2: 0.812211275100708 
2026-02-26 14:20:10,218 INFO: Epoch 131, Train Loss: 0.3824702648050857, Test Loss: 0.422682293436744, Inverse Test Loss: 3.901281197865804, Train R2: 0.8482571691274643, Test R2: 0.8022510409355164, Inverse Test R2: 0.8022509813308716 
2026-02-26 14:20:13,327 INFO: Epoch 132, Train Loss: 0.37592236370299803, Test Loss: 0.42511479059855145, Inverse Test Loss: 3.9237327503435537, Train R2: 0.8516285053708337, Test R2: 0.7999739050865173, Inverse Test R2: 0.7999739050865173 
2026-02-26 14:20:16,281 INFO: Epoch 133, Train Loss: 0.37395876713774423, Test Loss: 0.4295860727628072, Inverse Test Loss: 3.9650018142931387, Train R2: 0.8536131246523424, Test R2: 0.7945313453674316, Inverse Test R2: 0.7945313453674316 
2026-02-26 14:20:19,237 INFO: Epoch 134, Train Loss: 0.3684971219662464, Test Loss: 0.42766688267389935, Inverse Test Loss: 3.9472880652456572, Train R2: 0.8561244209607443, Test R2: 0.794678807258606, Inverse Test R2: 0.794678807258606 
2026-02-26 14:20:22,196 INFO: Epoch 135, Train Loss: 0.36776100415172, Test Loss: 0.42257814154480444, Inverse Test Loss: 3.900319901379672, Train R2: 0.8575619490760745, Test R2: 0.8026028871536255, Inverse Test R2: 0.8026028871536255 
2026-02-26 14:20:25,130 INFO: Epoch 136, Train Loss: 0.37341278475342377, Test Loss: 0.43527031847924896, Inverse Test Loss: 4.017466436732899, Train R2: 0.8536181079618859, Test R2: 0.7885727882385254, Inverse Test R2: 0.7885727882385254 
2026-02-26 14:20:28,078 INFO: Epoch 137, Train Loss: 0.37165897542780096, Test Loss: 0.42208182540806854, Inverse Test Loss: 3.8957390134984795, Train R2: 0.8554813315471014, Test R2: 0.8036563992500305, Inverse Test R2: 0.8036563992500305 
2026-02-26 14:20:31,054 INFO: Epoch 138, Train Loss: 0.37532418085770175, Test Loss: 0.41652207753875037, Inverse Test Loss: 3.8444235686099892, Train R2: 0.8533755138967977, Test R2: 0.8092674016952515, Inverse Test R2: 0.8092674016952515 
2026-02-26 14:20:34,014 INFO: Epoch 139, Train Loss: 0.368358572324117, Test Loss: 0.4427542442625219, Inverse Test Loss: 4.086541659904249, Train R2: 0.8584801216017116, Test R2: 0.7787916660308838, Inverse Test R2: 0.7787916660308838 
2026-02-26 14:20:36,973 INFO: Epoch 140, Train Loss: 0.36420384975093784, Test Loss: 0.4657377970941139, Inverse Test Loss: 4.298675746628732, Train R2: 0.8596798298936902, Test R2: 0.7506524920463562, Inverse Test R2: 0.7506524920463562 
2026-02-26 14:20:36,973 INFO: Best Epoch 68, Best Test Loss: 0.4132186978152304, Inv Test Loss: 3.8139339793812144, Best Test R2: 0.812211275100708 
2026-02-26 14:20:39,949 INFO: Epoch 141, Train Loss: 0.3706855899231, Test Loss: 0.42196253574255743, Inverse Test Loss: 3.8946380109497993, Train R2: 0.8566206657525265, Test R2: 0.8020696043968201, Inverse Test R2: 0.8020695447921753 
2026-02-26 14:20:43,047 INFO: Epoch 142, Train Loss: 0.3702470665854035, Test Loss: 0.4367992128386642, Inverse Test Loss: 4.031577861670292, Train R2: 0.8551323711872101, Test R2: 0.786877453327179, Inverse Test R2: 0.786877453327179 
2026-02-26 14:20:46,078 INFO: Epoch 143, Train Loss: 0.3732421443317876, Test Loss: 0.4157749450567997, Inverse Test Loss: 3.8375276652249424, Train R2: 0.8529130405548847, Test R2: 0.8095842599868774, Inverse Test R2: 0.8095842599868774 
2026-02-26 14:20:49,064 INFO: Epoch 144, Train Loss: 0.37134645676070993, Test Loss: 0.4527327779567603, Inverse Test Loss: 4.178641637166341, Train R2: 0.8556650348685004, Test R2: 0.7672116160392761, Inverse Test R2: 0.7672115564346313 
2026-02-26 14:20:52,021 INFO: Epoch 145, Train Loss: 0.3691386017158176, Test Loss: 0.433355602351102, Inverse Test Loss: 3.9997940063476562, Train R2: 0.8572114272551103, Test R2: 0.7894600629806519, Inverse Test R2: 0.7894600629806519 
2026-02-26 14:20:54,990 INFO: Epoch 146, Train Loss: 0.3699954048250661, Test Loss: 0.4404699775305661, Inverse Test Loss: 4.065458377202352, Train R2: 0.8574711472699137, Test R2: 0.7819792032241821, Inverse Test R2: 0.7819792032241821 
2026-02-26 14:20:57,946 INFO: Epoch 147, Train Loss: 0.3685300894307368, Test Loss: 0.41962866349653766, Inverse Test Loss: 3.8730967767310864, Train R2: 0.8568708178671923, Test R2: 0.8051366209983826, Inverse Test R2: 0.8051366209983826 
2026-02-26 14:21:00,931 INFO: Epoch 148, Train Loss: 0.3664855745931466, Test Loss: 0.416125706650994, Inverse Test Loss: 3.840765093312119, Train R2: 0.8604272892980864, Test R2: 0.8084661364555359, Inverse Test R2: 0.8084660768508911 
2026-02-26 14:21:03,900 INFO: Epoch 149, Train Loss: 0.36479946316191647, Test Loss: 0.43786653785994556, Inverse Test Loss: 4.041429028366551, Train R2: 0.8590417382392016, Test R2: 0.7870051860809326, Inverse Test R2: 0.7870051860809326 
2026-02-26 14:21:06,857 INFO: Epoch 150, Train Loss: 0.36494466504364304, Test Loss: 0.4334995376341271, Inverse Test Loss: 4.00112247467041, Train R2: 0.860171122081352, Test R2: 0.7919459939002991, Inverse Test R2: 0.7919459342956543 
2026-02-26 14:21:06,857 INFO: Best Epoch 68, Best Test Loss: 0.4132186978152304, Inv Test Loss: 3.8139339793812144, Best Test R2: 0.812211275100708 
