2026-01-27 13:35:09,730 INFO: log_path:/logs_2026_1_27_HS_RMSE/AMFormer_simple_MLP_dim32_depth2_heads4_dropout0.4_fusion0.45_0.55_lr0.001_2P 
2026-01-27 13:35:09,730 INFO: Model:namespace(attn_dropout=0.4, categories=[], cluster=3, depth=2, dim=32, ff_dropout=0.4, groups=[54, 54, 54], heads=4, name='AMFormer_simple_MLP_dim32_depth2_heads4_dropout0.4_fusion0.45_0.55', num_cate=0, num_cont=20, num_special_tokens=1, out_dim=1, predictor='simple_MLP', prod_num_per_group=[6, 6, 6], qk_relu=False, static_fusion={'kan_weight': 0.45, 'trans_weight': 0.55}, sum_num_per_group=[32, 16, 8], target_mode='regression', token_descent=False, use_cls_token=True, use_prod=True, use_row_col_attention=True, use_sigmoid=True) 
2026-01-27 13:35:09,730 INFO: lr:0.001, loss:RMSE 
2026-01-27 13:35:09,731 INFO: Dataset:HS, Target:['metal2_Peak'] 
2026-01-27 13:35:09,731 INFO: ------Begin Training Model------ 
2026-01-27 13:35:24,209 INFO: Epoch 1, Train Loss: 0.5048942536567197, Test Loss: 0.3808347438320969, Inverse Test Loss: 0.6150976329138784, Train R2: 0.723118449250857, Test R2: 0.8552674651145935, Inverse Test R2: 0.8552674651145935 
2026-01-27 13:35:31,978 INFO: Epoch 2, Train Loss: 0.35628553762128856, Test Loss: 0.3068429041992534, Inverse Test Loss: 0.4955911844065695, Train R2: 0.8686205564123212, Test R2: 0.906295657157898, Inverse Test R2: 0.906295657157898 
2026-01-27 13:35:39,933 INFO: Epoch 3, Train Loss: 0.30087926464550424, Test Loss: 0.29602597879640985, Inverse Test Loss: 0.47812044710823987, Train R2: 0.9074624135638728, Test R2: 0.9128193855285645, Inverse Test R2: 0.9128193855285645 
2026-01-27 13:35:49,483 INFO: Epoch 4, Train Loss: 0.2831450634156213, Test Loss: 0.2705144489353353, Inverse Test Loss: 0.4369160072370009, Train R2: 0.9179656930042036, Test R2: 0.9268109202384949, Inverse Test R2: 0.9268109202384949 
2026-01-27 13:36:00,527 INFO: Epoch 5, Train Loss: 0.27420824641982716, Test Loss: 0.26993907220435864, Inverse Test Loss: 0.43598670038309967, Train R2: 0.9233894871942925, Test R2: 0.9273404479026794, Inverse Test R2: 0.9273404479026794 
2026-01-27 13:36:12,397 INFO: Epoch 6, Train Loss: 0.2662211986202182, Test Loss: 0.2648691196333278, Inverse Test Loss: 0.4277980688846473, Train R2: 0.9273561153447989, Test R2: 0.9299843311309814, Inverse Test R2: 0.9299843311309814 
2026-01-27 13:36:24,227 INFO: Epoch 7, Train Loss: 0.2595440580537825, Test Loss: 0.26450226207574207, Inverse Test Loss: 0.42720554001403577, Train R2: 0.9308286611780976, Test R2: 0.93019700050354, Inverse Test R2: 0.93019700050354 
2026-01-27 13:36:35,930 INFO: Epoch 8, Train Loss: 0.26110173310294293, Test Loss: 0.2593302663528558, Inverse Test Loss: 0.41885209715727606, Train R2: 0.929862075231292, Test R2: 0.9327530264854431, Inverse Test R2: 0.9327530264854431 
2026-01-27 13:36:47,589 INFO: Epoch 9, Train Loss: 0.255142249844291, Test Loss: 0.255245024507696, Inverse Test Loss: 0.4122538991046674, Train R2: 0.9331383533550032, Test R2: 0.9346970915794373, Inverse Test R2: 0.9346970915794373 
2026-01-27 13:36:59,188 INFO: Epoch 10, Train Loss: 0.2524284315154408, Test Loss: 0.25778152364673035, Inverse Test Loss: 0.41635067625479266, Train R2: 0.9347407415960775, Test R2: 0.9336258769035339, Inverse Test R2: 0.9336258769035339 
2026-01-27 13:37:10,792 INFO: Epoch 11, Train Loss: 0.2497527306955872, Test Loss: 0.25606553301666723, Inverse Test Loss: 0.4135791261990865, Train R2: 0.936158946517742, Test R2: 0.9343736171722412, Inverse Test R2: 0.9343736171722412 
2026-01-27 13:37:22,397 INFO: Epoch 12, Train Loss: 0.2483273742325378, Test Loss: 0.2549417502049244, Inverse Test Loss: 0.4117640735525073, Train R2: 0.9365286556157199, Test R2: 0.9348670840263367, Inverse Test R2: 0.9348670840263367 
2026-01-27 13:37:33,969 INFO: Epoch 13, Train Loss: 0.24584983165065447, Test Loss: 0.25118173613692774, Inverse Test Loss: 0.40569116671880084, Train R2: 0.9376517570380009, Test R2: 0.9368814826011658, Inverse Test R2: 0.9368814826011658 
2026-01-27 13:37:45,638 INFO: Epoch 14, Train Loss: 0.2451271651820703, Test Loss: 0.251233208360094, Inverse Test Loss: 0.4057742962331483, Train R2: 0.9381223316445495, Test R2: 0.9368284344673157, Inverse Test R2: 0.9368284940719604 
2026-01-27 13:37:57,206 INFO: Epoch 15, Train Loss: 0.24437555422385535, Test Loss: 0.2542179561022556, Inverse Test Loss: 0.41059504946072894, Train R2: 0.9386312496481519, Test R2: 0.93509840965271, Inverse Test R2: 0.93509840965271 
2026-01-27 13:38:08,759 INFO: Epoch 16, Train Loss: 0.2436666422043786, Test Loss: 0.2535689382842093, Inverse Test Loss: 0.4095468060536818, Train R2: 0.939049940217625, Test R2: 0.9356696009635925, Inverse Test R2: 0.9356696009635925 
2026-01-27 13:38:20,280 INFO: Epoch 17, Train Loss: 0.23951766696391683, Test Loss: 0.2545392680348772, Inverse Test Loss: 0.41111401626558014, Train R2: 0.941005116610816, Test R2: 0.9349082708358765, Inverse Test R2: 0.9349082708358765 
2026-01-27 13:38:31,847 INFO: Epoch 18, Train Loss: 0.24154834596045088, Test Loss: 0.24678131892825617, Inverse Test Loss: 0.3985839242284948, Train R2: 0.9398273459889672, Test R2: 0.9389737844467163, Inverse Test R2: 0.9389737844467163 
2026-01-27 13:38:43,587 INFO: Epoch 19, Train Loss: 0.24027589629545357, Test Loss: 0.24971230599013242, Inverse Test Loss: 0.4033178416165439, Train R2: 0.9405154125256971, Test R2: 0.9376009106636047, Inverse Test R2: 0.9376009106636047 
2026-01-27 13:38:55,236 INFO: Epoch 20, Train Loss: 0.23760877470626976, Test Loss: 0.2514494919415676, Inverse Test Loss: 0.40612362370346533, Train R2: 0.9420120530959332, Test R2: 0.9364730715751648, Inverse Test R2: 0.9364730715751648 
2026-01-27 13:39:06,882 INFO: Epoch 21, Train Loss: 0.2371532553524682, Test Loss: 0.24770657763336645, Inverse Test Loss: 0.4000783282699007, Train R2: 0.9420932838411042, Test R2: 0.9385213255882263, Inverse Test R2: 0.9385213255882263 
2026-01-27 13:39:18,467 INFO: Epoch 22, Train Loss: 0.23636444748351068, Test Loss: 0.2481632110747424, Inverse Test Loss: 0.4008158499544317, Train R2: 0.9424348532250433, Test R2: 0.9382515549659729, Inverse Test R2: 0.9382516145706177 
2026-01-27 13:39:30,070 INFO: Epoch 23, Train Loss: 0.2361701779970617, Test Loss: 0.24697285664804053, Inverse Test Loss: 0.39889327143177844, Train R2: 0.9426038165887197, Test R2: 0.938860297203064, Inverse Test R2: 0.938860297203064 
2026-01-27 13:39:41,598 INFO: Epoch 24, Train Loss: 0.23404129301056717, Test Loss: 0.2497730300281987, Inverse Test Loss: 0.4034159201564211, Train R2: 0.9431154009970751, Test R2: 0.9374575614929199, Inverse Test R2: 0.9374575614929199 
2026-01-27 13:39:53,274 INFO: Epoch 25, Train Loss: 0.23660243991197963, Test Loss: 0.2517204221450921, Inverse Test Loss: 0.40656121481548657, Train R2: 0.9423435854189324, Test R2: 0.936542272567749, Inverse Test R2: 0.936542272567749 
2026-01-27 13:40:04,922 INFO: Epoch 26, Train Loss: 0.23345637818177542, Test Loss: 0.2473979371063637, Inverse Test Loss: 0.3995798374667312, Train R2: 0.9438880402030367, Test R2: 0.9386869668960571, Inverse Test R2: 0.9386869668960571 
2026-01-27 13:40:16,597 INFO: Epoch 27, Train Loss: 0.23179304419141827, Test Loss: 0.24862818600553455, Inverse Test Loss: 0.4015668486103867, Train R2: 0.9445429241115396, Test R2: 0.9378617405891418, Inverse Test R2: 0.9378617405891418 
2026-01-27 13:40:28,166 INFO: Epoch 28, Train Loss: 0.23052487522363663, Test Loss: 0.24229321561076425, Inverse Test Loss: 0.39133504845879297, Train R2: 0.9451074306712006, Test R2: 0.9410353302955627, Inverse Test R2: 0.9410353302955627 
2026-01-27 13:40:39,753 INFO: Epoch 29, Train Loss: 0.23119683710463118, Test Loss: 0.2470903622381615, Inverse Test Loss: 0.3990830625548507, Train R2: 0.945065951257041, Test R2: 0.9387564063072205, Inverse Test R2: 0.9387564063072205 
2026-01-27 13:40:51,359 INFO: Epoch 30, Train Loss: 0.23144068478634863, Test Loss: 0.24502900287960516, Inverse Test Loss: 0.3957536961093093, Train R2: 0.9445879870291912, Test R2: 0.939734697341919, Inverse Test R2: 0.939734697341919 
2026-01-27 13:41:02,891 INFO: Epoch 31, Train Loss: 0.22883958008253213, Test Loss: 0.2420571744441986, Inverse Test Loss: 0.39095380811980274, Train R2: 0.9459400876904979, Test R2: 0.9411615133285522, Inverse Test R2: 0.9411615133285522 
2026-01-27 13:41:14,492 INFO: Epoch 32, Train Loss: 0.22827665970632524, Test Loss: 0.24812974667910373, Inverse Test Loss: 0.40076180931293603, Train R2: 0.9461863487958908, Test R2: 0.9383049607276917, Inverse Test R2: 0.9383049607276917 
2026-01-27 13:41:26,163 INFO: Epoch 33, Train Loss: 0.2289220244821274, Test Loss: 0.24555751997413058, Inverse Test Loss: 0.3966073213201581, Train R2: 0.945790862495249, Test R2: 0.9395217895507812, Inverse Test R2: 0.9395217895507812 
2026-01-27 13:41:37,796 INFO: Epoch 34, Train Loss: 0.22780012553839973, Test Loss: 0.2449123254328063, Inverse Test Loss: 0.3955652488000465, Train R2: 0.9464703057751511, Test R2: 0.9397287368774414, Inverse Test R2: 0.9397287368774414 
2026-01-27 13:41:49,481 INFO: Epoch 35, Train Loss: 0.2278055896361669, Test Loss: 0.24210224639285693, Inverse Test Loss: 0.3910266106778925, Train R2: 0.9465777223760431, Test R2: 0.9410780668258667, Inverse Test R2: 0.9410780668258667 
2026-01-27 13:42:01,156 INFO: Epoch 36, Train Loss: 0.22706161495862584, Test Loss: 0.24606759936520547, Inverse Test Loss: 0.3974311685923374, Train R2: 0.9468577319022381, Test R2: 0.9391926527023315, Inverse Test R2: 0.9391926527023315 
2026-01-27 13:42:12,831 INFO: Epoch 37, Train Loss: 0.22808729755607518, Test Loss: 0.24894448211698822, Inverse Test Loss: 0.40207770376494434, Train R2: 0.9459704138112791, Test R2: 0.9377711415290833, Inverse Test R2: 0.9377711415290833 
2026-01-27 13:42:24,543 INFO: Epoch 38, Train Loss: 0.22856011230385664, Test Loss: 0.24877377305970047, Inverse Test Loss: 0.4018019871278243, Train R2: 0.9462506856882211, Test R2: 0.937938928604126, Inverse Test R2: 0.937938928604126 
2026-01-27 13:42:36,170 INFO: Epoch 39, Train Loss: 0.22617657922885634, Test Loss: 0.2449863598202214, Inverse Test Loss: 0.39568480939576123, Train R2: 0.9470969285025741, Test R2: 0.9397721886634827, Inverse Test R2: 0.9397721886634827 
2026-01-27 13:42:47,897 INFO: Epoch 40, Train Loss: 0.2256167470054193, Test Loss: 0.2410537474083178, Inverse Test Loss: 0.38933313796014496, Train R2: 0.9474659553079894, Test R2: 0.9416342377662659, Inverse Test R2: 0.9416342377662659 
2026-01-27 13:42:59,654 INFO: Epoch 41, Train Loss: 0.22461399447285768, Test Loss: 0.24400882558389145, Inverse Test Loss: 0.3941059708595276, Train R2: 0.9479285577932993, Test R2: 0.9400517344474792, Inverse Test R2: 0.9400517344474792 
2026-01-27 13:43:11,304 INFO: Epoch 42, Train Loss: 0.2249032983725721, Test Loss: 0.24563009720860104, Inverse Test Loss: 0.3967245410789143, Train R2: 0.947539053180001, Test R2: 0.9395397305488586, Inverse Test R2: 0.9395397305488586 
2026-01-27 13:43:22,977 INFO: Epoch 43, Train Loss: 0.22322674930998773, Test Loss: 0.24396459397041437, Inverse Test Loss: 0.39403454462687176, Train R2: 0.9484541393590696, Test R2: 0.9403331875801086, Inverse Test R2: 0.9403331875801086 
2026-01-27 13:43:34,685 INFO: Epoch 44, Train Loss: 0.2227526574649594, Test Loss: 0.24692661021694992, Inverse Test Loss: 0.39881858229637146, Train R2: 0.9488424983891574, Test R2: 0.9387458562850952, Inverse Test R2: 0.9387458562850952 
2026-01-27 13:43:46,440 INFO: Epoch 45, Train Loss: 0.22125385769388892, Test Loss: 0.24631577323783527, Inverse Test Loss: 0.3978319971850424, Train R2: 0.9491543196367495, Test R2: 0.9392516016960144, Inverse Test R2: 0.9392516016960144 
2026-01-27 13:43:58,073 INFO: Epoch 46, Train Loss: 0.22233610408324184, Test Loss: 0.24359957738356156, Inverse Test Loss: 0.3934449923760963, Train R2: 0.9488787194996169, Test R2: 0.9403926730155945, Inverse Test R2: 0.9403926730155945 
2026-01-27 13:44:09,764 INFO: Epoch 47, Train Loss: 0.22217706590890884, Test Loss: 0.24399161835511526, Inverse Test Loss: 0.3940781896764582, Train R2: 0.9490658044815063, Test R2: 0.9401891231536865, Inverse Test R2: 0.9401891231536865 
2026-01-27 13:44:21,436 INFO: Epoch 48, Train Loss: 0.22089186559120813, Test Loss: 0.24447553853193918, Inverse Test Loss: 0.3948597799647938, Train R2: 0.9495372600627668, Test R2: 0.9398038387298584, Inverse Test R2: 0.9398038387298584 
2026-01-27 13:44:33,193 INFO: Epoch 49, Train Loss: 0.2195331836965951, Test Loss: 0.24187227045044754, Inverse Test Loss: 0.3906551653688604, Train R2: 0.9500600844621658, Test R2: 0.9411716461181641, Inverse Test R2: 0.9411716461181641 
2026-01-27 13:44:44,935 INFO: Epoch 50, Train Loss: 0.21959425192890744, Test Loss: 0.24558730604070605, Inverse Test Loss: 0.39665543220259925, Train R2: 0.9501158744096756, Test R2: 0.9393817186355591, Inverse Test R2: 0.9393817186355591 
2026-01-27 13:44:56,553 INFO: Epoch 51, Train Loss: 0.2195905243808573, Test Loss: 0.24311371779803073, Inverse Test Loss: 0.39266026200670184, Train R2: 0.950270769722534, Test R2: 0.940542459487915, Inverse Test R2: 0.940542459487915 
2026-01-27 13:45:08,203 INFO: Epoch 52, Train Loss: 0.21985919389760855, Test Loss: 0.2435667130983237, Inverse Test Loss: 0.3933919081182191, Train R2: 0.950003773877115, Test R2: 0.9402434825897217, Inverse Test R2: 0.9402434825897217 
2026-01-27 13:45:19,895 INFO: Epoch 53, Train Loss: 0.21934026863538858, Test Loss: 0.24076020582155747, Inverse Test Loss: 0.388859032681494, Train R2: 0.9500797350298275, Test R2: 0.9416821599006653, Inverse Test R2: 0.9416821599006653 
2026-01-27 13:45:31,608 INFO: Epoch 54, Train Loss: 0.21719328675306204, Test Loss: 0.24496460909193213, Inverse Test Loss: 0.3956496905196797, Train R2: 0.950924144098253, Test R2: 0.9396122097969055, Inverse Test R2: 0.9396122097969055 
2026-01-27 13:45:43,338 INFO: Epoch 55, Train Loss: 0.21813095857699713, Test Loss: 0.24062039770863272, Inverse Test Loss: 0.3886332195816618, Train R2: 0.9509909541317911, Test R2: 0.9418798685073853, Inverse Test R2: 0.94187992811203 
2026-01-27 13:45:54,954 INFO: Epoch 56, Train Loss: 0.21778369469173026, Test Loss: 0.24839602185018134, Inverse Test Loss: 0.401191872177702, Train R2: 0.9507410697864763, Test R2: 0.9380051493644714, Inverse Test R2: 0.9380051493644714 
2026-01-27 13:46:06,687 INFO: Epoch 57, Train Loss: 0.21786887819568315, Test Loss: 0.24290750875617517, Inverse Test Loss: 0.39232720389510645, Train R2: 0.9509333968162537, Test R2: 0.9405955076217651, Inverse Test R2: 0.9405955076217651 
2026-01-27 13:46:18,334 INFO: Epoch 58, Train Loss: 0.2180923487652432, Test Loss: 0.2459596386461547, Inverse Test Loss: 0.397256792494745, Train R2: 0.9506776079987035, Test R2: 0.9392794370651245, Inverse Test R2: 0.9392794370651245 
2026-01-27 13:46:30,112 INFO: Epoch 59, Train Loss: 0.21844991262663493, Test Loss: 0.243689574527018, Inverse Test Loss: 0.3935903509457906, Train R2: 0.9504207611987086, Test R2: 0.9401656985282898, Inverse Test R2: 0.9401656985282898 
2026-01-27 13:46:41,747 INFO: Epoch 60, Train Loss: 0.21482730792327362, Test Loss: 0.24369536159616528, Inverse Test Loss: 0.39359968629750336, Train R2: 0.9522392063429861, Test R2: 0.9403202533721924, Inverse Test R2: 0.9403202533721924 
2026-01-27 13:46:53,438 INFO: Epoch 61, Train Loss: 0.21666670511617805, Test Loss: 0.24518310662471887, Inverse Test Loss: 0.3960025933655826, Train R2: 0.9514755421515667, Test R2: 0.9395318627357483, Inverse Test R2: 0.9395318627357483 
2026-01-27 13:47:05,067 INFO: Epoch 62, Train Loss: 0.21474603032975487, Test Loss: 0.24678431857715954, Inverse Test Loss: 0.3985887648481311, Train R2: 0.9522004353277611, Test R2: 0.9388375282287598, Inverse Test R2: 0.9388375282287598 
2026-01-27 13:47:16,791 INFO: Epoch 63, Train Loss: 0.21614244388359966, Test Loss: 0.24844689893000055, Inverse Test Loss: 0.40127404169602826, Train R2: 0.9517581620902726, Test R2: 0.9380286335945129, Inverse Test R2: 0.9380286335945129 
2026-01-27 13:47:28,427 INFO: Epoch 64, Train Loss: 0.21457588435574013, Test Loss: 0.24201020869341763, Inverse Test Loss: 0.39087795488762134, Train R2: 0.9523240702621865, Test R2: 0.9409434199333191, Inverse Test R2: 0.9409434199333191 
2026-01-27 13:47:40,001 INFO: Epoch 65, Train Loss: 0.21440386806022038, Test Loss: 0.2434786648461313, Inverse Test Loss: 0.3932496968543891, Train R2: 0.9524925703352148, Test R2: 0.9402360320091248, Inverse Test R2: 0.9402360320091248 
2026-01-27 13:47:51,687 INFO: Epoch 66, Train Loss: 0.21405110688823642, Test Loss: 0.24877174559867743, Inverse Test Loss: 0.4017987097754623, Train R2: 0.9524309788689469, Test R2: 0.9379222393035889, Inverse Test R2: 0.9379222393035889 
2026-01-27 13:48:03,375 INFO: Epoch 67, Train Loss: 0.2134959784646829, Test Loss: 0.24842245560703854, Inverse Test Loss: 0.4012345653591734, Train R2: 0.9527563872662458, Test R2: 0.9379117488861084, Inverse Test R2: 0.9379117488861084 
2026-01-27 13:48:14,949 INFO: Epoch 68, Train Loss: 0.21452009723041998, Test Loss: 0.24446536374814581, Inverse Test Loss: 0.3948433498541514, Train R2: 0.9525378599311366, Test R2: 0.9400029182434082, Inverse Test R2: 0.9400029182434082 
2026-01-27 13:48:26,569 INFO: Epoch 69, Train Loss: 0.2109632147758296, Test Loss: 0.24362747551816882, Inverse Test Loss: 0.3934900498751438, Train R2: 0.9535332854950067, Test R2: 0.9403594732284546, Inverse Test R2: 0.9403594732284546 
2026-01-27 13:48:38,241 INFO: Epoch 70, Train Loss: 0.2127221484075893, Test Loss: 0.2455570250749588, Inverse Test Loss: 0.3966065329132658, Train R2: 0.9530162454554529, Test R2: 0.9393582344055176, Inverse Test R2: 0.9393582344055176 
2026-01-27 13:48:49,895 INFO: Epoch 71, Train Loss: 0.21185484968803145, Test Loss: 0.24508469393759064, Inverse Test Loss: 0.39584364854928217, Train R2: 0.9536137048042181, Test R2: 0.9394928812980652, Inverse Test R2: 0.9394928812980652 
2026-01-27 13:49:01,515 INFO: Epoch 72, Train Loss: 0.21242259781468997, Test Loss: 0.2447898288567861, Inverse Test Loss: 0.39536740563132544, Train R2: 0.9531768601049077, Test R2: 0.9397249817848206, Inverse Test R2: 0.9397249817848206 
2026-01-27 13:49:13,101 INFO: Epoch 73, Train Loss: 0.21163936027071692, Test Loss: 0.24421330563949817, Inverse Test Loss: 0.39443623387452326, Train R2: 0.9535039293043541, Test R2: 0.9401137828826904, Inverse Test R2: 0.9401138424873352 
2026-01-27 13:49:24,701 INFO: Epoch 74, Train Loss: 0.21101015828775638, Test Loss: 0.24511738798835062, Inverse Test Loss: 0.39589644742734503, Train R2: 0.9539721716534008, Test R2: 0.9394893646240234, Inverse Test R2: 0.9394893646240234 
2026-01-27 13:49:36,365 INFO: Epoch 75, Train Loss: 0.21186940586476616, Test Loss: 0.2513827383518219, Inverse Test Loss: 0.40601580341657, Train R2: 0.953475882158135, Test R2: 0.9362333416938782, Inverse Test R2: 0.9362333416938782 
2026-01-27 13:49:48,005 INFO: Epoch 76, Train Loss: 0.20987573220874323, Test Loss: 0.24720750297560837, Inverse Test Loss: 0.3992722648562807, Train R2: 0.9544457630677656, Test R2: 0.9384428858757019, Inverse Test R2: 0.9384428858757019 
2026-01-27 13:49:59,689 INFO: Epoch 77, Train Loss: 0.20952095147786717, Test Loss: 0.2453099371808948, Inverse Test Loss: 0.39620743917696405, Train R2: 0.9543761439395674, Test R2: 0.9395407438278198, Inverse Test R2: 0.9395407438278198 
2026-01-27 13:50:11,315 INFO: Epoch 78, Train Loss: 0.20947624415610777, Test Loss: 0.2446110605290442, Inverse Test Loss: 0.3950786554452145, Train R2: 0.9542509281274044, Test R2: 0.9398886561393738, Inverse Test R2: 0.9398886561393738 
2026-01-27 13:50:22,960 INFO: Epoch 79, Train Loss: 0.20799269594929434, Test Loss: 0.24847833044601209, Inverse Test Loss: 0.401324807694464, Train R2: 0.9551125268141428, Test R2: 0.9378398656845093, Inverse Test R2: 0.9378398656845093 
2026-01-27 13:50:34,621 INFO: Epoch 80, Train Loss: 0.20864502735661739, Test Loss: 0.2500052470149416, Inverse Test Loss: 0.40379098057746887, Train R2: 0.9547698899652018, Test R2: 0.937082052230835, Inverse Test R2: 0.937082052230835 
2026-01-27 13:50:46,289 INFO: Epoch 81, Train Loss: 0.21011055181875374, Test Loss: 0.2446248544888063, Inverse Test Loss: 0.3951009448730584, Train R2: 0.9544152784528155, Test R2: 0.939663290977478, Inverse Test R2: 0.939663290977478 
2026-01-27 13:50:57,897 INFO: Epoch 82, Train Loss: 0.20860909992320972, Test Loss: 0.24844285755446463, Inverse Test Loss: 0.4012675213091301, Train R2: 0.9548438046917771, Test R2: 0.9378087520599365, Inverse Test R2: 0.9378087520599365 
2026-01-27 13:51:09,594 INFO: Epoch 83, Train Loss: 0.20785991407253526, Test Loss: 0.2475751399090796, Inverse Test Loss: 0.39986603639342566, Train R2: 0.9553021066116564, Test R2: 0.9384113550186157, Inverse Test R2: 0.9384113550186157 
2026-01-27 13:51:21,212 INFO: Epoch 84, Train Loss: 0.20733641144452672, Test Loss: 0.2465152501156836, Inverse Test Loss: 0.3981541702241609, Train R2: 0.9558306720220682, Test R2: 0.9388556480407715, Inverse Test R2: 0.9388557076454163 
2026-01-27 13:51:32,917 INFO: Epoch 85, Train Loss: 0.20755877232912814, Test Loss: 0.2458315830339085, Inverse Test Loss: 0.3970499706990791, Train R2: 0.955468068520228, Test R2: 0.9392578601837158, Inverse Test R2: 0.9392578601837158 
2026-01-27 13:51:44,487 INFO: Epoch 86, Train Loss: 0.2076160330889803, Test Loss: 0.2520404015526627, Inverse Test Loss: 0.40707801417870954, Train R2: 0.9553232066559069, Test R2: 0.9360761642456055, Inverse Test R2: 0.9360761642456055 
2026-01-27 13:51:56,176 INFO: Epoch 87, Train Loss: 0.20599135959690268, Test Loss: 0.2447902262210846, Inverse Test Loss: 0.3953680350924983, Train R2: 0.9558725962133119, Test R2: 0.9394912123680115, Inverse Test R2: 0.9394912123680115 
2026-01-27 13:52:07,820 INFO: Epoch 88, Train Loss: 0.2040579936495333, Test Loss: 0.247993500846805, Inverse Test Loss: 0.4005417426427205, Train R2: 0.9566554702592619, Test R2: 0.9380503296852112, Inverse Test R2: 0.938050389289856 
2026-01-27 13:52:19,477 INFO: Epoch 89, Train Loss: 0.20608340418248466, Test Loss: 0.25003091990947723, Inverse Test Loss: 0.40383244554201764, Train R2: 0.9561565333243572, Test R2: 0.9367286562919617, Inverse Test R2: 0.9367286562919617 
2026-01-27 13:52:31,102 INFO: Epoch 90, Train Loss: 0.20341669339122195, Test Loss: 0.2490690364079042, Inverse Test Loss: 0.4022788811813701, Train R2: 0.9569147649136457, Test R2: 0.9374811053276062, Inverse Test R2: 0.9374811053276062 
2026-01-27 13:52:42,666 INFO: Epoch 91, Train Loss: 0.20475095629014753, Test Loss: 0.2454719669891126, Inverse Test Loss: 0.39646914149775647, Train R2: 0.9566867198004867, Test R2: 0.9391981959342957, Inverse Test R2: 0.9391981959342957 
2026-01-27 13:52:54,229 INFO: Epoch 92, Train Loss: 0.20495461706410756, Test Loss: 0.24736235177878177, Inverse Test Loss: 0.39952235691475146, Train R2: 0.9563688816446246, Test R2: 0.9384611248970032, Inverse Test R2: 0.9384611248970032 
2026-01-27 13:53:05,844 INFO: Epoch 93, Train Loss: 0.2045414944489797, Test Loss: 0.25046477128158917, Inverse Test Loss: 0.40453316768010456, Train R2: 0.9568292584383127, Test R2: 0.9370335340499878, Inverse Test R2: 0.9370335340499878 
2026-01-27 13:53:17,495 INFO: Epoch 94, Train Loss: 0.2043089752621723, Test Loss: 0.2500429916562456, Inverse Test Loss: 0.4038519317453558, Train R2: 0.9567039509614309, Test R2: 0.9367742538452148, Inverse Test R2: 0.9367742538452148 
2026-01-27 13:53:29,012 INFO: Epoch 95, Train Loss: 0.20325268026102672, Test Loss: 0.24597482879956564, Inverse Test Loss: 0.3972813261277748, Train R2: 0.9572398174892772, Test R2: 0.9391156435012817, Inverse Test R2: 0.9391156435012817 
2026-01-27 13:53:40,513 INFO: Epoch 96, Train Loss: 0.20254426325360933, Test Loss: 0.24679523254885818, Inverse Test Loss: 0.39860638163306494, Train R2: 0.95728541459098, Test R2: 0.9385384917259216, Inverse Test R2: 0.9385384917259216 
2026-01-27 13:53:52,144 INFO: Epoch 97, Train Loss: 0.2017012248662385, Test Loss: 0.24868276579813522, Inverse Test Loss: 0.40165499394590204, Train R2: 0.9579330055099545, Test R2: 0.9375390410423279, Inverse Test R2: 0.9375390410423279 
2026-01-27 13:54:03,802 INFO: Epoch 98, Train Loss: 0.2013264209257834, Test Loss: 0.2501830977923942, Inverse Test Loss: 0.40407822439164826, Train R2: 0.9579469552545836, Test R2: 0.9370630383491516, Inverse Test R2: 0.9370630383491516 
2026-01-27 13:54:15,474 INFO: Epoch 99, Train Loss: 0.2021743788412123, Test Loss: 0.25028387886105163, Inverse Test Loss: 0.40424100828893256, Train R2: 0.9575293298923608, Test R2: 0.9368002414703369, Inverse Test R2: 0.9368002414703369 
2026-01-27 13:54:27,155 INFO: Epoch 100, Train Loss: 0.2010243684053421, Test Loss: 0.24951918107090573, Inverse Test Loss: 0.4030059205763268, Train R2: 0.9579971364953301, Test R2: 0.9371154308319092, Inverse Test R2: 0.9371154308319092 
2026-01-27 13:54:27,156 INFO: Best Epoch 55, Best Test Loss: 0.24062039770863272, Inv Test Loss: 0.3886332195816618, Best Test R2: 0.9418798685073853 
2026-01-27 13:54:38,758 INFO: Epoch 101, Train Loss: 0.2022182751221187, Test Loss: 0.2500600864489873, Inverse Test Loss: 0.4038795494672024, Train R2: 0.9576559256423604, Test R2: 0.9369475841522217, Inverse Test R2: 0.9369475841522217 
2026-01-27 13:54:50,410 INFO: Epoch 102, Train Loss: 0.20212480064594385, Test Loss: 0.24981127950278195, Inverse Test Loss: 0.4034776976614287, Train R2: 0.9574475356123664, Test R2: 0.9369065165519714, Inverse Test R2: 0.9369065761566162 
2026-01-27 13:55:02,063 INFO: Epoch 103, Train Loss: 0.20089412480592728, Test Loss: 0.24755649133162064, Inverse Test Loss: 0.39983592250130395, Train R2: 0.9577799200108557, Test R2: 0.9382336139678955, Inverse Test R2: 0.9382336139678955 
2026-01-27 13:55:13,778 INFO: Epoch 104, Train Loss: 0.19916606536417297, Test Loss: 0.24424738369204782, Inverse Test Loss: 0.39449127966707404, Train R2: 0.9588258749607838, Test R2: 0.9397879242897034, Inverse Test R2: 0.9397879242897034 
2026-01-27 13:55:25,381 INFO: Epoch 105, Train Loss: 0.1999852043209654, Test Loss: 0.24776492832284985, Inverse Test Loss: 0.40017256953499536, Train R2: 0.9584309996077509, Test R2: 0.9381606578826904, Inverse Test R2: 0.9381606578826904 
2026-01-27 13:55:36,976 INFO: Epoch 106, Train Loss: 0.1999510679619782, Test Loss: 0.25012323982787854, Inverse Test Loss: 0.4039815447547219, Train R2: 0.9581048768578153, Test R2: 0.9367231726646423, Inverse Test R2: 0.9367231726646423 
2026-01-27 13:55:48,615 INFO: Epoch 107, Train Loss: 0.19924761163014354, Test Loss: 0.24785702472383325, Inverse Test Loss: 0.40032130931362964, Train R2: 0.9586681100455198, Test R2: 0.9380691647529602, Inverse Test R2: 0.9380691647529602 
2026-01-27 13:56:00,220 INFO: Epoch 108, Train Loss: 0.1983991331900611, Test Loss: 0.24701026262659015, Inverse Test Loss: 0.39895368886716437, Train R2: 0.9590767752943616, Test R2: 0.9383932948112488, Inverse Test R2: 0.9383932948112488 
2026-01-27 13:56:11,868 INFO: Epoch 109, Train Loss: 0.198228824996587, Test Loss: 0.24934001989436871, Inverse Test Loss: 0.40271654996004974, Train R2: 0.9590982176137693, Test R2: 0.937063455581665, Inverse Test R2: 0.937063455581665 
2026-01-27 13:56:23,487 INFO: Epoch 110, Train Loss: 0.19954680132143426, Test Loss: 0.24654853027878385, Inverse Test Loss: 0.3982079363230503, Train R2: 0.9583789263710831, Test R2: 0.9387412667274475, Inverse Test R2: 0.9387412667274475 
2026-01-27 13:56:35,124 INFO: Epoch 111, Train Loss: 0.19567213320370877, Test Loss: 0.25116404574928863, Inverse Test Loss: 0.4056625890009331, Train R2: 0.9600854177366603, Test R2: 0.9365854859352112, Inverse Test R2: 0.9365854859352112 
2026-01-27 13:56:46,757 INFO: Epoch 112, Train Loss: 0.19779377317789829, Test Loss: 0.24459582476904898, Inverse Test Loss: 0.3950540604013385, Train R2: 0.9595039134675806, Test R2: 0.9394739270210266, Inverse Test R2: 0.9394739270210266 
2026-01-27 13:56:58,453 INFO: Epoch 113, Train Loss: 0.1975825694248532, Test Loss: 0.2503275162342823, Inverse Test Loss: 0.40431148445967474, Train R2: 0.9597965465350584, Test R2: 0.9366918206214905, Inverse Test R2: 0.9366918206214905 
2026-01-27 13:57:10,125 INFO: Epoch 114, Train Loss: 0.1965377793619127, Test Loss: 0.24952510902375885, Inverse Test Loss: 0.40301548983111524, Train R2: 0.9598366983912208, Test R2: 0.9371542930603027, Inverse Test R2: 0.9371542930603027 
2026-01-27 13:57:21,794 INFO: Epoch 115, Train Loss: 0.19577167397647194, Test Loss: 0.25408421682588983, Inverse Test Loss: 0.41037904945286835, Train R2: 0.9596554433757608, Test R2: 0.934883177280426, Inverse Test R2: 0.9348832368850708 
2026-01-27 13:57:33,437 INFO: Epoch 116, Train Loss: 0.19896090860393914, Test Loss: 0.24883779973694772, Inverse Test Loss: 0.40190539667100617, Train R2: 0.958665850036072, Test R2: 0.9376305341720581, Inverse Test R2: 0.9376305341720581 
2026-01-27 13:57:45,025 INFO: Epoch 117, Train Loss: 0.19738420364305828, Test Loss: 0.2512540252822818, Inverse Test Loss: 0.40580791686520434, Train R2: 0.9594617594372142, Test R2: 0.9363462924957275, Inverse Test R2: 0.9363462924957275 
2026-01-27 13:57:56,722 INFO: Epoch 118, Train Loss: 0.19610783960105796, Test Loss: 0.25621533619635034, Inverse Test Loss: 0.41382107770804205, Train R2: 0.9597947362697485, Test R2: 0.9339579343795776, Inverse Test R2: 0.9339579343795776 
2026-01-27 13:58:08,336 INFO: Epoch 119, Train Loss: 0.19702329046346925, Test Loss: 0.25198663048671954, Inverse Test Loss: 0.4069911665988691, Train R2: 0.9596757730751326, Test R2: 0.9360660314559937, Inverse Test R2: 0.9360660314559937 
2026-01-27 13:58:19,932 INFO: Epoch 120, Train Loss: 0.19586163939851703, Test Loss: 0.2512629185662125, Inverse Test Loss: 0.40582227977839386, Train R2: 0.9599304108908682, Test R2: 0.936477541923523, Inverse Test R2: 0.9364776015281677 
2026-01-27 13:58:31,572 INFO: Epoch 121, Train Loss: 0.19590737698881916, Test Loss: 0.24603394080292096, Inverse Test Loss: 0.39737679922219477, Train R2: 0.9601513517625404, Test R2: 0.9385620355606079, Inverse Test R2: 0.9385620355606079 
2026-01-27 13:58:43,141 INFO: Epoch 122, Train Loss: 0.19495758764220006, Test Loss: 0.24887316380486343, Inverse Test Loss: 0.4019625195951173, Train R2: 0.960011951399572, Test R2: 0.9373764991760254, Inverse Test R2: 0.9373764991760254 
2026-01-27 13:58:54,654 INFO: Epoch 123, Train Loss: 0.19340195461656107, Test Loss: 0.2490596134554256, Inverse Test Loss: 0.40226366303183814, Train R2: 0.9610306480617234, Test R2: 0.9373919367790222, Inverse Test R2: 0.9373919367790222 
2026-01-27 13:59:06,159 INFO: Epoch 124, Train Loss: 0.19502354819666257, Test Loss: 0.24927657345930734, Inverse Test Loss: 0.4026140733198686, Train R2: 0.9602975976286512, Test R2: 0.9372537732124329, Inverse Test R2: 0.9372537732124329 
2026-01-27 13:59:17,672 INFO: Epoch 125, Train Loss: 0.194179228873867, Test Loss: 0.24986157408266357, Inverse Test Loss: 0.4035589261488481, Train R2: 0.9607124509233417, Test R2: 0.9371128678321838, Inverse Test R2: 0.9371128678321838 
2026-01-27 13:59:29,250 INFO: Epoch 126, Train Loss: 0.19426129368895834, Test Loss: 0.2481711944847396, Inverse Test Loss: 0.40082874261971674, Train R2: 0.9608560818614382, Test R2: 0.9377392530441284, Inverse Test R2: 0.9377392530441284 
2026-01-27 13:59:40,864 INFO: Epoch 127, Train Loss: 0.1918670449293021, Test Loss: 0.2517766139724038, Inverse Test Loss: 0.40665196830576117, Train R2: 0.9616506722840396, Test R2: 0.9360540509223938, Inverse Test R2: 0.9360540509223938 
2026-01-27 13:59:52,429 INFO: Epoch 128, Train Loss: 0.19250072674317795, Test Loss: 0.2520549568262967, Inverse Test Loss: 0.4071015245986707, Train R2: 0.961462582151095, Test R2: 0.9358512163162231, Inverse Test R2: 0.9358512163162231 
2026-01-27 14:00:03,960 INFO: Epoch 129, Train Loss: 0.19320024753158743, Test Loss: 0.253785845005151, Inverse Test Loss: 0.40989713325644983, Train R2: 0.9610751221577326, Test R2: 0.9349495768547058, Inverse Test R2: 0.9349495768547058 
2026-01-27 14:00:15,576 INFO: Epoch 130, Train Loss: 0.19188612067338193, Test Loss: 0.24891042935125757, Inverse Test Loss: 0.40202270312742755, Train R2: 0.9618449012438456, Test R2: 0.9374787211418152, Inverse Test R2: 0.9374787211418152 
2026-01-27 14:00:27,026 INFO: Epoch 131, Train Loss: 0.19031605406692534, Test Loss: 0.2552639945889964, Inverse Test Loss: 0.41228453227967926, Train R2: 0.9624484772935058, Test R2: 0.9345515370368958, Inverse Test R2: 0.9345515966415405 
2026-01-27 14:00:38,619 INFO: Epoch 132, Train Loss: 0.19051494122003065, Test Loss: 0.25187180123545905, Inverse Test Loss: 0.40680570674665045, Train R2: 0.9622073029026841, Test R2: 0.9358294010162354, Inverse Test R2: 0.9358294010162354 
2026-01-27 14:00:50,076 INFO: Epoch 133, Train Loss: 0.1902785018989534, Test Loss: 0.24898116742119644, Inverse Test Loss: 0.40213695710355585, Train R2: 0.9623668437654321, Test R2: 0.9375430941581726, Inverse Test R2: 0.9375430941581726 
2026-01-27 14:01:01,650 INFO: Epoch 134, Train Loss: 0.1906498454962716, Test Loss: 0.24923627710703647, Inverse Test Loss: 0.4025489895632773, Train R2: 0.9620214086590391, Test R2: 0.9376387596130371, Inverse Test R2: 0.9376387596130371 
2026-01-27 14:01:13,191 INFO: Epoch 135, Train Loss: 0.18957251338570408, Test Loss: 0.2511495401461919, Inverse Test Loss: 0.4056391589569323, Train R2: 0.9623560282317075, Test R2: 0.9364749789237976, Inverse Test R2: 0.9364749789237976 
2026-01-27 14:01:24,707 INFO: Epoch 136, Train Loss: 0.19001451112104184, Test Loss: 0.24874000612533453, Inverse Test Loss: 0.4017474515871568, Train R2: 0.9623903609586485, Test R2: 0.9377630352973938, Inverse Test R2: 0.9377630352973938 
2026-01-27 14:01:36,185 INFO: Epoch 137, Train Loss: 0.19031310002460625, Test Loss: 0.2505257057421135, Inverse Test Loss: 0.4046315857858369, Train R2: 0.9617900857419679, Test R2: 0.9367028474807739, Inverse Test R2: 0.9367028474807739 
2026-01-27 14:01:47,689 INFO: Epoch 138, Train Loss: 0.1894561593053919, Test Loss: 0.24868660487911917, Inverse Test Loss: 0.40166119463516003, Train R2: 0.9627381734775774, Test R2: 0.9376593828201294, Inverse Test R2: 0.9376594424247742 
2026-01-27 14:01:59,233 INFO: Epoch 139, Train Loss: 0.19223198740545547, Test Loss: 0.2546438358046792, Inverse Test Loss: 0.4112829024141485, Train R2: 0.9615211093967612, Test R2: 0.9347134828567505, Inverse Test R2: 0.9347134828567505 
2026-01-27 14:02:10,773 INFO: Epoch 140, Train Loss: 0.1887451627037742, Test Loss: 0.2510949264873158, Inverse Test Loss: 0.40555094769506744, Train R2: 0.962906816240513, Test R2: 0.9364092946052551, Inverse Test R2: 0.9364092946052551 
2026-01-27 14:02:22,445 INFO: Epoch 141, Train Loss: 0.1889996322041208, Test Loss: 0.2521663506825765, Inverse Test Loss: 0.40728143580032117, Train R2: 0.9626737656918439, Test R2: 0.9359173774719238, Inverse Test R2: 0.9359173774719238 
2026-01-27 14:02:34,020 INFO: Epoch 142, Train Loss: 0.18869081828178783, Test Loss: 0.2543261304046168, Inverse Test Loss: 0.4107697597055724, Train R2: 0.9626687805760991, Test R2: 0.9349217414855957, Inverse Test R2: 0.9349217414855957 
2026-01-27 14:02:45,512 INFO: Epoch 143, Train Loss: 0.18867203418278333, Test Loss: 0.2541561907891071, Inverse Test Loss: 0.41049528844428784, Train R2: 0.9626637399196625, Test R2: 0.9347754120826721, Inverse Test R2: 0.9347754716873169 
2026-01-27 14:02:56,970 INFO: Epoch 144, Train Loss: 0.18712899579920553, Test Loss: 0.2514578104019165, Inverse Test Loss: 0.4061370591322581, Train R2: 0.9636186559995016, Test R2: 0.9363425970077515, Inverse Test R2: 0.9363425970077515 
2026-01-27 14:03:08,487 INFO: Epoch 145, Train Loss: 0.18808422559364277, Test Loss: 0.25317699394442816, Inverse Test Loss: 0.40891375595873053, Train R2: 0.9631264485193022, Test R2: 0.9351212978363037, Inverse Test R2: 0.9351212978363037 
2026-01-27 14:03:19,926 INFO: Epoch 146, Train Loss: 0.18574591026161658, Test Loss: 0.25310655841321655, Inverse Test Loss: 0.4087999914631699, Train R2: 0.9637615355578336, Test R2: 0.9354473352432251, Inverse Test R2: 0.9354473948478699 
2026-01-27 14:03:31,410 INFO: Epoch 147, Train Loss: 0.187665703791109, Test Loss: 0.2515136446013595, Inverse Test Loss: 0.40622723734740057, Train R2: 0.9631559668165265, Test R2: 0.9359033703804016, Inverse Test R2: 0.9359033703804016 
2026-01-27 14:03:42,904 INFO: Epoch 148, Train Loss: 0.18760631651137816, Test Loss: 0.25401379122878565, Inverse Test Loss: 0.4102653003100193, Train R2: 0.9631470956585624, Test R2: 0.9351165294647217, Inverse Test R2: 0.9351165294647217 
2026-01-27 14:03:54,377 INFO: Epoch 149, Train Loss: 0.1873625603250482, Test Loss: 0.2537594144091462, Inverse Test Loss: 0.4098544472997839, Train R2: 0.9633395120953069, Test R2: 0.9352976679801941, Inverse Test R2: 0.9352976679801941 
2026-01-27 14:04:05,905 INFO: Epoch 150, Train Loss: 0.18488710362351302, Test Loss: 0.25282588962352637, Inverse Test Loss: 0.4083466809807402, Train R2: 0.9644360167510582, Test R2: 0.9357147812843323, Inverse Test R2: 0.9357147812843323 
2026-01-27 14:04:17,428 INFO: Epoch 151, Train Loss: 0.18546214530413802, Test Loss: 0.2546497041528875, Inverse Test Loss: 0.4112923831650705, Train R2: 0.9642502177845348, Test R2: 0.9345386624336243, Inverse Test R2: 0.934538722038269 
2026-01-27 14:04:28,888 INFO: Epoch 152, Train Loss: 0.18574781061121912, Test Loss: 0.2524977935986085, Inverse Test Loss: 0.4078167694987673, Train R2: 0.9641933815948891, Test R2: 0.93576979637146, Inverse Test R2: 0.93576979637146 
2026-01-27 14:04:40,385 INFO: Epoch 153, Train Loss: 0.18582700616256756, Test Loss: 0.2514929748845823, Inverse Test Loss: 0.4061938605525277, Train R2: 0.9639776949629639, Test R2: 0.9363400340080261, Inverse Test R2: 0.9363400340080261 
2026-01-27 14:04:51,934 INFO: Epoch 154, Train Loss: 0.18736711663730216, Test Loss: 0.2510525155248064, Inverse Test Loss: 0.40548245653961645, Train R2: 0.9635812120907234, Test R2: 0.9363003373146057, Inverse Test R2: 0.9363003373146057 
2026-01-27 14:05:03,438 INFO: Epoch 155, Train Loss: 0.18391738865863194, Test Loss: 0.25527242277607776, Inverse Test Loss: 0.41229814291000366, Train R2: 0.9646115348194585, Test R2: 0.9344777464866638, Inverse Test R2: 0.9344777464866638 
2026-01-27 14:05:15,061 INFO: Epoch 156, Train Loss: 0.18393176207036682, Test Loss: 0.2539726355762193, Inverse Test Loss: 0.4101988266814839, Train R2: 0.9645412460421071, Test R2: 0.9350278973579407, Inverse Test R2: 0.9350278973579407 
2026-01-27 14:05:26,643 INFO: Epoch 157, Train Loss: 0.1863375244041284, Test Loss: 0.25535889556913666, Inverse Test Loss: 0.4124378272981355, Train R2: 0.9639210881608905, Test R2: 0.9344273805618286, Inverse Test R2: 0.9344273805618286 
2026-01-27 14:05:38,124 INFO: Epoch 158, Train Loss: 0.1846403353142016, Test Loss: 0.2554530528458682, Inverse Test Loss: 0.41258989229346765, Train R2: 0.9644120972264897, Test R2: 0.9344214797019958, Inverse Test R2: 0.9344214797019958 
2026-01-27 14:05:49,622 INFO: Epoch 159, Train Loss: 0.1839331253008409, Test Loss: 0.2509074662670945, Inverse Test Loss: 0.4052481831926288, Train R2: 0.9645148461515253, Test R2: 0.9364368319511414, Inverse Test R2: 0.9364368319511414 
2026-01-27 14:06:01,171 INFO: Epoch 160, Train Loss: 0.1826601971053716, Test Loss: 0.2526298901348403, Inverse Test Loss: 0.40803011709993536, Train R2: 0.9651625987255212, Test R2: 0.9359060525894165, Inverse Test R2: 0.9359060525894165 
2026-01-27 14:06:12,716 INFO: Epoch 161, Train Loss: 0.18229650818940366, Test Loss: 0.2516871221137769, Inverse Test Loss: 0.40650742704218085, Train R2: 0.9654099814819567, Test R2: 0.9360415935516357, Inverse Test R2: 0.9360415935516357 
2026-01-27 14:06:24,306 INFO: Epoch 162, Train Loss: 0.18214156292378902, Test Loss: 0.251506838834647, Inverse Test Loss: 0.4062162402904395, Train R2: 0.9653122583121965, Test R2: 0.9362910985946655, Inverse Test R2: 0.9362910985946655 
2026-01-27 14:06:35,953 INFO: Epoch 163, Train Loss: 0.1817469788771687, Test Loss: 0.251058581200513, Inverse Test Loss: 0.4054922443447691, Train R2: 0.9656553873510072, Test R2: 0.936740517616272, Inverse Test R2: 0.936740517616272 
2026-01-27 14:06:47,465 INFO: Epoch 164, Train Loss: 0.18239949344459808, Test Loss: 0.2545059928388307, Inverse Test Loss: 0.41106027364730835, Train R2: 0.9654175526264942, Test R2: 0.9347887635231018, Inverse Test R2: 0.9347887635231018 
2026-01-27 14:06:59,017 INFO: Epoch 165, Train Loss: 0.18362224333439814, Test Loss: 0.2526617140480966, Inverse Test Loss: 0.4080815188812487, Train R2: 0.9647838572661082, Test R2: 0.9354947805404663, Inverse Test R2: 0.9354947805404663 
2026-01-27 14:07:10,620 INFO: Epoch 166, Train Loss: 0.1820433639328588, Test Loss: 0.2532192906647017, Inverse Test Loss: 0.4089820755250526, Train R2: 0.9656748500737277, Test R2: 0.9352239370346069, Inverse Test R2: 0.9352239370346069 
2026-01-27 14:07:22,084 INFO: Epoch 167, Train Loss: 0.18183365368256063, Test Loss: 0.25270899227171234, Inverse Test Loss: 0.40815787694670935, Train R2: 0.9653038152239539, Test R2: 0.9355910420417786, Inverse Test R2: 0.9355911016464233 
2026-01-27 14:07:33,672 INFO: Epoch 168, Train Loss: 0.18126970879507787, Test Loss: 0.25419263090148114, Inverse Test Loss: 0.41055414893410425, Train R2: 0.9654765679980769, Test R2: 0.9347958564758301, Inverse Test R2: 0.9347958564758301 
2026-01-27 14:07:45,182 INFO: Epoch 169, Train Loss: 0.1797335698184642, Test Loss: 0.26420806935339264, Inverse Test Loss: 0.4267303835261952, Train R2: 0.9663026703126503, Test R2: 0.9297172427177429, Inverse Test R2: 0.9297172427177429 
2026-01-27 14:07:56,714 INFO: Epoch 170, Train Loss: 0.18202383850108494, Test Loss: 0.2519946468598915, Inverse Test Loss: 0.4070041197718996, Train R2: 0.9653603529388254, Test R2: 0.9358838796615601, Inverse Test R2: 0.9358838796615601 
2026-01-27 14:08:08,228 INFO: Epoch 171, Train Loss: 0.1814100081383279, Test Loss: 0.25543287667361175, Inverse Test Loss: 0.4125573084209905, Train R2: 0.9658036263603152, Test R2: 0.9343193173408508, Inverse Test R2: 0.9343193173408508 
2026-01-27 14:08:19,754 INFO: Epoch 172, Train Loss: 0.17965773301142635, Test Loss: 0.2557797440976808, Inverse Test Loss: 0.4131175387989391, Train R2: 0.9662300754677166, Test R2: 0.9339714646339417, Inverse Test R2: 0.9339714646339417 
2026-01-27 14:08:31,312 INFO: Epoch 173, Train Loss: 0.1791433977584044, Test Loss: 0.2540534143195008, Inverse Test Loss: 0.41032929853959516, Train R2: 0.9667024025411317, Test R2: 0.9347431659698486, Inverse Test R2: 0.9347431659698486 
2026-01-27 14:08:42,818 INFO: Epoch 174, Train Loss: 0.17970148180470322, Test Loss: 0.25294651452339056, Inverse Test Loss: 0.408541511405598, Train R2: 0.966413289308548, Test R2: 0.9356966614723206, Inverse Test R2: 0.9356966614723206 
2026-01-27 14:08:54,303 INFO: Epoch 175, Train Loss: 0.18061850987600558, Test Loss: 0.2593208840399077, Inverse Test Loss: 0.4188369458371943, Train R2: 0.9661729087432226, Test R2: 0.9323052167892456, Inverse Test R2: 0.9323052167892456 
2026-01-27 14:09:05,788 INFO: Epoch 176, Train Loss: 0.1789360659930742, Test Loss: 0.2564551758043694, Inverse Test Loss: 0.41420844648823596, Train R2: 0.96662753414024, Test R2: 0.9336058497428894, Inverse Test R2: 0.9336059093475342 
2026-01-27 14:09:17,369 INFO: Epoch 177, Train Loss: 0.17920717732472854, Test Loss: 0.25443823184027814, Inverse Test Loss: 0.41095082236058783, Train R2: 0.9662197309009957, Test R2: 0.9347197413444519, Inverse Test R2: 0.9347197413444519 
2026-01-27 14:09:28,939 INFO: Epoch 178, Train Loss: 0.1774829359104236, Test Loss: 0.2595796544443477, Inverse Test Loss: 0.4192549026373661, Train R2: 0.9671054328932907, Test R2: 0.9316399693489075, Inverse Test R2: 0.9316400289535522 
2026-01-27 14:09:40,489 INFO: Epoch 179, Train Loss: 0.1779665666999239, Test Loss: 0.2548794461922212, Inverse Test Loss: 0.41166343652840814, Train R2: 0.9669584482908249, Test R2: 0.9343820810317993, Inverse Test R2: 0.9343820810317993 
2026-01-27 14:09:52,055 INFO: Epoch 180, Train Loss: 0.17696289119846892, Test Loss: 0.25806916934071167, Inverse Test Loss: 0.416815257433689, Train R2: 0.9672190682454542, Test R2: 0.9328945279121399, Inverse Test R2: 0.9328945279121399 
2026-01-27 14:10:03,580 INFO: Epoch 181, Train Loss: 0.17703738876364447, Test Loss: 0.2589728818698363, Inverse Test Loss: 0.41827487403696234, Train R2: 0.9671571760466604, Test R2: 0.9322786927223206, Inverse Test R2: 0.9322786927223206 
2026-01-27 14:10:15,155 INFO: Epoch 182, Train Loss: 0.17805951337019602, Test Loss: 0.2616545819874966, Inverse Test Loss: 0.42260616837125836, Train R2: 0.967041174119169, Test R2: 0.9308195114135742, Inverse Test R2: 0.9308195114135742 
2026-01-27 14:10:26,708 INFO: Epoch 183, Train Loss: 0.17782285753073115, Test Loss: 0.25272047926079144, Inverse Test Loss: 0.40817643385944946, Train R2: 0.9668907238678499, Test R2: 0.935759961605072, Inverse Test R2: 0.935759961605072 
2026-01-27 14:10:38,245 INFO: Epoch 184, Train Loss: 0.17842331297244085, Test Loss: 0.2570542526064497, Inverse Test Loss: 0.41517603758609656, Train R2: 0.966927351825165, Test R2: 0.9335075616836548, Inverse Test R2: 0.9335075616836548 
2026-01-27 14:10:49,826 INFO: Epoch 185, Train Loss: 0.17647998763078993, Test Loss: 0.2559163272380829, Inverse Test Loss: 0.4133381419109576, Train R2: 0.9676364028092587, Test R2: 0.9341267943382263, Inverse Test R2: 0.9341267943382263 
2026-01-27 14:11:01,419 INFO: Epoch 186, Train Loss: 0.17509145391258327, Test Loss: 0.2574412967219497, Inverse Test Loss: 0.4158011738098029, Train R2: 0.9679500410954157, Test R2: 0.9332212209701538, Inverse Test R2: 0.9332212209701538 
2026-01-27 14:11:12,938 INFO: Epoch 187, Train Loss: 0.1749041717160832, Test Loss: 0.25875963767369586, Inverse Test Loss: 0.4179304603374366, Train R2: 0.9680070660331033, Test R2: 0.9324216842651367, Inverse Test R2: 0.9324216842651367 
2026-01-27 14:11:24,443 INFO: Epoch 188, Train Loss: 0.17502927080248343, Test Loss: 0.2542853820504564, Inverse Test Loss: 0.41070395798394177, Train R2: 0.9680430514342857, Test R2: 0.9347066879272461, Inverse Test R2: 0.9347066879272461 
2026-01-27 14:11:36,035 INFO: Epoch 189, Train Loss: 0.17324963059615006, Test Loss: 0.2568665354540854, Inverse Test Loss: 0.4148728549480438, Train R2: 0.9684698735222672, Test R2: 0.9336093068122864, Inverse Test R2: 0.9336093068122864 
2026-01-27 14:11:47,473 INFO: Epoch 190, Train Loss: 0.1748665301411441, Test Loss: 0.25771080273570435, Inverse Test Loss: 0.41623645027478534, Train R2: 0.9679304754192178, Test R2: 0.9329313039779663, Inverse Test R2: 0.9329313039779663 
2026-01-27 14:11:59,086 INFO: Epoch 191, Train Loss: 0.17645674746370676, Test Loss: 0.26323909244754096, Inverse Test Loss: 0.42516535791483795, Train R2: 0.9673538871786811, Test R2: 0.9301666617393494, Inverse Test R2: 0.9301666617393494 
2026-01-27 14:12:10,656 INFO: Epoch 192, Train Loss: 0.1746592934271603, Test Loss: 0.25589829051133356, Inverse Test Loss: 0.4133090151078773, Train R2: 0.9681100475065636, Test R2: 0.933892011642456, Inverse Test R2: 0.933892011642456 
2026-01-27 14:12:22,161 INFO: Epoch 193, Train Loss: 0.17490420671123447, Test Loss: 0.25686388395049353, Inverse Test Loss: 0.41486856341362, Train R2: 0.9680297948194273, Test R2: 0.933525562286377, Inverse Test R2: 0.933525562286377 
2026-01-27 14:12:33,736 INFO: Epoch 194, Train Loss: 0.17180426661489587, Test Loss: 0.2604112954753818, Inverse Test Loss: 0.42059809782288293, Train R2: 0.9690381681377237, Test R2: 0.9316375851631165, Inverse Test R2: 0.9316375851631165 
2026-01-27 14:12:45,322 INFO: Epoch 195, Train Loss: 0.17211485078388994, Test Loss: 0.26116584286545264, Inverse Test Loss: 0.42181679335507477, Train R2: 0.9689560975089218, Test R2: 0.9313315153121948, Inverse Test R2: 0.9313315153121948 
2026-01-27 14:12:56,901 INFO: Epoch 196, Train Loss: 0.1742330271412026, Test Loss: 0.2554490557222655, Inverse Test Loss: 0.41258344054222107, Train R2: 0.9683423110029914, Test R2: 0.934139609336853, Inverse Test R2: 0.934139609336853 
2026-01-27 14:13:08,535 INFO: Epoch 197, Train Loss: 0.17235189546464066, Test Loss: 0.2574067219640269, Inverse Test Loss: 0.4157453242576484, Train R2: 0.96883094988086, Test R2: 0.9332742094993591, Inverse Test R2: 0.9332742094993591 
2026-01-27 14:13:20,163 INFO: Epoch 198, Train Loss: 0.17160279540853066, Test Loss: 0.2626558072639234, Inverse Test Loss: 0.4242232812173439, Train R2: 0.9691640423102812, Test R2: 0.930346667766571, Inverse Test R2: 0.930346667766571 
2026-01-27 14:13:31,754 INFO: Epoch 199, Train Loss: 0.17287831663182288, Test Loss: 0.25661193511702796, Inverse Test Loss: 0.4144616416006377, Train R2: 0.9687086181207136, Test R2: 0.9334754943847656, Inverse Test R2: 0.9334754943847656 
2026-01-27 14:13:43,314 INFO: Epoch 200, Train Loss: 0.17265641034552545, Test Loss: 0.25831265476616944, Inverse Test Loss: 0.4172085306861184, Train R2: 0.9689173689394286, Test R2: 0.9325584173202515, Inverse Test R2: 0.9325584173202515 
2026-01-27 14:13:43,314 INFO: Best Epoch 55, Best Test Loss: 0.24062039770863272, Inv Test Loss: 0.3886332195816618, Best Test R2: 0.9418798685073853 
2026-01-27 14:13:54,949 INFO: Epoch 201, Train Loss: 0.17216792364012112, Test Loss: 0.25777462124824524, Inverse Test Loss: 0.4163395337986224, Train R2: 0.9688374783956644, Test R2: 0.9327999949455261, Inverse Test R2: 0.9327999949455261 
2026-01-27 14:14:06,587 INFO: Epoch 202, Train Loss: 0.1721234353202762, Test Loss: 0.26024047533671063, Inverse Test Loss: 0.4203221969532244, Train R2: 0.9689918381698204, Test R2: 0.9314489960670471, Inverse Test R2: 0.9314489960670471 
2026-01-27 14:14:18,203 INFO: Epoch 203, Train Loss: 0.17198127852470585, Test Loss: 0.25912692059170117, Inverse Test Loss: 0.4185236665335568, Train R2: 0.9690273399605895, Test R2: 0.932113528251648, Inverse Test R2: 0.932113528251648 
2026-01-27 14:14:29,738 INFO: Epoch 204, Train Loss: 0.17104494475731344, Test Loss: 0.2610311842325962, Inverse Test Loss: 0.42159930323109485, Train R2: 0.9694743355115255, Test R2: 0.9312505722045898, Inverse Test R2: 0.9312505722045898 
2026-01-27 14:14:41,306 INFO: Epoch 205, Train Loss: 0.17202388258142906, Test Loss: 0.2575880740628098, Inverse Test Loss: 0.41603823412548413, Train R2: 0.9692894206805662, Test R2: 0.9331126809120178, Inverse Test R2: 0.9331126809120178 
2026-01-27 14:14:52,840 INFO: Epoch 206, Train Loss: 0.17031280131954135, Test Loss: 0.25702041523023084, Inverse Test Loss: 0.4151213855454416, Train R2: 0.9696009222305182, Test R2: 0.9332482218742371, Inverse Test R2: 0.9332482218742371 
2026-01-27 14:15:04,344 INFO: Epoch 207, Train Loss: 0.17063907133133122, Test Loss: 0.25919740218104736, Inverse Test Loss: 0.41863750327717175, Train R2: 0.9694573617342747, Test R2: 0.9322214126586914, Inverse Test R2: 0.9322214126586914 
2026-01-27 14:15:15,836 INFO: Epoch 208, Train Loss: 0.1698737261308865, Test Loss: 0.26055104037125904, Inverse Test Loss: 0.42082379803513037, Train R2: 0.9698237537434606, Test R2: 0.931543231010437, Inverse Test R2: 0.931543231010437 
2026-01-27 14:15:27,315 INFO: Epoch 209, Train Loss: 0.16993516277183185, Test Loss: 0.25782036916776135, Inverse Test Loss: 0.41641341375582147, Train R2: 0.9697124226526781, Test R2: 0.9326098561286926, Inverse Test R2: 0.9326099157333374 
2026-01-27 14:15:38,917 INFO: Epoch 210, Train Loss: 0.16934618252244862, Test Loss: 0.25985576257561194, Inverse Test Loss: 0.4197008347872532, Train R2: 0.9700485070546468, Test R2: 0.9315402507781982, Inverse Test R2: 0.9315402507781982 
2026-01-27 14:15:50,443 INFO: Epoch 211, Train Loss: 0.168916586391402, Test Loss: 0.2588171868613272, Inverse Test Loss: 0.4180234056530577, Train R2: 0.9701516271540613, Test R2: 0.9324386119842529, Inverse Test R2: 0.9324386715888977 
2026-01-27 14:16:01,929 INFO: Epoch 212, Train Loss: 0.16860718850159284, Test Loss: 0.26109809496186, Inverse Test Loss: 0.42170736374277057, Train R2: 0.9701413137443138, Test R2: 0.9310435652732849, Inverse Test R2: 0.9310435652732849 
2026-01-27 14:16:13,420 INFO: Epoch 213, Train Loss: 0.1696221460447167, Test Loss: 0.2628723116535129, Inverse Test Loss: 0.42457296631552954, Train R2: 0.9696854172330914, Test R2: 0.9303274154663086, Inverse Test R2: 0.9303274154663086 
2026-01-27 14:16:25,027 INFO: Epoch 214, Train Loss: 0.16964437146530006, Test Loss: 0.25993260605768725, Inverse Test Loss: 0.41982495242899115, Train R2: 0.9697218988880967, Test R2: 0.9317962527275085, Inverse Test R2: 0.9317962527275085 
2026-01-27 14:16:36,545 INFO: Epoch 215, Train Loss: 0.1682302701202306, Test Loss: 0.26072687994350086, Inverse Test Loss: 0.4211078069426797, Train R2: 0.9703634462573312, Test R2: 0.9312141537666321, Inverse Test R2: 0.9312141537666321 
2026-01-27 14:16:48,090 INFO: Epoch 216, Train Loss: 0.1667399030517448, Test Loss: 0.25941699878735974, Inverse Test Loss: 0.4189921807159077, Train R2: 0.9708108355601629, Test R2: 0.932047963142395, Inverse Test R2: 0.9320480227470398 
2026-01-27 14:16:59,751 INFO: Epoch 217, Train Loss: 0.16765942825286678, Test Loss: 0.2596676471558484, Inverse Test Loss: 0.41939701185081946, Train R2: 0.9706350637204719, Test R2: 0.9319231510162354, Inverse Test R2: 0.9319231510162354 
2026-01-27 14:17:11,244 INFO: Epoch 218, Train Loss: 0.1674124984578653, Test Loss: 0.2578802840276198, Inverse Test Loss: 0.4165101837028157, Train R2: 0.9705928816939845, Test R2: 0.9330306053161621, Inverse Test R2: 0.9330306053161621 
2026-01-27 14:17:22,765 INFO: Epoch 219, Train Loss: 0.16641632569107143, Test Loss: 0.26554797409158765, Inverse Test Loss: 0.42889450896870007, Train R2: 0.9709518425392382, Test R2: 0.9288163781166077, Inverse Test R2: 0.9288163781166077 
2026-01-27 14:17:34,318 INFO: Epoch 220, Train Loss: 0.16686519320038232, Test Loss: 0.25896553785511944, Inverse Test Loss: 0.4182630109064507, Train R2: 0.970675189838265, Test R2: 0.9323012828826904, Inverse Test R2: 0.9323012828826904 
2026-01-27 14:17:45,826 INFO: Epoch 221, Train Loss: 0.16623494836191335, Test Loss: 0.2617701721010786, Inverse Test Loss: 0.42279286908380914, Train R2: 0.9711801901911244, Test R2: 0.9309762716293335, Inverse Test R2: 0.9309762716293335 
2026-01-27 14:17:57,301 INFO: Epoch 222, Train Loss: 0.16642557507888836, Test Loss: 0.2648855366490104, Inverse Test Loss: 0.42782458301746484, Train R2: 0.9711255295710131, Test R2: 0.9292803406715393, Inverse Test R2: 0.9292803406715393 
2026-01-27 14:18:08,807 INFO: Epoch 223, Train Loss: 0.164446017450907, Test Loss: 0.26367255142240814, Inverse Test Loss: 0.42586545239795337, Train R2: 0.9717158210096937, Test R2: 0.9301154017448425, Inverse Test R2: 0.9301154017448425 
2026-01-27 14:18:20,290 INFO: Epoch 224, Train Loss: 0.16723963471524644, Test Loss: 0.2592559438763243, Inverse Test Loss: 0.41873205701510113, Train R2: 0.9708032517722158, Test R2: 0.9321613907814026, Inverse Test R2: 0.9321613311767578 
2026-01-27 14:18:31,942 INFO: Epoch 225, Train Loss: 0.16401837320264542, Test Loss: 0.2610446797175841, Inverse Test Loss: 0.42162109143806226, Train R2: 0.9718159378478022, Test R2: 0.9312890768051147, Inverse Test R2: 0.9312890768051147 
2026-01-27 14:18:43,370 INFO: Epoch 226, Train Loss: 0.16403382040108694, Test Loss: 0.2640846502600294, Inverse Test Loss: 0.4265310394041466, Train R2: 0.9717082196112835, Test R2: 0.9299286603927612, Inverse Test R2: 0.929928719997406 
2026-01-27 14:18:54,851 INFO: Epoch 227, Train Loss: 0.16591373893121877, Test Loss: 0.2606924058813037, Inverse Test Loss: 0.4210521217548486, Train R2: 0.9710959421865868, Test R2: 0.9314935207366943, Inverse Test R2: 0.9314935207366943 
2026-01-27 14:19:06,339 INFO: Epoch 228, Train Loss: 0.1635537940557256, Test Loss: 0.2631636537385709, Inverse Test Loss: 0.4250435169899102, Train R2: 0.9719473471244177, Test R2: 0.9303922653198242, Inverse Test R2: 0.9303922653198242 
2026-01-27 14:19:17,821 INFO: Epoch 229, Train Loss: 0.16534784408003994, Test Loss: 0.2690463662147522, Inverse Test Loss: 0.4345448577042782, Train R2: 0.9712435323180575, Test R2: 0.9273536205291748, Inverse Test R2: 0.9273536205291748 
2026-01-27 14:19:29,363 INFO: Epoch 230, Train Loss: 0.16400960149864355, Test Loss: 0.25899654626846313, Inverse Test Loss: 0.4183131004824783, Train R2: 0.9716223546049811, Test R2: 0.9322475790977478, Inverse Test R2: 0.9322475790977478 
2026-01-27 14:19:40,929 INFO: Epoch 231, Train Loss: 0.16371908964532794, Test Loss: 0.2600991613034046, Inverse Test Loss: 0.42009396264047333, Train R2: 0.9717762863094156, Test R2: 0.9318154454231262, Inverse Test R2: 0.931815505027771 
2026-01-27 14:19:52,430 INFO: Epoch 232, Train Loss: 0.16373717903413557, Test Loss: 0.2592723071575165, Inverse Test Loss: 0.41875848896575696, Train R2: 0.9718189645897258, Test R2: 0.9320874214172363, Inverse Test R2: 0.9320874214172363 
2026-01-27 14:20:04,034 INFO: Epoch 233, Train Loss: 0.16229952442826648, Test Loss: 0.2597392964543718, Inverse Test Loss: 0.4195127369779529, Train R2: 0.9722969238505219, Test R2: 0.9319048523902893, Inverse Test R2: 0.9319048523902893 
2026-01-27 14:20:15,664 INFO: Epoch 234, Train Loss: 0.16247278988135583, Test Loss: 0.262465393001383, Inverse Test Loss: 0.423915732087511, Train R2: 0.9722748218160687, Test R2: 0.9306043982505798, Inverse Test R2: 0.9306043982505798 
2026-01-27 14:20:27,187 INFO: Epoch 235, Train Loss: 0.1626049250251416, Test Loss: 0.26231466459505487, Inverse Test Loss: 0.42367228865623474, Train R2: 0.972224771976471, Test R2: 0.9307384490966797, Inverse Test R2: 0.9307384490966797 
2026-01-27 14:20:38,733 INFO: Epoch 236, Train Loss: 0.1622022015014381, Test Loss: 0.2621105773882432, Inverse Test Loss: 0.423342660521016, Train R2: 0.9724135701403473, Test R2: 0.9307706952095032, Inverse Test R2: 0.9307706952095032 
2026-01-27 14:20:50,313 INFO: Epoch 237, Train Loss: 0.16076363261901971, Test Loss: 0.2656297625014276, Inverse Test Loss: 0.4290266082142339, Train R2: 0.9729090770988753, Test R2: 0.928924560546875, Inverse Test R2: 0.928924560546875 
2026-01-27 14:21:01,884 INFO: Epoch 238, Train Loss: 0.16264181759095553, Test Loss: 0.2599602287465876, Inverse Test Loss: 0.41986956018390076, Train R2: 0.9721216491677545, Test R2: 0.9318225979804993, Inverse Test R2: 0.9318225979804993 
2026-01-27 14:21:13,426 INFO: Epoch 239, Train Loss: 0.1623185405677015, Test Loss: 0.2622692797220115, Inverse Test Loss: 0.42359898578036914, Train R2: 0.972556133613442, Test R2: 0.9306128621101379, Inverse Test R2: 0.9306128621101379 
2026-01-27 14:21:24,921 INFO: Epoch 240, Train Loss: 0.15966289608993314, Test Loss: 0.26226403090086853, Inverse Test Loss: 0.4235905119867036, Train R2: 0.9730278822508726, Test R2: 0.9306886792182922, Inverse Test R2: 0.9306886792182922 
2026-01-27 14:21:36,439 INFO: Epoch 241, Train Loss: 0.1609074202450839, Test Loss: 0.2586950366244172, Inverse Test Loss: 0.4178261106664484, Train R2: 0.9730549125057278, Test R2: 0.9325764775276184, Inverse Test R2: 0.9325764775276184 
2026-01-27 14:21:48,100 INFO: Epoch 242, Train Loss: 0.16091641783714294, Test Loss: 0.26371148093180224, Inverse Test Loss: 0.42592833078268805, Train R2: 0.9728075234275876, Test R2: 0.9300035238265991, Inverse Test R2: 0.9300035238265991 
2026-01-27 14:21:59,660 INFO: Epoch 243, Train Loss: 0.16154740756434022, Test Loss: 0.26547843804865173, Inverse Test Loss: 0.42878219124042627, Train R2: 0.972791180917711, Test R2: 0.9290403127670288, Inverse Test R2: 0.9290403127670288 
2026-01-27 14:22:11,246 INFO: Epoch 244, Train Loss: 0.1593205468785582, Test Loss: 0.2639325103073409, Inverse Test Loss: 0.42628531925606006, Train R2: 0.9732810439485492, Test R2: 0.9299099445343018, Inverse Test R2: 0.9299099445343018 
2026-01-27 14:22:22,833 INFO: Epoch 245, Train Loss: 0.15923150990045432, Test Loss: 0.2640784838885972, Inverse Test Loss: 0.4265210881377711, Train R2: 0.9734711439320536, Test R2: 0.9298476576805115, Inverse Test R2: 0.9298476576805115 
2026-01-27 14:22:34,468 INFO: Epoch 246, Train Loss: 0.15992727446736713, Test Loss: 0.2616766921498559, Inverse Test Loss: 0.4226418769720829, Train R2: 0.9733345495028929, Test R2: 0.9309284687042236, Inverse Test R2: 0.9309284687042236 
2026-01-27 14:22:46,039 INFO: Epoch 247, Train Loss: 0.16106995223372272, Test Loss: 0.2636735759901278, Inverse Test Loss: 0.42586710326599353, Train R2: 0.972706471880277, Test R2: 0.9299798011779785, Inverse Test R2: 0.9299798011779785 
2026-01-27 14:22:57,596 INFO: Epoch 248, Train Loss: 0.1610043284793695, Test Loss: 0.2636877329963626, Inverse Test Loss: 0.42588997338757373, Train R2: 0.9727807952599092, Test R2: 0.9298650622367859, Inverse Test R2: 0.9298650622367859 
2026-01-27 14:23:09,191 INFO: Epoch 249, Train Loss: 0.16172483800487084, Test Loss: 0.26373113285411487, Inverse Test Loss: 0.42596007296533295, Train R2: 0.9726766871683525, Test R2: 0.9297651648521423, Inverse Test R2: 0.9297651648521423 
2026-01-27 14:23:20,806 INFO: Epoch 250, Train Loss: 0.1571231981682958, Test Loss: 0.263022114833196, Inverse Test Loss: 0.42481491150278033, Train R2: 0.9741645902395248, Test R2: 0.930182933807373, Inverse Test R2: 0.930182933807373 
2026-01-27 14:23:32,393 INFO: Epoch 251, Train Loss: 0.1599529121409763, Test Loss: 0.26304695190805377, Inverse Test Loss: 0.4248550254287142, Train R2: 0.9731012645995978, Test R2: 0.9305628538131714, Inverse Test R2: 0.9305628538131714 
2026-01-27 14:23:43,892 INFO: Epoch 252, Train Loss: 0.1585187888280912, Test Loss: 0.2639674639159983, Inverse Test Loss: 0.4263417720794678, Train R2: 0.9735768130331328, Test R2: 0.9298014044761658, Inverse Test R2: 0.9298014640808105 
2026-01-27 14:23:55,419 INFO: Epoch 253, Train Loss: 0.1600050606172193, Test Loss: 0.2609352243669105, Inverse Test Loss: 0.4214443121895646, Train R2: 0.9731053709983826, Test R2: 0.9312878847122192, Inverse Test R2: 0.9312878847122192 
2026-01-27 14:24:07,000 INFO: Epoch 254, Train Loss: 0.15666178879186962, Test Loss: 0.2608553703987237, Inverse Test Loss: 0.4213153430909822, Train R2: 0.9741609823523145, Test R2: 0.9315285682678223, Inverse Test R2: 0.9315285682678223 
2026-01-27 14:24:18,573 INFO: Epoch 255, Train Loss: 0.15905800162617004, Test Loss: 0.2616301982691794, Inverse Test Loss: 0.4225667877630754, Train R2: 0.9734952747821808, Test R2: 0.9311918616294861, Inverse Test R2: 0.9311918616294861 
2026-01-27 14:24:30,185 INFO: Epoch 256, Train Loss: 0.15785049844646093, Test Loss: 0.26231258339954144, Inverse Test Loss: 0.42366893815271783, Train R2: 0.9737797420133244, Test R2: 0.930769681930542, Inverse Test R2: 0.930769681930542 
2026-01-27 14:24:41,810 INFO: Epoch 257, Train Loss: 0.15777864690982935, Test Loss: 0.2656899478399392, Inverse Test Loss: 0.429123810746453, Train R2: 0.9739426108020725, Test R2: 0.9290273189544678, Inverse Test R2: 0.9290273189544678 
2026-01-27 14:24:53,671 INFO: Epoch 258, Train Loss: 0.15552239707022003, Test Loss: 0.2628246708349748, Inverse Test Loss: 0.42449601491292316, Train R2: 0.9746379567818209, Test R2: 0.930528998374939, Inverse Test R2: 0.930528998374939 
2026-01-27 14:25:05,577 INFO: Epoch 259, Train Loss: 0.1556537693761515, Test Loss: 0.2637878805398941, Inverse Test Loss: 0.4260517241376819, Train R2: 0.9746106212789362, Test R2: 0.9299811124801636, Inverse Test R2: 0.9299811124801636 
2026-01-27 14:25:17,412 INFO: Epoch 260, Train Loss: 0.15600252563528944, Test Loss: 0.25941508737477387, Inverse Test Loss: 0.41898909030538617, Train R2: 0.9742276555660999, Test R2: 0.9322671890258789, Inverse Test R2: 0.9322671890258789 
2026-01-27 14:25:29,252 INFO: Epoch 261, Train Loss: 0.15582187411685786, Test Loss: 0.2693253859426036, Inverse Test Loss: 0.43499551578001544, Train R2: 0.974348598357403, Test R2: 0.9270412921905518, Inverse Test R2: 0.9270412921905518 
2026-01-27 14:25:40,890 INFO: Epoch 262, Train Loss: 0.1556642469808911, Test Loss: 0.2662553714983391, Inverse Test Loss: 0.43003704692378186, Train R2: 0.9743949247129036, Test R2: 0.9284616708755493, Inverse Test R2: 0.9284616708755493 
2026-01-27 14:25:52,608 INFO: Epoch 263, Train Loss: 0.15603954734450037, Test Loss: 0.26299462083614233, Inverse Test Loss: 0.424770505139322, Train R2: 0.9744556225610502, Test R2: 0.9302473664283752, Inverse Test R2: 0.9302473664283752 
2026-01-27 14:26:04,175 INFO: Epoch 264, Train Loss: 0.1560467964772022, Test Loss: 0.26029523168549396, Inverse Test Loss: 0.42041064482746704, Train R2: 0.9744995990485856, Test R2: 0.9317728877067566, Inverse Test R2: 0.9317728877067566 
2026-01-27 14:26:15,801 INFO: Epoch 265, Train Loss: 0.15583199059421365, Test Loss: 0.26875228773463855, Inverse Test Loss: 0.43406988273967395, Train R2: 0.9743917692791332, Test R2: 0.9272245168685913, Inverse Test R2: 0.9272245168685913 
2026-01-27 14:26:27,472 INFO: Epoch 266, Train Loss: 0.15503557127985088, Test Loss: 0.26310840339371655, Inverse Test Loss: 0.42495428522427875, Train R2: 0.9748110450578459, Test R2: 0.9302425980567932, Inverse Test R2: 0.9302425980567932 
2026-01-27 14:26:39,116 INFO: Epoch 267, Train Loss: 0.1555345800677032, Test Loss: 0.26526640581362176, Inverse Test Loss: 0.4284397345600706, Train R2: 0.974649349396879, Test R2: 0.9291586875915527, Inverse Test R2: 0.9291586875915527 
2026-01-27 14:26:50,709 INFO: Epoch 268, Train Loss: 0.1549262749313405, Test Loss: 0.2681759370095802, Inverse Test Loss: 0.43313900629679364, Train R2: 0.9748882746154611, Test R2: 0.927718460559845, Inverse Test R2: 0.927718460559845 
2026-01-27 14:27:02,460 INFO: Epoch 269, Train Loss: 0.15690605551230186, Test Loss: 0.2615044473698645, Inverse Test Loss: 0.4223636831298019, Train R2: 0.9740409557566498, Test R2: 0.9310683608055115, Inverse Test R2: 0.9310683012008667 
2026-01-27 14:27:13,935 INFO: Epoch 270, Train Loss: 0.15469958486430574, Test Loss: 0.26545784690163354, Inverse Test Loss: 0.42874893726724567, Train R2: 0.974787971738613, Test R2: 0.9290385246276855, Inverse Test R2: 0.9290385246276855 
2026-01-27 14:27:25,425 INFO: Epoch 271, Train Loss: 0.15330094561883897, Test Loss: 0.26710886259873706, Inverse Test Loss: 0.4314155407024152, Train R2: 0.975416004206195, Test R2: 0.9281249642372131, Inverse Test R2: 0.9281249642372131 
2026-01-27 14:27:36,927 INFO: Epoch 272, Train Loss: 0.15207456503853653, Test Loss: 0.2704357373895067, Inverse Test Loss: 0.43678887504519837, Train R2: 0.9757697013291445, Test R2: 0.9262280464172363, Inverse Test R2: 0.9262280464172363 
2026-01-27 14:27:48,547 INFO: Epoch 273, Train Loss: 0.1542834939830231, Test Loss: 0.26148276753497846, Inverse Test Loss: 0.42232866901339905, Train R2: 0.9751883487809788, Test R2: 0.9311168193817139, Inverse Test R2: 0.9311168193817139 
2026-01-27 14:28:00,063 INFO: Epoch 274, Train Loss: 0.15396657303878755, Test Loss: 0.2694469297474081, Inverse Test Loss: 0.4351918236775832, Train R2: 0.975041128469236, Test R2: 0.9267278909683228, Inverse Test R2: 0.9267278909683228 
2026-01-27 14:28:11,480 INFO: Epoch 275, Train Loss: 0.1539380228090467, Test Loss: 0.26186991415240546, Inverse Test Loss: 0.4229539623766234, Train R2: 0.9746439398238154, Test R2: 0.9309409856796265, Inverse Test R2: 0.9309409856796265 
2026-01-27 14:28:23,082 INFO: Epoch 276, Train Loss: 0.15179029660242976, Test Loss: 0.27036583242994366, Inverse Test Loss: 0.436675972107685, Train R2: 0.9758879871982516, Test R2: 0.9264671206474304, Inverse Test R2: 0.9264671206474304 
2026-01-27 14:28:34,720 INFO: Epoch 277, Train Loss: 0.1532887410033833, Test Loss: 0.26612330521598004, Inverse Test Loss: 0.4298237417683457, Train R2: 0.9753055202238488, Test R2: 0.9282369613647461, Inverse Test R2: 0.9282369613647461 
2026-01-27 14:28:46,429 INFO: Epoch 278, Train Loss: 0.15367307570396047, Test Loss: 0.26452365111220966, Inverse Test Loss: 0.42724008632428717, Train R2: 0.975401322498466, Test R2: 0.9290258288383484, Inverse Test R2: 0.9290258288383484 
2026-01-27 14:28:58,085 INFO: Epoch 279, Train Loss: 0.15261852453378114, Test Loss: 0.2664931610678182, Inverse Test Loss: 0.43042110764619074, Train R2: 0.9756353705218344, Test R2: 0.928480327129364, Inverse Test R2: 0.928480327129364 
2026-01-27 14:29:09,732 INFO: Epoch 280, Train Loss: 0.15142562985420227, Test Loss: 0.26272450839028216, Inverse Test Loss: 0.42433424429460004, Train R2: 0.9751331530737154, Test R2: 0.9304124116897583, Inverse Test R2: 0.9304124116897583 
2026-01-27 14:29:21,282 INFO: Epoch 281, Train Loss: 0.15263567870539246, Test Loss: 0.26351054283705627, Inverse Test Loss: 0.42560379342599347, Train R2: 0.9755955153342449, Test R2: 0.9297990202903748, Inverse Test R2: 0.9297990202903748 
2026-01-27 14:29:32,841 INFO: Epoch 282, Train Loss: 0.15132083320482212, Test Loss: 0.26396222367431177, Inverse Test Loss: 0.4263333154447151, Train R2: 0.9760515893047507, Test R2: 0.9295372366905212, Inverse Test R2: 0.9295372366905212 
2026-01-27 14:29:44,367 INFO: Epoch 283, Train Loss: 0.15193606867934717, Test Loss: 0.2629559387763341, Inverse Test Loss: 0.42470802411888586, Train R2: 0.9759198693615018, Test R2: 0.9303615093231201, Inverse Test R2: 0.9303615093231201 
2026-01-27 14:29:55,964 INFO: Epoch 284, Train Loss: 0.15136402647829417, Test Loss: 0.2680669435949037, Inverse Test Loss: 0.4329629684939529, Train R2: 0.9759075072678652, Test R2: 0.9277310371398926, Inverse Test R2: 0.9277310371398926 
2026-01-27 14:30:07,469 INFO: Epoch 285, Train Loss: 0.15111832168291917, Test Loss: 0.27301573617891833, Inverse Test Loss: 0.44095591071880225, Train R2: 0.9761407826886033, Test R2: 0.9246573448181152, Inverse Test R2: 0.9246573448181152 
2026-01-27 14:30:19,078 INFO: Epoch 286, Train Loss: 0.15175791395207247, Test Loss: 0.2647160485838399, Inverse Test Loss: 0.427550836946025, Train R2: 0.9759097302501852, Test R2: 0.9294646978378296, Inverse Test R2: 0.9294646978378296 
2026-01-27 14:30:30,630 INFO: Epoch 287, Train Loss: 0.15009120445359836, Test Loss: 0.26589420528122876, Inverse Test Loss: 0.429453713424278, Train R2: 0.9765202136653842, Test R2: 0.9287948608398438, Inverse Test R2: 0.9287949204444885 
2026-01-27 14:30:42,095 INFO: Epoch 288, Train Loss: 0.14988929112300728, Test Loss: 0.266259078726624, Inverse Test Loss: 0.43004302725647436, Train R2: 0.9765369336713444, Test R2: 0.9285316467285156, Inverse Test R2: 0.9285316467285156 
2026-01-27 14:30:53,713 INFO: Epoch 289, Train Loss: 0.1485766933271379, Test Loss: 0.2678992784384525, Inverse Test Loss: 0.4326921593059193, Train R2: 0.9767959741028872, Test R2: 0.9275726675987244, Inverse Test R2: 0.9275726675987244 
2026-01-27 14:31:05,381 INFO: Epoch 290, Train Loss: 0.15236045533057416, Test Loss: 0.2616982739983183, Inverse Test Loss: 0.4226767402706724, Train R2: 0.9755055714737285, Test R2: 0.9309899210929871, Inverse Test R2: 0.9309899210929871 
2026-01-27 14:31:16,996 INFO: Epoch 291, Train Loss: 0.15137586336244235, Test Loss: 0.26552968630284973, Inverse Test Loss: 0.4288649649331064, Train R2: 0.9759709550575777, Test R2: 0.9289696216583252, Inverse Test R2: 0.92896968126297 
2026-01-27 14:31:28,587 INFO: Epoch 292, Train Loss: 0.15098688367641333, Test Loss: 0.26781083101576025, Inverse Test Loss: 0.43254931225921167, Train R2: 0.9761284201434164, Test R2: 0.9278402328491211, Inverse Test R2: 0.9278402328491211 
2026-01-27 14:31:40,118 INFO: Epoch 293, Train Loss: 0.15025071444159205, Test Loss: 0.26808753925742523, Inverse Test Loss: 0.4329962396260464, Train R2: 0.9762017072150202, Test R2: 0.9276311993598938, Inverse Test R2: 0.9276311993598938 
2026-01-27 14:31:51,616 INFO: Epoch 294, Train Loss: 0.14775494305473386, Test Loss: 0.26744715146946185, Inverse Test Loss: 0.43196192022525903, Train R2: 0.9770531311179652, Test R2: 0.9279769062995911, Inverse Test R2: 0.9279769062995911 
2026-01-27 14:32:03,149 INFO: Epoch 295, Train Loss: 0.1480277143418789, Test Loss: 0.2694675759835677, Inverse Test Loss: 0.4352251688639323, Train R2: 0.9767052174517603, Test R2: 0.9269500970840454, Inverse Test R2: 0.9269500970840454 
2026-01-27 14:32:14,732 INFO: Epoch 296, Train Loss: 0.14575244576642007, Test Loss: 0.263095064145146, Inverse Test Loss: 0.4249327363389911, Train R2: 0.9776834041783304, Test R2: 0.9302360415458679, Inverse Test R2: 0.9302360415458679 
2026-01-27 14:32:26,414 INFO: Epoch 297, Train Loss: 0.1462513202744903, Test Loss: 0.2667460978934259, Inverse Test Loss: 0.43082962794737384, Train R2: 0.9775684986150626, Test R2: 0.9285508394241333, Inverse Test R2: 0.9285508394241333 
2026-01-27 14:32:37,894 INFO: Epoch 298, Train Loss: 0.14817182759218145, Test Loss: 0.2635303677031488, Inverse Test Loss: 0.4256358029264392, Train R2: 0.976830626075918, Test R2: 0.9301663041114807, Inverse Test R2: 0.9301663041114807 
2026-01-27 14:32:49,526 INFO: Epoch 299, Train Loss: 0.14780432313229097, Test Loss: 0.2638766025051926, Inverse Test Loss: 0.426195019122326, Train R2: 0.976853810024984, Test R2: 0.9300519824028015, Inverse Test R2: 0.9300519824028015 
2026-01-27 14:33:01,002 INFO: Epoch 300, Train Loss: 0.14727617495439269, Test Loss: 0.2679927958683534, Inverse Test Loss: 0.4328432074098876, Train R2: 0.9770370857282118, Test R2: 0.9277188777923584, Inverse Test R2: 0.9277188777923584 
2026-01-27 14:33:01,002 INFO: Best Epoch 55, Best Test Loss: 0.24062039770863272, Inv Test Loss: 0.3886332195816618, Best Test R2: 0.9418798685073853 
2026-01-27 14:33:12,567 INFO: Epoch 301, Train Loss: 0.14667461784274288, Test Loss: 0.2654622382286823, Inverse Test Loss: 0.4287560284137726, Train R2: 0.9775046358505884, Test R2: 0.929052472114563, Inverse Test R2: 0.929052472114563 
2026-01-27 14:33:24,478 INFO: Epoch 302, Train Loss: 0.14703612927008758, Test Loss: 0.27080930137273035, Inverse Test Loss: 0.4373922311898434, Train R2: 0.9772968034852635, Test R2: 0.9262272119522095, Inverse Test R2: 0.9262272119522095 
2026-01-27 14:33:36,322 INFO: Epoch 303, Train Loss: 0.14849643189121375, Test Loss: 0.26504896671483014, Inverse Test Loss: 0.42808853496204724, Train R2: 0.976850816246235, Test R2: 0.9292236566543579, Inverse Test R2: 0.9292236566543579 
