2026-02-26 13:50:42,660 INFO: log_path:logs_2026_2_26_HS_RMSE/AMFormer_simple_MLP_dim32_depth2_heads4_dropout0.4_fusion0.45_0.55_lr0.001_6P_noRC 
2026-02-26 13:50:42,661 INFO: Model:namespace(attn_dropout=0.4, categories=[], cluster=3, depth=2, dim=32, ff_dropout=0.4, groups=[54, 54, 54], heads=4, name='AMFormer_simple_MLP_dim32_depth2_heads4_dropout0.4_fusion0.45_0.55', num_cate=0, num_cont=20, num_special_tokens=1, out_dim=1, predictor='simple_MLP', prod_num_per_group=[6, 6, 6], qk_relu=False, static_fusion={'kan_weight': 0.45, 'trans_weight': 0.55}, sum_num_per_group=[32, 16, 8], target_mode='regression', token_descent=False, use_cls_token=True, use_prod=True, use_row_col_attention=False, use_sigmoid=True) 
2026-02-26 13:50:42,661 INFO: lr:0.001, loss:RMSE 
2026-02-26 13:50:42,661 INFO: Dataset:HS, Target:['metal6_Peak'] 
2026-02-26 13:50:42,661 INFO: ------Begin Training Model------ 
2026-02-26 13:50:49,266 INFO: Epoch 1, Train Loss: 0.8383927923260313, Test Loss: 0.7350455811529448, Inverse Test Loss: 6.7843379540876905, Train R2: 0.2728842636852553, Test R2: 0.423880934715271, Inverse Test R2: 0.423880934715271 
2026-02-26 13:50:49,285 INFO: ---> Saved new best model weights to log/txt_log\logs_2026_2_26_HS_RMSE/AMFormer_simple_MLP_dim32_depth2_heads4_dropout0.4_fusion0.45_0.55_lr0.001_6P_noRC\best_AMFormer_HS_weights.pth 
2026-02-26 13:50:52,357 INFO: Epoch 2, Train Loss: 0.7079536718401042, Test Loss: 0.6619335918715505, Inverse Test Loss: 6.109527457844127, Train R2: 0.4871956439632358, Test R2: 0.5302212238311768, Inverse Test R2: 0.5302212238311768 
2026-02-26 13:50:52,367 INFO: ---> Saved new best model weights to log/txt_log\logs_2026_2_26_HS_RMSE/AMFormer_simple_MLP_dim32_depth2_heads4_dropout0.4_fusion0.45_0.55_lr0.001_6P_noRC\best_AMFormer_HS_weights.pth 
2026-02-26 13:50:55,439 INFO: Epoch 3, Train Loss: 0.6357481292251385, Test Loss: 0.5863323563879187, Inverse Test Loss: 5.411741762450247, Train R2: 0.5863668552853845, Test R2: 0.6296169757843018, Inverse Test R2: 0.629616916179657 
2026-02-26 13:50:55,448 INFO: ---> Saved new best model weights to log/txt_log\logs_2026_2_26_HS_RMSE/AMFormer_simple_MLP_dim32_depth2_heads4_dropout0.4_fusion0.45_0.55_lr0.001_6P_noRC\best_AMFormer_HS_weights.pth 
2026-02-26 13:50:58,486 INFO: Epoch 4, Train Loss: 0.6016303025411837, Test Loss: 0.5588967456962123, Inverse Test Loss: 5.158515937400587, Train R2: 0.6274801704919699, Test R2: 0.663154125213623, Inverse Test R2: 0.663154125213623 
2026-02-26 13:50:58,495 INFO: ---> Saved new best model weights to log/txt_log\logs_2026_2_26_HS_RMSE/AMFormer_simple_MLP_dim32_depth2_heads4_dropout0.4_fusion0.45_0.55_lr0.001_6P_noRC\best_AMFormer_HS_weights.pth 
2026-02-26 13:51:01,543 INFO: Epoch 5, Train Loss: 0.5686725689606233, Test Loss: 0.5318556716947844, Inverse Test Loss: 4.908931811650594, Train R2: 0.6682120575146242, Test R2: 0.695659875869751, Inverse Test R2: 0.695659875869751 
2026-02-26 13:51:01,550 INFO: ---> Saved new best model weights to log/txt_log\logs_2026_2_26_HS_RMSE/AMFormer_simple_MLP_dim32_depth2_heads4_dropout0.4_fusion0.45_0.55_lr0.001_6P_noRC\best_AMFormer_HS_weights.pth 
2026-02-26 13:51:04,595 INFO: Epoch 6, Train Loss: 0.5513097153920116, Test Loss: 0.539840938466968, Inverse Test Loss: 4.982634320403591, Train R2: 0.6873340507348379, Test R2: 0.6877081394195557, Inverse Test R2: 0.6877081394195557 
2026-02-26 13:51:07,605 INFO: Epoch 7, Train Loss: 0.5450464778325774, Test Loss: 0.5151180733333934, Inverse Test Loss: 4.754446788267656, Train R2: 0.6955421273455475, Test R2: 0.7127639055252075, Inverse Test R2: 0.7127639055252075 
2026-02-26 13:51:07,615 INFO: ---> Saved new best model weights to log/txt_log\logs_2026_2_26_HS_RMSE/AMFormer_simple_MLP_dim32_depth2_heads4_dropout0.4_fusion0.45_0.55_lr0.001_6P_noRC\best_AMFormer_HS_weights.pth 
2026-02-26 13:51:10,649 INFO: Epoch 8, Train Loss: 0.5361837981776758, Test Loss: 0.5020093511451375, Inverse Test Loss: 4.633455644954335, Train R2: 0.7034141218120401, Test R2: 0.7282609939575195, Inverse Test R2: 0.7282609343528748 
2026-02-26 13:51:10,658 INFO: ---> Saved new best model weights to log/txt_log\logs_2026_2_26_HS_RMSE/AMFormer_simple_MLP_dim32_depth2_heads4_dropout0.4_fusion0.45_0.55_lr0.001_6P_noRC\best_AMFormer_HS_weights.pth 
2026-02-26 13:51:13,711 INFO: Epoch 9, Train Loss: 0.5250403553699002, Test Loss: 0.49776787107641046, Inverse Test Loss: 4.594307480436383, Train R2: 0.716433484897469, Test R2: 0.7320892810821533, Inverse Test R2: 0.7320891618728638 
2026-02-26 13:51:13,720 INFO: ---> Saved new best model weights to log/txt_log\logs_2026_2_26_HS_RMSE/AMFormer_simple_MLP_dim32_depth2_heads4_dropout0.4_fusion0.45_0.55_lr0.001_6P_noRC\best_AMFormer_HS_weights.pth 
2026-02-26 13:51:16,763 INFO: Epoch 10, Train Loss: 0.5217677930539305, Test Loss: 0.49025721622235846, Inverse Test Loss: 4.524985566283718, Train R2: 0.7183730719667493, Test R2: 0.7409699559211731, Inverse Test R2: 0.7409698963165283 
2026-02-26 13:51:16,772 INFO: ---> Saved new best model weights to log/txt_log\logs_2026_2_26_HS_RMSE/AMFormer_simple_MLP_dim32_depth2_heads4_dropout0.4_fusion0.45_0.55_lr0.001_6P_noRC\best_AMFormer_HS_weights.pth 
2026-02-26 13:51:16,772 INFO: Best Epoch 10, Best Test Loss: 0.49025721622235846, Inv Test Loss: 4.524985566283718, Best Test R2: 0.7409699559211731 
2026-02-26 13:51:19,831 INFO: Epoch 11, Train Loss: 0.5119266166831508, Test Loss: 0.4823397063847744, Inverse Test Loss: 4.451908364440456, Train R2: 0.7301202624133138, Test R2: 0.7490246295928955, Inverse Test R2: 0.7490246295928955 
2026-02-26 13:51:19,840 INFO: ---> Saved new best model weights to log/txt_log\logs_2026_2_26_HS_RMSE/AMFormer_simple_MLP_dim32_depth2_heads4_dropout0.4_fusion0.45_0.55_lr0.001_6P_noRC\best_AMFormer_HS_weights.pth 
2026-02-26 13:51:22,883 INFO: Epoch 12, Train Loss: 0.5046966421333227, Test Loss: 0.47209536306785815, Inverse Test Loss: 4.3573550094257705, Train R2: 0.7381073358384046, Test R2: 0.759280800819397, Inverse Test R2: 0.759280800819397 
2026-02-26 13:51:22,891 INFO: ---> Saved new best model weights to log/txt_log\logs_2026_2_26_HS_RMSE/AMFormer_simple_MLP_dim32_depth2_heads4_dropout0.4_fusion0.45_0.55_lr0.001_6P_noRC\best_AMFormer_HS_weights.pth 
2026-02-26 13:51:25,939 INFO: Epoch 13, Train Loss: 0.5016296860395055, Test Loss: 0.47085848902211047, Inverse Test Loss: 4.345938834277066, Train R2: 0.7399188970977609, Test R2: 0.7603617906570435, Inverse Test R2: 0.7603617310523987 
2026-02-26 13:51:25,948 INFO: ---> Saved new best model weights to log/txt_log\logs_2026_2_26_HS_RMSE/AMFormer_simple_MLP_dim32_depth2_heads4_dropout0.4_fusion0.45_0.55_lr0.001_6P_noRC\best_AMFormer_HS_weights.pth 
2026-02-26 13:51:29,006 INFO: Epoch 14, Train Loss: 0.4952636823961229, Test Loss: 0.47756200035413104, Inverse Test Loss: 4.407810998685433, Train R2: 0.7473575350913134, Test R2: 0.7530881762504578, Inverse Test R2: 0.753088116645813 
2026-02-26 13:51:32,072 INFO: Epoch 15, Train Loss: 0.49408761705413007, Test Loss: 0.45319093176812836, Inverse Test Loss: 4.182870467503865, Train R2: 0.746979380195791, Test R2: 0.776957631111145, Inverse Test R2: 0.776957631111145 
2026-02-26 13:51:32,081 INFO: ---> Saved new best model weights to log/txt_log\logs_2026_2_26_HS_RMSE/AMFormer_simple_MLP_dim32_depth2_heads4_dropout0.4_fusion0.45_0.55_lr0.001_6P_noRC\best_AMFormer_HS_weights.pth 
2026-02-26 13:51:35,114 INFO: Epoch 16, Train Loss: 0.4877939454533837, Test Loss: 0.4684282857360262, Inverse Test Loss: 4.323508392680775, Train R2: 0.754283914511854, Test R2: 0.7601819634437561, Inverse Test R2: 0.7601820230484009 
2026-02-26 13:51:38,164 INFO: Epoch 17, Train Loss: 0.481616847217083, Test Loss: 0.4518357009598703, Inverse Test Loss: 4.170361880100135, Train R2: 0.7603322813908259, Test R2: 0.7785195112228394, Inverse Test R2: 0.7785194516181946 
2026-02-26 13:51:38,173 INFO: ---> Saved new best model weights to log/txt_log\logs_2026_2_26_HS_RMSE/AMFormer_simple_MLP_dim32_depth2_heads4_dropout0.4_fusion0.45_0.55_lr0.001_6P_noRC\best_AMFormer_HS_weights.pth 
2026-02-26 13:51:41,220 INFO: Epoch 18, Train Loss: 0.4813537821173668, Test Loss: 0.4666246609254317, Inverse Test Loss: 4.306861328356193, Train R2: 0.7616750909523531, Test R2: 0.7636458873748779, Inverse Test R2: 0.7636458873748779 
2026-02-26 13:51:44,293 INFO: Epoch 19, Train Loss: 0.4864727570251985, Test Loss: 0.4636184031313116, Inverse Test Loss: 4.279114080197884, Train R2: 0.7564346131050226, Test R2: 0.7676888108253479, Inverse Test R2: 0.7676888108253479 
2026-02-26 13:51:47,348 INFO: Epoch 20, Train Loss: 0.4796511289296728, Test Loss: 0.46062193856094824, Inverse Test Loss: 4.251457207130663, Train R2: 0.7623607800765471, Test R2: 0.7687598466873169, Inverse Test R2: 0.7687598466873169 
2026-02-26 13:51:47,348 INFO: Best Epoch 17, Best Test Loss: 0.4518357009598703, Inv Test Loss: 4.170361880100135, Best Test R2: 0.7785195112228394 
2026-02-26 13:51:50,398 INFO: Epoch 21, Train Loss: 0.472300198719357, Test Loss: 0.44597290953000385, Inverse Test Loss: 4.116249373464873, Train R2: 0.770048490076354, Test R2: 0.7826859354972839, Inverse Test R2: 0.7826859354972839 
2026-02-26 13:51:50,407 INFO: ---> Saved new best model weights to log/txt_log\logs_2026_2_26_HS_RMSE/AMFormer_simple_MLP_dim32_depth2_heads4_dropout0.4_fusion0.45_0.55_lr0.001_6P_noRC\best_AMFormer_HS_weights.pth 
2026-02-26 13:51:53,458 INFO: Epoch 22, Train Loss: 0.4698174792257222, Test Loss: 0.4461814860502879, Inverse Test Loss: 4.118174516793453, Train R2: 0.772864938233838, Test R2: 0.7836794853210449, Inverse Test R2: 0.7836794853210449 
2026-02-26 13:51:56,504 INFO: Epoch 23, Train Loss: 0.4683524090232271, Test Loss: 0.43364438595193805, Inverse Test Loss: 4.00245933821707, Train R2: 0.7740574953230944, Test R2: 0.7952476739883423, Inverse Test R2: 0.7952476739883423 
2026-02-26 13:51:56,513 INFO: ---> Saved new best model weights to log/txt_log\logs_2026_2_26_HS_RMSE/AMFormer_simple_MLP_dim32_depth2_heads4_dropout0.4_fusion0.45_0.55_lr0.001_6P_noRC\best_AMFormer_HS_weights.pth 
2026-02-26 13:51:59,562 INFO: Epoch 24, Train Loss: 0.46078808876601135, Test Loss: 0.43289278131542785, Inverse Test Loss: 3.9955221956426445, Train R2: 0.780081768379067, Test R2: 0.7956142425537109, Inverse Test R2: 0.7956141829490662 
2026-02-26 13:51:59,571 INFO: ---> Saved new best model weights to log/txt_log\logs_2026_2_26_HS_RMSE/AMFormer_simple_MLP_dim32_depth2_heads4_dropout0.4_fusion0.45_0.55_lr0.001_6P_noRC\best_AMFormer_HS_weights.pth 
2026-02-26 13:52:02,600 INFO: Epoch 25, Train Loss: 0.46108014926765906, Test Loss: 0.4337122512586189, Inverse Test Loss: 4.003085750522035, Train R2: 0.7819076726833979, Test R2: 0.7957520484924316, Inverse Test R2: 0.7957519888877869 
2026-02-26 13:52:05,629 INFO: Epoch 26, Train Loss: 0.4638133152867808, Test Loss: 0.44616885618730023, Inverse Test Loss: 4.118057922883467, Train R2: 0.7765938183574965, Test R2: 0.7831365466117859, Inverse Test R2: 0.7831365466117859 
2026-02-26 13:52:08,692 INFO: Epoch 27, Train Loss: 0.45986378034858993, Test Loss: 0.4368699283310861, Inverse Test Loss: 4.032230492794152, Train R2: 0.7817270507415136, Test R2: 0.7922489047050476, Inverse Test R2: 0.7922489047050476 
2026-02-26 13:52:11,721 INFO: Epoch 28, Train Loss: 0.4520876396334533, Test Loss: 0.4300093614693844, Inverse Test Loss: 3.968908743424849, Train R2: 0.7872417004722537, Test R2: 0.7986325025558472, Inverse Test R2: 0.7986325025558472 
2026-02-26 13:52:11,729 INFO: ---> Saved new best model weights to log/txt_log\logs_2026_2_26_HS_RMSE/AMFormer_simple_MLP_dim32_depth2_heads4_dropout0.4_fusion0.45_0.55_lr0.001_6P_noRC\best_AMFormer_HS_weights.pth 
2026-02-26 13:52:14,766 INFO: Epoch 29, Train Loss: 0.45984561921972217, Test Loss: 0.4246036067153468, Inverse Test Loss: 3.9190145550352153, Train R2: 0.7812171438426683, Test R2: 0.8029626607894897, Inverse Test R2: 0.8029626607894897 
2026-02-26 13:52:14,776 INFO: ---> Saved new best model weights to log/txt_log\logs_2026_2_26_HS_RMSE/AMFormer_simple_MLP_dim32_depth2_heads4_dropout0.4_fusion0.45_0.55_lr0.001_6P_noRC\best_AMFormer_HS_weights.pth 
2026-02-26 13:52:17,802 INFO: Epoch 30, Train Loss: 0.4578729578942964, Test Loss: 0.43604551481478143, Inverse Test Loss: 4.024621363842126, Train R2: 0.783064658443133, Test R2: 0.7936111092567444, Inverse Test R2: 0.7936111092567444 
2026-02-26 13:52:17,802 INFO: Best Epoch 29, Best Test Loss: 0.4246036067153468, Inv Test Loss: 3.9190145550352153, Best Test R2: 0.8029626607894897 
2026-02-26 13:52:20,852 INFO: Epoch 31, Train Loss: 0.45504411151914886, Test Loss: 0.431487447384632, Inverse Test Loss: 3.9825512279163706, Train R2: 0.7855661421111135, Test R2: 0.7980458736419678, Inverse Test R2: 0.7980458736419678 
2026-02-26 13:52:23,901 INFO: Epoch 32, Train Loss: 0.4481654252969857, Test Loss: 0.42930423310308746, Inverse Test Loss: 3.9624005230990322, Train R2: 0.7929863979419073, Test R2: 0.7993001937866211, Inverse Test R2: 0.7993001937866211 
2026-02-26 13:52:26,934 INFO: Epoch 33, Train Loss: 0.45279331505298615, Test Loss: 0.43198081851005554, Inverse Test Loss: 3.9871049360795454, Train R2: 0.7876033439780726, Test R2: 0.7968319654464722, Inverse Test R2: 0.7968319058418274 
2026-02-26 13:52:29,981 INFO: Epoch 34, Train Loss: 0.45257287630529114, Test Loss: 0.43924556988658325, Inverse Test Loss: 4.054157235405662, Train R2: 0.7881461616718408, Test R2: 0.78910231590271, Inverse Test R2: 0.7891022562980652 
2026-02-26 13:52:33,021 INFO: Epoch 35, Train Loss: 0.4469432200897824, Test Loss: 0.4230343256935929, Inverse Test Loss: 3.9045304601842705, Train R2: 0.7929668431029175, Test R2: 0.8048035502433777, Inverse Test R2: 0.8048035502433777 
2026-02-26 13:52:33,029 INFO: ---> Saved new best model weights to log/txt_log\logs_2026_2_26_HS_RMSE/AMFormer_simple_MLP_dim32_depth2_heads4_dropout0.4_fusion0.45_0.55_lr0.001_6P_noRC\best_AMFormer_HS_weights.pth 
2026-02-26 13:52:36,069 INFO: Epoch 36, Train Loss: 0.44211141042637103, Test Loss: 0.4425843601877039, Inverse Test Loss: 4.08497370373119, Train R2: 0.7965040644913008, Test R2: 0.7868584394454956, Inverse Test R2: 0.7868583798408508 
2026-02-26 13:52:39,108 INFO: Epoch 37, Train Loss: 0.44691306962208316, Test Loss: 0.42422091328736505, Inverse Test Loss: 3.915482427134658, Train R2: 0.79335499532295, Test R2: 0.8036296367645264, Inverse Test R2: 0.8036295771598816 
2026-02-26 13:52:42,151 INFO: Epoch 38, Train Loss: 0.4426025086731622, Test Loss: 0.44343014016295923, Inverse Test Loss: 4.092780048196966, Train R2: 0.7964010798569882, Test R2: 0.7849025130271912, Inverse Test R2: 0.7849025130271912 
2026-02-26 13:52:45,205 INFO: Epoch 39, Train Loss: 0.4452636018395424, Test Loss: 0.42285079125202063, Inverse Test Loss: 3.902836395032478, Train R2: 0.794734047669353, Test R2: 0.8053723573684692, Inverse Test R2: 0.8053723573684692 
2026-02-26 13:52:45,213 INFO: ---> Saved new best model weights to log/txt_log\logs_2026_2_26_HS_RMSE/AMFormer_simple_MLP_dim32_depth2_heads4_dropout0.4_fusion0.45_0.55_lr0.001_6P_noRC\best_AMFormer_HS_weights.pth 
2026-02-26 13:52:48,267 INFO: Epoch 40, Train Loss: 0.4390356328451272, Test Loss: 0.4210366706053416, Inverse Test Loss: 3.8860924243927, Train R2: 0.8013554206400206, Test R2: 0.8069003224372864, Inverse Test R2: 0.8069002628326416 
2026-02-26 13:52:48,278 INFO: ---> Saved new best model weights to log/txt_log\logs_2026_2_26_HS_RMSE/AMFormer_simple_MLP_dim32_depth2_heads4_dropout0.4_fusion0.45_0.55_lr0.001_6P_noRC\best_AMFormer_HS_weights.pth 
2026-02-26 13:52:48,279 INFO: Best Epoch 40, Best Test Loss: 0.4210366706053416, Inv Test Loss: 3.8860924243927, Best Test R2: 0.8069003224372864 
2026-02-26 13:52:51,342 INFO: Epoch 41, Train Loss: 0.4408909931327357, Test Loss: 0.43339874708291254, Inverse Test Loss: 4.000192136475534, Train R2: 0.7985404386664882, Test R2: 0.7961266040802002, Inverse Test R2: 0.7961265444755554 
2026-02-26 13:52:54,381 INFO: Epoch 42, Train Loss: 0.44263122953248746, Test Loss: 0.4391713458480257, Inverse Test Loss: 4.053472244378292, Train R2: 0.7967561230514989, Test R2: 0.7900917530059814, Inverse Test R2: 0.7900917530059814 
2026-02-26 13:52:57,442 INFO: Epoch 43, Train Loss: 0.43854804653109924, Test Loss: 0.41883378769412183, Inverse Test Loss: 3.8657602107886113, Train R2: 0.8015379657347997, Test R2: 0.8081900477409363, Inverse Test R2: 0.8081900477409363 
2026-02-26 13:52:57,451 INFO: ---> Saved new best model weights to log/txt_log\logs_2026_2_26_HS_RMSE/AMFormer_simple_MLP_dim32_depth2_heads4_dropout0.4_fusion0.45_0.55_lr0.001_6P_noRC\best_AMFormer_HS_weights.pth 
2026-02-26 13:53:00,494 INFO: Epoch 44, Train Loss: 0.4365988493417249, Test Loss: 0.4198139165387009, Inverse Test Loss: 3.8748065919587105, Train R2: 0.8022761579715845, Test R2: 0.8076975345611572, Inverse Test R2: 0.8076975345611572 
2026-02-26 13:53:03,528 INFO: Epoch 45, Train Loss: 0.4371508332816037, Test Loss: 0.43412093592412543, Inverse Test Loss: 4.006857864784472, Train R2: 0.8033102032813159, Test R2: 0.7930154204368591, Inverse Test R2: 0.7930154204368591 
2026-02-26 13:53:06,533 INFO: Epoch 46, Train Loss: 0.4378922922593175, Test Loss: 0.435615447434512, Inverse Test Loss: 4.020651875120221, Train R2: 0.8013013018803163, Test R2: 0.7941256761550903, Inverse Test R2: 0.7941256761550903 
2026-02-26 13:53:09,572 INFO: Epoch 47, Train Loss: 0.4375299359812881, Test Loss: 0.4436369845361421, Inverse Test Loss: 4.094689181356719, Train R2: 0.8023311075839129, Test R2: 0.7842096090316772, Inverse Test R2: 0.7842096090316772 
2026-02-26 13:53:12,585 INFO: Epoch 48, Train Loss: 0.4315549440004609, Test Loss: 0.44588997869780567, Inverse Test Loss: 4.115484013701931, Train R2: 0.8059896442926291, Test R2: 0.7809842824935913, Inverse Test R2: 0.7809842228889465 
2026-02-26 13:53:15,636 INFO: Epoch 49, Train Loss: 0.43346369063312357, Test Loss: 0.41900072585452686, Inverse Test Loss: 3.867301008918069, Train R2: 0.8056752171480295, Test R2: 0.8084643483161926, Inverse Test R2: 0.8084643483161926 
2026-02-26 13:53:18,667 INFO: Epoch 50, Train Loss: 0.428487563449325, Test Loss: 0.42049805142662744, Inverse Test Loss: 3.881121064677383, Train R2: 0.8109138328017611, Test R2: 0.8068021535873413, Inverse Test R2: 0.8068021535873413 
2026-02-26 13:53:18,667 INFO: Best Epoch 43, Best Test Loss: 0.41883378769412183, Inv Test Loss: 3.8657602107886113, Best Test R2: 0.8081900477409363 
2026-02-26 13:53:21,698 INFO: Epoch 51, Train Loss: 0.4283959438854998, Test Loss: 0.4531631081393271, Inverse Test Loss: 4.182613647345341, Train R2: 0.8112086450511758, Test R2: 0.7749028205871582, Inverse Test R2: 0.7749028205871582 
2026-02-26 13:53:24,745 INFO: Epoch 52, Train Loss: 0.42979519046617276, Test Loss: 0.4215717622728059, Inverse Test Loss: 3.8910312435843726, Train R2: 0.807705387021556, Test R2: 0.806002140045166, Inverse Test R2: 0.806002140045166 
2026-02-26 13:53:27,772 INFO: Epoch 53, Train Loss: 0.43207969968066073, Test Loss: 0.4213334656122959, Inverse Test Loss: 3.8888318321921607, Train R2: 0.8060080661918178, Test R2: 0.8062533736228943, Inverse Test R2: 0.8062533140182495 
2026-02-26 13:53:30,823 INFO: Epoch 54, Train Loss: 0.42745421262401523, Test Loss: 0.4238992514032306, Inverse Test Loss: 3.912513508941188, Train R2: 0.8115784467169733, Test R2: 0.8039971590042114, Inverse Test R2: 0.8039970993995667 
2026-02-26 13:53:33,873 INFO: Epoch 55, Train Loss: 0.4288171042095531, Test Loss: 0.4188098772005601, Inverse Test Loss: 3.8655394929828066, Train R2: 0.8090067984479846, Test R2: 0.8080363273620605, Inverse Test R2: 0.8080363273620605 
2026-02-26 13:53:33,881 INFO: ---> Saved new best model weights to log/txt_log\logs_2026_2_26_HS_RMSE/AMFormer_simple_MLP_dim32_depth2_heads4_dropout0.4_fusion0.45_0.55_lr0.001_6P_noRC\best_AMFormer_HS_weights.pth 
2026-02-26 13:53:36,916 INFO: Epoch 56, Train Loss: 0.4287469082257964, Test Loss: 0.4222112966306282, Inverse Test Loss: 3.896934068564213, Train R2: 0.8092130061351892, Test R2: 0.8048701286315918, Inverse Test R2: 0.8048701286315918 
2026-02-26 13:53:39,962 INFO: Epoch 57, Train Loss: 0.42469628019766376, Test Loss: 0.4205225110054016, Inverse Test Loss: 3.8813468181725703, Train R2: 0.812059611082077, Test R2: 0.8066898584365845, Inverse Test R2: 0.8066898584365845 
2026-02-26 13:53:43,010 INFO: Epoch 58, Train Loss: 0.42041213471781125, Test Loss: 0.4234545474702662, Inverse Test Loss: 3.9084089958306514, Train R2: 0.816250792055419, Test R2: 0.803119421005249, Inverse Test R2: 0.803119421005249 
2026-02-26 13:53:46,080 INFO: Epoch 59, Train Loss: 0.4221872028076287, Test Loss: 0.42906129269888904, Inverse Test Loss: 3.960158181912971, Train R2: 0.8161814700473439, Test R2: 0.8008240461349487, Inverse Test R2: 0.8008240461349487 
2026-02-26 13:53:49,133 INFO: Epoch 60, Train Loss: 0.4265027346484589, Test Loss: 0.41074591965386364, Inverse Test Loss: 3.7911106167417583, Train R2: 0.8116613378127416, Test R2: 0.8159199953079224, Inverse Test R2: 0.8159199953079224 
2026-02-26 13:53:49,142 INFO: ---> Saved new best model weights to log/txt_log\logs_2026_2_26_HS_RMSE/AMFormer_simple_MLP_dim32_depth2_heads4_dropout0.4_fusion0.45_0.55_lr0.001_6P_noRC\best_AMFormer_HS_weights.pth 
2026-02-26 13:53:49,142 INFO: Best Epoch 60, Best Test Loss: 0.41074591965386364, Inv Test Loss: 3.7911106167417583, Best Test R2: 0.8159199953079224 
2026-02-26 13:53:52,163 INFO: Epoch 61, Train Loss: 0.4159840636632659, Test Loss: 0.42156509919600055, Inverse Test Loss: 3.8909696810173267, Train R2: 0.8203246078707955, Test R2: 0.8050565719604492, Inverse Test R2: 0.8050565719604492 
2026-02-26 13:53:55,189 INFO: Epoch 62, Train Loss: 0.42687872819828265, Test Loss: 0.42433518532550696, Inverse Test Loss: 3.9165371692541875, Train R2: 0.8097482206243457, Test R2: 0.8030867576599121, Inverse Test R2: 0.8030867576599121 
2026-02-26 13:53:58,224 INFO: Epoch 63, Train Loss: 0.4182508899406953, Test Loss: 0.4197331459233255, Inverse Test Loss: 3.8740611148603037, Train R2: 0.8185094992319742, Test R2: 0.8074690103530884, Inverse Test R2: 0.8074690103530884 
2026-02-26 13:54:01,255 INFO: Epoch 64, Train Loss: 0.41809783921097265, Test Loss: 0.4322162126049851, Inverse Test Loss: 3.9892775723428437, Train R2: 0.8173838704824448, Test R2: 0.797355055809021, Inverse Test R2: 0.797355055809021 
2026-02-26 13:54:04,263 INFO: Epoch 65, Train Loss: 0.418895629770828, Test Loss: 0.43320096893744037, Inverse Test Loss: 3.9983667026866567, Train R2: 0.8176229600653504, Test R2: 0.7935599088668823, Inverse Test R2: 0.7935599088668823 
2026-02-26 13:54:07,301 INFO: Epoch 66, Train Loss: 0.41559141129255295, Test Loss: 0.42623746846661426, Inverse Test Loss: 3.9340948552796333, Train R2: 0.8193363041588755, Test R2: 0.7986551523208618, Inverse Test R2: 0.7986551523208618 
2026-02-26 13:54:10,374 INFO: Epoch 67, Train Loss: 0.4156268415125934, Test Loss: 0.4240239280642885, Inverse Test Loss: 3.913664297624068, Train R2: 0.8200586564613112, Test R2: 0.8045657277107239, Inverse Test R2: 0.8045657277107239 
2026-02-26 13:54:13,407 INFO: Epoch 68, Train Loss: 0.41427974944764917, Test Loss: 0.42415503118977405, Inverse Test Loss: 3.914874351385868, Train R2: 0.8203841357520132, Test R2: 0.8022925853729248, Inverse Test R2: 0.8022925853729248 
2026-02-26 13:54:16,422 INFO: Epoch 69, Train Loss: 0.4154218796527747, Test Loss: 0.41458601662606903, Inverse Test Loss: 3.8265540599823, Train R2: 0.8212306490450194, Test R2: 0.8118571043014526, Inverse Test R2: 0.8118571043014526 
2026-02-26 13:54:19,458 INFO: Epoch 70, Train Loss: 0.4157335171193788, Test Loss: 0.4230104919635888, Inverse Test Loss: 3.9043103781613437, Train R2: 0.8196438365813458, Test R2: 0.8046008944511414, Inverse Test R2: 0.8046008348464966 
2026-02-26 13:54:19,458 INFO: Best Epoch 60, Best Test Loss: 0.41074591965386364, Inv Test Loss: 3.7911106167417583, Best Test R2: 0.8159199953079224 
2026-02-26 13:54:22,538 INFO: Epoch 71, Train Loss: 0.41354019352884, Test Loss: 0.4210661026564511, Inverse Test Loss: 3.886364055402351, Train R2: 0.8219443455790029, Test R2: 0.8068638443946838, Inverse Test R2: 0.8068638443946838 
2026-02-26 13:54:25,553 INFO: Epoch 72, Train Loss: 0.4183228476481004, Test Loss: 0.42311882250236743, Inverse Test Loss: 3.9053102551084575, Train R2: 0.8180190979531317, Test R2: 0.8032639622688293, Inverse Test R2: 0.8032639622688293 
2026-02-26 13:54:28,576 INFO: Epoch 73, Train Loss: 0.41005622640703665, Test Loss: 0.43795802105556836, Inverse Test Loss: 4.042273449175285, Train R2: 0.8240327216459044, Test R2: 0.7870235443115234, Inverse Test R2: 0.7870235443115234 
2026-02-26 13:54:31,644 INFO: Epoch 74, Train Loss: 0.4095586748285727, Test Loss: 0.4187341793016954, Inverse Test Loss: 3.864840789274736, Train R2: 0.824557393337741, Test R2: 0.8062074184417725, Inverse Test R2: 0.8062074184417725 
2026-02-26 13:54:34,772 INFO: Epoch 75, Train Loss: 0.4175498517173709, Test Loss: 0.4310649109609199, Inverse Test Loss: 3.978651270721898, Train R2: 0.8181991852594145, Test R2: 0.7974539995193481, Inverse Test R2: 0.7974539995193481 
2026-02-26 13:54:37,823 INFO: Epoch 76, Train Loss: 0.40639786331942584, Test Loss: 0.42741585951862915, Inverse Test Loss: 3.94497114239317, Train R2: 0.8280136571689085, Test R2: 0.796958327293396, Inverse Test R2: 0.796958327293396 
2026-02-26 13:54:40,859 INFO: Epoch 77, Train Loss: 0.40957214186588925, Test Loss: 0.41924879135507526, Inverse Test Loss: 3.869590593106819, Train R2: 0.8257737855116526, Test R2: 0.8071774244308472, Inverse Test R2: 0.8071774244308472 
2026-02-26 13:54:43,903 INFO: Epoch 78, Train Loss: 0.4045900600877675, Test Loss: 0.4180775022867954, Inverse Test Loss: 3.8587797482808432, Train R2: 0.8293235076196266, Test R2: 0.8061820864677429, Inverse Test R2: 0.8061820864677429 
2026-02-26 13:54:46,956 INFO: Epoch 79, Train Loss: 0.4088896330107342, Test Loss: 0.42658617731296655, Inverse Test Loss: 3.937313325477369, Train R2: 0.8242600867242524, Test R2: 0.7989940643310547, Inverse Test R2: 0.7989940643310547 
2026-02-26 13:54:50,009 INFO: Epoch 80, Train Loss: 0.40513532834522653, Test Loss: 0.4237266742821896, Inverse Test Loss: 3.9109206994374595, Train R2: 0.8283973431045358, Test R2: 0.8003362417221069, Inverse Test R2: 0.8003362417221069 
2026-02-26 13:54:50,009 INFO: Best Epoch 60, Best Test Loss: 0.41074591965386364, Inv Test Loss: 3.7911106167417583, Best Test R2: 0.8159199953079224 
2026-02-26 13:54:53,033 INFO: Epoch 81, Train Loss: 0.4030375268423196, Test Loss: 0.4283844358993299, Inverse Test Loss: 3.9539109432336055, Train R2: 0.8300658672144918, Test R2: 0.7960856556892395, Inverse Test R2: 0.7960855960845947 
2026-02-26 13:54:56,067 INFO: Epoch 82, Train Loss: 0.4051886083501758, Test Loss: 0.43344884839924896, Inverse Test Loss: 4.000654603495742, Train R2: 0.8288882492166577, Test R2: 0.7897055745124817, Inverse Test R2: 0.7897055745124817 
2026-02-26 13:54:59,133 INFO: Epoch 83, Train Loss: 0.4006073402635979, Test Loss: 0.41329793045015045, Inverse Test Loss: 3.814665281411373, Train R2: 0.8313898972489617, Test R2: 0.8117533922195435, Inverse Test R2: 0.8117533326148987 
2026-02-26 13:55:02,196 INFO: Epoch 84, Train Loss: 0.3995044414292682, Test Loss: 0.4135478572411971, Inverse Test Loss: 3.816971945040154, Train R2: 0.8342650961695295, Test R2: 0.8120805025100708, Inverse Test R2: 0.8120805025100708 
2026-02-26 13:55:05,244 INFO: Epoch 85, Train Loss: 0.40428907243591367, Test Loss: 0.4388662567644408, Inverse Test Loss: 4.050656253641302, Train R2: 0.8306263748443488, Test R2: 0.7790510654449463, Inverse Test R2: 0.7790510058403015 
2026-02-26 13:55:08,292 INFO: Epoch 86, Train Loss: 0.3941814666896155, Test Loss: 0.4227656631758719, Inverse Test Loss: 3.902050682992646, Train R2: 0.8371224516268932, Test R2: 0.8038948774337769, Inverse Test R2: 0.8038948178291321 
2026-02-26 13:55:11,336 INFO: Epoch 87, Train Loss: 0.40072287370761234, Test Loss: 0.4345112849365581, Inverse Test Loss: 4.010460701855746, Train R2: 0.8327133687156619, Test R2: 0.7868915796279907, Inverse Test R2: 0.786891520023346 
2026-02-26 13:55:14,365 INFO: Epoch 88, Train Loss: 0.39569691681500635, Test Loss: 0.4283797117796811, Inverse Test Loss: 3.953867262059992, Train R2: 0.8356844295154918, Test R2: 0.7956685423851013, Inverse Test R2: 0.7956684827804565 
2026-02-26 13:55:17,410 INFO: Epoch 89, Train Loss: 0.39789861000396987, Test Loss: 0.448758989572525, Inverse Test Loss: 4.141964399453365, Train R2: 0.8339862024242227, Test R2: 0.7703489065170288, Inverse Test R2: 0.7703489065170288 
2026-02-26 13:55:20,524 INFO: Epoch 90, Train Loss: 0.3975040086291053, Test Loss: 0.4298246611248363, Inverse Test Loss: 3.9672039277625806, Train R2: 0.8336158661228238, Test R2: 0.7905981540679932, Inverse Test R2: 0.7905981540679932 
2026-02-26 13:55:20,525 INFO: Best Epoch 60, Best Test Loss: 0.41074591965386364, Inv Test Loss: 3.7911106167417583, Best Test R2: 0.8159199953079224 
2026-02-26 13:55:23,578 INFO: Epoch 91, Train Loss: 0.39690984017921216, Test Loss: 0.42192459467685584, Inverse Test Loss: 3.89428778850671, Train R2: 0.8354166095907037, Test R2: 0.8047194480895996, Inverse Test R2: 0.8047194480895996 
2026-02-26 13:55:26,619 INFO: Epoch 92, Train Loss: 0.395527428975611, Test Loss: 0.4217382272084554, Inverse Test Loss: 3.8925676490321304, Train R2: 0.8362892938382698, Test R2: 0.8022120594978333, Inverse Test R2: 0.8022119998931885 
2026-02-26 13:55:29,677 INFO: Epoch 93, Train Loss: 0.3939115944685358, Test Loss: 0.4116060200965766, Inverse Test Loss: 3.7990492112708814, Train R2: 0.8365417651154778, Test R2: 0.8134744167327881, Inverse Test R2: 0.8134744167327881 
2026-02-26 13:55:32,731 INFO: Epoch 94, Train Loss: 0.3962867126771898, Test Loss: 0.4133583271142208, Inverse Test Loss: 3.8152226968245073, Train R2: 0.8363890056357239, Test R2: 0.8113886713981628, Inverse Test R2: 0.8113886117935181 
2026-02-26 13:55:35,785 INFO: Epoch 95, Train Loss: 0.39075922266100394, Test Loss: 0.41899600263797876, Inverse Test Loss: 3.867257443341342, Train R2: 0.8407399198322585, Test R2: 0.806501567363739, Inverse Test R2: 0.8065015077590942 
2026-02-26 13:55:38,854 INFO: Epoch 96, Train Loss: 0.3951123133301735, Test Loss: 0.442936433987184, Inverse Test Loss: 4.088223247817068, Train R2: 0.8378613672473214, Test R2: 0.7806825041770935, Inverse Test R2: 0.7806824445724487 
2026-02-26 13:55:41,905 INFO: Epoch 97, Train Loss: 0.39387541557803296, Test Loss: 0.42521583943655994, Inverse Test Loss: 3.924665371576945, Train R2: 0.8386504866860129, Test R2: 0.7940512299537659, Inverse Test R2: 0.7940511703491211 
2026-02-26 13:55:44,954 INFO: Epoch 98, Train Loss: 0.3882584184633963, Test Loss: 0.43779085621689307, Inverse Test Loss: 4.040730490829006, Train R2: 0.8433993982546257, Test R2: 0.7886133193969727, Inverse Test R2: 0.7886133193969727 
2026-02-26 13:55:48,017 INFO: Epoch 99, Train Loss: 0.3887858305013541, Test Loss: 0.42589283802292566, Inverse Test Loss: 3.9309140263181743, Train R2: 0.8417517827315764, Test R2: 0.7994205355644226, Inverse Test R2: 0.7994204759597778 
2026-02-26 13:55:51,058 INFO: Epoch 100, Train Loss: 0.38623917373743927, Test Loss: 0.43720061309409863, Inverse Test Loss: 4.0352826407461455, Train R2: 0.8446830958127975, Test R2: 0.7827966213226318, Inverse Test R2: 0.7827965617179871 
2026-02-26 13:55:51,059 INFO: Best Epoch 60, Best Test Loss: 0.41074591965386364, Inv Test Loss: 3.7911106167417583, Best Test R2: 0.8159199953079224 
2026-02-26 13:55:54,149 INFO: Epoch 101, Train Loss: 0.3871228252396439, Test Loss: 0.450244305711804, Inverse Test Loss: 4.15567355444937, Train R2: 0.8439915983965902, Test R2: 0.7685341835021973, Inverse Test R2: 0.7685341835021973 
2026-02-26 13:55:57,202 INFO: Epoch 102, Train Loss: 0.3959060889301878, Test Loss: 0.44165084940014465, Inverse Test Loss: 4.076357509150649, Train R2: 0.8368842646931157, Test R2: 0.7770172357559204, Inverse Test R2: 0.7770172357559204 
2026-02-26 13:56:00,246 INFO: Epoch 103, Train Loss: 0.3897599882700227, Test Loss: 0.41956791281700134, Inverse Test Loss: 3.8725360017834287, Train R2: 0.8417523539427555, Test R2: 0.8030164241790771, Inverse Test R2: 0.8030164241790771 
2026-02-26 13:56:03,279 INFO: Epoch 104, Train Loss: 0.3889822673165437, Test Loss: 0.42141445477803546, Inverse Test Loss: 3.8895792961120605, Train R2: 0.8417006952292991, Test R2: 0.8047308325767517, Inverse Test R2: 0.8047308325767517 
2026-02-26 13:56:06,343 INFO: Epoch 105, Train Loss: 0.38183529697584384, Test Loss: 0.42639984958099597, Inverse Test Loss: 3.9355935472430605, Train R2: 0.8473514359105717, Test R2: 0.8002920746803284, Inverse Test R2: 0.8002920150756836 
2026-02-26 13:56:09,421 INFO: Epoch 106, Train Loss: 0.3825381195003336, Test Loss: 0.4283367937261408, Inverse Test Loss: 3.953471205451272, Train R2: 0.8460084520506136, Test R2: 0.7962558269500732, Inverse Test R2: 0.7962558269500732 
2026-02-26 13:56:12,458 INFO: Epoch 107, Train Loss: 0.3887058665806597, Test Loss: 0.4255982185855056, Inverse Test Loss: 3.9281947179274126, Train R2: 0.841137217301311, Test R2: 0.7941187620162964, Inverse Test R2: 0.7941187620162964 
2026-02-26 13:56:15,523 INFO: Epoch 108, Train Loss: 0.3862846020722028, Test Loss: 0.42571571559617016, Inverse Test Loss: 3.9292791973460806, Train R2: 0.8443531795884623, Test R2: 0.7974951267242432, Inverse Test R2: 0.7974951267242432 
2026-02-26 13:56:18,589 INFO: Epoch 109, Train Loss: 0.3872411876465335, Test Loss: 0.4325064944498467, Inverse Test Loss: 3.9919567758386787, Train R2: 0.844256914023197, Test R2: 0.7911738157272339, Inverse Test R2: 0.7911738157272339 
2026-02-26 13:56:21,629 INFO: Epoch 110, Train Loss: 0.3768648846131383, Test Loss: 0.4383986276207548, Inverse Test Loss: 4.046340191003048, Train R2: 0.8511489011121519, Test R2: 0.7849428653717041, Inverse Test R2: 0.7849428653717041 
2026-02-26 13:56:21,629 INFO: Best Epoch 60, Best Test Loss: 0.41074591965386364, Inv Test Loss: 3.7911106167417583, Best Test R2: 0.8159199953079224 
2026-02-26 13:56:24,688 INFO: Epoch 111, Train Loss: 0.3822901975927931, Test Loss: 0.4282165530956153, Inverse Test Loss: 3.952361482562441, Train R2: 0.84576305521257, Test R2: 0.7950688600540161, Inverse Test R2: 0.7950688600540161 
2026-02-26 13:56:27,750 INFO: Epoch 112, Train Loss: 0.3824833915992217, Test Loss: 0.42694242614688294, Inverse Test Loss: 3.9406014861482563, Train R2: 0.8476938045386112, Test R2: 0.7929683327674866, Inverse Test R2: 0.7929682731628418 
2026-02-26 13:56:30,807 INFO: Epoch 113, Train Loss: 0.3793599689097116, Test Loss: 0.42320459087689716, Inverse Test Loss: 3.9061019637367944, Train R2: 0.8493382849476554, Test R2: 0.8018385767936707, Inverse Test R2: 0.8018385767936707 
2026-02-26 13:56:33,867 INFO: Epoch 114, Train Loss: 0.38828091029867984, Test Loss: 0.436928722894553, Inverse Test Loss: 4.0327731551546036, Train R2: 0.8415992860541199, Test R2: 0.7827885746955872, Inverse Test R2: 0.7827885746955872 
2026-02-26 13:56:36,946 INFO: Epoch 115, Train Loss: 0.3880658373236656, Test Loss: 0.43035790143590985, Inverse Test Loss: 3.972125580816558, Train R2: 0.841291730151032, Test R2: 0.7946261167526245, Inverse Test R2: 0.7946260571479797 
2026-02-26 13:56:39,992 INFO: Epoch 116, Train Loss: 0.3762947275783076, Test Loss: 0.41643362695520575, Inverse Test Loss: 3.8436071728215073, Train R2: 0.8519342645551219, Test R2: 0.8064008951187134, Inverse Test R2: 0.8064008355140686 
2026-02-26 13:56:43,024 INFO: Epoch 117, Train Loss: 0.3764189730087916, Test Loss: 0.4348890402100303, Inverse Test Loss: 4.01394728458289, Train R2: 0.8513577463048877, Test R2: 0.7902884483337402, Inverse Test R2: 0.7902883887290955 
2026-02-26 13:56:46,119 INFO: Epoch 118, Train Loss: 0.38311526585708966, Test Loss: 0.4127063444166472, Inverse Test Loss: 3.809205019112789, Train R2: 0.8467544714609782, Test R2: 0.8101274371147156, Inverse Test R2: 0.8101274371147156 
2026-02-26 13:56:49,186 INFO: Epoch 119, Train Loss: 0.3788886415687474, Test Loss: 0.41662049925688543, Inverse Test Loss: 3.8453319217219497, Train R2: 0.8499120026826859, Test R2: 0.8085879683494568, Inverse Test R2: 0.808587908744812 
2026-02-26 13:56:52,234 INFO: Epoch 120, Train Loss: 0.37704087827693333, Test Loss: 0.41667114333672955, Inverse Test Loss: 3.8457994388811514, Train R2: 0.8502488068558953, Test R2: 0.808875560760498, Inverse Test R2: 0.808875560760498 
2026-02-26 13:56:52,234 INFO: Best Epoch 60, Best Test Loss: 0.41074591965386364, Inv Test Loss: 3.7911106167417583, Best Test R2: 0.8159199953079224 
2026-02-26 13:56:55,298 INFO: Epoch 121, Train Loss: 0.36950816372127243, Test Loss: 0.42077968337319116, Inverse Test Loss: 3.883720455747662, Train R2: 0.8572496464758208, Test R2: 0.803375780582428, Inverse Test R2: 0.803375780582428 
2026-02-26 13:56:58,345 INFO: Epoch 122, Train Loss: 0.37500680508938705, Test Loss: 0.4271914977015871, Inverse Test Loss: 3.9429003542119805, Train R2: 0.8530017598108812, Test R2: 0.7913463711738586, Inverse Test R2: 0.7913463711738586 
2026-02-26 13:57:01,415 INFO: Epoch 123, Train Loss: 0.370474806224758, Test Loss: 0.4125859466466037, Inverse Test Loss: 3.8080937790148184, Train R2: 0.8566515057375936, Test R2: 0.8096160292625427, Inverse Test R2: 0.809615969657898 
2026-02-26 13:57:04,477 INFO: Epoch 124, Train Loss: 0.37266042241544434, Test Loss: 0.4475338314518784, Inverse Test Loss: 4.130656430215547, Train R2: 0.8545305923079, Test R2: 0.7747296094894409, Inverse Test R2: 0.7747296094894409 
2026-02-26 13:57:07,542 INFO: Epoch 125, Train Loss: 0.3778556186818715, Test Loss: 0.4208480462883458, Inverse Test Loss: 3.8843514919281006, Train R2: 0.8497481328068357, Test R2: 0.8018210530281067, Inverse Test R2: 0.8018210530281067 
2026-02-26 13:57:10,619 INFO: Epoch 126, Train Loss: 0.37335865831736365, Test Loss: 0.4339295228322347, Inverse Test Loss: 4.005091146989302, Train R2: 0.8547281090057257, Test R2: 0.7800496220588684, Inverse Test R2: 0.7800495624542236 
2026-02-26 13:57:13,661 INFO: Epoch 127, Train Loss: 0.37453972254738666, Test Loss: 0.41438215700062836, Inverse Test Loss: 3.8246724533312246, Train R2: 0.8532180257818915, Test R2: 0.8106695413589478, Inverse Test R2: 0.8106695413589478 
2026-02-26 13:57:16,738 INFO: Epoch 128, Train Loss: 0.3762128949165344, Test Loss: 0.4217105309168498, Inverse Test Loss: 3.8923119848424736, Train R2: 0.8516375855966047, Test R2: 0.7999014854431152, Inverse Test R2: 0.7999014854431152 
2026-02-26 13:57:19,811 INFO: Epoch 129, Train Loss: 0.37451136089635617, Test Loss: 0.42360488934950397, Inverse Test Loss: 3.9097966931082984, Train R2: 0.8538816675092235, Test R2: 0.7980618476867676, Inverse Test R2: 0.7980618476867676 
2026-02-26 13:57:22,871 INFO: Epoch 130, Train Loss: 0.3724048404079495, Test Loss: 0.42586144985574664, Inverse Test Loss: 3.930624261046901, Train R2: 0.8534875719836263, Test R2: 0.7915581464767456, Inverse Test R2: 0.7915581464767456 
2026-02-26 13:57:22,872 INFO: Best Epoch 60, Best Test Loss: 0.41074591965386364, Inv Test Loss: 3.7911106167417583, Best Test R2: 0.8159199953079224 
2026-02-26 13:57:25,943 INFO: Epoch 131, Train Loss: 0.3762348463589495, Test Loss: 0.4225969978354194, Inverse Test Loss: 3.900493946942416, Train R2: 0.8513136027437268, Test R2: 0.7961618900299072, Inverse Test R2: 0.7961618900299072 
2026-02-26 13:57:29,015 INFO: Epoch 132, Train Loss: 0.3773083064818021, Test Loss: 0.4226848248279456, Inverse Test Loss: 3.901304562886556, Train R2: 0.8511899483926368, Test R2: 0.7979751825332642, Inverse Test R2: 0.7979751825332642 
2026-02-26 13:57:32,080 INFO: Epoch 133, Train Loss: 0.37037453710129764, Test Loss: 0.41685001868190186, Inverse Test Loss: 3.847450335820516, Train R2: 0.8571364500305869, Test R2: 0.8058310151100159, Inverse Test R2: 0.8058310151100159 
2026-02-26 13:57:35,157 INFO: Epoch 134, Train Loss: 0.3667172599922527, Test Loss: 0.424502123485912, Inverse Test Loss: 3.9180778951355903, Train R2: 0.858286155444203, Test R2: 0.7973123788833618, Inverse Test R2: 0.797312319278717 
2026-02-26 13:57:38,236 INFO: Epoch 135, Train Loss: 0.36749710458697693, Test Loss: 0.43860824631922174, Inverse Test Loss: 4.048274936098041, Train R2: 0.8589291319702611, Test R2: 0.7845386266708374, Inverse Test R2: 0.7845386266708374 
2026-02-26 13:57:41,292 INFO: Epoch 136, Train Loss: 0.36158139461820776, Test Loss: 0.4330948202899008, Inverse Test Loss: 3.9973870335203228, Train R2: 0.8609027379389965, Test R2: 0.7880985736846924, Inverse Test R2: 0.7880985736846924 
2026-02-26 13:57:44,366 INFO: Epoch 137, Train Loss: 0.3644436527833794, Test Loss: 0.42261818954438873, Inverse Test Loss: 3.900689471851696, Train R2: 0.8599884681629412, Test R2: 0.8026059865951538, Inverse Test R2: 0.8026059865951538 
2026-02-26 13:57:47,445 INFO: Epoch 138, Train Loss: 0.37322235355774563, Test Loss: 0.4263910985354221, Inverse Test Loss: 3.935512802817605, Train R2: 0.8546755593834501, Test R2: 0.7932708263397217, Inverse Test R2: 0.7932708263397217 
2026-02-26 13:57:50,527 INFO: Epoch 139, Train Loss: 0.3663780228658156, Test Loss: 0.4316287167144544, Inverse Test Loss: 3.98385510300145, Train R2: 0.859116686112953, Test R2: 0.7927979230880737, Inverse Test R2: 0.7927979230880737 
2026-02-26 13:57:53,603 INFO: Epoch 140, Train Loss: 0.37135580881978525, Test Loss: 0.4373344535177404, Inverse Test Loss: 4.036518068024606, Train R2: 0.8559042937827833, Test R2: 0.7820353507995605, Inverse Test R2: 0.7820353507995605 
2026-02-26 13:57:53,603 INFO: Best Epoch 60, Best Test Loss: 0.41074591965386364, Inv Test Loss: 3.7911106167417583, Best Test R2: 0.8159199953079224 
2026-02-26 13:57:56,673 INFO: Epoch 141, Train Loss: 0.3665793127182758, Test Loss: 0.4239067245613445, Inverse Test Loss: 3.912582527507435, Train R2: 0.8581169617898536, Test R2: 0.7977420687675476, Inverse Test R2: 0.7977420687675476 
2026-02-26 13:57:59,721 INFO: Epoch 142, Train Loss: 0.3624514133641214, Test Loss: 0.434978569095785, Inverse Test Loss: 4.01477362170364, Train R2: 0.860903977896228, Test R2: 0.7875763773918152, Inverse Test R2: 0.7875763177871704 
2026-02-26 13:58:02,781 INFO: Epoch 143, Train Loss: 0.3670130168849772, Test Loss: 0.41949006102301856, Inverse Test Loss: 3.8718175093332925, Train R2: 0.858637994889057, Test R2: 0.8055061101913452, Inverse Test R2: 0.8055060505867004 
2026-02-26 13:58:05,825 INFO: Epoch 144, Train Loss: 0.3668976119070342, Test Loss: 0.4189041148532521, Inverse Test Loss: 3.866409294533007, Train R2: 0.8585091955734022, Test R2: 0.8057685494422913, Inverse Test R2: 0.8057685494422913 
2026-02-26 13:58:08,885 INFO: Epoch 145, Train Loss: 0.36225253806421254, Test Loss: 0.4254182017210758, Inverse Test Loss: 3.926533186074459, Train R2: 0.8623102722745953, Test R2: 0.7962859869003296, Inverse Test R2: 0.7962859869003296 
2026-02-26 13:58:11,954 INFO: Epoch 146, Train Loss: 0.3591607648766402, Test Loss: 0.4328631848999948, Inverse Test Loss: 3.995248960726189, Train R2: 0.8641891714298364, Test R2: 0.7903783917427063, Inverse Test R2: 0.7903783917427063 
2026-02-26 13:58:15,030 INFO: Epoch 147, Train Loss: 0.35808104886250064, Test Loss: 0.4261850886272662, Inverse Test Loss: 3.933611436323686, Train R2: 0.8644314923069694, Test R2: 0.7985056638717651, Inverse Test R2: 0.7985056638717651 
2026-02-26 13:58:18,117 INFO: Epoch 148, Train Loss: 0.367108874474511, Test Loss: 0.42272791176131275, Inverse Test Loss: 3.9017022667509136, Train R2: 0.8562518100846898, Test R2: 0.7955475449562073, Inverse Test R2: 0.7955475449562073 
2026-02-26 13:58:21,173 INFO: Epoch 149, Train Loss: 0.3611123539281614, Test Loss: 0.42587879751667834, Inverse Test Loss: 3.930784326611143, Train R2: 0.8629460917277769, Test R2: 0.797078549861908, Inverse Test R2: 0.797078549861908 
2026-02-26 13:58:24,237 INFO: Epoch 150, Train Loss: 0.35916895949930855, Test Loss: 0.42855382597807684, Inverse Test Loss: 3.955474427252105, Train R2: 0.8650684203162338, Test R2: 0.7904828786849976, Inverse Test R2: 0.7904828786849976 
2026-02-26 13:58:24,237 INFO: Best Epoch 60, Best Test Loss: 0.41074591965386364, Inv Test Loss: 3.7911106167417583, Best Test R2: 0.8159199953079224 
