2026-01-27 15:09:59,061 INFO: log_path:/logs_2026_1_27_HS_RMSE/AMFormer_simple_MLP_dim32_depth2_heads4_dropout0.4_fusion0.45_0.55_lr0.001_2A 
2026-01-27 15:09:59,062 INFO: Model:namespace(attn_dropout=0.4, categories=[], cluster=3, depth=2, dim=32, ff_dropout=0.4, groups=[54, 54, 54], heads=4, name='AMFormer_simple_MLP_dim32_depth2_heads4_dropout0.4_fusion0.45_0.55', num_cate=0, num_cont=20, num_special_tokens=1, out_dim=1, predictor='simple_MLP', prod_num_per_group=[6, 6, 6], qk_relu=False, static_fusion={'kan_weight': 0.45, 'trans_weight': 0.55}, sum_num_per_group=[32, 16, 8], target_mode='regression', token_descent=False, use_cls_token=True, use_prod=True, use_row_col_attention=True, use_sigmoid=True) 
2026-01-27 15:09:59,062 INFO: lr:0.001, loss:RMSE 
2026-01-27 15:09:59,062 INFO: Dataset:HS, Target:['metal2_Area'] 
2026-01-27 15:09:59,062 INFO: ------Begin Training Model------ 
2026-01-27 15:10:13,686 INFO: Epoch 1, Train Loss: 0.42646824207269785, Test Loss: 0.3324788465644374, Inverse Test Loss: 2701.089070638021, Train R2: 0.7911428055076888, Test R2: 0.8871412873268127, Inverse Test R2: 0.8871412873268127 
2026-01-27 15:10:22,333 INFO: Epoch 2, Train Loss: 0.28140392764048144, Test Loss: 0.2458273655537403, Inverse Test Loss: 1997.1244118430398, Train R2: 0.9170930493961681, Test R2: 0.9388501048088074, Inverse Test R2: 0.9388501048088074 
2026-01-27 15:10:32,187 INFO: Epoch 3, Train Loss: 0.24099174480546603, Test Loss: 0.2567442894885034, Inverse Test Loss: 2085.814471620502, Train R2: 0.9404129367886167, Test R2: 0.9327581524848938, Inverse Test R2: 0.9327581524848938 
2026-01-27 15:10:43,421 INFO: Epoch 4, Train Loss: 0.22814156860113144, Test Loss: 0.20830426568334753, Inverse Test Loss: 1692.283232717803, Train R2: 0.9465869005882379, Test R2: 0.9560256004333496, Inverse Test R2: 0.9560256004333496 
2026-01-27 15:10:54,869 INFO: Epoch 5, Train Loss: 0.21646035225553947, Test Loss: 0.20233670057672443, Inverse Test Loss: 1643.8021610144413, Train R2: 0.9514392004771666, Test R2: 0.9585694670677185, Inverse Test R2: 0.9585694670677185 
2026-01-27 15:11:06,127 INFO: Epoch 6, Train Loss: 0.21188855396978784, Test Loss: 0.19156813169970657, Inverse Test Loss: 1556.3173162286932, Train R2: 0.9537496544194944, Test R2: 0.9626396298408508, Inverse Test R2: 0.9626396298408508 
2026-01-27 15:11:17,520 INFO: Epoch 7, Train Loss: 0.20854588575435407, Test Loss: 0.19628708787036664, Inverse Test Loss: 1594.6545373165245, Train R2: 0.9550921867291132, Test R2: 0.9608750343322754, Inverse Test R2: 0.9608750343322754 
2026-01-27 15:11:28,802 INFO: Epoch 8, Train Loss: 0.20330915825836587, Test Loss: 0.19062123199303946, Inverse Test Loss: 1548.6246226917613, Train R2: 0.9573062102903019, Test R2: 0.9629548788070679, Inverse Test R2: 0.9629548788070679 
2026-01-27 15:11:40,099 INFO: Epoch 9, Train Loss: 0.2027134427970106, Test Loss: 0.18260264306357413, Inverse Test Loss: 1483.480838660038, Train R2: 0.9572231593457136, Test R2: 0.9659131169319153, Inverse Test R2: 0.9659131169319153 
2026-01-27 15:11:51,362 INFO: Epoch 10, Train Loss: 0.19829960957621084, Test Loss: 0.1841925351005612, Inverse Test Loss: 1496.3972519383285, Train R2: 0.9594394022768195, Test R2: 0.9649125933647156, Inverse Test R2: 0.9649125933647156 
2026-01-27 15:11:51,362 INFO: Best Epoch 9, Best Test Loss: 0.18260264306357413, Inv Test Loss: 1483.480838660038, Best Test R2: 0.9659131169319153 
2026-01-27 15:12:02,676 INFO: Epoch 11, Train Loss: 0.19542732106691058, Test Loss: 0.1911072094332088, Inverse Test Loss: 1552.5727132161458, Train R2: 0.960320744099039, Test R2: 0.962556779384613, Inverse Test R2: 0.962556779384613 
2026-01-27 15:12:14,099 INFO: Epoch 12, Train Loss: 0.19523364091009804, Test Loss: 0.18030502579428934, Inverse Test Loss: 1464.8147897431345, Train R2: 0.9606701280131484, Test R2: 0.9667577147483826, Inverse Test R2: 0.9667577147483826 
2026-01-27 15:12:25,461 INFO: Epoch 13, Train Loss: 0.19597245922142809, Test Loss: 0.17685480054580804, Inverse Test Loss: 1436.7848492246685, Train R2: 0.9600725693233085, Test R2: 0.9679941534996033, Inverse Test R2: 0.9679941534996033 
2026-01-27 15:12:36,959 INFO: Epoch 14, Train Loss: 0.19200602247182166, Test Loss: 0.17960037223317407, Inverse Test Loss: 1459.0901026870265, Train R2: 0.9617351045211157, Test R2: 0.9668034315109253, Inverse Test R2: 0.9668034315109253 
2026-01-27 15:12:48,133 INFO: Epoch 15, Train Loss: 0.19194911871895645, Test Loss: 0.17951609442631403, Inverse Test Loss: 1458.4054158528645, Train R2: 0.9617369734879696, Test R2: 0.9663907885551453, Inverse Test R2: 0.9663907885551453 
2026-01-27 15:12:59,400 INFO: Epoch 16, Train Loss: 0.1895091055017529, Test Loss: 0.172970162422368, Inverse Test Loss: 1405.2256821141098, Train R2: 0.9628944672418364, Test R2: 0.9692031741142273, Inverse Test R2: 0.9692031741142273 
2026-01-27 15:13:10,751 INFO: Epoch 17, Train Loss: 0.18959699469533833, Test Loss: 0.17326558381319046, Inverse Test Loss: 1407.625723174124, Train R2: 0.9628919358506347, Test R2: 0.9692397117614746, Inverse Test R2: 0.9692397117614746 
2026-01-27 15:13:22,186 INFO: Epoch 18, Train Loss: 0.187740922820839, Test Loss: 0.17247468391151138, Inverse Test Loss: 1401.2003858161695, Train R2: 0.9634393336194934, Test R2: 0.9694600105285645, Inverse Test R2: 0.9694600105285645 
2026-01-27 15:13:33,448 INFO: Epoch 19, Train Loss: 0.18652737027767932, Test Loss: 0.17434142936359753, Inverse Test Loss: 1416.365996389678, Train R2: 0.9639707623106061, Test R2: 0.9685401320457458, Inverse Test R2: 0.9685401320457458 
2026-01-27 15:13:44,674 INFO: Epoch 20, Train Loss: 0.18516101225307494, Test Loss: 0.17253952428246988, Inverse Test Loss: 1401.727137710109, Train R2: 0.9642925695939497, Test R2: 0.9693840742111206, Inverse Test R2: 0.9693840742111206 
2026-01-27 15:13:44,674 INFO: Best Epoch 18, Best Test Loss: 0.17247468391151138, Inv Test Loss: 1401.2003858161695, Best Test R2: 0.9694600105285645 
2026-01-27 15:13:55,860 INFO: Epoch 21, Train Loss: 0.184145106115576, Test Loss: 0.16977212916720996, Inverse Test Loss: 1379.2445456764915, Train R2: 0.964717988263477, Test R2: 0.9703434109687805, Inverse Test R2: 0.9703434109687805 
2026-01-27 15:14:07,150 INFO: Epoch 22, Train Loss: 0.18328761190853335, Test Loss: 0.17062119981556229, Inverse Test Loss: 1386.1424690015388, Train R2: 0.9650031739112103, Test R2: 0.9700029492378235, Inverse Test R2: 0.9700029492378235 
2026-01-27 15:14:18,554 INFO: Epoch 23, Train Loss: 0.18637206303802403, Test Loss: 0.18489159350142334, Inverse Test Loss: 1502.0764733516808, Train R2: 0.9635715981324514, Test R2: 0.9650753736495972, Inverse Test R2: 0.9650753736495972 
2026-01-27 15:14:30,007 INFO: Epoch 24, Train Loss: 0.1872525613077662, Test Loss: 0.1709139012929165, Inverse Test Loss: 1388.5204153349905, Train R2: 0.9634763968713356, Test R2: 0.9701257944107056, Inverse Test R2: 0.9701257944107056 
2026-01-27 15:14:41,327 INFO: Epoch 25, Train Loss: 0.180821756183198, Test Loss: 0.17251371908368487, Inverse Test Loss: 1401.5174727006392, Train R2: 0.965601079843261, Test R2: 0.9692593812942505, Inverse Test R2: 0.9692593812942505 
2026-01-27 15:14:52,707 INFO: Epoch 26, Train Loss: 0.18192005789641177, Test Loss: 0.17093252503510678, Inverse Test Loss: 1388.6717159386837, Train R2: 0.9653544236313213, Test R2: 0.970015287399292, Inverse Test R2: 0.970015287399292 
2026-01-27 15:15:04,051 INFO: Epoch 27, Train Loss: 0.18192107027227228, Test Loss: 0.169033828784119, Inverse Test Loss: 1373.2465098987925, Train R2: 0.9656487224680005, Test R2: 0.9705125689506531, Inverse Test R2: 0.9705125689506531 
2026-01-27 15:15:15,494 INFO: Epoch 28, Train Loss: 0.18117142530779043, Test Loss: 0.17691834451574268, Inverse Test Loss: 1437.301084576231, Train R2: 0.9659305693525256, Test R2: 0.9680800437927246, Inverse Test R2: 0.9680800437927246 
2026-01-27 15:15:26,746 INFO: Epoch 29, Train Loss: 0.1793888441540978, Test Loss: 0.16968357833949002, Inverse Test Loss: 1378.5251520330255, Train R2: 0.9663553644310344, Test R2: 0.9702508449554443, Inverse Test R2: 0.9702508449554443 
2026-01-27 15:15:38,023 INFO: Epoch 30, Train Loss: 0.17835223048248075, Test Loss: 0.1685430592659748, Inverse Test Loss: 1369.2594752456203, Train R2: 0.9665886077916983, Test R2: 0.9709041118621826, Inverse Test R2: 0.9709041118621826 
2026-01-27 15:15:38,033 INFO: Best Epoch 30, Best Test Loss: 0.1685430592659748, Inv Test Loss: 1369.2594752456203, Best Test R2: 0.9709041118621826 
2026-01-27 15:15:49,286 INFO: Epoch 31, Train Loss: 0.18033286979929966, Test Loss: 0.16904719015865616, Inverse Test Loss: 1373.35507849491, Train R2: 0.9660409616701531, Test R2: 0.9706592559814453, Inverse Test R2: 0.9706592559814453 
2026-01-27 15:16:00,532 INFO: Epoch 32, Train Loss: 0.17894503530679326, Test Loss: 0.16695840724489905, Inverse Test Loss: 1356.3856090198863, Train R2: 0.9667566540566358, Test R2: 0.9712417125701904, Inverse Test R2: 0.9712417125701904 
2026-01-27 15:16:11,806 INFO: Epoch 33, Train Loss: 0.17927034763675748, Test Loss: 0.16752505550781885, Inverse Test Loss: 1360.9891172466855, Train R2: 0.9665660645925638, Test R2: 0.971236526966095, Inverse Test R2: 0.971236526966095 
2026-01-27 15:16:23,056 INFO: Epoch 34, Train Loss: 0.1775856575731075, Test Loss: 0.16784616108193542, Inverse Test Loss: 1363.597813461766, Train R2: 0.966938520471255, Test R2: 0.9709904193878174, Inverse Test R2: 0.9709904193878174 
2026-01-27 15:16:34,292 INFO: Epoch 35, Train Loss: 0.17718218752380574, Test Loss: 0.16943237456408414, Inverse Test Loss: 1376.484336159446, Train R2: 0.966957254391728, Test R2: 0.9704619646072388, Inverse Test R2: 0.9704619646072388 
2026-01-27 15:16:45,655 INFO: Epoch 36, Train Loss: 0.17729779502207582, Test Loss: 0.16537902842868457, Inverse Test Loss: 1343.5545876242898, Train R2: 0.9672842725659861, Test R2: 0.9717442989349365, Inverse Test R2: 0.9717442989349365 
2026-01-27 15:16:56,920 INFO: Epoch 37, Train Loss: 0.17655456478171278, Test Loss: 0.1807979695273168, Inverse Test Loss: 1468.819502397017, Train R2: 0.9671577201648192, Test R2: 0.9663328528404236, Inverse Test R2: 0.9663328528404236 
2026-01-27 15:17:08,291 INFO: Epoch 38, Train Loss: 0.17848474684764037, Test Loss: 0.168221141352798, Inverse Test Loss: 1366.644200180516, Train R2: 0.9668264325821039, Test R2: 0.9709466695785522, Inverse Test R2: 0.9709466695785522 
2026-01-27 15:17:19,643 INFO: Epoch 39, Train Loss: 0.17680303679045403, Test Loss: 0.1687493294929013, Inverse Test Loss: 1370.9352213541667, Train R2: 0.9675053881876396, Test R2: 0.9706489443778992, Inverse Test R2: 0.9706489443778992 
2026-01-27 15:17:31,158 INFO: Epoch 40, Train Loss: 0.17644031357133028, Test Loss: 0.16529112354372488, Inverse Test Loss: 1342.840439305161, Train R2: 0.9674586215705583, Test R2: 0.9718689918518066, Inverse Test R2: 0.9718689918518066 
2026-01-27 15:17:31,158 INFO: Best Epoch 40, Best Test Loss: 0.16529112354372488, Inv Test Loss: 1342.840439305161, Best Test R2: 0.9718689918518066 
2026-01-27 15:17:42,451 INFO: Epoch 41, Train Loss: 0.1770986213602803, Test Loss: 0.1703870729966597, Inverse Test Loss: 1384.2404267282197, Train R2: 0.9674074369849581, Test R2: 0.9703541994094849, Inverse Test R2: 0.9703541994094849 
2026-01-27 15:17:53,784 INFO: Epoch 42, Train Loss: 0.1761079147796739, Test Loss: 0.1633243542729002, Inverse Test Loss: 1326.8622196081913, Train R2: 0.9674236182913636, Test R2: 0.9725204706192017, Inverse Test R2: 0.9725204706192017 
2026-01-27 15:18:05,186 INFO: Epoch 43, Train Loss: 0.17591979890836007, Test Loss: 0.16369153649517984, Inverse Test Loss: 1329.8452573834043, Train R2: 0.9675984743869666, Test R2: 0.9722615480422974, Inverse Test R2: 0.9722615480422974 
2026-01-27 15:18:16,457 INFO: Epoch 44, Train Loss: 0.174967292301131, Test Loss: 0.1658884185281667, Inverse Test Loss: 1347.6929321289062, Train R2: 0.9681665441303542, Test R2: 0.9716296792030334, Inverse Test R2: 0.9716296792030334 
2026-01-27 15:18:28,134 INFO: Epoch 45, Train Loss: 0.1754958601950696, Test Loss: 0.18377301593621573, Inverse Test Loss: 1492.9890839547822, Train R2: 0.9677726387074499, Test R2: 0.9654840230941772, Inverse Test R2: 0.9654840230941772 
2026-01-27 15:18:39,524 INFO: Epoch 46, Train Loss: 0.17546753844980037, Test Loss: 0.16474864293228497, Inverse Test Loss: 1338.4332774769175, Train R2: 0.9677986574895454, Test R2: 0.9719751477241516, Inverse Test R2: 0.9719751477241516 
2026-01-27 15:18:50,962 INFO: Epoch 47, Train Loss: 0.17359398553768793, Test Loss: 0.16747271450179996, Inverse Test Loss: 1360.5638797644413, Train R2: 0.968632177421541, Test R2: 0.9712590575218201, Inverse Test R2: 0.9712590575218201 
2026-01-27 15:19:02,415 INFO: Epoch 48, Train Loss: 0.1754286460804217, Test Loss: 0.16774717898982944, Inverse Test Loss: 1362.7936604817708, Train R2: 0.9681186856645526, Test R2: 0.9708973169326782, Inverse Test R2: 0.9708973169326782 
2026-01-27 15:19:13,796 INFO: Epoch 49, Train Loss: 0.17356456951661545, Test Loss: 0.1678712505734328, Inverse Test Loss: 1363.8016486890388, Train R2: 0.968621728998242, Test R2: 0.9709320068359375, Inverse Test R2: 0.9709320068359375 
2026-01-27 15:19:25,036 INFO: Epoch 50, Train Loss: 0.17285852997817777, Test Loss: 0.17427909193616925, Inverse Test Loss: 1415.8595451586175, Train R2: 0.968662009546251, Test R2: 0.9690462946891785, Inverse Test R2: 0.9690462946891785 
2026-01-27 15:19:25,036 INFO: Best Epoch 42, Best Test Loss: 0.1633243542729002, Inv Test Loss: 1326.8622196081913, Best Test R2: 0.9725204706192017 
2026-01-27 15:19:36,332 INFO: Epoch 51, Train Loss: 0.17129558973917455, Test Loss: 0.16889316204822424, Inverse Test Loss: 1372.1037745620265, Train R2: 0.969168018211018, Test R2: 0.9705564379692078, Inverse Test R2: 0.9705564379692078 
2026-01-27 15:19:47,549 INFO: Epoch 52, Train Loss: 0.1728167666517424, Test Loss: 0.16512587102073611, Inverse Test Loss: 1341.497919256037, Train R2: 0.968992243662025, Test R2: 0.9719054102897644, Inverse Test R2: 0.9719054102897644 
2026-01-27 15:19:58,867 INFO: Epoch 53, Train Loss: 0.17271726776027319, Test Loss: 0.16243476714148666, Inverse Test Loss: 1319.635128136837, Train R2: 0.9689558550263896, Test R2: 0.9726834893226624, Inverse Test R2: 0.9726834893226624 
2026-01-27 15:20:10,124 INFO: Epoch 54, Train Loss: 0.17264289612119849, Test Loss: 0.16925526342608713, Inverse Test Loss: 1375.0454730409565, Train R2: 0.9686405031066952, Test R2: 0.9705561995506287, Inverse Test R2: 0.9705561995506287 
2026-01-27 15:20:21,478 INFO: Epoch 55, Train Loss: 0.1717203435008273, Test Loss: 0.16331535577774048, Inverse Test Loss: 1326.789130933357, Train R2: 0.969154101881114, Test R2: 0.9726011157035828, Inverse Test R2: 0.9726011157035828 
2026-01-27 15:20:32,801 INFO: Epoch 56, Train Loss: 0.1738235383774295, Test Loss: 0.16444845046057846, Inverse Test Loss: 1335.9945086854877, Train R2: 0.9684983103564291, Test R2: 0.972042977809906, Inverse Test R2: 0.972042977809906 
2026-01-27 15:20:44,185 INFO: Epoch 57, Train Loss: 0.17119163048989844, Test Loss: 0.1659194723223195, Inverse Test Loss: 1347.945195978338, Train R2: 0.9694481622992139, Test R2: 0.9717564582824707, Inverse Test R2: 0.9717564582824707 
2026-01-27 15:20:55,563 INFO: Epoch 58, Train Loss: 0.1709080423143777, Test Loss: 0.16567620093172247, Inverse Test Loss: 1345.9688628225615, Train R2: 0.9693288446375818, Test R2: 0.971871554851532, Inverse Test R2: 0.971871554851532 
2026-01-27 15:21:06,795 INFO: Epoch 59, Train Loss: 0.1719910671765154, Test Loss: 0.16474974155426025, Inverse Test Loss: 1338.4422108043325, Train R2: 0.9690073543425762, Test R2: 0.9722185730934143, Inverse Test R2: 0.9722185730934143 
2026-01-27 15:21:18,111 INFO: Epoch 60, Train Loss: 0.17172642503723953, Test Loss: 0.1677879411162752, Inverse Test Loss: 1363.1248557350852, Train R2: 0.9692607503948789, Test R2: 0.9711563587188721, Inverse Test R2: 0.9711562991142273 
2026-01-27 15:21:18,111 INFO: Best Epoch 53, Best Test Loss: 0.16243476714148666, Inv Test Loss: 1319.635128136837, Best Test R2: 0.9726834893226624 
2026-01-27 15:21:29,423 INFO: Epoch 61, Train Loss: 0.1712337386314616, Test Loss: 0.17128807893305115, Inverse Test Loss: 1391.5602805397727, Train R2: 0.9692260072086797, Test R2: 0.9698050022125244, Inverse Test R2: 0.9698050022125244 
2026-01-27 15:21:40,668 INFO: Epoch 62, Train Loss: 0.17143713112807635, Test Loss: 0.16411090777678924, Inverse Test Loss: 1333.2522675485322, Train R2: 0.9693020442218492, Test R2: 0.972256064414978, Inverse Test R2: 0.972256064414978 
2026-01-27 15:21:51,853 INFO: Epoch 63, Train Loss: 0.17098196663639761, Test Loss: 0.1627745921864654, Inverse Test Loss: 1322.3959128639915, Train R2: 0.9695835443157138, Test R2: 0.9726679921150208, Inverse Test R2: 0.9726679921150208 
2026-01-27 15:22:03,220 INFO: Epoch 64, Train Loss: 0.17024126428772102, Test Loss: 0.16224581680514596, Inverse Test Loss: 1318.1000995058002, Train R2: 0.9695193388245322, Test R2: 0.972767174243927, Inverse Test R2: 0.972767174243927 
2026-01-27 15:22:14,556 INFO: Epoch 65, Train Loss: 0.1706799580856706, Test Loss: 0.1644319442637039, Inverse Test Loss: 1335.8604070490057, Train R2: 0.969361268661239, Test R2: 0.9719775915145874, Inverse Test R2: 0.9719775915145874 
2026-01-27 15:22:25,927 INFO: Epoch 66, Train Loss: 0.1703409358407512, Test Loss: 0.1646976780259248, Inverse Test Loss: 1338.019227923769, Train R2: 0.969625217444969, Test R2: 0.9719901084899902, Inverse Test R2: 0.9719901084899902 
2026-01-27 15:22:37,231 INFO: Epoch 67, Train Loss: 0.16880036862284847, Test Loss: 0.16269203997922665, Inverse Test Loss: 1321.7252419211648, Train R2: 0.9700219012571104, Test R2: 0.9728074073791504, Inverse Test R2: 0.9728074073791504 
2026-01-27 15:22:48,673 INFO: Epoch 68, Train Loss: 0.1691328352034995, Test Loss: 0.16427053240212527, Inverse Test Loss: 1334.5490778142755, Train R2: 0.9701944097424998, Test R2: 0.9722684025764465, Inverse Test R2: 0.9722684025764465 
2026-01-27 15:22:59,913 INFO: Epoch 69, Train Loss: 0.16988181001083416, Test Loss: 0.16219468482516028, Inverse Test Loss: 1317.684696081913, Train R2: 0.9696504961360585, Test R2: 0.9728716015815735, Inverse Test R2: 0.9728716015815735 
2026-01-27 15:23:11,330 INFO: Epoch 70, Train Loss: 0.16940442737982128, Test Loss: 0.16249077157540756, Inverse Test Loss: 1320.0901341293797, Train R2: 0.9699431851957784, Test R2: 0.9728358387947083, Inverse Test R2: 0.9728358387947083 
2026-01-27 15:23:11,331 INFO: Best Epoch 69, Best Test Loss: 0.16219468482516028, Inv Test Loss: 1317.684696081913, Best Test R2: 0.9728716015815735 
2026-01-27 15:23:22,717 INFO: Epoch 71, Train Loss: 0.16867658213684053, Test Loss: 0.16493270139802585, Inverse Test Loss: 1339.9285629734848, Train R2: 0.9702686464244669, Test R2: 0.9720038771629333, Inverse Test R2: 0.9720038771629333 
2026-01-27 15:23:34,057 INFO: Epoch 72, Train Loss: 0.16842786217051925, Test Loss: 0.16197891984925125, Inverse Test Loss: 1315.931795987216, Train R2: 0.9699735524076404, Test R2: 0.9729596972465515, Inverse Test R2: 0.9729596972465515 
2026-01-27 15:23:45,669 INFO: Epoch 73, Train Loss: 0.16935923334324, Test Loss: 0.1639730900977597, Inverse Test Loss: 1332.132627544981, Train R2: 0.9700639220801267, Test R2: 0.9722151756286621, Inverse Test R2: 0.9722151756286621 
2026-01-27 15:23:56,946 INFO: Epoch 74, Train Loss: 0.16904082685483224, Test Loss: 0.16388674825429916, Inverse Test Loss: 1331.4311541933002, Train R2: 0.9698124089927385, Test R2: 0.9722200036048889, Inverse Test R2: 0.9722200036048889 
2026-01-27 15:24:08,290 INFO: Epoch 75, Train Loss: 0.17090014757757838, Test Loss: 0.16482982513579456, Inverse Test Loss: 1339.0928307735558, Train R2: 0.969369729811495, Test R2: 0.9718760848045349, Inverse Test R2: 0.9718760848045349 
2026-01-27 15:24:19,651 INFO: Epoch 76, Train Loss: 0.16816773530886028, Test Loss: 0.16311408150376697, Inverse Test Loss: 1325.1539621064157, Train R2: 0.9701568832000097, Test R2: 0.9724736213684082, Inverse Test R2: 0.9724736213684082 
2026-01-27 15:24:31,030 INFO: Epoch 77, Train Loss: 0.16790698299353773, Test Loss: 0.16399617696350272, Inverse Test Loss: 1332.3201774828362, Train R2: 0.9703262981140253, Test R2: 0.9722334742546082, Inverse Test R2: 0.9722334742546082 
2026-01-27 15:24:42,366 INFO: Epoch 78, Train Loss: 0.1681156593064467, Test Loss: 0.16415676858389017, Inverse Test Loss: 1333.6248390891335, Train R2: 0.9704844969691653, Test R2: 0.9719743728637695, Inverse Test R2: 0.9719743728637695 
2026-01-27 15:24:53,680 INFO: Epoch 79, Train Loss: 0.16807143672397643, Test Loss: 0.1645868614767537, Inverse Test Loss: 1337.1189797141335, Train R2: 0.9698349011666847, Test R2: 0.9721566438674927, Inverse Test R2: 0.9721566438674927 
2026-01-27 15:25:04,931 INFO: Epoch 80, Train Loss: 0.16782858640407072, Test Loss: 0.1675616091851032, Inverse Test Loss: 1361.2860754764442, Train R2: 0.9703533292719813, Test R2: 0.9710363149642944, Inverse Test R2: 0.9710363149642944 
2026-01-27 15:25:04,931 INFO: Best Epoch 72, Best Test Loss: 0.16197891984925125, Inv Test Loss: 1315.931795987216, Best Test R2: 0.9729596972465515 
2026-01-27 15:25:16,260 INFO: Epoch 81, Train Loss: 0.16761617238322893, Test Loss: 0.1615380048751831, Inverse Test Loss: 1312.3497443921638, Train R2: 0.9706389186057177, Test R2: 0.9731073975563049, Inverse Test R2: 0.9731073975563049 
2026-01-27 15:25:27,622 INFO: Epoch 82, Train Loss: 0.1660071693247918, Test Loss: 0.16469896833101907, Inverse Test Loss: 1338.0297111742425, Train R2: 0.9711287098400521, Test R2: 0.9719226360321045, Inverse Test R2: 0.9719226360321045 
2026-01-27 15:25:38,955 INFO: Epoch 83, Train Loss: 0.1669323223106789, Test Loss: 0.16433503298145352, Inverse Test Loss: 1335.0730812766335, Train R2: 0.9708511743581656, Test R2: 0.972166121006012, Inverse Test R2: 0.972166121006012 
2026-01-27 15:25:50,183 INFO: Epoch 84, Train Loss: 0.1679401764025291, Test Loss: 0.16194434057582507, Inverse Test Loss: 1315.6508622602983, Train R2: 0.9705242907459085, Test R2: 0.9730303883552551, Inverse Test R2: 0.9730303883552551 
2026-01-27 15:26:01,527 INFO: Epoch 85, Train Loss: 0.16688714848097527, Test Loss: 0.16825715452432632, Inverse Test Loss: 1366.9367694276752, Train R2: 0.9707429869608446, Test R2: 0.9707499146461487, Inverse Test R2: 0.9707498550415039 
2026-01-27 15:26:12,847 INFO: Epoch 86, Train Loss: 0.16711263403748022, Test Loss: 0.16639642281965775, Inverse Test Loss: 1351.8200036251183, Train R2: 0.9705359678376805, Test R2: 0.9714810252189636, Inverse Test R2: 0.9714810252189636 
2026-01-27 15:26:24,197 INFO: Epoch 87, Train Loss: 0.16616057700505762, Test Loss: 0.16555919227274982, Inverse Test Loss: 1345.01826245857, Train R2: 0.9708954010045889, Test R2: 0.971771776676178, Inverse Test R2: 0.971771776676178 
2026-01-27 15:26:35,533 INFO: Epoch 88, Train Loss: 0.1665334760804068, Test Loss: 0.16495604226083466, Inverse Test Loss: 1340.1182398940578, Train R2: 0.9709265561717929, Test R2: 0.9718008637428284, Inverse Test R2: 0.9718008637428284 
2026-01-27 15:26:46,785 INFO: Epoch 89, Train Loss: 0.16743340049729202, Test Loss: 0.1623748755364707, Inverse Test Loss: 1319.1485854640152, Train R2: 0.9704400115843975, Test R2: 0.9728755354881287, Inverse Test R2: 0.9728755354881287 
2026-01-27 15:26:57,958 INFO: Epoch 90, Train Loss: 0.16604312842316699, Test Loss: 0.1643034235546083, Inverse Test Loss: 1334.816287878788, Train R2: 0.9707734769943989, Test R2: 0.9721001982688904, Inverse Test R2: 0.9721001982688904 
2026-01-27 15:26:57,958 INFO: Best Epoch 81, Best Test Loss: 0.1615380048751831, Inv Test Loss: 1312.3497443921638, Best Test R2: 0.9731073975563049 
2026-01-27 15:27:09,324 INFO: Epoch 91, Train Loss: 0.16616676420424925, Test Loss: 0.16104154559698972, Inverse Test Loss: 1308.3164857806582, Train R2: 0.9709824305592161, Test R2: 0.9731737375259399, Inverse Test R2: 0.9731737375259399 
2026-01-27 15:27:20,786 INFO: Epoch 92, Train Loss: 0.16678787169582915, Test Loss: 0.16208863303516852, Inverse Test Loss: 1316.8231201171875, Train R2: 0.9706875144532232, Test R2: 0.9728789925575256, Inverse Test R2: 0.9728789925575256 
2026-01-27 15:27:32,101 INFO: Epoch 93, Train Loss: 0.1671157768278411, Test Loss: 0.16256873241879724, Inverse Test Loss: 1320.7234792998343, Train R2: 0.9708931279001813, Test R2: 0.9727646112442017, Inverse Test R2: 0.9727646112442017 
2026-01-27 15:27:43,458 INFO: Epoch 94, Train Loss: 0.1642463683066043, Test Loss: 0.16240539785587427, Inverse Test Loss: 1319.3965380119555, Train R2: 0.9718142278266676, Test R2: 0.9727451205253601, Inverse Test R2: 0.9727451205253601 
2026-01-27 15:27:54,807 INFO: Epoch 95, Train Loss: 0.16568989763883027, Test Loss: 0.16634674573486502, Inverse Test Loss: 1351.4164391719933, Train R2: 0.9711319104288564, Test R2: 0.9715728759765625, Inverse Test R2: 0.9715728759765625 
2026-01-27 15:28:06,068 INFO: Epoch 96, Train Loss: 0.16414812111267538, Test Loss: 0.16432998871261423, Inverse Test Loss: 1335.032110040838, Train R2: 0.9716996871160738, Test R2: 0.9722273349761963, Inverse Test R2: 0.9722273349761963 
2026-01-27 15:28:17,415 INFO: Epoch 97, Train Loss: 0.16566440598531204, Test Loss: 0.16178645125844263, Inverse Test Loss: 1314.368134469697, Train R2: 0.9711858314095121, Test R2: 0.9729552268981934, Inverse Test R2: 0.9729552268981934 
2026-01-27 15:28:28,853 INFO: Epoch 98, Train Loss: 0.16707053554780554, Test Loss: 0.16482741927558725, Inverse Test Loss: 1339.0732828776042, Train R2: 0.9705829128171458, Test R2: 0.972132682800293, Inverse Test R2: 0.972132682800293 
2026-01-27 15:28:40,061 INFO: Epoch 99, Train Loss: 0.16487566776799434, Test Loss: 0.16482477860920358, Inverse Test Loss: 1339.051846590909, Train R2: 0.9712714132937518, Test R2: 0.9718756675720215, Inverse Test R2: 0.9718756675720215 
2026-01-27 15:28:51,284 INFO: Epoch 100, Train Loss: 0.1662327183805632, Test Loss: 0.16285021038669528, Inverse Test Loss: 1323.0102428089488, Train R2: 0.9707945323351658, Test R2: 0.9727299213409424, Inverse Test R2: 0.9727299213409424 
2026-01-27 15:28:51,285 INFO: Best Epoch 91, Best Test Loss: 0.16104154559698972, Inv Test Loss: 1308.3164857806582, Best Test R2: 0.9731737375259399 
2026-01-27 15:29:02,609 INFO: Epoch 101, Train Loss: 0.16619364572971157, Test Loss: 0.161947395539645, Inverse Test Loss: 1315.6757165157433, Train R2: 0.9711155742406845, Test R2: 0.9729006290435791, Inverse Test R2: 0.9729006290435791 
2026-01-27 15:29:13,907 INFO: Epoch 102, Train Loss: 0.16432526199655098, Test Loss: 0.1684239332874616, Inverse Test Loss: 1368.2916759144175, Train R2: 0.9715552867361994, Test R2: 0.9705410599708557, Inverse Test R2: 0.9705410599708557 
2026-01-27 15:29:25,183 INFO: Epoch 103, Train Loss: 0.16545895763644666, Test Loss: 0.1619507862311421, Inverse Test Loss: 1315.7032637162642, Train R2: 0.9711176432443388, Test R2: 0.9729784727096558, Inverse Test R2: 0.9729784727096558 
2026-01-27 15:29:36,445 INFO: Epoch 104, Train Loss: 0.16448935725246416, Test Loss: 0.16162922391385742, Inverse Test Loss: 1313.0908480557528, Train R2: 0.9716283855113116, Test R2: 0.9731094241142273, Inverse Test R2: 0.9731094241142273 
2026-01-27 15:29:47,665 INFO: Epoch 105, Train Loss: 0.16398961785616298, Test Loss: 0.1645580173441858, Inverse Test Loss: 1336.8846139618845, Train R2: 0.97179502203609, Test R2: 0.972065806388855, Inverse Test R2: 0.972065806388855 
2026-01-27 15:29:58,904 INFO: Epoch 106, Train Loss: 0.16430212958066753, Test Loss: 0.16382072414412643, Inverse Test Loss: 1330.8947809392755, Train R2: 0.9715783072240425, Test R2: 0.9723535776138306, Inverse Test R2: 0.9723535776138306 
2026-01-27 15:30:10,172 INFO: Epoch 107, Train Loss: 0.1647082320555593, Test Loss: 0.16277263742504697, Inverse Test Loss: 1322.3800363251657, Train R2: 0.9714582869500825, Test R2: 0.9726331233978271, Inverse Test R2: 0.9726331233978271 
2026-01-27 15:30:21,495 INFO: Epoch 108, Train Loss: 0.16369753833295722, Test Loss: 0.1615002839402719, Inverse Test Loss: 1312.0432942708333, Train R2: 0.9718827623309512, Test R2: 0.9730517268180847, Inverse Test R2: 0.9730517268180847 
2026-01-27 15:30:32,763 INFO: Epoch 109, Train Loss: 0.16315441488316565, Test Loss: 0.1597654182802547, Inverse Test Loss: 1297.9490966796875, Train R2: 0.9720517848477219, Test R2: 0.9738045334815979, Inverse Test R2: 0.9738045334815979 
2026-01-27 15:30:43,950 INFO: Epoch 110, Train Loss: 0.1636815665459091, Test Loss: 0.16149161033558124, Inverse Test Loss: 1311.972841205019, Train R2: 0.9718475581118555, Test R2: 0.973100483417511, Inverse Test R2: 0.973100483417511 
2026-01-27 15:30:43,950 INFO: Best Epoch 109, Best Test Loss: 0.1597654182802547, Inv Test Loss: 1297.9490966796875, Best Test R2: 0.9738045334815979 
2026-01-27 15:30:55,310 INFO: Epoch 111, Train Loss: 0.16317594689175938, Test Loss: 0.16341986078204532, Inverse Test Loss: 1327.638115160393, Train R2: 0.9720172787254507, Test R2: 0.9724266529083252, Inverse Test R2: 0.9724266529083252 
2026-01-27 15:31:06,665 INFO: Epoch 112, Train Loss: 0.16321576810018582, Test Loss: 0.16165130201614264, Inverse Test Loss: 1313.2702100349195, Train R2: 0.9722745215350931, Test R2: 0.9731075167655945, Inverse Test R2: 0.9731075167655945 
2026-01-27 15:31:17,942 INFO: Epoch 113, Train Loss: 0.16348333543900287, Test Loss: 0.16194261271845212, Inverse Test Loss: 1315.636837121212, Train R2: 0.9719887606122277, Test R2: 0.9728398323059082, Inverse Test R2: 0.9728398323059082 
2026-01-27 15:31:29,215 INFO: Epoch 114, Train Loss: 0.16474159366705202, Test Loss: 0.16492918607863513, Inverse Test Loss: 1339.9000410600142, Train R2: 0.9710317014744787, Test R2: 0.9717369079589844, Inverse Test R2: 0.9717369079589844 
2026-01-27 15:31:40,493 INFO: Epoch 115, Train Loss: 0.1645082454902656, Test Loss: 0.1625810843525511, Inverse Test Loss: 1320.823837742661, Train R2: 0.971692674539306, Test R2: 0.9726824164390564, Inverse Test R2: 0.9726824164390564 
2026-01-27 15:31:51,771 INFO: Epoch 116, Train Loss: 0.16285088235004383, Test Loss: 0.16360349704821905, Inverse Test Loss: 1329.1300048828125, Train R2: 0.9720630961837191, Test R2: 0.9723118543624878, Inverse Test R2: 0.9723118543624878 
2026-01-27 15:32:02,999 INFO: Epoch 117, Train Loss: 0.16481119129016544, Test Loss: 0.16432672626141345, Inverse Test Loss: 1335.0055911902225, Train R2: 0.9713389751586047, Test R2: 0.9721004962921143, Inverse Test R2: 0.9721004962921143 
2026-01-27 15:32:14,335 INFO: Epoch 118, Train Loss: 0.1641861353295319, Test Loss: 0.16176268887339215, Inverse Test Loss: 1314.1751228101325, Train R2: 0.9719629734754562, Test R2: 0.9729866981506348, Inverse Test R2: 0.9729866981506348 
2026-01-27 15:32:25,649 INFO: Epoch 119, Train Loss: 0.16360128298401833, Test Loss: 0.16138248800328284, Inverse Test Loss: 1311.0863517992425, Train R2: 0.9718163446946577, Test R2: 0.9730846285820007, Inverse Test R2: 0.9730846285820007 
2026-01-27 15:32:36,920 INFO: Epoch 120, Train Loss: 0.16247857898247964, Test Loss: 0.16168472893310315, Inverse Test Loss: 1313.5417702414773, Train R2: 0.9721280173821882, Test R2: 0.9731194376945496, Inverse Test R2: 0.9731194376945496 
2026-01-27 15:32:36,920 INFO: Best Epoch 109, Best Test Loss: 0.1597654182802547, Inv Test Loss: 1297.9490966796875, Best Test R2: 0.9738045334815979 
2026-01-27 15:32:48,210 INFO: Epoch 121, Train Loss: 0.16333409449593586, Test Loss: 0.16492982998941885, Inverse Test Loss: 1339.9052734375, Train R2: 0.9720514114155914, Test R2: 0.9717985391616821, Inverse Test R2: 0.9717985391616821 
2026-01-27 15:32:59,553 INFO: Epoch 122, Train Loss: 0.1632289979042429, Test Loss: 0.16584688086401334, Inverse Test Loss: 1347.3554761482008, Train R2: 0.9719398351329746, Test R2: 0.9715278744697571, Inverse Test R2: 0.9715278744697571 
2026-01-27 15:33:10,802 INFO: Epoch 123, Train Loss: 0.16229339728526998, Test Loss: 0.16264214073166702, Inverse Test Loss: 1321.3198556611032, Train R2: 0.9722808007941102, Test R2: 0.9727638959884644, Inverse Test R2: 0.9727638959884644 
2026-01-27 15:33:22,022 INFO: Epoch 124, Train Loss: 0.16491731103848328, Test Loss: 0.16549459664207516, Inverse Test Loss: 1344.493485884233, Train R2: 0.9708157263018868, Test R2: 0.9715132713317871, Inverse Test R2: 0.9715132713317871 
2026-01-27 15:33:33,291 INFO: Epoch 125, Train Loss: 0.1631980607229652, Test Loss: 0.1633961151043574, Inverse Test Loss: 1327.4452163233902, Train R2: 0.9718202912446224, Test R2: 0.9724782705307007, Inverse Test R2: 0.9724782705307007 
2026-01-27 15:33:44,389 INFO: Epoch 126, Train Loss: 0.16085542072400902, Test Loss: 0.16256427877780164, Inverse Test Loss: 1320.6872891512785, Train R2: 0.9724720513278787, Test R2: 0.9727149605751038, Inverse Test R2: 0.9727149605751038 
2026-01-27 15:33:55,709 INFO: Epoch 127, Train Loss: 0.16134228038065362, Test Loss: 0.16115020125201254, Inverse Test Loss: 1309.1992021040483, Train R2: 0.9721366216739019, Test R2: 0.9730542898178101, Inverse Test R2: 0.9730542898178101 
2026-01-27 15:34:06,900 INFO: Epoch 128, Train Loss: 0.16145463107210217, Test Loss: 0.16459329200513434, Inverse Test Loss: 1337.1712239583333, Train R2: 0.9723814193046454, Test R2: 0.9719610214233398, Inverse Test R2: 0.9719610214233398 
2026-01-27 15:34:18,248 INFO: Epoch 129, Train Loss: 0.16261616400019688, Test Loss: 0.16234196609619891, Inverse Test Loss: 1318.8812033913352, Train R2: 0.9720674030708544, Test R2: 0.9726852178573608, Inverse Test R2: 0.9726852178573608 
2026-01-27 15:34:29,583 INFO: Epoch 130, Train Loss: 0.16136085394431243, Test Loss: 0.16230463010795187, Inverse Test Loss: 1318.5779049035275, Train R2: 0.972708085269639, Test R2: 0.9728342890739441, Inverse Test R2: 0.9728342890739441 
2026-01-27 15:34:29,583 INFO: Best Epoch 109, Best Test Loss: 0.1597654182802547, Inv Test Loss: 1297.9490966796875, Best Test R2: 0.9738045334815979 
2026-01-27 15:34:40,776 INFO: Epoch 131, Train Loss: 0.1616277230169737, Test Loss: 0.16416687857020984, Inverse Test Loss: 1333.7069794625947, Train R2: 0.972580636992599, Test R2: 0.9722335934638977, Inverse Test R2: 0.9722335934638977 
2026-01-27 15:34:51,922 INFO: Epoch 132, Train Loss: 0.1601332017982548, Test Loss: 0.16255568419442032, Inverse Test Loss: 1320.6174667820785, Train R2: 0.9728782624006271, Test R2: 0.9726849794387817, Inverse Test R2: 0.9726849794387817 
2026-01-27 15:35:03,099 INFO: Epoch 133, Train Loss: 0.1608422796495936, Test Loss: 0.1628401895815676, Inverse Test Loss: 1322.9288441051137, Train R2: 0.972797204599236, Test R2: 0.972586452960968, Inverse Test R2: 0.972586452960968 
2026-01-27 15:35:14,456 INFO: Epoch 134, Train Loss: 0.16103598069060931, Test Loss: 0.16415885722998416, Inverse Test Loss: 1333.641806862571, Train R2: 0.9726639800902569, Test R2: 0.9723051190376282, Inverse Test R2: 0.9723051190376282 
2026-01-27 15:35:25,759 INFO: Epoch 135, Train Loss: 0.16101494471006322, Test Loss: 0.15990451181476767, Inverse Test Loss: 1299.0791163589015, Train R2: 0.9726354719111414, Test R2: 0.973673403263092, Inverse Test R2: 0.973673403263092 
2026-01-27 15:35:36,950 INFO: Epoch 136, Train Loss: 0.16299574506102185, Test Loss: 0.1608632096286976, Inverse Test Loss: 1306.8676702325995, Train R2: 0.9716180210763757, Test R2: 0.9732431173324585, Inverse Test R2: 0.9732431173324585 
2026-01-27 15:35:48,210 INFO: Epoch 137, Train Loss: 0.16284844640529517, Test Loss: 0.16255926205353302, Inverse Test Loss: 1320.6465287642045, Train R2: 0.9718901307293863, Test R2: 0.9725821018218994, Inverse Test R2: 0.9725821018218994 
2026-01-27 15:35:59,518 INFO: Epoch 138, Train Loss: 0.16094201379878956, Test Loss: 0.16060098215486063, Inverse Test Loss: 1304.7373194839015, Train R2: 0.9725583498225068, Test R2: 0.9734823107719421, Inverse Test R2: 0.9734823107719421 
2026-01-27 15:36:10,734 INFO: Epoch 139, Train Loss: 0.15964296719793117, Test Loss: 0.16230346126989884, Inverse Test Loss: 1318.5684222597065, Train R2: 0.9729172677704783, Test R2: 0.9728678464889526, Inverse Test R2: 0.9728678464889526 
2026-01-27 15:36:22,134 INFO: Epoch 140, Train Loss: 0.16143671778792684, Test Loss: 0.16391212989886603, Inverse Test Loss: 1331.6373882871685, Train R2: 0.9726167890158567, Test R2: 0.9724769592285156, Inverse Test R2: 0.9724768996238708 
2026-01-27 15:36:22,135 INFO: Best Epoch 109, Best Test Loss: 0.1597654182802547, Inv Test Loss: 1297.9490966796875, Best Test R2: 0.9738045334815979 
2026-01-27 15:36:33,251 INFO: Epoch 141, Train Loss: 0.15987855794303346, Test Loss: 0.1659685359759764, Inverse Test Loss: 1348.3438239820075, Train R2: 0.9730151444673538, Test R2: 0.9716067314147949, Inverse Test R2: 0.9716067314147949 
2026-01-27 15:36:44,593 INFO: Epoch 142, Train Loss: 0.16156574254008857, Test Loss: 0.16330108001376642, Inverse Test Loss: 1326.6731400923295, Train R2: 0.9723817846088698, Test R2: 0.9725608229637146, Inverse Test R2: 0.9725608229637146 
2026-01-27 15:36:55,805 INFO: Epoch 143, Train Loss: 0.1606836427341808, Test Loss: 0.1631656733877731, Inverse Test Loss: 1325.573086825284, Train R2: 0.9729701926310858, Test R2: 0.9724736213684082, Inverse Test R2: 0.9724736213684082 
2026-01-27 15:37:06,982 INFO: Epoch 144, Train Loss: 0.16101811442411307, Test Loss: 0.1626360041625572, Inverse Test Loss: 1321.2700213808002, Train R2: 0.97271717859037, Test R2: 0.9726464748382568, Inverse Test R2: 0.9726464748382568 
2026-01-27 15:37:18,451 INFO: Epoch 145, Train Loss: 0.16031596132300116, Test Loss: 0.16257650766408804, Inverse Test Loss: 1320.786680279356, Train R2: 0.972915657993519, Test R2: 0.9727272987365723, Inverse Test R2: 0.9727272987365723 
2026-01-27 15:37:26,375 INFO: Epoch 146, Train Loss: 0.1610372199705153, Test Loss: 0.1627717022642945, Inverse Test Loss: 1322.3724272756865, Train R2: 0.972584816994089, Test R2: 0.9726786017417908, Inverse Test R2: 0.9726786017417908 
2026-01-27 15:37:34,268 INFO: Epoch 147, Train Loss: 0.16160159727389162, Test Loss: 0.16222863576628946, Inverse Test Loss: 1317.9604825106535, Train R2: 0.972329852255908, Test R2: 0.9728756546974182, Inverse Test R2: 0.9728756546974182 
2026-01-27 15:37:42,211 INFO: Epoch 148, Train Loss: 0.1603859058496627, Test Loss: 0.16215702891349792, Inverse Test Loss: 1317.378749038234, Train R2: 0.9728403583620534, Test R2: 0.9727955460548401, Inverse Test R2: 0.9727955460548401 
2026-01-27 15:37:50,118 INFO: Epoch 149, Train Loss: 0.15911639628536772, Test Loss: 0.16441721920714233, Inverse Test Loss: 1335.7407744436553, Train R2: 0.9731874095671105, Test R2: 0.9721806645393372, Inverse Test R2: 0.9721806645393372 
2026-01-27 15:37:57,915 INFO: Epoch 150, Train Loss: 0.15943153055779863, Test Loss: 0.1632623103531924, Inverse Test Loss: 1326.3581764914773, Train R2: 0.9727807771978956, Test R2: 0.9725105166435242, Inverse Test R2: 0.9725105166435242 
2026-01-27 15:37:57,916 INFO: Best Epoch 109, Best Test Loss: 0.1597654182802547, Inv Test Loss: 1297.9490966796875, Best Test R2: 0.9738045334815979 
