2026-01-27 13:34:39,952 INFO: log_path:/logs_2026_1_27_HS_RMSE/AMFormer_simple_MLP_dim32_depth2_heads4_dropout0.4_fusion0.45_0.55_lr0.001_1P 
2026-01-27 13:34:39,952 INFO: Model:namespace(attn_dropout=0.4, categories=[], cluster=3, depth=2, dim=32, ff_dropout=0.4, groups=[54, 54, 54], heads=4, name='AMFormer_simple_MLP_dim32_depth2_heads4_dropout0.4_fusion0.45_0.55', num_cate=0, num_cont=20, num_special_tokens=1, out_dim=1, predictor='simple_MLP', prod_num_per_group=[6, 6, 6], qk_relu=False, static_fusion={'kan_weight': 0.45, 'trans_weight': 0.55}, sum_num_per_group=[32, 16, 8], target_mode='regression', token_descent=False, use_cls_token=True, use_prod=True, use_row_col_attention=True, use_sigmoid=True) 
2026-01-27 13:34:39,953 INFO: lr:0.001, loss:RMSE 
2026-01-27 13:34:39,953 INFO: Dataset:HS, Target:['metal1_Peak'] 
2026-01-27 13:34:39,953 INFO: ------Begin Training Model------ 
2026-01-27 13:34:47,716 INFO: Epoch 1, Train Loss: 0.4292270305256049, Test Loss: 0.16385981643741782, Inverse Test Loss: 0.1276685776132526, Train R2: 0.7783360869595499, Test R2: 0.9720306396484375, Inverse Test R2: 0.9720306396484375 
2026-01-27 13:34:52,109 INFO: Epoch 2, Train Loss: 0.17364964905110272, Test Loss: 0.11255733849424304, Inverse Test Loss: 0.0876971274388559, Train R2: 0.9652682068673047, Test R2: 0.9866634607315063, Inverse Test R2: 0.9866634607315063 
2026-01-27 13:34:56,194 INFO: Epoch 3, Train Loss: 0.13482515711450216, Test Loss: 0.11173853007229892, Inverse Test Loss: 0.0870591684272795, Train R2: 0.9791847788023226, Test R2: 0.9866094589233398, Inverse Test R2: 0.9866094589233398 
2026-01-27 13:35:00,516 INFO: Epoch 4, Train Loss: 0.13943412978992317, Test Loss: 0.10363020476969806, Inverse Test Loss: 0.08074170328450925, Train R2: 0.9759983610023152, Test R2: 0.9886026978492737, Inverse Test R2: 0.9886026978492737 
2026-01-27 13:35:04,693 INFO: Epoch 5, Train Loss: 0.12337892316281796, Test Loss: 0.102493747391484, Inverse Test Loss: 0.07985625167687734, Train R2: 0.9823595425396254, Test R2: 0.9887937307357788, Inverse Test R2: 0.9887937307357788 
2026-01-27 13:35:08,928 INFO: Epoch 6, Train Loss: 0.11780322185068419, Test Loss: 0.09894012637210614, Inverse Test Loss: 0.07708751105449417, Train R2: 0.9833838510693926, Test R2: 0.9895002245903015, Inverse Test R2: 0.9895002245903015 
2026-01-27 13:35:14,305 INFO: Epoch 7, Train Loss: 0.11742717964631139, Test Loss: 0.1043389333468495, Inverse Test Loss: 0.08129389843705928, Train R2: 0.9833111586895856, Test R2: 0.9885507822036743, Inverse Test R2: 0.9885507822036743 
2026-01-27 13:35:21,012 INFO: Epoch 8, Train Loss: 0.11134053710283655, Test Loss: 0.09463937501564171, Inverse Test Loss: 0.07373665160301959, Train R2: 0.9850358001210473, Test R2: 0.9903371334075928, Inverse Test R2: 0.9903371334075928 
2026-01-27 13:35:28,611 INFO: Epoch 9, Train Loss: 0.11371111390039776, Test Loss: 0.09945512427525087, Inverse Test Loss: 0.07748876218542908, Train R2: 0.984290719483838, Test R2: 0.9889020919799805, Inverse Test R2: 0.9889020919799805 
2026-01-27 13:35:36,626 INFO: Epoch 10, Train Loss: 0.12484840247215646, Test Loss: 0.093952521568898, Inverse Test Loss: 0.07320150304021257, Train R2: 0.9805082787166942, Test R2: 0.9904797673225403, Inverse Test R2: 0.9904797673225403 
2026-01-27 13:35:45,469 INFO: Epoch 11, Train Loss: 0.1114311944128889, Test Loss: 0.09385746627142935, Inverse Test Loss: 0.07312743941491301, Train R2: 0.9851940581292817, Test R2: 0.9905478358268738, Inverse Test R2: 0.9905478358268738 
2026-01-27 13:35:55,238 INFO: Epoch 12, Train Loss: 0.10954816283827479, Test Loss: 0.09685040671717036, Inverse Test Loss: 0.07545933770862492, Train R2: 0.9851561771197752, Test R2: 0.9899206757545471, Inverse Test R2: 0.9899206757545471 
2026-01-27 13:36:07,178 INFO: Epoch 13, Train Loss: 0.12084774545986544, Test Loss: 0.09747279525706262, Inverse Test Loss: 0.07594426213340326, Train R2: 0.9815419546582482, Test R2: 0.9897837042808533, Inverse Test R2: 0.9897837042808533 
2026-01-27 13:36:18,951 INFO: Epoch 14, Train Loss: 0.11179102841538913, Test Loss: 0.09305588404337566, Inverse Test Loss: 0.07250290544647159, Train R2: 0.9845750205444567, Test R2: 0.9906229972839355, Inverse Test R2: 0.9906229972839355 
2026-01-27 13:36:30,419 INFO: Epoch 15, Train Loss: 0.10784976150501858, Test Loss: 0.0914796121192701, Inverse Test Loss: 0.07127477793079434, Train R2: 0.9856495238614805, Test R2: 0.9908972382545471, Inverse Test R2: 0.9908972382545471 
2026-01-27 13:36:42,073 INFO: Epoch 16, Train Loss: 0.1064295872594371, Test Loss: 0.09259951701669981, Inverse Test Loss: 0.07214733201897505, Train R2: 0.9862934156800761, Test R2: 0.9906787276268005, Inverse Test R2: 0.9906787276268005 
2026-01-27 13:36:53,288 INFO: Epoch 17, Train Loss: 0.10908172928699941, Test Loss: 0.09333949287732442, Inverse Test Loss: 0.07272387183073795, Train R2: 0.985194105090517, Test R2: 0.9906636476516724, Inverse Test R2: 0.9906636476516724 
2026-01-27 13:37:04,520 INFO: Epoch 18, Train Loss: 0.10600625280516618, Test Loss: 0.09489207782528618, Inverse Test Loss: 0.0739335399685484, Train R2: 0.9861146329027234, Test R2: 0.9902195930480957, Inverse Test R2: 0.9902195930480957 
2026-01-27 13:37:15,757 INFO: Epoch 19, Train Loss: 0.10700829826634038, Test Loss: 0.09152149488077019, Inverse Test Loss: 0.07130740887739441, Train R2: 0.9856671180688974, Test R2: 0.9909547567367554, Inverse Test R2: 0.9909547567367554 
2026-01-27 13:37:26,975 INFO: Epoch 20, Train Loss: 0.10615070209358678, Test Loss: 0.0908947034992955, Inverse Test Loss: 0.07081905583089049, Train R2: 0.9860461318131649, Test R2: 0.9910613894462585, Inverse Test R2: 0.9910613894462585 
2026-01-27 13:37:38,108 INFO: Epoch 21, Train Loss: 0.10457999180212166, Test Loss: 0.09705366171670682, Inverse Test Loss: 0.07561770363739043, Train R2: 0.9863648202383157, Test R2: 0.9898844957351685, Inverse Test R2: 0.9898844957351685 
2026-01-27 13:37:49,411 INFO: Epoch 22, Train Loss: 0.10586148401665868, Test Loss: 0.08875878403584163, Inverse Test Loss: 0.0691548909879092, Train R2: 0.9862336918260112, Test R2: 0.9914070963859558, Inverse Test R2: 0.9914070963859558 
2026-01-27 13:38:00,541 INFO: Epoch 23, Train Loss: 0.10316207124428316, Test Loss: 0.08915577693419023, Inverse Test Loss: 0.06946420206716566, Train R2: 0.9865709814158353, Test R2: 0.9913467764854431, Inverse Test R2: 0.9913467764854431 
2026-01-27 13:38:11,713 INFO: Epoch 24, Train Loss: 0.10476990111849525, Test Loss: 0.0905723710629073, Inverse Test Loss: 0.0705679166271831, Train R2: 0.9862930296045361, Test R2: 0.9910697340965271, Inverse Test R2: 0.9910697340965271 
2026-01-27 13:38:22,863 INFO: Epoch 25, Train Loss: 0.10259409023053719, Test Loss: 0.08921683105555447, Inverse Test Loss: 0.06951177052476189, Train R2: 0.9864050913037676, Test R2: 0.9913428425788879, Inverse Test R2: 0.9913428425788879 
2026-01-27 13:38:33,977 INFO: Epoch 26, Train Loss: 0.10421876366617101, Test Loss: 0.09125756099820137, Inverse Test Loss: 0.07110177172404347, Train R2: 0.9864783706990156, Test R2: 0.9910025596618652, Inverse Test R2: 0.9910025000572205 
2026-01-27 13:38:45,417 INFO: Epoch 27, Train Loss: 0.10137581286218131, Test Loss: 0.08900401312293428, Inverse Test Loss: 0.06934595537005049, Train R2: 0.987024543411804, Test R2: 0.9912981986999512, Inverse Test R2: 0.9912981986999512 
2026-01-27 13:38:56,516 INFO: Epoch 28, Train Loss: 0.10153419527253418, Test Loss: 0.0881147233374191, Inverse Test Loss: 0.06865308117685896, Train R2: 0.9868566420945254, Test R2: 0.991514265537262, Inverse Test R2: 0.991514265537262 
2026-01-27 13:39:07,634 INFO: Epoch 29, Train Loss: 0.10118366591632366, Test Loss: 0.08854489197785204, Inverse Test Loss: 0.0689882409166206, Train R2: 0.9868730013117646, Test R2: 0.991460919380188, Inverse Test R2: 0.991460919380188 
2026-01-27 13:39:18,849 INFO: Epoch 30, Train Loss: 0.10279006053778258, Test Loss: 0.08864119897286098, Inverse Test Loss: 0.06906327706846324, Train R2: 0.9866684837774797, Test R2: 0.9914081692695618, Inverse Test R2: 0.9914081692695618 
2026-01-27 13:39:30,133 INFO: Epoch 31, Train Loss: 0.10302206459031864, Test Loss: 0.09009211352377226, Inverse Test Loss: 0.07019373085914236, Train R2: 0.9866764134529865, Test R2: 0.9911162853240967, Inverse Test R2: 0.9911162853240967 
2026-01-27 13:39:41,271 INFO: Epoch 32, Train Loss: 0.10136955869243, Test Loss: 0.0892504406246272, Inverse Test Loss: 0.06953795649337047, Train R2: 0.9869857895554919, Test R2: 0.9913197159767151, Inverse Test R2: 0.9913197159767151 
2026-01-27 13:39:52,472 INFO: Epoch 33, Train Loss: 0.1025017850157438, Test Loss: 0.0885500472151872, Inverse Test Loss: 0.06899225903731404, Train R2: 0.9866136682756019, Test R2: 0.9913815855979919, Inverse Test R2: 0.9913815855979919 
2026-01-27 13:40:03,772 INFO: Epoch 34, Train Loss: 0.10203066279152126, Test Loss: 0.08811892185247305, Inverse Test Loss: 0.06865635299772928, Train R2: 0.9868541368932435, Test R2: 0.9915257692337036, Inverse Test R2: 0.9915257692337036 
2026-01-27 13:40:15,105 INFO: Epoch 35, Train Loss: 0.10202114360237663, Test Loss: 0.09114999572436015, Inverse Test Loss: 0.0710179613846721, Train R2: 0.986968276627136, Test R2: 0.9910396933555603, Inverse Test R2: 0.9910396933555603 
2026-01-27 13:40:26,338 INFO: Epoch 36, Train Loss: 0.10244687748226253, Test Loss: 0.0870462509267258, Inverse Test Loss: 0.06782059902043054, Train R2: 0.9868081762935176, Test R2: 0.9916727542877197, Inverse Test R2: 0.9916727542877197 
2026-01-27 13:40:37,463 INFO: Epoch 37, Train Loss: 0.13289432078035493, Test Loss: 0.099987424232743, Inverse Test Loss: 0.07790349525484172, Train R2: 0.9736028869043697, Test R2: 0.9893431067466736, Inverse Test R2: 0.9893431067466736 
2026-01-27 13:40:48,537 INFO: Epoch 38, Train Loss: 0.12195609408346089, Test Loss: 0.09329316020011902, Inverse Test Loss: 0.07268777309042035, Train R2: 0.9806977564638312, Test R2: 0.9906006455421448, Inverse Test R2: 0.9906006455421448 
2026-01-27 13:40:59,654 INFO: Epoch 39, Train Loss: 0.10410903814728513, Test Loss: 0.08962784605947408, Inverse Test Loss: 0.06983200415517345, Train R2: 0.9864079247821461, Test R2: 0.9912412166595459, Inverse Test R2: 0.9912412166595459 
2026-01-27 13:41:10,864 INFO: Epoch 40, Train Loss: 0.10399340036692041, Test Loss: 0.09073041661670714, Inverse Test Loss: 0.07069105406602223, Train R2: 0.9863574888670084, Test R2: 0.9909859299659729, Inverse Test R2: 0.9909859299659729 
2026-01-27 13:41:22,019 INFO: Epoch 41, Train Loss: 0.10272227868324879, Test Loss: 0.08812273305022356, Inverse Test Loss: 0.06865932160254681, Train R2: 0.986770490805308, Test R2: 0.9914789199829102, Inverse Test R2: 0.9914789199829102 
2026-01-27 13:41:33,250 INFO: Epoch 42, Train Loss: 0.10270496172774018, Test Loss: 0.08813971089142741, Inverse Test Loss: 0.06867255157593524, Train R2: 0.9865798801183701, Test R2: 0.9915264844894409, Inverse Test R2: 0.9915264844894409 
2026-01-27 13:41:44,678 INFO: Epoch 43, Train Loss: 0.10152680240571499, Test Loss: 0.08691433839725726, Inverse Test Loss: 0.06771782356681245, Train R2: 0.9867714751850475, Test R2: 0.9916864037513733, Inverse Test R2: 0.9916864037513733 
2026-01-27 13:41:55,846 INFO: Epoch 44, Train Loss: 0.10086702490507653, Test Loss: 0.08691597899252718, Inverse Test Loss: 0.06771909919652072, Train R2: 0.986735255429239, Test R2: 0.9916799068450928, Inverse Test R2: 0.9916799068450928 
2026-01-27 13:42:06,993 INFO: Epoch 45, Train Loss: 0.10085485884073106, Test Loss: 0.08775486255233939, Inverse Test Loss: 0.06837270194382379, Train R2: 0.9871248160347794, Test R2: 0.9916077256202698, Inverse Test R2: 0.9916077256202698 
2026-01-27 13:42:18,342 INFO: Epoch 46, Train Loss: 0.10095706443782106, Test Loss: 0.08665455584273193, Inverse Test Loss: 0.06751541793346405, Train R2: 0.9868164098624027, Test R2: 0.9917234182357788, Inverse Test R2: 0.9917234182357788 
2026-01-27 13:42:29,636 INFO: Epoch 47, Train Loss: 0.10176762994943243, Test Loss: 0.08667504437493556, Inverse Test Loss: 0.06753138057661778, Train R2: 0.9868821158553615, Test R2: 0.9917172789573669, Inverse Test R2: 0.9917172789573669 
2026-01-27 13:42:40,952 INFO: Epoch 48, Train Loss: 0.10034001330760392, Test Loss: 0.08626695383678783, Inverse Test Loss: 0.06721342445322961, Train R2: 0.9870690698876525, Test R2: 0.9917787909507751, Inverse Test R2: 0.9917787909507751 
2026-01-27 13:42:52,399 INFO: Epoch 49, Train Loss: 0.09957640589863966, Test Loss: 0.08792782766800938, Inverse Test Loss: 0.06850746420748306, Train R2: 0.9872050863323789, Test R2: 0.9915053248405457, Inverse Test R2: 0.9915053248405457 
2026-01-27 13:43:03,659 INFO: Epoch 50, Train Loss: 0.10006439287892797, Test Loss: 0.08596998058033711, Inverse Test Loss: 0.06698204114130049, Train R2: 0.9870939796621149, Test R2: 0.9918442368507385, Inverse Test R2: 0.9918442368507385 
2026-01-27 13:43:14,973 INFO: Epoch 51, Train Loss: 0.10022698215801608, Test Loss: 0.08668136811166098, Inverse Test Loss: 0.06753630597483028, Train R2: 0.9872511792363543, Test R2: 0.9917051792144775, Inverse Test R2: 0.9917051792144775 
2026-01-27 13:43:26,279 INFO: Epoch 52, Train Loss: 0.09936383609293085, Test Loss: 0.08713824019739122, Inverse Test Loss: 0.06789227078358333, Train R2: 0.9872600463303652, Test R2: 0.9916667342185974, Inverse Test R2: 0.9916667342185974 
2026-01-27 13:43:37,555 INFO: Epoch 53, Train Loss: 0.09971521094892964, Test Loss: 0.08645220699183868, Inverse Test Loss: 0.06735776082584352, Train R2: 0.9871934155623118, Test R2: 0.9917862415313721, Inverse Test R2: 0.9917862415313721 
2026-01-27 13:43:48,903 INFO: Epoch 54, Train Loss: 0.09934975991420673, Test Loss: 0.09154748905337218, Inverse Test Loss: 0.07132766305497198, Train R2: 0.9872972906538935, Test R2: 0.9908624887466431, Inverse Test R2: 0.9908624887466431 
2026-01-27 13:44:00,151 INFO: Epoch 55, Train Loss: 0.10114537667708867, Test Loss: 0.08770080847722111, Inverse Test Loss: 0.0683305873112245, Train R2: 0.9871445113059246, Test R2: 0.9916438460350037, Inverse Test R2: 0.9916438460350037 
2026-01-27 13:44:11,426 INFO: Epoch 56, Train Loss: 0.10073518199902592, Test Loss: 0.08544886766961127, Inverse Test Loss: 0.06657602626717452, Train R2: 0.987105053934184, Test R2: 0.9919406175613403, Inverse Test R2: 0.9919406175613403 
2026-01-27 13:44:22,887 INFO: Epoch 57, Train Loss: 0.09896219662870422, Test Loss: 0.08561513448754947, Inverse Test Loss: 0.06670557030222633, Train R2: 0.9873462098114418, Test R2: 0.9919226765632629, Inverse Test R2: 0.9919226765632629 
2026-01-27 13:44:34,294 INFO: Epoch 58, Train Loss: 0.11625666450709105, Test Loss: 0.08673702868999857, Inverse Test Loss: 0.06757967603026015, Train R2: 0.9815153533762152, Test R2: 0.9917116165161133, Inverse Test R2: 0.9917116165161133 
2026-01-27 13:44:45,625 INFO: Epoch 59, Train Loss: 0.1005380294483268, Test Loss: 0.0863400547567642, Inverse Test Loss: 0.0672703797392773, Train R2: 0.9871212668491133, Test R2: 0.9918111562728882, Inverse Test R2: 0.9918111562728882 
2026-01-27 13:44:56,850 INFO: Epoch 60, Train Loss: 0.09997120025483044, Test Loss: 0.08580808206038042, Inverse Test Loss: 0.06685590269890698, Train R2: 0.9871152255571249, Test R2: 0.9918676614761353, Inverse Test R2: 0.9918676614761353 
2026-01-27 13:45:08,122 INFO: Epoch 61, Train Loss: 0.10008633464123264, Test Loss: 0.08779669891704213, Inverse Test Loss: 0.06840529800816016, Train R2: 0.9870917774511107, Test R2: 0.9915046095848083, Inverse Test R2: 0.9915046095848083 
2026-01-27 13:45:19,424 INFO: Epoch 62, Train Loss: 0.099685781099128, Test Loss: 0.08625908376592578, Inverse Test Loss: 0.06720729081919699, Train R2: 0.987288363052137, Test R2: 0.9917768239974976, Inverse Test R2: 0.9917768239974976 
2026-01-27 13:45:30,632 INFO: Epoch 63, Train Loss: 0.10131063162716049, Test Loss: 0.08617596971717748, Inverse Test Loss: 0.06714253680724086, Train R2: 0.9872263846072283, Test R2: 0.9918636083602905, Inverse Test R2: 0.9918636083602905 
2026-01-27 13:45:41,979 INFO: Epoch 64, Train Loss: 0.09963398457815249, Test Loss: 0.0863604045501261, Inverse Test Loss: 0.06728623502633789, Train R2: 0.9871868468595274, Test R2: 0.9918051958084106, Inverse Test R2: 0.9918051958084106 
2026-01-27 13:45:53,316 INFO: Epoch 65, Train Loss: 0.09929254617203366, Test Loss: 0.08526898920536041, Inverse Test Loss: 0.0664358762177554, Train R2: 0.987258418039842, Test R2: 0.9920014142990112, Inverse Test R2: 0.9920014142990112 
2026-01-27 13:46:04,794 INFO: Epoch 66, Train Loss: 0.09869730952336933, Test Loss: 0.08807679796309183, Inverse Test Loss: 0.0686235295777971, Train R2: 0.9871765749924111, Test R2: 0.9914640188217163, Inverse Test R2: 0.9914640188217163 
2026-01-27 13:46:16,069 INFO: Epoch 67, Train Loss: 0.0975387781914888, Test Loss: 0.08858245961142308, Inverse Test Loss: 0.06901750928073218, Train R2: 0.9874633103609085, Test R2: 0.9914876818656921, Inverse Test R2: 0.9914876818656921 
2026-01-27 13:46:27,404 INFO: Epoch 68, Train Loss: 0.10326074472995418, Test Loss: 0.09002840089978593, Inverse Test Loss: 0.07014409001126434, Train R2: 0.9863483079455115, Test R2: 0.9911237955093384, Inverse Test R2: 0.9911237955093384 
2026-01-27 13:46:38,585 INFO: Epoch 69, Train Loss: 0.10013019200414419, Test Loss: 0.08662740344350989, Inverse Test Loss: 0.06749426178408391, Train R2: 0.9872245242198309, Test R2: 0.9917798638343811, Inverse Test R2: 0.9917798638343811 
2026-01-27 13:46:49,812 INFO: Epoch 70, Train Loss: 0.10919412095664126, Test Loss: 0.08895916424014351, Inverse Test Loss: 0.06931101350170193, Train R2: 0.9846379228613593, Test R2: 0.9914236068725586, Inverse Test R2: 0.9914236068725586 
2026-01-27 13:47:01,011 INFO: Epoch 71, Train Loss: 0.10098716292078748, Test Loss: 0.08606835894963959, Inverse Test Loss: 0.06705869147271822, Train R2: 0.9870998900045048, Test R2: 0.9918197393417358, Inverse Test R2: 0.9918197393417358 
2026-01-27 13:47:12,307 INFO: Epoch 72, Train Loss: 0.09909168929990494, Test Loss: 0.08602738199811993, Inverse Test Loss: 0.06702676539619763, Train R2: 0.987240786353747, Test R2: 0.9918377995491028, Inverse Test R2: 0.9918377995491028 
2026-01-27 13:47:23,609 INFO: Epoch 73, Train Loss: 0.0989686127356959, Test Loss: 0.08684547584165227, Inverse Test Loss: 0.06766416866219405, Train R2: 0.9874306443062696, Test R2: 0.991679847240448, Inverse Test R2: 0.991679847240448 
2026-01-27 13:47:34,838 INFO: Epoch 74, Train Loss: 0.09899214943024245, Test Loss: 0.08503506829341252, Inverse Test Loss: 0.06625362113118172, Train R2: 0.9873049128236193, Test R2: 0.992040753364563, Inverse Test R2: 0.992040753364563 
2026-01-27 13:47:46,004 INFO: Epoch 75, Train Loss: 0.09816636864773252, Test Loss: 0.08605674304293864, Inverse Test Loss: 0.06704964172659499, Train R2: 0.987314932274096, Test R2: 0.9918039441108704, Inverse Test R2: 0.9918039441108704 
2026-01-27 13:47:57,271 INFO: Epoch 76, Train Loss: 0.0992527183032397, Test Loss: 0.08573845367540013, Inverse Test Loss: 0.06680165242516634, Train R2: 0.9874422211538662, Test R2: 0.9919224977493286, Inverse Test R2: 0.9919224977493286 
2026-01-27 13:48:08,467 INFO: Epoch 77, Train Loss: 0.09797074264762076, Test Loss: 0.08724055563410123, Inverse Test Loss: 0.06797198827068011, Train R2: 0.9875048109979341, Test R2: 0.9915914535522461, Inverse Test R2: 0.9915914535522461 
2026-01-27 13:48:19,710 INFO: Epoch 78, Train Loss: 0.09745088662726409, Test Loss: 0.08559420682264096, Inverse Test Loss: 0.06668926391637686, Train R2: 0.9874758688789426, Test R2: 0.9919307231903076, Inverse Test R2: 0.9919307231903076 
2026-01-27 13:48:30,938 INFO: Epoch 79, Train Loss: 0.09683767344915506, Test Loss: 0.08526429488803401, Inverse Test Loss: 0.06643221911155817, Train R2: 0.9877684373747219, Test R2: 0.9919995069503784, Inverse Test R2: 0.9919995069503784 
2026-01-27 13:48:42,189 INFO: Epoch 80, Train Loss: 0.09875794793620254, Test Loss: 0.08635821848204642, Inverse Test Loss: 0.06728453189134598, Train R2: 0.9874705432942419, Test R2: 0.9918234944343567, Inverse Test R2: 0.9918234944343567 
2026-01-27 13:48:53,560 INFO: Epoch 81, Train Loss: 0.09861021593325969, Test Loss: 0.08863714596990382, Inverse Test Loss: 0.06906011824806531, Train R2: 0.9873101512591044, Test R2: 0.9914531707763672, Inverse Test R2: 0.9914531707763672 
2026-01-27 13:49:04,822 INFO: Epoch 82, Train Loss: 0.10015466459321254, Test Loss: 0.08610641346736388, Inverse Test Loss: 0.06708834173552918, Train R2: 0.9872573185147662, Test R2: 0.9918884038925171, Inverse Test R2: 0.9918884038925171 
2026-01-27 13:49:16,102 INFO: Epoch 83, Train Loss: 0.09941578314950068, Test Loss: 0.08859434588388963, Inverse Test Loss: 0.06902677181995276, Train R2: 0.9873509325764396, Test R2: 0.991450309753418, Inverse Test R2: 0.991450309753418 
2026-01-27 13:49:27,289 INFO: Epoch 84, Train Loss: 0.09870944163677367, Test Loss: 0.08738926301399867, Inverse Test Loss: 0.06808785213665529, Train R2: 0.9874687194824219, Test R2: 0.9916864633560181, Inverse Test R2: 0.9916864633560181 
2026-01-27 13:49:38,587 INFO: Epoch 85, Train Loss: 0.09926355951888995, Test Loss: 0.08704944079120953, Inverse Test Loss: 0.06782308649836165, Train R2: 0.9874859818003394, Test R2: 0.9916297793388367, Inverse Test R2: 0.9916297793388367 
2026-01-27 13:49:49,823 INFO: Epoch 86, Train Loss: 0.09911832966926423, Test Loss: 0.08732107349417427, Inverse Test Loss: 0.06803472215930621, Train R2: 0.9872879914262078, Test R2: 0.9916014671325684, Inverse Test R2: 0.9916014671325684 
2026-01-27 13:50:01,035 INFO: Epoch 87, Train Loss: 0.09859312170495589, Test Loss: 0.08611709929325363, Inverse Test Loss: 0.06709666674335797, Train R2: 0.9874552714102196, Test R2: 0.9918404221534729, Inverse Test R2: 0.9918404221534729 
2026-01-27 13:50:12,219 INFO: Epoch 88, Train Loss: 0.09809082184890003, Test Loss: 0.08502457731149414, Inverse Test Loss: 0.06624544874736757, Train R2: 0.9876069900664416, Test R2: 0.9920377135276794, Inverse Test R2: 0.9920377135276794 
2026-01-27 13:50:23,383 INFO: Epoch 89, Train Loss: 0.09857067931443453, Test Loss: 0.0858827219768004, Inverse Test Loss: 0.06691405628666733, Train R2: 0.987452017086925, Test R2: 0.9918947815895081, Inverse Test R2: 0.9918947815895081 
2026-01-27 13:50:34,642 INFO: Epoch 90, Train Loss: 0.09850208133910641, Test Loss: 0.0878524502569979, Inverse Test Loss: 0.06844873590902849, Train R2: 0.9874809036652247, Test R2: 0.9916167259216309, Inverse Test R2: 0.9916167259216309 
2026-01-27 13:50:45,924 INFO: Epoch 91, Train Loss: 0.10003931055579221, Test Loss: 0.08696502108465541, Inverse Test Loss: 0.06775731288573959, Train R2: 0.987055936997587, Test R2: 0.9916806817054749, Inverse Test R2: 0.9916806817054749 
2026-01-27 13:50:57,170 INFO: Epoch 92, Train Loss: 0.09738506701295123, Test Loss: 0.08754128217697144, Inverse Test Loss: 0.06820629706436937, Train R2: 0.9876245093165021, Test R2: 0.9917087554931641, Inverse Test R2: 0.9917087554931641 
2026-01-27 13:51:08,501 INFO: Epoch 93, Train Loss: 0.09767179820460803, Test Loss: 0.08493473719466817, Inverse Test Loss: 0.06617544986533397, Train R2: 0.9876315521471428, Test R2: 0.9920627474784851, Inverse Test R2: 0.9920627474784851 
2026-01-27 13:51:19,752 INFO: Epoch 94, Train Loss: 0.09679692594165151, Test Loss: 0.08527345424800208, Inverse Test Loss: 0.06643935507445624, Train R2: 0.9876514704841556, Test R2: 0.9920109510421753, Inverse Test R2: 0.9920109510421753 
2026-01-27 13:51:31,088 INFO: Epoch 95, Train Loss: 0.09774903636990172, Test Loss: 0.0851550085300749, Inverse Test Loss: 0.06634707015120622, Train R2: 0.9876467346241979, Test R2: 0.9920621514320374, Inverse Test R2: 0.9920621514320374 
2026-01-27 13:51:42,306 INFO: Epoch 96, Train Loss: 0.09728584517583702, Test Loss: 0.0871330491746917, Inverse Test Loss: 0.06788822839205916, Train R2: 0.9876784930626551, Test R2: 0.9917343258857727, Inverse Test R2: 0.9917343258857727 
2026-01-27 13:51:53,446 INFO: Epoch 97, Train Loss: 0.09827807717815493, Test Loss: 0.085412109778686, Inverse Test Loss: 0.06654738668691028, Train R2: 0.9875549890778281, Test R2: 0.9919363856315613, Inverse Test R2: 0.9919363856315613 
2026-01-27 13:52:04,731 INFO: Epoch 98, Train Loss: 0.09807964134961367, Test Loss: 0.0873226850773349, Inverse Test Loss: 0.06803597882390022, Train R2: 0.9876107302579012, Test R2: 0.9916291236877441, Inverse Test R2: 0.9916291236877441 
2026-01-27 13:52:16,014 INFO: Epoch 99, Train Loss: 0.09829023113530694, Test Loss: 0.08678918580214183, Inverse Test Loss: 0.06762031285148679, Train R2: 0.987716103141958, Test R2: 0.9917608499526978, Inverse Test R2: 0.9917608499526978 
2026-01-27 13:52:27,242 INFO: Epoch 100, Train Loss: 0.0975763387978077, Test Loss: 0.08426573883854982, Inverse Test Loss: 0.06565421368136551, Train R2: 0.9877007901668549, Test R2: 0.9921570420265198, Inverse Test R2: 0.9921570420265198 
2026-01-27 13:52:27,243 INFO: Best Epoch 100, Best Test Loss: 0.08426573883854982, Inv Test Loss: 0.06565421368136551, Best Test R2: 0.9921570420265198 
2026-01-27 13:52:38,511 INFO: Epoch 101, Train Loss: 0.09866171572921854, Test Loss: 0.08562548661773856, Inverse Test Loss: 0.06671363453973424, Train R2: 0.9877037153099523, Test R2: 0.9919605255126953, Inverse Test R2: 0.9919605255126953 
2026-01-27 13:52:49,649 INFO: Epoch 102, Train Loss: 0.09773635339330543, Test Loss: 0.08444228373242146, Inverse Test Loss: 0.06579176404259422, Train R2: 0.9876286893179922, Test R2: 0.9921219348907471, Inverse Test R2: 0.9921219348907471 
2026-01-27 13:53:00,801 INFO: Epoch 103, Train Loss: 0.0982103379951282, Test Loss: 0.08538259114279892, Inverse Test Loss: 0.06652438719615791, Train R2: 0.9875696608514497, Test R2: 0.9919991493225098, Inverse Test R2: 0.9919991493225098 
2026-01-27 13:53:12,038 INFO: Epoch 104, Train Loss: 0.10313169184056195, Test Loss: 0.09193436553080876, Inverse Test Loss: 0.0716290884848797, Train R2: 0.984575403007594, Test R2: 0.9908198714256287, Inverse Test R2: 0.9908198714256287 
2026-01-27 13:53:23,239 INFO: Epoch 105, Train Loss: 0.11056024081666362, Test Loss: 0.09317993180769862, Inverse Test Loss: 0.07259955403931213, Train R2: 0.9844443798065186, Test R2: 0.990665078163147, Inverse Test R2: 0.990665078163147 
2026-01-27 13:53:34,403 INFO: Epoch 106, Train Loss: 0.09963373975320296, Test Loss: 0.08756056665019556, Inverse Test Loss: 0.0682213194668293, Train R2: 0.9868848946961489, Test R2: 0.9916136264801025, Inverse Test R2: 0.9916136264801025 
2026-01-27 13:53:45,633 INFO: Epoch 107, Train Loss: 0.0989123514542977, Test Loss: 0.08682009385842265, Inverse Test Loss: 0.06764439245065053, Train R2: 0.9875663487297116, Test R2: 0.9917309880256653, Inverse Test R2: 0.9917309880256653 
2026-01-27 13:53:56,671 INFO: Epoch 108, Train Loss: 0.09835100447702588, Test Loss: 0.08608406590241374, Inverse Test Loss: 0.06707093085755002, Train R2: 0.9875582190174045, Test R2: 0.9918038249015808, Inverse Test R2: 0.9918038249015808 
2026-01-27 13:54:07,963 INFO: Epoch 109, Train Loss: 0.09795875113570329, Test Loss: 0.0868401729473562, Inverse Test Loss: 0.06766003765391582, Train R2: 0.9875202616958907, Test R2: 0.99176424741745, Inverse Test R2: 0.99176424741745 
2026-01-27 13:54:19,226 INFO: Epoch 110, Train Loss: 0.09704186835072258, Test Loss: 0.08645101343140457, Inverse Test Loss: 0.0673568310836951, Train R2: 0.9877062810189796, Test R2: 0.9917451739311218, Inverse Test R2: 0.9917451739311218 
2026-01-27 13:54:30,380 INFO: Epoch 111, Train Loss: 0.09734689475347598, Test Loss: 0.08566574221759131, Inverse Test Loss: 0.0667450013711597, Train R2: 0.9879035958738038, Test R2: 0.9919518232345581, Inverse Test R2: 0.9919518232345581 
2026-01-27 13:54:41,563 INFO: Epoch 112, Train Loss: 0.09621621950557738, Test Loss: 0.08537564742745775, Inverse Test Loss: 0.06651897739731905, Train R2: 0.9877683913165872, Test R2: 0.9920010566711426, Inverse Test R2: 0.9920010566711426 
2026-01-27 13:54:52,857 INFO: Epoch 113, Train Loss: 0.09807559356770733, Test Loss: 0.08625191540429086, Inverse Test Loss: 0.06720170694770235, Train R2: 0.9875944256782532, Test R2: 0.991823673248291, Inverse Test R2: 0.991823673248291 
2026-01-27 13:55:04,216 INFO: Epoch 114, Train Loss: 0.0970739306261142, Test Loss: 0.08625522842912962, Inverse Test Loss: 0.06720428868676677, Train R2: 0.987711104479703, Test R2: 0.9918225407600403, Inverse Test R2: 0.9918225407600403 
2026-01-27 13:55:15,670 INFO: Epoch 115, Train Loss: 0.09596130638524439, Test Loss: 0.08633747651721492, Inverse Test Loss: 0.0672683712433685, Train R2: 0.9878714707764712, Test R2: 0.9918647408485413, Inverse Test R2: 0.9918647408485413 
2026-01-27 13:55:26,979 INFO: Epoch 116, Train Loss: 0.09655201480244145, Test Loss: 0.08584290313901323, Inverse Test Loss: 0.06688303173039899, Train R2: 0.9878458042036403, Test R2: 0.9918655157089233, Inverse Test R2: 0.9918655157089233 
2026-01-27 13:55:38,144 INFO: Epoch 117, Train Loss: 0.09870925367894498, Test Loss: 0.08521215651522983, Inverse Test Loss: 0.06639159493374103, Train R2: 0.9874347371585441, Test R2: 0.9920116662979126, Inverse Test R2: 0.9920116662979126 
2026-01-27 13:55:49,445 INFO: Epoch 118, Train Loss: 0.09652949530969966, Test Loss: 0.08891991616198511, Inverse Test Loss: 0.06928043259364186, Train R2: 0.9875590349688674, Test R2: 0.991471529006958, Inverse Test R2: 0.991471529006958 
2026-01-27 13:56:00,581 INFO: Epoch 119, Train Loss: 0.09611312844649408, Test Loss: 0.08569599800940716, Inverse Test Loss: 0.06676857060555255, Train R2: 0.9878710070342729, Test R2: 0.9919086694717407, Inverse Test R2: 0.9919086694717407 
2026-01-27 13:56:11,768 INFO: Epoch 120, Train Loss: 0.09723747137821082, Test Loss: 0.08563185821879994, Inverse Test Loss: 0.06671860114191518, Train R2: 0.9878064899733572, Test R2: 0.9919071793556213, Inverse Test R2: 0.9919071793556213 
2026-01-27 13:56:23,031 INFO: Epoch 121, Train Loss: 0.0955650843679905, Test Loss: 0.08492633045622797, Inverse Test Loss: 0.06616889911167549, Train R2: 0.9879547474962292, Test R2: 0.9920342564582825, Inverse Test R2: 0.9920342564582825 
2026-01-27 13:56:34,227 INFO: Epoch 122, Train Loss: 0.09544251345549569, Test Loss: 0.08574262656497234, Inverse Test Loss: 0.06680490347472104, Train R2: 0.9878274256532843, Test R2: 0.9918754696846008, Inverse Test R2: 0.9918754696846008 
2026-01-27 13:56:45,468 INFO: Epoch 123, Train Loss: 0.09801842080372752, Test Loss: 0.08530166621009509, Inverse Test Loss: 0.06646133609341853, Train R2: 0.9877668429504741, Test R2: 0.9919662475585938, Inverse Test R2: 0.9919662475585938 
2026-01-27 13:56:56,912 INFO: Epoch 124, Train Loss: 0.09646705600122611, Test Loss: 0.0861359957718488, Inverse Test Loss: 0.06711139168703195, Train R2: 0.9876802021806891, Test R2: 0.9918822050094604, Inverse Test R2: 0.9918822050094604 
2026-01-27 13:57:08,238 INFO: Epoch 125, Train Loss: 0.09562171583600117, Test Loss: 0.0848953105283506, Inverse Test Loss: 0.06614473281484662, Train R2: 0.9879881626728809, Test R2: 0.9920661449432373, Inverse Test R2: 0.9920661449432373 
2026-01-27 13:57:19,416 INFO: Epoch 126, Train Loss: 0.09616829392810662, Test Loss: 0.08562589741565964, Inverse Test Loss: 0.06671395593068817, Train R2: 0.9876736835999922, Test R2: 0.9919075965881348, Inverse Test R2: 0.9919075965881348 
2026-01-27 13:57:30,527 INFO: Epoch 127, Train Loss: 0.09599302316818273, Test Loss: 0.08485712788321755, Inverse Test Loss: 0.0661149833238486, Train R2: 0.9878193966367028, Test R2: 0.9920722842216492, Inverse Test R2: 0.9920722842216492 
2026-01-27 13:57:41,634 INFO: Epoch 128, Train Loss: 0.09629816942932931, Test Loss: 0.08558437950683362, Inverse Test Loss: 0.06668160912213904, Train R2: 0.9877306078419541, Test R2: 0.9919730424880981, Inverse Test R2: 0.9919730424880981 
2026-01-27 13:57:52,737 INFO: Epoch 129, Train Loss: 0.09717510321713758, Test Loss: 0.08597506932688481, Inverse Test Loss: 0.06698600722081734, Train R2: 0.9878439144654707, Test R2: 0.9918667078018188, Inverse Test R2: 0.9918667078018188 
2026-01-27 13:58:04,088 INFO: Epoch 130, Train Loss: 0.09585324714355396, Test Loss: 0.08647551940697612, Inverse Test Loss: 0.0673759239866878, Train R2: 0.987885057926178, Test R2: 0.9917530417442322, Inverse Test R2: 0.9917530417442322 
2026-01-27 13:58:15,350 INFO: Epoch 131, Train Loss: 0.09664554191245274, Test Loss: 0.08587551466894872, Inverse Test Loss: 0.06690843843600967, Train R2: 0.9879546942132892, Test R2: 0.9919019937515259, Inverse Test R2: 0.9919019937515259 
2026-01-27 13:58:26,549 INFO: Epoch 132, Train Loss: 0.09543512623305574, Test Loss: 0.08580135644385309, Inverse Test Loss: 0.0668506615541198, Train R2: 0.9879241639917548, Test R2: 0.9919092655181885, Inverse Test R2: 0.9919092655181885 
2026-01-27 13:58:37,704 INFO: Epoch 133, Train Loss: 0.09505791725082831, Test Loss: 0.08536582993287029, Inverse Test Loss: 0.06651132836034804, Train R2: 0.9879525881825071, Test R2: 0.9919632077217102, Inverse Test R2: 0.9919632077217102 
2026-01-27 13:58:48,795 INFO: Epoch 134, Train Loss: 0.09717453305016864, Test Loss: 0.08594382486560127, Inverse Test Loss: 0.06696166222294171, Train R2: 0.9877178104537906, Test R2: 0.9919103384017944, Inverse Test R2: 0.9919103384017944 
2026-01-27 13:58:59,959 INFO: Epoch 135, Train Loss: 0.09648875638165257, Test Loss: 0.08805394770972656, Inverse Test Loss: 0.06860572957631314, Train R2: 0.9877250316468152, Test R2: 0.9915416240692139, Inverse Test R2: 0.9915416240692139 
2026-01-27 13:59:11,088 INFO: Epoch 136, Train Loss: 0.09582715789138367, Test Loss: 0.08565945607243163, Inverse Test Loss: 0.06674010171131654, Train R2: 0.988020273772153, Test R2: 0.9919196963310242, Inverse Test R2: 0.9919196963310242 
2026-01-27 13:59:22,217 INFO: Epoch 137, Train Loss: 0.09495091305650545, Test Loss: 0.08546087326425494, Inverse Test Loss: 0.06658538080977672, Train R2: 0.9879063173676982, Test R2: 0.9919670224189758, Inverse Test R2: 0.9919670224189758 
2026-01-27 13:59:33,352 INFO: Epoch 138, Train Loss: 0.09564749224845207, Test Loss: 0.08550322484789473, Inverse Test Loss: 0.06661837706060121, Train R2: 0.9878708083521236, Test R2: 0.9919599890708923, Inverse Test R2: 0.9919599890708923 
2026-01-27 13:59:44,554 INFO: Epoch 139, Train Loss: 0.09573252355171875, Test Loss: 0.08667143140778397, Inverse Test Loss: 0.06752856572469075, Train R2: 0.9880215421770558, Test R2: 0.9917849898338318, Inverse Test R2: 0.9917849898338318 
2026-01-27 13:59:55,835 INFO: Epoch 140, Train Loss: 0.09474093156556289, Test Loss: 0.08582214909521016, Inverse Test Loss: 0.06686686340606574, Train R2: 0.9880887468655905, Test R2: 0.991945743560791, Inverse Test R2: 0.991945743560791 
2026-01-27 14:00:07,007 INFO: Epoch 141, Train Loss: 0.09643522729024742, Test Loss: 0.08470925282348286, Inverse Test Loss: 0.0659997674326102, Train R2: 0.9879396923563697, Test R2: 0.9921106696128845, Inverse Test R2: 0.9921106696128845 
2026-01-27 14:00:18,032 INFO: Epoch 142, Train Loss: 0.09617061534840049, Test Loss: 0.0870742013282848, Inverse Test Loss: 0.06784237537420157, Train R2: 0.9877442315672383, Test R2: 0.9917163252830505, Inverse Test R2: 0.9917163252830505 
2026-01-27 14:00:29,128 INFO: Epoch 143, Train Loss: 0.09558351092379201, Test Loss: 0.08535947515205904, Inverse Test Loss: 0.06650637699799104, Train R2: 0.9878688305616379, Test R2: 0.991995632648468, Inverse Test R2: 0.991995632648468 
2026-01-27 14:00:40,266 INFO: Epoch 144, Train Loss: 0.09512802368650834, Test Loss: 0.08535299664645483, Inverse Test Loss: 0.06650132922963663, Train R2: 0.9882181873827269, Test R2: 0.9919719696044922, Inverse Test R2: 0.9919719696044922 
2026-01-27 14:00:51,413 INFO: Epoch 145, Train Loss: 0.09478292944417759, Test Loss: 0.0872081784587918, Inverse Test Loss: 0.0679467644429568, Train R2: 0.9881915603623246, Test R2: 0.9916446805000305, Inverse Test R2: 0.9916446805000305 
2026-01-27 14:01:02,446 INFO: Epoch 146, Train Loss: 0.09593438690133167, Test Loss: 0.08636247355378035, Inverse Test Loss: 0.06728784785126195, Train R2: 0.987828226703586, Test R2: 0.9918501377105713, Inverse Test R2: 0.9918501377105713 
2026-01-27 14:01:13,425 INFO: Epoch 147, Train Loss: 0.09595848986822547, Test Loss: 0.08644543452696367, Inverse Test Loss: 0.06735248525034297, Train R2: 0.9880324349258885, Test R2: 0.9917944073677063, Inverse Test R2: 0.9917944073677063 
2026-01-27 14:01:24,521 INFO: Epoch 148, Train Loss: 0.09523030816379821, Test Loss: 0.08668880254933328, Inverse Test Loss: 0.06754210060744574, Train R2: 0.9879611256447706, Test R2: 0.9917629957199097, Inverse Test R2: 0.9917629957199097 
2026-01-27 14:01:35,531 INFO: Epoch 149, Train Loss: 0.09589861440613415, Test Loss: 0.08545781513958266, Inverse Test Loss: 0.06658299899462497, Train R2: 0.9877698358261224, Test R2: 0.9919734001159668, Inverse Test R2: 0.9919734001159668 
2026-01-27 14:01:46,690 INFO: Epoch 150, Train Loss: 0.09523819508313229, Test Loss: 0.08570798938021515, Inverse Test Loss: 0.06677791532693488, Train R2: 0.9882034939346891, Test R2: 0.9919366240501404, Inverse Test R2: 0.9919366240501404 
2026-01-27 14:01:57,763 INFO: Epoch 151, Train Loss: 0.09502199611090349, Test Loss: 0.0856637918587887, Inverse Test Loss: 0.06674348032384207, Train R2: 0.9881291159174659, Test R2: 0.9919508099555969, Inverse Test R2: 0.9919508099555969 
2026-01-27 14:02:08,854 INFO: Epoch 152, Train Loss: 0.09529050467818072, Test Loss: 0.0860209468413483, Inverse Test Loss: 0.06702175251010692, Train R2: 0.9880937184348251, Test R2: 0.9918790459632874, Inverse Test R2: 0.9918790459632874 
2026-01-27 14:02:20,056 INFO: Epoch 153, Train Loss: 0.09471326564071757, Test Loss: 0.08721698131976706, Inverse Test Loss: 0.06795362112197009, Train R2: 0.9881746579300273, Test R2: 0.9916691780090332, Inverse Test R2: 0.9916691780090332 
2026-01-27 14:02:31,242 INFO: Epoch 154, Train Loss: 0.09538039878349412, Test Loss: 0.08529404618523338, Inverse Test Loss: 0.06645539899667104, Train R2: 0.9880685065731858, Test R2: 0.99201899766922, Inverse Test R2: 0.99201899766922 
2026-01-27 14:02:42,303 INFO: Epoch 155, Train Loss: 0.09450286750992139, Test Loss: 0.08608309969757542, Inverse Test Loss: 0.06707017654270837, Train R2: 0.9881880540739406, Test R2: 0.9918938875198364, Inverse Test R2: 0.9918938875198364 
2026-01-27 14:02:53,378 INFO: Epoch 156, Train Loss: 0.09557914767752994, Test Loss: 0.08600395037369295, Inverse Test Loss: 0.06700850944175865, Train R2: 0.9881508255546744, Test R2: 0.9918705821037292, Inverse Test R2: 0.9918705821037292 
2026-01-27 14:03:04,363 INFO: Epoch 157, Train Loss: 0.09500075244542325, Test Loss: 0.08722074702382088, Inverse Test Loss: 0.06795655484452393, Train R2: 0.9880018839330384, Test R2: 0.9916996359825134, Inverse Test R2: 0.9916996359825134 
2026-01-27 14:03:15,472 INFO: Epoch 158, Train Loss: 0.0944784911292972, Test Loss: 0.08675541672291177, Inverse Test Loss: 0.06759400135188391, Train R2: 0.9883155014478799, Test R2: 0.9917665719985962, Inverse Test R2: 0.9917665719985962 
2026-01-27 14:03:26,521 INFO: Epoch 159, Train Loss: 0.0949682363054969, Test Loss: 0.08572648646253528, Inverse Test Loss: 0.06679232870087479, Train R2: 0.9880603393822005, Test R2: 0.9919458627700806, Inverse Test R2: 0.9919458627700806 
2026-01-27 14:03:37,532 INFO: Epoch 160, Train Loss: 0.09633795567082637, Test Loss: 0.08651085988138661, Inverse Test Loss: 0.06740345975214784, Train R2: 0.98752743592768, Test R2: 0.9918297529220581, Inverse Test R2: 0.9918297529220581 
2026-01-27 14:03:48,589 INFO: Epoch 161, Train Loss: 0.09431206593007753, Test Loss: 0.08622345000956998, Inverse Test Loss: 0.06717952826257909, Train R2: 0.9882859221913598, Test R2: 0.9918818473815918, Inverse Test R2: 0.9918818473815918 
2026-01-27 14:03:59,767 INFO: Epoch 162, Train Loss: 0.09402197139394103, Test Loss: 0.08487232785784837, Inverse Test Loss: 0.06612682500571916, Train R2: 0.9882627350814415, Test R2: 0.9920881390571594, Inverse Test R2: 0.9920881390571594 
2026-01-27 14:04:10,905 INFO: Epoch 163, Train Loss: 0.09506510548067815, Test Loss: 0.08569078802159338, Inverse Test Loss: 0.0667645146675182, Train R2: 0.9881315213261228, Test R2: 0.9919823408126831, Inverse Test R2: 0.9919823408126831 
2026-01-27 14:04:22,015 INFO: Epoch 164, Train Loss: 0.09386053847882783, Test Loss: 0.08640416260018494, Inverse Test Loss: 0.06732032922181216, Train R2: 0.9884031428532167, Test R2: 0.9918627738952637, Inverse Test R2: 0.9918627738952637 
2026-01-27 14:04:33,080 INFO: Epoch 165, Train Loss: 0.09339811232392535, Test Loss: 0.08609382864652258, Inverse Test Loss: 0.0670785347394871, Train R2: 0.9884950545701113, Test R2: 0.9918782114982605, Inverse Test R2: 0.9918782114982605 
2026-01-27 14:04:44,111 INFO: Epoch 166, Train Loss: 0.09439878095167153, Test Loss: 0.08622280937252623, Inverse Test Loss: 0.06717902884790392, Train R2: 0.9883960634469986, Test R2: 0.9918980598449707, Inverse Test R2: 0.9918980598449707 
2026-01-27 14:04:55,380 INFO: Epoch 167, Train Loss: 0.0945762215238629, Test Loss: 0.08614779783017708, Inverse Test Loss: 0.06712058581637614, Train R2: 0.9882839024066925, Test R2: 0.9918870329856873, Inverse Test R2: 0.9918870329856873 
2026-01-27 14:05:06,551 INFO: Epoch 168, Train Loss: 0.09480321235164549, Test Loss: 0.08812660091754163, Inverse Test Loss: 0.06866233829747546, Train R2: 0.988055912382675, Test R2: 0.991550624370575, Inverse Test R2: 0.991550624370575 
2026-01-27 14:05:17,731 INFO: Epoch 169, Train Loss: 0.0926187385550954, Test Loss: 0.08691931199846846, Inverse Test Loss: 0.06772169843316078, Train R2: 0.9884261746298183, Test R2: 0.9916935563087463, Inverse Test R2: 0.9916935563087463 
2026-01-27 14:05:28,937 INFO: Epoch 170, Train Loss: 0.09315235071787328, Test Loss: 0.08726832530263698, Inverse Test Loss: 0.06799362441807082, Train R2: 0.9881317502621448, Test R2: 0.9916970133781433, Inverse Test R2: 0.9916970133781433 
2026-01-27 14:05:39,995 INFO: Epoch 171, Train Loss: 0.09351060553594973, Test Loss: 0.08525314261064385, Inverse Test Loss: 0.0664235299283808, Train R2: 0.9886424618236946, Test R2: 0.9920098185539246, Inverse Test R2: 0.9920098185539246 
2026-01-27 14:05:51,012 INFO: Epoch 172, Train Loss: 0.0956479383519653, Test Loss: 0.08882762051441452, Inverse Test Loss: 0.0692085236536734, Train R2: 0.9882274274573182, Test R2: 0.991429328918457, Inverse Test R2: 0.991429328918457 
2026-01-27 14:06:02,118 INFO: Epoch 173, Train Loss: 0.09413847138145656, Test Loss: 0.08564348913954967, Inverse Test Loss: 0.06672766093503345, Train R2: 0.9883802063537367, Test R2: 0.9919018745422363, Inverse Test R2: 0.9919018745422363 
2026-01-27 14:06:13,212 INFO: Epoch 174, Train Loss: 0.0941073251888156, Test Loss: 0.08689117442929384, Inverse Test Loss: 0.06769977340644057, Train R2: 0.9880736054796161, Test R2: 0.9917595386505127, Inverse Test R2: 0.9917595982551575 
2026-01-27 14:06:24,401 INFO: Epoch 175, Train Loss: 0.09275817137324449, Test Loss: 0.0862034098668532, Inverse Test Loss: 0.06716391636115132, Train R2: 0.9885801551016894, Test R2: 0.9918725490570068, Inverse Test R2: 0.9918725490570068 
2026-01-27 14:06:35,564 INFO: Epoch 176, Train Loss: 0.0934134026368459, Test Loss: 0.08960918799945802, Inverse Test Loss: 0.06981746852397919, Train R2: 0.9885670064073621, Test R2: 0.9913220405578613, Inverse Test R2: 0.9913220405578613 
2026-01-27 14:06:46,670 INFO: Epoch 177, Train Loss: 0.09199568386556524, Test Loss: 0.08688546751033176, Inverse Test Loss: 0.06769532947377725, Train R2: 0.9884806392770825, Test R2: 0.9917548298835754, Inverse Test R2: 0.9917548298835754 
2026-01-27 14:06:57,802 INFO: Epoch 178, Train Loss: 0.09330828214120684, Test Loss: 0.08810074300025449, Inverse Test Loss: 0.06864219023422762, Train R2: 0.9882777974461064, Test R2: 0.9915701746940613, Inverse Test R2: 0.9915701746940613 
2026-01-27 14:07:08,893 INFO: Epoch 179, Train Loss: 0.09225159821410973, Test Loss: 0.08746344957387808, Inverse Test Loss: 0.06814565340226347, Train R2: 0.9885602182511127, Test R2: 0.9916075468063354, Inverse Test R2: 0.9916075468063354 
2026-01-27 14:07:19,917 INFO: Epoch 180, Train Loss: 0.09350284660291491, Test Loss: 0.0865199568145203, Inverse Test Loss: 0.06741054864092307, Train R2: 0.9884367928360448, Test R2: 0.9917370676994324, Inverse Test R2: 0.9917370676994324 
2026-01-27 14:07:31,023 INFO: Epoch 181, Train Loss: 0.09284799726623477, Test Loss: 0.08602762685129137, Inverse Test Loss: 0.06702695606332837, Train R2: 0.9884289968194384, Test R2: 0.9918845295906067, Inverse Test R2: 0.9918845295906067 
2026-01-27 14:07:42,128 INFO: Epoch 182, Train Loss: 0.09432016417497036, Test Loss: 0.0855515528131615, Inverse Test Loss: 0.06665603173050014, Train R2: 0.9883609034798362, Test R2: 0.9919441342353821, Inverse Test R2: 0.9919441342353821 
2026-01-27 14:07:53,234 INFO: Epoch 183, Train Loss: 0.09279048059022788, Test Loss: 0.08870069818063216, Inverse Test Loss: 0.06910963142008493, Train R2: 0.9885439014796055, Test R2: 0.9913763999938965, Inverse Test R2: 0.9913763999938965 
2026-01-27 14:08:04,295 INFO: Epoch 184, Train Loss: 0.0934625794885285, Test Loss: 0.08664447588450981, Inverse Test Loss: 0.0675075634410887, Train R2: 0.9883359571297964, Test R2: 0.9917715191841125, Inverse Test R2: 0.9917715191841125 
2026-01-27 14:08:15,353 INFO: Epoch 185, Train Loss: 0.0924358671869744, Test Loss: 0.08601977755174492, Inverse Test Loss: 0.06702084026553413, Train R2: 0.9886591922153126, Test R2: 0.9918615221977234, Inverse Test R2: 0.9918615221977234 
2026-01-27 14:08:26,490 INFO: Epoch 186, Train Loss: 0.09183492107937734, Test Loss: 0.08776561769120621, Inverse Test Loss: 0.06838108237945673, Train R2: 0.9887513595096993, Test R2: 0.9916025400161743, Inverse Test R2: 0.9916025400161743 
2026-01-27 14:08:37,583 INFO: Epoch 187, Train Loss: 0.09261364472860639, Test Loss: 0.0870323780585419, Inverse Test Loss: 0.06780979274348779, Train R2: 0.9885726729125688, Test R2: 0.9917364120483398, Inverse Test R2: 0.9917364120483398 
2026-01-27 14:08:48,652 INFO: Epoch 188, Train Loss: 0.09172715658717083, Test Loss: 0.08623729488163283, Inverse Test Loss: 0.06719031726772134, Train R2: 0.9888043322346427, Test R2: 0.991866409778595, Inverse Test R2: 0.991866409778595 
2026-01-27 14:08:59,729 INFO: Epoch 189, Train Loss: 0.09315221906272751, Test Loss: 0.08652694004051613, Inverse Test Loss: 0.06741598801630916, Train R2: 0.9884755132776318, Test R2: 0.9917794466018677, Inverse Test R2: 0.9917794466018677 
2026-01-27 14:09:10,701 INFO: Epoch 190, Train Loss: 0.09409969929379947, Test Loss: 0.08672416887500069, Inverse Test Loss: 0.06756965364470627, Train R2: 0.9877217150095737, Test R2: 0.9917614459991455, Inverse Test R2: 0.9917614459991455 
2026-01-27 14:09:21,795 INFO: Epoch 191, Train Loss: 0.09250369992558703, Test Loss: 0.08766702099731474, Inverse Test Loss: 0.0683042627166618, Train R2: 0.988524421597972, Test R2: 0.9915165305137634, Inverse Test R2: 0.9915165305137634 
2026-01-27 14:09:32,941 INFO: Epoch 192, Train Loss: 0.09173127021076101, Test Loss: 0.08827432109550996, Inverse Test Loss: 0.06877743114124645, Train R2: 0.9888703579252417, Test R2: 0.991499125957489, Inverse Test R2: 0.991499125957489 
2026-01-27 14:09:44,191 INFO: Epoch 193, Train Loss: 0.09196095549586145, Test Loss: 0.08628657877896771, Inverse Test Loss: 0.0672287153023662, Train R2: 0.9887219283616904, Test R2: 0.9918322563171387, Inverse Test R2: 0.9918322563171387 
2026-01-27 14:09:55,264 INFO: Epoch 194, Train Loss: 0.09143411026646693, Test Loss: 0.08784962208433585, Inverse Test Loss: 0.06844653076294696, Train R2: 0.9887354468757455, Test R2: 0.9915831089019775, Inverse Test R2: 0.9915831089019775 
2026-01-27 14:10:06,390 INFO: Epoch 195, Train Loss: 0.09241550209734475, Test Loss: 0.0877588324700341, Inverse Test Loss: 0.06837579619252321, Train R2: 0.9885840723008821, Test R2: 0.9915563464164734, Inverse Test R2: 0.9915563464164734 
2026-01-27 14:10:17,626 INFO: Epoch 196, Train Loss: 0.09169081400967005, Test Loss: 0.08695395347295386, Inverse Test Loss: 0.06774868748404762, Train R2: 0.9889078099619258, Test R2: 0.9916738271713257, Inverse Test R2: 0.9916738271713257 
2026-01-27 14:10:28,755 INFO: Epoch 197, Train Loss: 0.09105567659505388, Test Loss: 0.08709437309792548, Inverse Test Loss: 0.06785809440594731, Train R2: 0.9887184631643873, Test R2: 0.991704523563385, Inverse Test R2: 0.991704523563385 
2026-01-27 14:10:39,886 INFO: Epoch 198, Train Loss: 0.09172974278529485, Test Loss: 0.08801970348665208, Inverse Test Loss: 0.06857904916008313, Train R2: 0.9888204471631483, Test R2: 0.9915605187416077, Inverse Test R2: 0.9915605187416077 
2026-01-27 14:10:51,173 INFO: Epoch 199, Train Loss: 0.09194807623597709, Test Loss: 0.08757612978418668, Inverse Test Loss: 0.06823344618985147, Train R2: 0.9885859078530109, Test R2: 0.991658091545105, Inverse Test R2: 0.991658091545105 
2026-01-27 14:11:02,349 INFO: Epoch 200, Train Loss: 0.09270903420154795, Test Loss: 0.09075900946151126, Inverse Test Loss: 0.07071333152778221, Train R2: 0.9886223502231367, Test R2: 0.9909132122993469, Inverse Test R2: 0.9909132122993469 
2026-01-27 14:11:02,350 INFO: Best Epoch 100, Best Test Loss: 0.08426573883854982, Inv Test Loss: 0.06565421368136551, Best Test R2: 0.9921570420265198 
2026-01-27 14:11:13,599 INFO: Epoch 201, Train Loss: 0.0914870420132171, Test Loss: 0.0875539815787113, Inverse Test Loss: 0.06821618917765039, Train R2: 0.9887167386936419, Test R2: 0.9916067719459534, Inverse Test R2: 0.9916067719459534 
2026-01-27 14:11:24,632 INFO: Epoch 202, Train Loss: 0.09099618565629829, Test Loss: 0.09065743377714446, Inverse Test Loss: 0.07063419191223202, Train R2: 0.9888378061128386, Test R2: 0.9909610748291016, Inverse Test R2: 0.9909610748291016 
2026-01-27 14:11:35,908 INFO: Epoch 203, Train Loss: 0.0897878623200637, Test Loss: 0.08732967744722511, Inverse Test Loss: 0.06804142610141725, Train R2: 0.9889499328353188, Test R2: 0.9916147589683533, Inverse Test R2: 0.991614818572998 
2026-01-27 14:11:47,078 INFO: Epoch 204, Train Loss: 0.09069062648058841, Test Loss: 0.0891905664042993, Inverse Test Loss: 0.06949130626338901, Train R2: 0.9890611379435568, Test R2: 0.9913309216499329, Inverse Test R2: 0.9913309216499329 
2026-01-27 14:11:58,167 INFO: Epoch 205, Train Loss: 0.09237181211849957, Test Loss: 0.08837274936112491, Inverse Test Loss: 0.06885412087043126, Train R2: 0.9886601933024146, Test R2: 0.9914981126785278, Inverse Test R2: 0.9914981126785278 
2026-01-27 14:12:09,230 INFO: Epoch 206, Train Loss: 0.09018776139639544, Test Loss: 0.08709541685653455, Inverse Test Loss: 0.0678589070836703, Train R2: 0.9888571880080483, Test R2: 0.9917100667953491, Inverse Test R2: 0.9917100667953491 
2026-01-27 14:12:20,237 INFO: Epoch 207, Train Loss: 0.09028722543382284, Test Loss: 0.08676749219497044, Inverse Test Loss: 0.06760340962897647, Train R2: 0.9888191575353796, Test R2: 0.9917333126068115, Inverse Test R2: 0.9917333126068115 
2026-01-27 14:12:31,426 INFO: Epoch 208, Train Loss: 0.09127202045849779, Test Loss: 0.09924769096753815, Inverse Test Loss: 0.07732714182048132, Train R2: 0.9886289993018815, Test R2: 0.9881379008293152, Inverse Test R2: 0.9881379008293152 
2026-01-27 14:12:42,557 INFO: Epoch 209, Train Loss: 0.0905948689658985, Test Loss: 0.08908685906366869, Inverse Test Loss: 0.06941050539414088, Train R2: 0.9888865139448282, Test R2: 0.9913961291313171, Inverse Test R2: 0.9913961291313171 
2026-01-27 14:12:53,599 INFO: Epoch 210, Train Loss: 0.09113173175490263, Test Loss: 0.09277919058998425, Inverse Test Loss: 0.07228732120358583, Train R2: 0.9889002573309522, Test R2: 0.9904669523239136, Inverse Test R2: 0.9904669523239136 
2026-01-27 14:13:04,763 INFO: Epoch 211, Train Loss: 0.09060031009104216, Test Loss: 0.09113792397759178, Inverse Test Loss: 0.07100855581688159, Train R2: 0.988806482517358, Test R2: 0.9909804463386536, Inverse Test R2: 0.9909804463386536 
2026-01-27 14:13:16,076 INFO: Epoch 212, Train Loss: 0.09068555794091838, Test Loss: 0.09003859239094185, Inverse Test Loss: 0.0701520319915179, Train R2: 0.9888560911922744, Test R2: 0.9912315607070923, Inverse Test R2: 0.9912315607070923 
2026-01-27 14:13:27,234 INFO: Epoch 213, Train Loss: 0.09073900518882455, Test Loss: 0.08680119749271509, Inverse Test Loss: 0.06762966965184067, Train R2: 0.9888398313161099, Test R2: 0.9917287826538086, Inverse Test R2: 0.9917287826538086 
2026-01-27 14:13:38,293 INFO: Epoch 214, Train Loss: 0.0903610060781692, Test Loss: 0.08728420994046962, Inverse Test Loss: 0.06800600254174435, Train R2: 0.9889048893343318, Test R2: 0.9916601777076721, Inverse Test R2: 0.9916601777076721 
2026-01-27 14:13:49,576 INFO: Epoch 215, Train Loss: 0.08880585330453786, Test Loss: 0.09299075118068492, Inverse Test Loss: 0.07245215525229771, Train R2: 0.9892501596248511, Test R2: 0.9906432032585144, Inverse Test R2: 0.9906432032585144 
2026-01-27 14:14:00,700 INFO: Epoch 216, Train Loss: 0.0903334751668753, Test Loss: 0.09029795635830272, Inverse Test Loss: 0.07035411194418416, Train R2: 0.9891319432944963, Test R2: 0.9911551475524902, Inverse Test R2: 0.9911551475524902 
2026-01-27 14:14:11,981 INFO: Epoch 217, Train Loss: 0.09128093516284769, Test Loss: 0.08799030033476425, Inverse Test Loss: 0.06855614076961171, Train R2: 0.9888753154964158, Test R2: 0.9915890693664551, Inverse Test R2: 0.9915890693664551 
2026-01-27 14:14:23,012 INFO: Epoch 218, Train Loss: 0.0895881454149882, Test Loss: 0.0906547401664835, Inverse Test Loss: 0.07063209344491814, Train R2: 0.9888703854698123, Test R2: 0.9909771680831909, Inverse Test R2: 0.9909771680831909 
2026-01-27 14:14:34,033 INFO: Epoch 219, Train Loss: 0.08983673976564949, Test Loss: 0.0907595269382, Inverse Test Loss: 0.07071373735864957, Train R2: 0.989259919885433, Test R2: 0.9910589456558228, Inverse Test R2: 0.9910589456558228 
2026-01-27 14:14:45,209 INFO: Epoch 220, Train Loss: 0.09062975038294539, Test Loss: 0.08919592754858913, Inverse Test Loss: 0.06949548468445287, Train R2: 0.9888936118646101, Test R2: 0.9913318157196045, Inverse Test R2: 0.9913318157196045 
2026-01-27 14:14:56,381 INFO: Epoch 221, Train Loss: 0.08809586989721566, Test Loss: 0.08859717100858688, Inverse Test Loss: 0.06902897482117017, Train R2: 0.9892196804285049, Test R2: 0.9914218187332153, Inverse Test R2: 0.9914218187332153 
2026-01-27 14:15:07,384 INFO: Epoch 222, Train Loss: 0.08859257239171049, Test Loss: 0.08897100603490164, Inverse Test Loss: 0.0693202398040078, Train R2: 0.9894258452184272, Test R2: 0.9913026690483093, Inverse Test R2: 0.9913026690483093 
2026-01-27 14:15:18,396 INFO: Epoch 223, Train Loss: 0.09017691707633661, Test Loss: 0.08805761926553467, Inverse Test Loss: 0.0686085917281382, Train R2: 0.9891574825301315, Test R2: 0.991514265537262, Inverse Test R2: 0.991514265537262 
2026-01-27 14:15:29,464 INFO: Epoch 224, Train Loss: 0.08822101309443965, Test Loss: 0.08716420389034531, Inverse Test Loss: 0.06791250204498117, Train R2: 0.9893546555981492, Test R2: 0.991682231426239, Inverse Test R2: 0.991682231426239 
2026-01-27 14:15:40,579 INFO: Epoch 225, Train Loss: 0.0894870963512045, Test Loss: 0.09643878415226936, Inverse Test Loss: 0.07513863153078339, Train R2: 0.9892028407617048, Test R2: 0.9897907972335815, Inverse Test R2: 0.9897907972335815 
2026-01-27 14:15:51,734 INFO: Epoch 226, Train Loss: 0.08812709480072513, Test Loss: 0.08784481160568469, Inverse Test Loss: 0.06844278537865842, Train R2: 0.9892375324711655, Test R2: 0.9915522933006287, Inverse Test R2: 0.9915522933006287 
2026-01-27 14:16:02,853 INFO: Epoch 227, Train Loss: 0.08944912841825774, Test Loss: 0.08901305677312793, Inverse Test Loss: 0.06935300316774484, Train R2: 0.9891451520450187, Test R2: 0.9913163185119629, Inverse Test R2: 0.9913163781166077 
2026-01-27 14:16:13,888 INFO: Epoch 228, Train Loss: 0.0889698893226909, Test Loss: 0.08933039449832657, Inverse Test Loss: 0.06960025226527994, Train R2: 0.989305603684801, Test R2: 0.9912605881690979, Inverse Test R2: 0.9912605881690979 
2026-01-27 14:16:25,075 INFO: Epoch 229, Train Loss: 0.08960491266440261, Test Loss: 0.0889327572376439, Inverse Test Loss: 0.06929043804605801, Train R2: 0.9892311493555704, Test R2: 0.9913522005081177, Inverse Test R2: 0.9913522005081177 
2026-01-27 14:16:36,119 INFO: Epoch 230, Train Loss: 0.08934463495670845, Test Loss: 0.08710574020038951, Inverse Test Loss: 0.06786695021119984, Train R2: 0.989108889391928, Test R2: 0.9917353987693787, Inverse Test R2: 0.9917353987693787 
2026-01-27 14:16:47,305 INFO: Epoch 231, Train Loss: 0.08822659679660291, Test Loss: 0.08784391381072276, Inverse Test Loss: 0.06844208705605882, Train R2: 0.9894679030685714, Test R2: 0.9915561079978943, Inverse Test R2: 0.9915561079978943 
2026-01-27 14:16:58,631 INFO: Epoch 232, Train Loss: 0.08829472140606606, Test Loss: 0.09757117035262512, Inverse Test Loss: 0.07602091291637132, Train R2: 0.9893259993105223, Test R2: 0.9896054863929749, Inverse Test R2: 0.9896054863929749 
2026-01-27 14:17:09,747 INFO: Epoch 233, Train Loss: 0.08913770687738151, Test Loss: 0.09032403813167052, Inverse Test Loss: 0.07037443351564986, Train R2: 0.9891888734066125, Test R2: 0.9911378622055054, Inverse Test R2: 0.9911378622055054 
2026-01-27 14:17:20,805 INFO: Epoch 234, Train Loss: 0.0896908264099197, Test Loss: 0.09442859301061342, Inverse Test Loss: 0.07357242703437805, Train R2: 0.9891300454284205, Test R2: 0.9903101921081543, Inverse Test R2: 0.9903101921081543 
2026-01-27 14:17:31,928 INFO: Epoch 235, Train Loss: 0.08875030044917807, Test Loss: 0.08798703641602487, Inverse Test Loss: 0.0685535968478882, Train R2: 0.9891325804320249, Test R2: 0.9915642142295837, Inverse Test R2: 0.9915642142295837 
2026-01-27 14:17:43,169 INFO: Epoch 236, Train Loss: 0.08889793189750476, Test Loss: 0.09096964742198135, Inverse Test Loss: 0.07087744648257892, Train R2: 0.9891804185780612, Test R2: 0.9910312294960022, Inverse Test R2: 0.9910312294960022 
2026-01-27 14:17:54,167 INFO: Epoch 237, Train Loss: 0.08809945975063425, Test Loss: 0.08972526533585606, Inverse Test Loss: 0.06990790875120596, Train R2: 0.9893856942653656, Test R2: 0.9912246465682983, Inverse Test R2: 0.9912246465682983 
2026-01-27 14:18:05,225 INFO: Epoch 238, Train Loss: 0.087423172581828, Test Loss: 0.08870730865182298, Inverse Test Loss: 0.0691147841738932, Train R2: 0.989425594607989, Test R2: 0.9914101362228394, Inverse Test R2: 0.9914101362228394 
2026-01-27 14:18:16,313 INFO: Epoch 239, Train Loss: 0.08701080933326122, Test Loss: 0.08905838599259203, Inverse Test Loss: 0.0693883208388632, Train R2: 0.989545666810238, Test R2: 0.9913456439971924, Inverse Test R2: 0.9913456439971924 
2026-01-27 14:18:27,857 INFO: Epoch 240, Train Loss: 0.08729923316136454, Test Loss: 0.09241145160613638, Inverse Test Loss: 0.07200080528855324, Train R2: 0.9896187809380618, Test R2: 0.9905973076820374, Inverse Test R2: 0.9905973076820374 
2026-01-27 14:18:39,012 INFO: Epoch 241, Train Loss: 0.08823621840300885, Test Loss: 0.08727332915772092, Inverse Test Loss: 0.0679975242325754, Train R2: 0.9893571693788875, Test R2: 0.9916817545890808, Inverse Test R2: 0.9916817545890808 
2026-01-27 14:18:50,052 INFO: Epoch 242, Train Loss: 0.08876520976649993, Test Loss: 0.08866261544101166, Inverse Test Loss: 0.06907996377258589, Train R2: 0.9892520760044907, Test R2: 0.991388738155365, Inverse Test R2: 0.991388738155365 
2026-01-27 14:19:01,113 INFO: Epoch 243, Train Loss: 0.08732212430825739, Test Loss: 0.09039811383594167, Inverse Test Loss: 0.07043214729337981, Train R2: 0.989489574324001, Test R2: 0.9911309480667114, Inverse Test R2: 0.9911309480667114 
2026-01-27 14:19:12,254 INFO: Epoch 244, Train Loss: 0.0896549860692837, Test Loss: 0.08844265951351686, Inverse Test Loss: 0.0689085866465713, Train R2: 0.9891431218746937, Test R2: 0.991461455821991, Inverse Test R2: 0.991461455821991 
2026-01-27 14:19:23,249 INFO: Epoch 245, Train Loss: 0.08821993747330976, Test Loss: 0.0877220036857056, Inverse Test Loss: 0.06834710197466792, Train R2: 0.989386803724549, Test R2: 0.9916214346885681, Inverse Test R2: 0.9916214346885681 
2026-01-27 14:19:34,303 INFO: Epoch 246, Train Loss: 0.08750902296918811, Test Loss: 0.08861260364452998, Inverse Test Loss: 0.06904099610718814, Train R2: 0.9895584949038245, Test R2: 0.9914076924324036, Inverse Test R2: 0.9914076924324036 
2026-01-27 14:19:45,373 INFO: Epoch 247, Train Loss: 0.08918740532614967, Test Loss: 0.08990918449831731, Inverse Test Loss: 0.07005120768691554, Train R2: 0.9891635220159184, Test R2: 0.9911847710609436, Inverse Test R2: 0.9911847710609436 
2026-01-27 14:19:56,496 INFO: Epoch 248, Train Loss: 0.0881295981675838, Test Loss: 0.09781193541306438, Inverse Test Loss: 0.07620849832892418, Train R2: 0.9892156336343649, Test R2: 0.989659309387207, Inverse Test R2: 0.989659309387207 
2026-01-27 14:20:07,721 INFO: Epoch 249, Train Loss: 0.08808986362860058, Test Loss: 0.0903451344506307, Inverse Test Loss: 0.07039087028665976, Train R2: 0.9894077150207577, Test R2: 0.9911731481552124, Inverse Test R2: 0.9911731481552124 
2026-01-27 14:20:19,007 INFO: Epoch 250, Train Loss: 0.08793801969538133, Test Loss: 0.08828500872760107, Inverse Test Loss: 0.06878575851971452, Train R2: 0.9894140602061243, Test R2: 0.9914834499359131, Inverse Test R2: 0.9914834499359131 
2026-01-27 14:20:29,998 INFO: Epoch 251, Train Loss: 0.08649791542892203, Test Loss: 0.0900100486522371, Inverse Test Loss: 0.0701297941533002, Train R2: 0.9895010048692877, Test R2: 0.9911594390869141, Inverse Test R2: 0.9911594390869141 
2026-01-27 14:20:41,123 INFO: Epoch 252, Train Loss: 0.08827934109351852, Test Loss: 0.09397133789730794, Inverse Test Loss: 0.07321616341218803, Train R2: 0.9893482643546481, Test R2: 0.9903382658958435, Inverse Test R2: 0.9903382658958435 
2026-01-27 14:20:52,265 INFO: Epoch 253, Train Loss: 0.08756188156478333, Test Loss: 0.0895551431811217, Inverse Test Loss: 0.0697753621321736, Train R2: 0.9894750104709105, Test R2: 0.9912285804748535, Inverse Test R2: 0.9912285804748535 
2026-01-27 14:21:03,393 INFO: Epoch 254, Train Loss: 0.08709988220961708, Test Loss: 0.08792722563851964, Inverse Test Loss: 0.06850699730443233, Train R2: 0.9895445176146247, Test R2: 0.9915347695350647, Inverse Test R2: 0.9915347695350647 
2026-01-27 14:21:14,467 INFO: Epoch 255, Train Loss: 0.0872801627512231, Test Loss: 0.0890027332034978, Inverse Test Loss: 0.06934496060465321, Train R2: 0.9896032223195741, Test R2: 0.9913763403892517, Inverse Test R2: 0.9913763403892517 
2026-01-27 14:21:25,509 INFO: Epoch 256, Train Loss: 0.08634251008995554, Test Loss: 0.09022830810510751, Inverse Test Loss: 0.07029984744660782, Train R2: 0.9895428012717854, Test R2: 0.9912172555923462, Inverse Test R2: 0.9912172555923462 
2026-01-27 14:21:36,649 INFO: Epoch 257, Train Loss: 0.08991714058951898, Test Loss: 0.10184976797212254, Inverse Test Loss: 0.07935450609886285, Train R2: 0.9891053487857183, Test R2: 0.988847017288208, Inverse Test R2: 0.988847017288208 
2026-01-27 14:21:47,993 INFO: Epoch 258, Train Loss: 0.08891946794182966, Test Loss: 0.08986205460898804, Inverse Test Loss: 0.07001448445247882, Train R2: 0.9894800931215286, Test R2: 0.9911599159240723, Inverse Test R2: 0.9911599159240723 
2026-01-27 14:21:59,162 INFO: Epoch 259, Train Loss: 0.08717045822942798, Test Loss: 0.0912041947471373, Inverse Test Loss: 0.071060193307472, Train R2: 0.9895195626851284, Test R2: 0.9909903407096863, Inverse Test R2: 0.9909903407096863 
2026-01-27 14:22:10,274 INFO: Epoch 260, Train Loss: 0.08580224413537618, Test Loss: 0.0904337369808645, Inverse Test Loss: 0.07045990014166544, Train R2: 0.9897614830371105, Test R2: 0.9911102056503296, Inverse Test R2: 0.9911102056503296 
2026-01-27 14:22:21,458 INFO: Epoch 261, Train Loss: 0.08598938067866997, Test Loss: 0.0879467051814903, Inverse Test Loss: 0.06852217436288342, Train R2: 0.9896136301033425, Test R2: 0.9915156364440918, Inverse Test R2: 0.9915156364440918 
2026-01-27 14:22:32,664 INFO: Epoch 262, Train Loss: 0.08681788631347996, Test Loss: 0.0909594123562177, Inverse Test Loss: 0.07086947549021605, Train R2: 0.9895013412742903, Test R2: 0.9910052418708801, Inverse Test R2: 0.9910052418708801 
2026-01-27 14:22:43,773 INFO: Epoch 263, Train Loss: 0.08619108920296033, Test Loss: 0.0878979071523204, Inverse Test Loss: 0.06848415416298491, Train R2: 0.9896555854515596, Test R2: 0.9915632009506226, Inverse Test R2: 0.9915632009506226 
2026-01-27 14:22:54,879 INFO: Epoch 264, Train Loss: 0.08723357889914152, Test Loss: 0.09122619563431451, Inverse Test Loss: 0.0710773321263718, Train R2: 0.9894497489387338, Test R2: 0.9910126328468323, Inverse Test R2: 0.9910126328468323 
2026-01-27 14:23:06,104 INFO: Epoch 265, Train Loss: 0.08789737042829845, Test Loss: 0.08834266233624834, Inverse Test Loss: 0.06883067626393202, Train R2: 0.9894442418307969, Test R2: 0.9915097951889038, Inverse Test R2: 0.9915097951889038 
2026-01-27 14:23:17,282 INFO: Epoch 266, Train Loss: 0.08563253850760785, Test Loss: 0.08811541849916632, Inverse Test Loss: 0.06865362337592876, Train R2: 0.9896956984743928, Test R2: 0.991494357585907, Inverse Test R2: 0.991494357585907 
2026-01-27 14:23:28,523 INFO: Epoch 267, Train Loss: 0.08835480384754413, Test Loss: 0.09002019826209906, Inverse Test Loss: 0.07013770113840248, Train R2: 0.9893312806432898, Test R2: 0.9911472797393799, Inverse Test R2: 0.9911472797393799 
2026-01-27 14:23:39,693 INFO: Epoch 268, Train Loss: 0.08885007430658196, Test Loss: 0.0885281286230593, Inverse Test Loss: 0.06897518129059763, Train R2: 0.9892765811898492, Test R2: 0.9914658665657043, Inverse Test R2: 0.9914658665657043 
2026-01-27 14:23:50,789 INFO: Epoch 269, Train Loss: 0.08611905574798584, Test Loss: 0.08970890724749277, Inverse Test Loss: 0.06989516487175768, Train R2: 0.9895828438527656, Test R2: 0.9911905527114868, Inverse Test R2: 0.9911905527114868 
2026-01-27 14:24:01,918 INFO: Epoch 270, Train Loss: 0.08713345675531661, Test Loss: 0.08984780684113503, Inverse Test Loss: 0.07000338444204042, Train R2: 0.9896589856256138, Test R2: 0.9911544919013977, Inverse Test R2: 0.9911544919013977 
2026-01-27 14:24:13,328 INFO: Epoch 271, Train Loss: 0.08749170161106369, Test Loss: 0.09205507159684644, Inverse Test Loss: 0.0717231368250919, Train R2: 0.9895996063044576, Test R2: 0.9907296299934387, Inverse Test R2: 0.9907296299934387 
2026-01-27 14:24:24,376 INFO: Epoch 272, Train Loss: 0.08662267339726289, Test Loss: 0.09186539787686232, Inverse Test Loss: 0.07157535534916502, Train R2: 0.9896805886969422, Test R2: 0.9907634258270264, Inverse Test R2: 0.9907634258270264 
2026-01-27 14:24:35,583 INFO: Epoch 273, Train Loss: 0.08582240396715475, Test Loss: 0.08904969274546161, Inverse Test Loss: 0.06938154758377509, Train R2: 0.9896697876128283, Test R2: 0.9913501143455505, Inverse Test R2: 0.9913501143455505 
2026-01-27 14:24:46,744 INFO: Epoch 274, Train Loss: 0.08536996232402144, Test Loss: 0.08957729251547293, Inverse Test Loss: 0.069792618241274, Train R2: 0.989874588269176, Test R2: 0.9912225604057312, Inverse Test R2: 0.9912225604057312 
2026-01-27 14:24:58,713 INFO: Epoch 275, Train Loss: 0.08852568610260884, Test Loss: 0.0910458021769018, Inverse Test Loss: 0.07093678268067764, Train R2: 0.9889414039525118, Test R2: 0.990937352180481, Inverse Test R2: 0.990937352180481 
2026-01-27 14:25:10,291 INFO: Epoch 276, Train Loss: 0.08880198549366358, Test Loss: 0.0896954717058124, Inverse Test Loss: 0.069884696806019, Train R2: 0.9895000304236556, Test R2: 0.9912430047988892, Inverse Test R2: 0.9912430047988892 
2026-01-27 14:25:21,856 INFO: Epoch 277, Train Loss: 0.08789308007919427, Test Loss: 0.09350980265122472, Inverse Test Loss: 0.07285656588095607, Train R2: 0.9895018438498179, Test R2: 0.9904999136924744, Inverse Test R2: 0.9904999136924744 
2026-01-27 14:25:33,206 INFO: Epoch 278, Train Loss: 0.08846876448528333, Test Loss: 0.09154707656213731, Inverse Test Loss: 0.07132734313155666, Train R2: 0.9894146147099409, Test R2: 0.9908694624900818, Inverse Test R2: 0.9908694624900818 
2026-01-27 14:25:44,397 INFO: Epoch 279, Train Loss: 0.08687779183189075, Test Loss: 0.09161506186832082, Inverse Test Loss: 0.0713803106636712, Train R2: 0.9898157232638561, Test R2: 0.9909002780914307, Inverse Test R2: 0.9909002780914307 
2026-01-27 14:25:55,508 INFO: Epoch 280, Train Loss: 0.08625920672872753, Test Loss: 0.09095644950866699, Inverse Test Loss: 0.07086716502001791, Train R2: 0.9889395959449537, Test R2: 0.9909217953681946, Inverse Test R2: 0.9909217953681946 
2026-01-27 14:26:06,607 INFO: Epoch 281, Train Loss: 0.08502469017085704, Test Loss: 0.08675308311075876, Inverse Test Loss: 0.06759218408754378, Train R2: 0.9899924144600377, Test R2: 0.9917643070220947, Inverse Test R2: 0.9917643070220947 
2026-01-27 14:26:17,842 INFO: Epoch 282, Train Loss: 0.08563662354241718, Test Loss: 0.08950890239441034, Inverse Test Loss: 0.06973933281772064, Train R2: 0.9897721676212369, Test R2: 0.9913045167922974, Inverse Test R2: 0.9913045167922974 
2026-01-27 14:26:29,223 INFO: Epoch 283, Train Loss: 0.08436282204859184, Test Loss: 0.08869852024045857, Inverse Test Loss: 0.06910793742898738, Train R2: 0.9899407697446418, Test R2: 0.9914215803146362, Inverse Test R2: 0.9914215803146362 
2026-01-27 14:26:40,363 INFO: Epoch 284, Train Loss: 0.08476549350289685, Test Loss: 0.09115937837597096, Inverse Test Loss: 0.07102527311353972, Train R2: 0.9901787345156525, Test R2: 0.9909763336181641, Inverse Test R2: 0.9909763336181641 
2026-01-27 14:26:51,448 INFO: Epoch 285, Train Loss: 0.08606365895971205, Test Loss: 0.09015604176304558, Inverse Test Loss: 0.07024354307037411, Train R2: 0.9897230637795997, Test R2: 0.9911651015281677, Inverse Test R2: 0.9911651015281677 
2026-01-27 14:27:02,764 INFO: Epoch 286, Train Loss: 0.08508861953900619, Test Loss: 0.08985614562124918, Inverse Test Loss: 0.0700098808967706, Train R2: 0.9899474842981859, Test R2: 0.9912210702896118, Inverse Test R2: 0.9912210702896118 
2026-01-27 14:27:13,775 INFO: Epoch 287, Train Loss: 0.08505253064813036, Test Loss: 0.09038258603576457, Inverse Test Loss: 0.07042004890514142, Train R2: 0.9899799769574945, Test R2: 0.9911954402923584, Inverse Test R2: 0.9911954402923584 
2026-01-27 14:27:24,928 INFO: Epoch 288, Train Loss: 0.08547876075361714, Test Loss: 0.09289602495052597, Inverse Test Loss: 0.0723783511555556, Train R2: 0.9898122634851572, Test R2: 0.9905698299407959, Inverse Test R2: 0.9905698299407959 
2026-01-27 14:27:35,988 INFO: Epoch 289, Train Loss: 0.08500959574611801, Test Loss: 0.0899888849393888, Inverse Test Loss: 0.07011330477667577, Train R2: 0.9898818762916507, Test R2: 0.9912447929382324, Inverse Test R2: 0.9912447929382324 
2026-01-27 14:27:47,129 INFO: Epoch 290, Train Loss: 0.08436665461031777, Test Loss: 0.08916992231300383, Inverse Test Loss: 0.06947522102431818, Train R2: 0.989960462306485, Test R2: 0.9912962317466736, Inverse Test R2: 0.9912962317466736 
2026-01-27 14:27:58,118 INFO: Epoch 291, Train Loss: 0.08510028926486318, Test Loss: 0.08822387287562544, Inverse Test Loss: 0.06873812368421843, Train R2: 0.9898176766706236, Test R2: 0.9914772510528564, Inverse Test R2: 0.9914772510528564 
2026-01-27 14:28:09,181 INFO: Epoch 292, Train Loss: 0.0849826903731534, Test Loss: 0.09653748526717677, Inverse Test Loss: 0.07521553314996487, Train R2: 0.9900419423074434, Test R2: 0.989996075630188, Inverse Test R2: 0.989996075630188 
2026-01-27 14:28:20,319 INFO: Epoch 293, Train Loss: 0.08574623659704671, Test Loss: 0.09030977083426533, Inverse Test Loss: 0.0703633153303103, Train R2: 0.9898182831027291, Test R2: 0.9911626577377319, Inverse Test R2: 0.9911626577377319 
2026-01-27 14:28:31,590 INFO: Epoch 294, Train Loss: 0.08459418521008709, Test Loss: 0.09003934783465935, Inverse Test Loss: 0.07015262205492366, Train R2: 0.9901040512504, Test R2: 0.9912021160125732, Inverse Test R2: 0.9912021160125732 
2026-01-27 14:28:42,912 INFO: Epoch 295, Train Loss: 0.08461245976275567, Test Loss: 0.09048758650367911, Inverse Test Loss: 0.07050185898939769, Train R2: 0.9898783961931864, Test R2: 0.9910836815834045, Inverse Test R2: 0.9910836815834045 
2026-01-27 14:28:53,917 INFO: Epoch 296, Train Loss: 0.08719442135682612, Test Loss: 0.08835106997778922, Inverse Test Loss: 0.06883722656604016, Train R2: 0.9895405791925661, Test R2: 0.9915217757225037, Inverse Test R2: 0.9915217757225037 
2026-01-27 14:29:05,306 INFO: Epoch 297, Train Loss: 0.08446433925718973, Test Loss: 0.09008341124563506, Inverse Test Loss: 0.0701869512823495, Train R2: 0.9901338467995325, Test R2: 0.9911717176437378, Inverse Test R2: 0.9911717176437378 
2026-01-27 14:29:16,677 INFO: Epoch 298, Train Loss: 0.08596153579878085, Test Loss: 0.09109175814823671, Inverse Test Loss: 0.07097258791327477, Train R2: 0.9899519221349196, Test R2: 0.9910162687301636, Inverse Test R2: 0.9910162687301636 
2026-01-27 14:29:27,777 INFO: Epoch 299, Train Loss: 0.08337893035037047, Test Loss: 0.09080730604402946, Inverse Test Loss: 0.07075096181396281, Train R2: 0.9900780396931099, Test R2: 0.9910458922386169, Inverse Test R2: 0.9910458922386169 
2026-01-27 14:29:38,865 INFO: Epoch 300, Train Loss: 0.08487272468593085, Test Loss: 0.09093548921924649, Inverse Test Loss: 0.07085083425045013, Train R2: 0.9899589572892045, Test R2: 0.9910351634025574, Inverse Test R2: 0.9910351634025574 
2026-01-27 14:29:38,866 INFO: Best Epoch 100, Best Test Loss: 0.08426573883854982, Inv Test Loss: 0.06565421368136551, Best Test R2: 0.9921570420265198 
2026-01-27 14:29:49,951 INFO: Epoch 301, Train Loss: 0.08467609618762226, Test Loss: 0.08814363012259657, Inverse Test Loss: 0.0686756062010924, Train R2: 0.9901755294113448, Test R2: 0.9915186762809753, Inverse Test R2: 0.9915186762809753 
2026-01-27 14:30:01,067 INFO: Epoch 302, Train Loss: 0.08404810918551503, Test Loss: 0.09159895755124814, Inverse Test Loss: 0.07136776490193425, Train R2: 0.9901514206871842, Test R2: 0.9908394813537598, Inverse Test R2: 0.9908394813537598 
2026-01-27 14:30:12,110 INFO: Epoch 303, Train Loss: 0.08817837517144102, Test Loss: 0.08756010189200893, Inverse Test Loss: 0.06822095879099586, Train R2: 0.989454320434368, Test R2: 0.9916247725486755, Inverse Test R2: 0.9916247725486755 
2026-01-27 14:30:23,478 INFO: Epoch 304, Train Loss: 0.0854407400457245, Test Loss: 0.08959850747928474, Inverse Test Loss: 0.06980914667700276, Train R2: 0.990078759915901, Test R2: 0.9912591576576233, Inverse Test R2: 0.9912591576576233 
2026-01-27 14:30:34,560 INFO: Epoch 305, Train Loss: 0.08371940655916026, Test Loss: 0.08923047103665092, Inverse Test Loss: 0.06952239787488272, Train R2: 0.9900512306979208, Test R2: 0.9913341999053955, Inverse Test R2: 0.9913341999053955 
2026-01-27 14:30:45,633 INFO: Epoch 306, Train Loss: 0.08366584224682866, Test Loss: 0.08919296357216257, Inverse Test Loss: 0.06949317556890575, Train R2: 0.9901620587616256, Test R2: 0.991325318813324, Inverse Test R2: 0.991325318813324 
2026-01-27 14:30:56,759 INFO: Epoch 307, Train Loss: 0.08461926428770478, Test Loss: 0.08900793088656483, Inverse Test Loss: 0.06934900931788213, Train R2: 0.9900437914060823, Test R2: 0.9913848638534546, Inverse Test R2: 0.9913848638534546 
2026-01-27 14:31:08,032 INFO: Epoch 308, Train Loss: 0.08232535641979087, Test Loss: 0.09259153879953153, Inverse Test Loss: 0.07214111733165654, Train R2: 0.9901494848908801, Test R2: 0.9907271265983582, Inverse Test R2: 0.9907271265983582 
2026-01-27 14:31:19,131 INFO: Epoch 309, Train Loss: 0.08478058301702593, Test Loss: 0.08976594200640013, Inverse Test Loss: 0.06993959900556189, Train R2: 0.9897817463585825, Test R2: 0.9912703037261963, Inverse Test R2: 0.9912703037261963 
2026-01-27 14:31:30,316 INFO: Epoch 310, Train Loss: 0.08456616177026069, Test Loss: 0.08893819108153835, Inverse Test Loss: 0.06929467279802669, Train R2: 0.9900348376144062, Test R2: 0.9914174675941467, Inverse Test R2: 0.9914174675941467 
2026-01-27 14:31:41,433 INFO: Epoch 311, Train Loss: 0.08428424972137719, Test Loss: 0.08923797591617613, Inverse Test Loss: 0.06952824466156238, Train R2: 0.9900791938557769, Test R2: 0.9913365840911865, Inverse Test R2: 0.9913365840911865 
2026-01-27 14:31:52,550 INFO: Epoch 312, Train Loss: 0.08269308826349901, Test Loss: 0.09011416904854053, Inverse Test Loss: 0.07021091562328917, Train R2: 0.9902633794329383, Test R2: 0.9912113547325134, Inverse Test R2: 0.9912113547325134 
2026-01-27 14:32:03,806 INFO: Epoch 313, Train Loss: 0.08281320545145056, Test Loss: 0.09143356267701495, Inverse Test Loss: 0.07123889841816643, Train R2: 0.9902080721927412, Test R2: 0.9909525513648987, Inverse Test R2: 0.9909525513648987 
2026-01-27 14:32:15,198 INFO: Epoch 314, Train Loss: 0.08278387559182716, Test Loss: 0.09142726163069408, Inverse Test Loss: 0.07123399209795576, Train R2: 0.9903274539745215, Test R2: 0.9909572005271912, Inverse Test R2: 0.9909572005271912 
2026-01-27 14:32:26,584 INFO: Epoch 315, Train Loss: 0.08275811424986883, Test Loss: 0.09597290826566292, Inverse Test Loss: 0.07477565087152249, Train R2: 0.9903266615036762, Test R2: 0.9901009202003479, Inverse Test R2: 0.9901009202003479 
2026-01-27 14:32:37,644 INFO: Epoch 316, Train Loss: 0.08515328947793353, Test Loss: 0.08979778082081766, Inverse Test Loss: 0.06996440695542278, Train R2: 0.9899213300509886, Test R2: 0.9912296533584595, Inverse Test R2: 0.9912296533584595 
2026-01-27 14:32:48,927 INFO: Epoch 317, Train Loss: 0.08403232160278341, Test Loss: 0.09582819439696544, Inverse Test Loss: 0.07466290304155061, Train R2: 0.9901552195801879, Test R2: 0.9900137186050415, Inverse Test R2: 0.9900137186050415 
2026-01-27 14:33:00,084 INFO: Epoch 318, Train Loss: 0.08876856331798164, Test Loss: 0.0891827183465163, Inverse Test Loss: 0.06948519238468373, Train R2: 0.9893532494703928, Test R2: 0.9913273453712463, Inverse Test R2: 0.9913273453712463 
2026-01-27 14:33:11,313 INFO: Epoch 319, Train Loss: 0.08640142973286635, Test Loss: 0.08903604170138185, Inverse Test Loss: 0.06937091120264748, Train R2: 0.9897090494632721, Test R2: 0.9913505911827087, Inverse Test R2: 0.9913505911827087 
2026-01-27 14:33:22,872 INFO: Epoch 320, Train Loss: 0.0844422449273142, Test Loss: 0.09140236754760597, Inverse Test Loss: 0.07121459315672066, Train R2: 0.9900888818683047, Test R2: 0.9909929633140564, Inverse Test R2: 0.9909929633140564 
2026-01-27 14:33:34,507 INFO: Epoch 321, Train Loss: 0.0833134213462472, Test Loss: 0.09055403529694586, Inverse Test Loss: 0.07055363205797745, Train R2: 0.9901441931724548, Test R2: 0.991049587726593, Inverse Test R2: 0.991049587726593 
2026-01-27 14:33:45,714 INFO: Epoch 322, Train Loss: 0.08269413357431238, Test Loss: 0.09016892404267282, Inverse Test Loss: 0.07025357911532576, Train R2: 0.9905145592761763, Test R2: 0.9911765456199646, Inverse Test R2: 0.9911765456199646 
