2026-01-27 17:10:10,566 INFO: log_path:/logs_2026_1_27_HS_RMSE/AMFormer_simple_MLP_dim32_depth2_heads4_dropout0.4_fusion0.45_0.55_lr0.001_6A 
2026-01-27 17:10:10,567 INFO: Model:namespace(attn_dropout=0.4, categories=[], cluster=3, depth=2, dim=32, ff_dropout=0.4, groups=[54, 54, 54], heads=4, name='AMFormer_simple_MLP_dim32_depth2_heads4_dropout0.4_fusion0.45_0.55', num_cate=0, num_cont=20, num_special_tokens=1, out_dim=1, predictor='simple_MLP', prod_num_per_group=[6, 6, 6], qk_relu=False, static_fusion={'kan_weight': 0.45, 'trans_weight': 0.55}, sum_num_per_group=[32, 16, 8], target_mode='regression', token_descent=False, use_cls_token=True, use_prod=True, use_row_col_attention=True, use_sigmoid=True) 
2026-01-27 17:10:10,567 INFO: lr:0.001, loss:RMSE 
2026-01-27 17:10:10,567 INFO: Dataset:HS, Target:['metal6_Area'] 
2026-01-27 17:10:10,567 INFO: ------Begin Training Model------ 
2026-01-27 17:10:34,916 INFO: Epoch 1, Train Loss: 0.822194237149123, Test Loss: 0.6949651087775375, Inverse Test Loss: 2272.7043715968275, Train R2: 0.2207258894588008, Test R2: 0.3379358649253845, Inverse Test R2: 0.33793580532073975 
2026-01-27 17:10:46,814 INFO: Epoch 2, Train Loss: 0.6876637163487348, Test Loss: 0.5609064291823994, Inverse Test Loss: 1834.2999582001657, Train R2: 0.42058936709707434, Test R2: 0.6017508506774902, Inverse Test R2: 0.6017508506774902 
2026-01-27 17:10:58,602 INFO: Epoch 3, Train Loss: 0.6319969373218941, Test Loss: 0.655170274051753, Inverse Test Loss: 2142.565614642519, Train R2: 0.475077411442092, Test R2: 0.3725036382675171, Inverse Test R2: 0.3725035786628723 
2026-01-27 17:11:10,370 INFO: Epoch 4, Train Loss: 0.646481289330757, Test Loss: 0.5442881877675201, Inverse Test Loss: 1779.9542828184185, Train R2: 0.46488091123826575, Test R2: 0.6228574514389038, Inverse Test R2: 0.6228574514389038 
2026-01-27 17:11:22,178 INFO: Epoch 5, Train Loss: 0.6174053936970957, Test Loss: 0.585557246298501, Inverse Test Loss: 1914.914110588305, Train R2: 0.5182909328829158, Test R2: 0.5800268650054932, Inverse Test R2: 0.5800268650054932 
2026-01-27 17:11:33,885 INFO: Epoch 6, Train Loss: 0.6057073593591199, Test Loss: 0.5266368366552122, Inverse Test Loss: 1722.230048902107, Train R2: 0.4969550556305683, Test R2: 0.6378843784332275, Inverse Test R2: 0.6378843784332275 
2026-01-27 17:11:45,727 INFO: Epoch 7, Train Loss: 0.5933765292619214, Test Loss: 0.5295498447887825, Inverse Test Loss: 1731.7563217625473, Train R2: 0.5467630832484274, Test R2: 0.6434422731399536, Inverse Test R2: 0.6434422731399536 
2026-01-27 17:11:58,113 INFO: Epoch 8, Train Loss: 0.5896330457745176, Test Loss: 0.5173963922442812, Inverse Test Loss: 1692.0115744850852, Train R2: 0.5505190807761569, Test R2: 0.6515511870384216, Inverse Test R2: 0.6515511274337769 
2026-01-27 17:12:10,877 INFO: Epoch 9, Train Loss: 0.5764911304594893, Test Loss: 0.5125053326288859, Inverse Test Loss: 1676.0166015625, Train R2: 0.5609764565121044, Test R2: 0.6508195400238037, Inverse Test R2: 0.6508195400238037 
2026-01-27 17:12:23,326 INFO: Epoch 10, Train Loss: 0.5868159837343476, Test Loss: 0.5307119755130826, Inverse Test Loss: 1735.556768243963, Train R2: 0.5466459479295847, Test R2: 0.6392402648925781, Inverse Test R2: 0.6392402648925781 
2026-01-27 17:12:23,326 INFO: Best Epoch 9, Best Test Loss: 0.5125053326288859, Inv Test Loss: 1676.0166015625, Best Test R2: 0.6508195400238037 
2026-01-27 17:12:36,115 INFO: Epoch 11, Train Loss: 0.5827714578446114, Test Loss: 0.5162967935656056, Inverse Test Loss: 1688.4156327681108, Train R2: 0.5554291186007586, Test R2: 0.6500453948974609, Inverse Test R2: 0.6500453948974609 
2026-01-27 17:12:48,628 INFO: Epoch 12, Train Loss: 0.5834897841242227, Test Loss: 0.5015170736746355, Inverse Test Loss: 1640.0823863636363, Train R2: 0.5696037958065668, Test R2: 0.6631816625595093, Inverse Test R2: 0.6631816029548645 
2026-01-27 17:13:01,127 INFO: Epoch 13, Train Loss: 0.5853574752356067, Test Loss: 0.517115140503103, Inverse Test Loss: 1691.0918338660038, Train R2: 0.5453441838423411, Test R2: 0.6603015661239624, Inverse Test R2: 0.6603015661239624 
2026-01-27 17:13:13,470 INFO: Epoch 14, Train Loss: 0.5709104581990025, Test Loss: 0.5063968169869799, Inverse Test Loss: 1656.0403053977273, Train R2: 0.5380787587527073, Test R2: 0.658012330532074, Inverse Test R2: 0.6580122709274292 
2026-01-27 17:13:25,919 INFO: Epoch 15, Train Loss: 0.5757421663764751, Test Loss: 0.5028001024867549, Inverse Test Loss: 1644.2781815962358, Train R2: 0.5860639652519515, Test R2: 0.6547211408615112, Inverse Test R2: 0.6547211408615112 
2026-01-27 17:13:38,234 INFO: Epoch 16, Train Loss: 0.5760217881338163, Test Loss: 0.4901995740153573, Inverse Test Loss: 1603.0714000355113, Train R2: 0.5690611817620017, Test R2: 0.6861874461174011, Inverse Test R2: 0.6861875057220459 
2026-01-27 17:13:50,439 INFO: Epoch 17, Train Loss: 0.5724182599647478, Test Loss: 0.5065184610359597, Inverse Test Loss: 1656.4381362452652, Train R2: 0.5424493235169034, Test R2: 0.6644596457481384, Inverse Test R2: 0.6644595861434937 
2026-01-27 17:14:02,528 INFO: Epoch 18, Train Loss: 0.5703250041062181, Test Loss: 0.5123430558226325, Inverse Test Loss: 1675.4859489672112, Train R2: 0.5781455870830652, Test R2: 0.6497597098350525, Inverse Test R2: 0.6497596502304077 
2026-01-27 17:14:14,677 INFO: Epoch 19, Train Loss: 0.5722032467072661, Test Loss: 0.5128379951823842, Inverse Test Loss: 1677.1045023600261, Train R2: 0.5519077263095162, Test R2: 0.6253762245178223, Inverse Test R2: 0.6253762245178223 
2026-01-27 17:14:26,911 INFO: Epoch 20, Train Loss: 0.5621728476024035, Test Loss: 0.5452992988355232, Inverse Test Loss: 1783.2608254172585, Train R2: 0.6031123995780945, Test R2: 0.6252173185348511, Inverse Test R2: 0.6252173185348511 
2026-01-27 17:14:26,911 INFO: Best Epoch 16, Best Test Loss: 0.4901995740153573, Inv Test Loss: 1603.0714000355113, Best Test R2: 0.6861874461174011 
2026-01-27 17:14:39,210 INFO: Epoch 21, Train Loss: 0.5774775326929309, Test Loss: 0.4878116250038147, Inverse Test Loss: 1595.2622708407316, Train R2: 0.5403462336821989, Test R2: 0.6889520883560181, Inverse Test R2: 0.6889519691467285 
2026-01-27 17:14:51,549 INFO: Epoch 22, Train Loss: 0.5586964310795972, Test Loss: 0.5073550790548325, Inverse Test Loss: 1659.1740398984966, Train R2: 0.5727920590928106, Test R2: 0.638191819190979, Inverse Test R2: 0.638191819190979 
2026-01-27 17:15:03,909 INFO: Epoch 23, Train Loss: 0.56078165069674, Test Loss: 0.4983196303699956, Inverse Test Loss: 1629.6259025804925, Train R2: 0.6109352743986881, Test R2: 0.65879225730896, Inverse Test R2: 0.65879225730896 
2026-01-27 17:15:16,044 INFO: Epoch 24, Train Loss: 0.5625835949498595, Test Loss: 0.5184776810082522, Inverse Test Loss: 1695.5476434881036, Train R2: 0.5722001465884122, Test R2: 0.634125828742981, Inverse Test R2: 0.634125828742981 
2026-01-27 17:15:28,240 INFO: Epoch 25, Train Loss: 0.5604443617842414, Test Loss: 0.5093648076960535, Inverse Test Loss: 1665.7463813550544, Train R2: 0.5780739838426764, Test R2: 0.6328818798065186, Inverse Test R2: 0.6328818798065186 
2026-01-27 17:15:40,290 INFO: Epoch 26, Train Loss: 0.5666723648707072, Test Loss: 0.4832942034258987, Inverse Test Loss: 1580.4891940030184, Train R2: 0.5800902346769968, Test R2: 0.6792052984237671, Inverse Test R2: 0.6792052984237671 
2026-01-27 17:15:52,451 INFO: Epoch 27, Train Loss: 0.5642276398386016, Test Loss: 0.4900122817718621, Inverse Test Loss: 1602.4589492335465, Train R2: 0.5728441932887742, Test R2: 0.6736587882041931, Inverse Test R2: 0.6736587285995483 
2026-01-27 17:16:04,648 INFO: Epoch 28, Train Loss: 0.5646347831370253, Test Loss: 0.4844525736389738, Inverse Test Loss: 1584.2773382013495, Train R2: 0.5947352855494528, Test R2: 0.6979751586914062, Inverse Test R2: 0.6979751586914062 
2026-01-27 17:16:16,868 INFO: Epoch 29, Train Loss: 0.5566841017341975, Test Loss: 0.4929952657583988, Inverse Test Loss: 1612.2139911073627, Train R2: 0.5884633208766128, Test R2: 0.6710830926895142, Inverse Test R2: 0.6710830330848694 
2026-01-27 17:16:29,419 INFO: Epoch 30, Train Loss: 0.5522719216391896, Test Loss: 0.48877062942042493, Inverse Test Loss: 1598.3983829382694, Train R2: 0.594760766083544, Test R2: 0.6792883276939392, Inverse Test R2: 0.6792882680892944 
2026-01-27 17:16:29,419 INFO: Best Epoch 26, Best Test Loss: 0.4832942034258987, Inv Test Loss: 1580.4891940030184, Best Test R2: 0.6792052984237671 
2026-01-27 17:16:42,209 INFO: Epoch 31, Train Loss: 0.5689278647980907, Test Loss: 0.4886792275038632, Inverse Test Loss: 1598.09951134884, Train R2: 0.5929801802743565, Test R2: 0.681897759437561, Inverse Test R2: 0.681897759437561 
2026-01-27 17:16:54,688 INFO: Epoch 32, Train Loss: 0.5623329716424147, Test Loss: 0.49375140621806635, Inverse Test Loss: 1614.6867796002011, Train R2: 0.574847061977242, Test R2: 0.6628801822662354, Inverse Test R2: 0.6628801822662354 
2026-01-27 17:17:06,883 INFO: Epoch 33, Train Loss: 0.566178152958552, Test Loss: 0.48599309451652295, Inverse Test Loss: 1589.3152021928267, Train R2: 0.565244253837701, Test R2: 0.6761192083358765, Inverse Test R2: 0.6761190891265869 
2026-01-27 17:17:19,260 INFO: Epoch 34, Train Loss: 0.5497576971397256, Test Loss: 0.48865595505093085, Inverse Test Loss: 1598.0233801639442, Train R2: 0.6031699388316183, Test R2: 0.6721121072769165, Inverse Test R2: 0.6721120476722717 
2026-01-27 17:17:31,802 INFO: Epoch 35, Train Loss: 0.5467337588920738, Test Loss: 0.5104703970930793, Inverse Test Loss: 1669.3619800914419, Train R2: 0.613800741054795, Test R2: 0.637609601020813, Inverse Test R2: 0.637609601020813 
2026-01-27 17:17:44,496 INFO: Epoch 36, Train Loss: 0.5625817373846517, Test Loss: 0.4910391519467036, Inverse Test Loss: 1605.817012902462, Train R2: 0.5655268182357153, Test R2: 0.6692413091659546, Inverse Test R2: 0.6692413091659546 
2026-01-27 17:17:56,800 INFO: Epoch 37, Train Loss: 0.5463518937203017, Test Loss: 0.4873345625219923, Inverse Test Loss: 1593.7021169951468, Train R2: 0.6020519281878616, Test R2: 0.668133020401001, Inverse Test R2: 0.6681329607963562 
2026-01-27 17:18:09,051 INFO: Epoch 38, Train Loss: 0.5539782073235873, Test Loss: 0.4794112461985964, Inverse Test Loss: 1567.7909619880445, Train R2: 0.6168313586350643, Test R2: 0.6865405440330505, Inverse Test R2: 0.6865404844284058 
2026-01-27 17:18:21,276 INFO: Epoch 39, Train Loss: 0.5460618588734757, Test Loss: 0.48213200948455115, Inverse Test Loss: 1576.6885043057528, Train R2: 0.6101035195769686, Test R2: 0.6865121722221375, Inverse Test R2: 0.6865121126174927 
2026-01-27 17:18:33,538 INFO: Epoch 40, Train Loss: 0.5444133300898653, Test Loss: 0.4818460525888385, Inverse Test Loss: 1575.7533902254972, Train R2: 0.6194571523052274, Test R2: 0.6687483787536621, Inverse Test R2: 0.6687482595443726 
2026-01-27 17:18:33,539 INFO: Best Epoch 38, Best Test Loss: 0.4794112461985964, Inv Test Loss: 1567.7909619880445, Best Test R2: 0.6865405440330505 
2026-01-27 17:18:45,812 INFO: Epoch 41, Train Loss: 0.5693930491353526, Test Loss: 0.48380670402989245, Inverse Test Loss: 1582.165175929214, Train R2: 0.5767373817436623, Test R2: 0.6985888481140137, Inverse Test R2: 0.6985888481140137 
2026-01-27 17:18:58,297 INFO: Epoch 42, Train Loss: 0.5631824534273508, Test Loss: 0.48917139976313617, Inverse Test Loss: 1599.7090361624053, Train R2: 0.5536768707362089, Test R2: 0.6930285096168518, Inverse Test R2: 0.693028450012207 
2026-01-27 17:19:10,563 INFO: Epoch 43, Train Loss: 0.5478253849979603, Test Loss: 0.4803265852458549, Inverse Test Loss: 1570.7843544699929, Train R2: 0.6033607924526388, Test R2: 0.683404803276062, Inverse Test R2: 0.683404803276062 
2026-01-27 17:19:22,858 INFO: Epoch 44, Train Loss: 0.5686969346169269, Test Loss: 0.5121183566974871, Inverse Test Loss: 1674.7511051062381, Train R2: 0.5954475208665385, Test R2: 0.6021509170532227, Inverse Test R2: 0.6021509170532227 
2026-01-27 17:19:35,200 INFO: Epoch 45, Train Loss: 0.5660429260495937, Test Loss: 0.48821407646843884, Inverse Test Loss: 1596.5783626671994, Train R2: 0.5881083404475992, Test R2: 0.6720937490463257, Inverse Test R2: 0.6720937490463257 
2026-01-27 17:19:47,569 INFO: Epoch 46, Train Loss: 0.5469675415167303, Test Loss: 0.4960179613395171, Inverse Test Loss: 1622.0989694306345, Train R2: 0.5904720073396509, Test R2: 0.6547564268112183, Inverse Test R2: 0.6547564268112183 
2026-01-27 17:19:59,883 INFO: Epoch 47, Train Loss: 0.5505231966574987, Test Loss: 0.48428896159836743, Inverse Test Loss: 1583.7422402121804, Train R2: 0.6171764519178506, Test R2: 0.6810648441314697, Inverse Test R2: 0.6810648441314697 
2026-01-27 17:20:12,326 INFO: Epoch 48, Train Loss: 0.5527769319261565, Test Loss: 0.5107815644957803, Inverse Test Loss: 1670.3794907078598, Train R2: 0.6146849691867828, Test R2: 0.627846896648407, Inverse Test R2: 0.6278468370437622 
2026-01-27 17:20:24,654 INFO: Epoch 49, Train Loss: 0.549703110235207, Test Loss: 0.49268909882415424, Inverse Test Loss: 1611.2127657803621, Train R2: 0.5999102836305444, Test R2: 0.6606383323669434, Inverse Test R2: 0.6606383323669434 
2026-01-27 17:20:36,885 INFO: Epoch 50, Train Loss: 0.5497640584115729, Test Loss: 0.47323887140461895, Inverse Test Loss: 1547.6058025938091, Train R2: 0.6223013364907467, Test R2: 0.7013297080993652, Inverse Test R2: 0.7013297080993652 
2026-01-27 17:20:36,885 INFO: Best Epoch 50, Best Test Loss: 0.47323887140461895, Inv Test Loss: 1547.6058025938091, Best Test R2: 0.7013297080993652 
2026-01-27 17:20:49,386 INFO: Epoch 51, Train Loss: 0.547997337963545, Test Loss: 0.4815571673891761, Inverse Test Loss: 1574.8086816036339, Train R2: 0.6040991147359213, Test R2: 0.6706740856170654, Inverse Test R2: 0.6706740260124207 
2026-01-27 17:21:01,486 INFO: Epoch 52, Train Loss: 0.5570730276857362, Test Loss: 0.48170715164054523, Inverse Test Loss: 1575.2991305264559, Train R2: 0.6042149450742837, Test R2: 0.6809084415435791, Inverse Test R2: 0.6809084415435791 
2026-01-27 17:21:13,818 INFO: Epoch 53, Train Loss: 0.554957547535499, Test Loss: 0.48023529982928076, Inverse Test Loss: 1570.4858250473485, Train R2: 0.5850604777083253, Test R2: 0.6802815198898315, Inverse Test R2: 0.6802814602851868 
2026-01-27 17:21:26,325 INFO: Epoch 54, Train Loss: 0.543657733071031, Test Loss: 0.4709785702553662, Inverse Test Loss: 1540.2140983812737, Train R2: 0.6329057821721742, Test R2: 0.7036904692649841, Inverse Test R2: 0.7036904096603394 
2026-01-27 17:21:38,919 INFO: Epoch 55, Train Loss: 0.5525087400367765, Test Loss: 0.4825219511985779, Inverse Test Loss: 1577.9637136748343, Train R2: 0.5964884622530504, Test R2: 0.6754963397979736, Inverse Test R2: 0.6754963397979736 
2026-01-27 17:21:51,148 INFO: Epoch 56, Train Loss: 0.5516907593066042, Test Loss: 0.47958969076474506, Inverse Test Loss: 1568.3745135683002, Train R2: 0.609661926374291, Test R2: 0.693435549736023, Inverse Test R2: 0.693435549736023 
2026-01-27 17:22:03,491 INFO: Epoch 57, Train Loss: 0.5479131794788621, Test Loss: 0.47364934691877075, Inverse Test Loss: 1548.948116418087, Train R2: 0.6003329473914523, Test R2: 0.6905720233917236, Inverse Test R2: 0.6905720233917236 
2026-01-27 17:22:15,807 INFO: Epoch 58, Train Loss: 0.5468012119332949, Test Loss: 0.474125116611972, Inverse Test Loss: 1550.5040412671638, Train R2: 0.6119804143002538, Test R2: 0.7000156044960022, Inverse Test R2: 0.7000155448913574 
2026-01-27 17:22:28,022 INFO: Epoch 59, Train Loss: 0.5526576442926219, Test Loss: 0.4687705369609775, Inverse Test Loss: 1532.9932648629854, Train R2: 0.599698339899381, Test R2: 0.717242956161499, Inverse Test R2: 0.7172428965568542 
2026-01-27 17:22:40,168 INFO: Epoch 60, Train Loss: 0.5546479348206159, Test Loss: 0.4738676692500259, Inverse Test Loss: 1549.6621435916786, Train R2: 0.5837915295904333, Test R2: 0.7077182531356812, Inverse Test R2: 0.7077182531356812 
2026-01-27 17:22:40,169 INFO: Best Epoch 59, Best Test Loss: 0.4687705369609775, Inv Test Loss: 1532.9932648629854, Best Test R2: 0.717242956161499 
2026-01-27 17:22:52,341 INFO: Epoch 61, Train Loss: 0.5440861158298723, Test Loss: 0.4739249407341986, Inverse Test Loss: 1549.8494345925071, Train R2: 0.5940887756419905, Test R2: 0.6896124482154846, Inverse Test R2: 0.6896123886108398 
2026-01-27 17:23:04,591 INFO: Epoch 62, Train Loss: 0.5479332729045189, Test Loss: 0.47487028936545056, Inverse Test Loss: 1552.9409318403764, Train R2: 0.6033234704624523, Test R2: 0.6980188488960266, Inverse Test R2: 0.6980188488960266 
2026-01-27 17:23:16,864 INFO: Epoch 63, Train Loss: 0.5462146935363611, Test Loss: 0.47839723843516724, Inverse Test Loss: 1564.4749090021307, Train R2: 0.6144555716803579, Test R2: 0.6825276613235474, Inverse Test R2: 0.6825276613235474 
2026-01-27 17:23:29,062 INFO: Epoch 64, Train Loss: 0.5472433397715742, Test Loss: 0.5401734389138945, Inverse Test Loss: 1766.498037627249, Train R2: 0.6025289820902275, Test R2: 0.552507221698761, Inverse Test R2: 0.5525071620941162 
2026-01-27 17:23:41,221 INFO: Epoch 65, Train Loss: 0.5625895726861376, Test Loss: 0.5113653016812874, Inverse Test Loss: 1672.2884798916903, Train R2: 0.5991789183833383, Test R2: 0.6027161478996277, Inverse Test R2: 0.6027160882949829 
2026-01-27 17:23:53,490 INFO: Epoch 66, Train Loss: 0.5613027056961348, Test Loss: 0.48371938187064545, Inverse Test Loss: 1581.8796266497989, Train R2: 0.5953929830681194, Test R2: 0.6783829927444458, Inverse Test R2: 0.6783829927444458 
2026-01-27 17:24:05,956 INFO: Epoch 67, Train Loss: 0.5504923582528577, Test Loss: 0.4791176255905267, Inverse Test Loss: 1566.8307754054215, Train R2: 0.6047630973837592, Test R2: 0.6877920627593994, Inverse Test R2: 0.6877920031547546 
2026-01-27 17:24:18,437 INFO: Epoch 68, Train Loss: 0.5406457700512626, Test Loss: 0.48082477034944476, Inverse Test Loss: 1572.4135455507221, Train R2: 0.6278228556567972, Test R2: 0.689399003982544, Inverse Test R2: 0.689399003982544 
2026-01-27 17:24:30,761 INFO: Epoch 69, Train Loss: 0.5510618605396964, Test Loss: 0.48452886939048767, Inverse Test Loss: 1584.5268064556699, Train R2: 0.6069620486461755, Test R2: 0.6866892576217651, Inverse Test R2: 0.6866892576217651 
2026-01-27 17:24:43,664 INFO: Epoch 70, Train Loss: 0.5349752334031191, Test Loss: 0.4667997947244933, Inverse Test Loss: 1526.5484489672112, Train R2: 0.6083560378262491, Test R2: 0.6953113079071045, Inverse Test R2: 0.6953113079071045 
2026-01-27 17:24:43,665 INFO: Best Epoch 70, Best Test Loss: 0.4667997947244933, Inv Test Loss: 1526.5484489672112, Best Test R2: 0.6953113079071045 
2026-01-27 17:24:56,062 INFO: Epoch 71, Train Loss: 0.5385621642750321, Test Loss: 0.4701999755519809, Inverse Test Loss: 1537.6678771972656, Train R2: 0.6246474516211133, Test R2: 0.6956994533538818, Inverse Test R2: 0.6956994533538818 
2026-01-27 17:25:08,676 INFO: Epoch 72, Train Loss: 0.5447836716969808, Test Loss: 0.481178673379349, Inverse Test Loss: 1573.5709025065105, Train R2: 0.5876984749779557, Test R2: 0.6867384910583496, Inverse Test R2: 0.6867384910583496 
2026-01-27 17:25:20,846 INFO: Epoch 73, Train Loss: 0.5495056646565596, Test Loss: 0.4708605828610333, Inverse Test Loss: 1539.8282017563329, Train R2: 0.6212127800240661, Test R2: 0.6949447989463806, Inverse Test R2: 0.6949447393417358 
2026-01-27 17:25:33,177 INFO: Epoch 74, Train Loss: 0.5376726060428403, Test Loss: 0.47264792612104706, Inverse Test Loss: 1545.6732371937144, Train R2: 0.5997695091998938, Test R2: 0.6949948072433472, Inverse Test R2: 0.6949948072433472 
2026-01-27 17:25:45,472 INFO: Epoch 75, Train Loss: 0.5459497548978437, Test Loss: 0.49711370648759784, Inverse Test Loss: 1625.6822972153172, Train R2: 0.6172504221851175, Test R2: 0.6566816568374634, Inverse Test R2: 0.6566815972328186 
2026-01-27 17:25:57,699 INFO: Epoch 76, Train Loss: 0.552088314949563, Test Loss: 0.4883845764579195, Inverse Test Loss: 1597.1359206690934, Train R2: 0.6241902162631353, Test R2: 0.682831883430481, Inverse Test R2: 0.682831883430481 
2026-01-27 17:26:10,089 INFO: Epoch 77, Train Loss: 0.5453087629919703, Test Loss: 0.495853168946324, Inverse Test Loss: 1621.5600456468987, Train R2: 0.6181326883308815, Test R2: 0.6437669992446899, Inverse Test R2: 0.6437668800354004 
2026-01-27 17:26:22,389 INFO: Epoch 78, Train Loss: 0.5453615044102524, Test Loss: 0.5602562955834649, Inverse Test Loss: 1832.1738651160038, Train R2: 0.6164758516983553, Test R2: 0.5107961893081665, Inverse Test R2: 0.5107961893081665 
2026-01-27 17:26:34,758 INFO: Epoch 79, Train Loss: 0.5417402772740885, Test Loss: 0.4777193277171164, Inverse Test Loss: 1562.258017800071, Train R2: 0.6346079580711596, Test R2: 0.6919049024581909, Inverse Test R2: 0.6919049024581909 
2026-01-27 17:26:47,108 INFO: Epoch 80, Train Loss: 0.5419511831167972, Test Loss: 0.48924195630983874, Inverse Test Loss: 1599.9397767962832, Train R2: 0.617109171368859, Test R2: 0.6772691607475281, Inverse Test R2: 0.6772691011428833 
2026-01-27 17:26:47,108 INFO: Best Epoch 70, Best Test Loss: 0.4667997947244933, Inv Test Loss: 1526.5484489672112, Best Test R2: 0.6953113079071045 
2026-01-27 17:26:59,540 INFO: Epoch 81, Train Loss: 0.5372535673280557, Test Loss: 0.47402520748701965, Inverse Test Loss: 1550.17734411991, Train R2: 0.6251406994732943, Test R2: 0.6955591440200806, Inverse Test R2: 0.6955591440200806 
2026-01-27 17:27:11,977 INFO: Epoch 82, Train Loss: 0.5470869617367332, Test Loss: 0.49440545520999213, Inverse Test Loss: 1616.8255892666903, Train R2: 0.6169041760943152, Test R2: 0.6509298086166382, Inverse Test R2: 0.6509298086166382 
2026-01-27 17:27:24,367 INFO: Epoch 83, Train Loss: 0.5379054633279642, Test Loss: 0.484354104282278, Inverse Test Loss: 1583.9552843498461, Train R2: 0.6471783618132273, Test R2: 0.690833330154419, Inverse Test R2: 0.690833330154419 
2026-01-27 17:27:37,007 INFO: Epoch 84, Train Loss: 0.5421526503156532, Test Loss: 0.4721306435989611, Inverse Test Loss: 1543.9816339666193, Train R2: 0.610542198473757, Test R2: 0.7019716501235962, Inverse Test R2: 0.7019716501235962 
2026-01-27 17:27:49,662 INFO: Epoch 85, Train Loss: 0.5376458088444038, Test Loss: 0.48675971545956354, Inverse Test Loss: 1591.8222258596709, Train R2: 0.602479666019931, Test R2: 0.6610559225082397, Inverse Test R2: 0.6610559225082397 
2026-01-27 17:28:01,912 INFO: Epoch 86, Train Loss: 0.5484129144161036, Test Loss: 0.46979144170428766, Inverse Test Loss: 1536.3318333481297, Train R2: 0.6328717610149672, Test R2: 0.7015219330787659, Inverse Test R2: 0.7015218734741211 
2026-01-27 17:28:14,228 INFO: Epoch 87, Train Loss: 0.5362191571656502, Test Loss: 0.477276062875083, Inverse Test Loss: 1560.8083912242544, Train R2: 0.6128205349951079, Test R2: 0.6838436126708984, Inverse Test R2: 0.6838436126708984 
2026-01-27 17:28:26,578 INFO: Epoch 88, Train Loss: 0.5430097538187648, Test Loss: 0.47450363410241675, Inverse Test Loss: 1551.7419091426964, Train R2: 0.5859301297953634, Test R2: 0.6841821670532227, Inverse Test R2: 0.6841821670532227 
2026-01-27 17:28:39,019 INFO: Epoch 89, Train Loss: 0.5325658010939757, Test Loss: 0.4648812070037379, Inverse Test Loss: 1520.2742263331559, Train R2: 0.6528301907308174, Test R2: 0.7117420434951782, Inverse Test R2: 0.7117419838905334 
2026-01-27 17:28:51,211 INFO: Epoch 90, Train Loss: 0.5342135591376008, Test Loss: 0.4727843507672801, Inverse Test Loss: 1546.1193856904001, Train R2: 0.6160777784658201, Test R2: 0.6849960088729858, Inverse Test R2: 0.6849960088729858 
2026-01-27 17:28:51,211 INFO: Best Epoch 89, Best Test Loss: 0.4648812070037379, Inv Test Loss: 1520.2742263331559, Best Test R2: 0.7117420434951782 
2026-01-27 17:29:03,531 INFO: Epoch 91, Train Loss: 0.5343779125674204, Test Loss: 0.48355494575067, Inverse Test Loss: 1581.3418606844816, Train R2: 0.634015323989319, Test R2: 0.670058012008667, Inverse Test R2: 0.6700579524040222 
2026-01-27 17:29:15,930 INFO: Epoch 92, Train Loss: 0.5342925589418772, Test Loss: 0.4679696767619162, Inverse Test Loss: 1530.3742934718277, Train R2: 0.6410317822839274, Test R2: 0.6980825662612915, Inverse Test R2: 0.6980825662612915 
2026-01-27 17:29:28,227 INFO: Epoch 93, Train Loss: 0.5486742486104821, Test Loss: 0.46184793927452783, Inverse Test Loss: 1510.3547039609966, Train R2: 0.5995423111951712, Test R2: 0.7124451398849487, Inverse Test R2: 0.7124451398849487 
2026-01-27 17:29:40,574 INFO: Epoch 94, Train Loss: 0.5339529956832076, Test Loss: 0.4802004053737178, Inverse Test Loss: 1570.3717262961648, Train R2: 0.6142529235644774, Test R2: 0.6752755045890808, Inverse Test R2: 0.675275444984436 
2026-01-27 17:29:52,924 INFO: Epoch 95, Train Loss: 0.5377572547418602, Test Loss: 0.47178808712598047, Inverse Test Loss: 1542.8614011822324, Train R2: 0.6144571805542166, Test R2: 0.6904016733169556, Inverse Test R2: 0.6904016733169556 
2026-01-27 17:30:05,446 INFO: Epoch 96, Train Loss: 0.5320594463158738, Test Loss: 0.48446069025632105, Inverse Test Loss: 1584.3038515033145, Train R2: 0.62622874343034, Test R2: 0.6636971235275269, Inverse Test R2: 0.6636971235275269 
2026-01-27 17:30:17,729 INFO: Epoch 97, Train Loss: 0.5288187677435803, Test Loss: 0.46367696740410547, Inverse Test Loss: 1516.3360198049834, Train R2: 0.6554725237868049, Test R2: 0.7077512741088867, Inverse Test R2: 0.7077512145042419 
2026-01-27 17:30:30,256 INFO: Epoch 98, Train Loss: 0.5434297828963308, Test Loss: 0.4672846748973384, Inverse Test Loss: 1528.1341441761363, Train R2: 0.5968073073661688, Test R2: 0.7041739225387573, Inverse Test R2: 0.7041738033294678 
2026-01-27 17:30:42,482 INFO: Epoch 99, Train Loss: 0.5232816629789092, Test Loss: 0.5372727246898593, Inverse Test Loss: 1757.0120350230825, Train R2: 0.6111437353220853, Test R2: 0.5510103702545166, Inverse Test R2: 0.5510103702545166 
2026-01-27 17:30:54,808 INFO: Epoch 100, Train Loss: 0.5363484738451062, Test Loss: 0.4647325954654, Inverse Test Loss: 1519.7882172555635, Train R2: 0.6460941709352263, Test R2: 0.6975802779197693, Inverse Test R2: 0.6975802779197693 
2026-01-27 17:30:54,808 INFO: Best Epoch 93, Best Test Loss: 0.46184793927452783, Inv Test Loss: 1510.3547039609966, Best Test R2: 0.7124451398849487 
2026-01-27 17:31:07,153 INFO: Epoch 101, Train Loss: 0.5416388064622879, Test Loss: 0.4656960873892813, Inverse Test Loss: 1522.9390767415364, Train R2: 0.605868777090853, Test R2: 0.6985008716583252, Inverse Test R2: 0.6985008716583252 
2026-01-27 17:31:19,580 INFO: Epoch 102, Train Loss: 0.5285024837110982, Test Loss: 0.5601610816789396, Inverse Test Loss: 1831.8624720717921, Train R2: 0.6302040774713863, Test R2: 0.48412656784057617, Inverse Test R2: 0.4841265082359314 
2026-01-27 17:31:32,005 INFO: Epoch 103, Train Loss: 0.5440112049832488, Test Loss: 0.46519001415281586, Inverse Test Loss: 1521.2840761126895, Train R2: 0.6239999934579387, Test R2: 0.7063899040222168, Inverse Test R2: 0.706389844417572 
2026-01-27 17:31:44,232 INFO: Epoch 104, Train Loss: 0.5401746749200604, Test Loss: 0.4635399706435926, Inverse Test Loss: 1515.8880485765862, Train R2: 0.6268083398992365, Test R2: 0.7091602087020874, Inverse Test R2: 0.7091602087020874 
2026-01-27 17:31:56,596 INFO: Epoch 105, Train Loss: 0.5348113489647707, Test Loss: 0.46551591835238715, Inverse Test Loss: 1522.349862763376, Train R2: 0.6458236882180879, Test R2: 0.7071664333343506, Inverse Test R2: 0.7071664333343506 
2026-01-27 17:32:08,997 INFO: Epoch 106, Train Loss: 0.5387222205824924, Test Loss: 0.471407027407126, Inverse Test Loss: 1541.6152214281487, Train R2: 0.6307397403500297, Test R2: 0.7007859945297241, Inverse Test R2: 0.7007859349250793 
2026-01-27 17:32:21,260 INFO: Epoch 107, Train Loss: 0.5339047204928867, Test Loss: 0.4770200658928264, Inverse Test Loss: 1559.971239494555, Train R2: 0.6366487515695167, Test R2: 0.6854926347732544, Inverse Test R2: 0.6854926347732544 
2026-01-27 17:32:33,499 INFO: Epoch 108, Train Loss: 0.5348810478480477, Test Loss: 0.4768165760871136, Inverse Test Loss: 1559.3057445179331, Train R2: 0.6299979962182768, Test R2: 0.6928773522377014, Inverse Test R2: 0.6928773522377014 
2026-01-27 17:32:45,895 INFO: Epoch 109, Train Loss: 0.5297527021982453, Test Loss: 0.4560329218705495, Inverse Test Loss: 1491.3381560354521, Train R2: 0.6461596416704583, Test R2: 0.7258803248405457, Inverse Test R2: 0.7258802652359009 
2026-01-27 17:32:58,146 INFO: Epoch 110, Train Loss: 0.5288474314817877, Test Loss: 0.4707021424264619, Inverse Test Loss: 1539.3100558194246, Train R2: 0.6275076681014263, Test R2: 0.707711935043335, Inverse Test R2: 0.7077118158340454 
2026-01-27 17:32:58,147 INFO: Best Epoch 109, Best Test Loss: 0.4560329218705495, Inv Test Loss: 1491.3381560354521, Best Test R2: 0.7258803248405457 
2026-01-27 17:33:10,295 INFO: Epoch 111, Train Loss: 0.5401579130892501, Test Loss: 0.4649873637791836, Inverse Test Loss: 1520.6213462136009, Train R2: 0.6109563920534018, Test R2: 0.7067543268203735, Inverse Test R2: 0.7067543268203735 
2026-01-27 17:33:22,519 INFO: Epoch 112, Train Loss: 0.5302652948056207, Test Loss: 0.4517031248771783, Inverse Test Loss: 1477.1786942915483, Train R2: 0.6465684040026232, Test R2: 0.7302979230880737, Inverse Test R2: 0.7302979230880737 
2026-01-27 17:33:34,794 INFO: Epoch 113, Train Loss: 0.5305651086523677, Test Loss: 0.46532564677975397, Inverse Test Loss: 1521.7276481859612, Train R2: 0.619599461555481, Test R2: 0.7025644779205322, Inverse Test R2: 0.7025644779205322 
2026-01-27 17:33:47,106 INFO: Epoch 114, Train Loss: 0.5235518003164819, Test Loss: 0.4717964945417462, Inverse Test Loss: 1542.8888697768703, Train R2: 0.6099488084966486, Test R2: 0.6870118379592896, Inverse Test R2: 0.6870118379592896 
2026-01-27 17:33:59,499 INFO: Epoch 115, Train Loss: 0.5355987040833994, Test Loss: 0.4884803432858352, Inverse Test Loss: 1597.449111476089, Train R2: 0.6089516042759924, Test R2: 0.6556431651115417, Inverse Test R2: 0.655643105506897 
2026-01-27 17:34:11,792 INFO: Epoch 116, Train Loss: 0.5260787870396267, Test Loss: 0.4599369664986928, Inverse Test Loss: 1504.1053587017636, Train R2: 0.6536262387579138, Test R2: 0.7093489170074463, Inverse Test R2: 0.7093489170074463 
2026-01-27 17:34:24,202 INFO: Epoch 117, Train Loss: 0.5390535204135107, Test Loss: 0.47059830210425635, Inverse Test Loss: 1538.9705218690815, Train R2: 0.6044017776395335, Test R2: 0.6784838438034058, Inverse Test R2: 0.6784838438034058 
2026-01-27 17:34:36,532 INFO: Epoch 118, Train Loss: 0.533748589568969, Test Loss: 0.46462008266737964, Inverse Test Loss: 1519.420282537287, Train R2: 0.6221269897439263, Test R2: 0.7036986351013184, Inverse Test R2: 0.7036986351013184 
2026-01-27 17:34:48,704 INFO: Epoch 119, Train Loss: 0.5259460149840876, Test Loss: 0.45939028308247076, Inverse Test Loss: 1502.3175529711175, Train R2: 0.6423359590046334, Test R2: 0.7095254063606262, Inverse Test R2: 0.7095253467559814 
2026-01-27 17:35:01,027 INFO: Epoch 120, Train Loss: 0.5236461822395072, Test Loss: 0.4502684871355693, Inverse Test Loss: 1472.4870577725496, Train R2: 0.6553096947344866, Test R2: 0.7200381755828857, Inverse Test R2: 0.7200381755828857 
2026-01-27 17:35:01,027 INFO: Best Epoch 120, Best Test Loss: 0.4502684871355693, Inv Test Loss: 1472.4870577725496, Best Test R2: 0.7200381755828857 
2026-01-27 17:35:13,335 INFO: Epoch 121, Train Loss: 0.5357294534191941, Test Loss: 0.46851918372240936, Inverse Test Loss: 1532.1712859182646, Train R2: 0.6099676814946261, Test R2: 0.6997284889221191, Inverse Test R2: 0.6997284889221191 
2026-01-27 17:35:25,647 INFO: Epoch 122, Train Loss: 0.517229511204994, Test Loss: 0.4649922816139279, Inverse Test Loss: 1520.6374456232245, Train R2: 0.6358865675601092, Test R2: 0.7012507915496826, Inverse Test R2: 0.7012506723403931 
2026-01-27 17:35:37,808 INFO: Epoch 123, Train Loss: 0.5306099218626817, Test Loss: 0.4596121360858281, Inverse Test Loss: 1503.043085271662, Train R2: 0.6104232131531744, Test R2: 0.712780237197876, Inverse Test R2: 0.712780237197876 
2026-01-27 17:35:50,071 INFO: Epoch 124, Train Loss: 0.5325098553615989, Test Loss: 0.4635759275971037, Inverse Test Loss: 1516.005615234375, Train R2: 0.6271503387075482, Test R2: 0.7131576538085938, Inverse Test R2: 0.7131576538085938 
2026-01-27 17:36:02,320 INFO: Epoch 125, Train Loss: 0.5226824881904053, Test Loss: 0.47198233821175317, Inverse Test Loss: 1543.4966578628078, Train R2: 0.6339269271402648, Test R2: 0.6818381547927856, Inverse Test R2: 0.6818381547927856 
2026-01-27 17:36:14,560 INFO: Epoch 126, Train Loss: 0.5355010530488058, Test Loss: 0.4595410634170879, Inverse Test Loss: 1502.8106106844816, Train R2: 0.5950216696117864, Test R2: 0.7133663892745972, Inverse Test R2: 0.7133663892745972 
2026-01-27 17:36:27,016 INFO: Epoch 127, Train Loss: 0.5172481127083302, Test Loss: 0.46239411876057135, Inverse Test Loss: 1512.1408053311434, Train R2: 0.6207979077642615, Test R2: 0.7114759087562561, Inverse Test R2: 0.7114758491516113 
2026-01-27 17:36:39,306 INFO: Epoch 128, Train Loss: 0.5200766565447504, Test Loss: 0.47050366166866187, Inverse Test Loss: 1538.6609839237099, Train R2: 0.6237108454559789, Test R2: 0.7005870342254639, Inverse Test R2: 0.7005869746208191 
2026-01-27 17:36:51,554 INFO: Epoch 129, Train Loss: 0.5265605108756007, Test Loss: 0.46885386470592383, Inverse Test Loss: 1533.2657868356416, Train R2: 0.5948907218196176, Test R2: 0.6900802850723267, Inverse Test R2: 0.6900801658630371 
2026-01-27 17:37:03,794 INFO: Epoch 130, Train Loss: 0.5322454143879991, Test Loss: 0.4599886288245519, Inverse Test Loss: 1504.274295691288, Train R2: 0.6391189902117758, Test R2: 0.7142153978347778, Inverse Test R2: 0.7142153978347778 
2026-01-27 17:37:03,794 INFO: Best Epoch 120, Best Test Loss: 0.4502684871355693, Inv Test Loss: 1472.4870577725496, Best Test R2: 0.7200381755828857 
2026-01-27 17:37:16,096 INFO: Epoch 131, Train Loss: 0.5311767700495142, Test Loss: 0.5146587829698216, Inverse Test Loss: 1683.058963660038, Train R2: 0.6303844194520604, Test R2: 0.6217725872993469, Inverse Test R2: 0.6217725276947021 
2026-01-27 17:37:28,452 INFO: Epoch 132, Train Loss: 0.5280943495983427, Test Loss: 0.4597530432722785, Inverse Test Loss: 1503.5038775819721, Train R2: 0.60121330167308, Test R2: 0.7217934131622314, Inverse Test R2: 0.7217934131622314 
2026-01-27 17:37:40,694 INFO: Epoch 133, Train Loss: 0.5163647178560495, Test Loss: 0.4580597182114919, Inverse Test Loss: 1497.966299345999, Train R2: 0.6318039180654468, Test R2: 0.7205272316932678, Inverse Test R2: 0.720527172088623 
2026-01-27 17:37:53,087 INFO: Epoch 134, Train Loss: 0.5235334057925325, Test Loss: 0.4483479220758785, Inverse Test Loss: 1466.2063811331084, Train R2: 0.6093135259368203, Test R2: 0.7353007793426514, Inverse Test R2: 0.7353007793426514 
2026-01-27 17:38:05,478 INFO: Epoch 135, Train Loss: 0.5227050877204447, Test Loss: 0.45044625076380646, Inverse Test Loss: 1473.0683917421284, Train R2: 0.6237022109103926, Test R2: 0.7276105880737305, Inverse Test R2: 0.7276105880737305 
2026-01-27 17:38:13,709 INFO: Epoch 136, Train Loss: 0.5215916605384061, Test Loss: 0.4569700107429967, Inverse Test Loss: 1494.4026590983074, Train R2: 0.6181309715364919, Test R2: 0.7146192789077759, Inverse Test R2: 0.7146192789077759 
2026-01-27 17:38:21,777 INFO: Epoch 137, Train Loss: 0.5178333294549675, Test Loss: 0.46357976306568494, Inverse Test Loss: 1516.0181755297112, Train R2: 0.616937078761332, Test R2: 0.6950767040252686, Inverse Test R2: 0.6950767040252686 
2026-01-27 17:38:29,844 INFO: Epoch 138, Train Loss: 0.5148649108455037, Test Loss: 0.44788089259104297, Inverse Test Loss: 1464.6790669759114, Train R2: 0.656664944507859, Test R2: 0.7383568286895752, Inverse Test R2: 0.7383568286895752 
2026-01-27 17:38:37,880 INFO: Epoch 139, Train Loss: 0.5128107862264821, Test Loss: 0.4510426945758588, Inverse Test Loss: 1475.0189088763614, Train R2: 0.6316429272745595, Test R2: 0.7274094820022583, Inverse Test R2: 0.7274094820022583 
2026-01-27 17:38:45,918 INFO: Epoch 140, Train Loss: 0.517996236456163, Test Loss: 0.4429665514917085, Inverse Test Loss: 1448.6079915364583, Train R2: 0.6456424756483599, Test R2: 0.7390166521072388, Inverse Test R2: 0.7390166521072388 
2026-01-27 17:38:45,918 INFO: Best Epoch 140, Best Test Loss: 0.4429665514917085, Inv Test Loss: 1448.6079915364583, Best Test R2: 0.7390166521072388 
2026-01-27 17:38:51,059 INFO: Epoch 141, Train Loss: 0.528255618826458, Test Loss: 0.4497718991655292, Inverse Test Loss: 1470.8631129409328, Train R2: 0.5744293196634813, Test R2: 0.7266228199005127, Inverse Test R2: 0.7266228199005127 
2026-01-27 17:38:55,576 INFO: Epoch 142, Train Loss: 0.5234809694529483, Test Loss: 0.4540914703499187, Inverse Test Loss: 1484.9891616358902, Train R2: 0.6267878390622862, Test R2: 0.7229717969894409, Inverse Test R2: 0.7229717969894409 
2026-01-27 17:39:00,063 INFO: Epoch 143, Train Loss: 0.5182797018099915, Test Loss: 0.5788763641859546, Inverse Test Loss: 1893.065995649858, Train R2: 0.5998577439423763, Test R2: 0.4585729241371155, Inverse Test R2: 0.4585728049278259 
2026-01-27 17:39:04,776 INFO: Epoch 144, Train Loss: 0.5381374915666652, Test Loss: 0.4592911133711988, Inverse Test Loss: 1501.9932667125356, Train R2: 0.6218888651240956, Test R2: 0.7096710205078125, Inverse Test R2: 0.7096710205078125 
2026-01-27 17:39:09,245 INFO: Epoch 145, Train Loss: 0.5270375581175992, Test Loss: 0.44870609451423993, Inverse Test Loss: 1467.3776781486742, Train R2: 0.6172006265683607, Test R2: 0.7270047664642334, Inverse Test R2: 0.7270047068595886 
2026-01-27 17:39:13,729 INFO: Epoch 146, Train Loss: 0.5164659950656422, Test Loss: 0.4500898542729291, Inverse Test Loss: 1471.9029263583097, Train R2: 0.6343161048311176, Test R2: 0.7301950454711914, Inverse Test R2: 0.7301949262619019 
2026-01-27 17:39:18,389 INFO: Epoch 147, Train Loss: 0.5215411313781233, Test Loss: 0.4529486136002974, Inverse Test Loss: 1481.2517672452059, Train R2: 0.616561854427511, Test R2: 0.7205221056938171, Inverse Test R2: 0.7205220460891724 
2026-01-27 17:39:22,826 INFO: Epoch 148, Train Loss: 0.5201086006832846, Test Loss: 0.4518528187816793, Inverse Test Loss: 1477.6682184392755, Train R2: 0.5947040942582217, Test R2: 0.7242777347564697, Inverse Test R2: 0.7242777347564697 
2026-01-27 17:39:27,350 INFO: Epoch 149, Train Loss: 0.514648768937949, Test Loss: 0.44573096163345105, Inverse Test Loss: 1457.6482636422822, Train R2: 0.6493028515216076, Test R2: 0.7321755290031433, Inverse Test R2: 0.7321754693984985 
2026-01-27 17:39:31,968 INFO: Epoch 150, Train Loss: 0.5106399238786914, Test Loss: 0.4513581690914703, Inverse Test Loss: 1476.0506009188566, Train R2: 0.6464865320559704, Test R2: 0.7235441207885742, Inverse Test R2: 0.7235441207885742 
2026-01-27 17:39:31,968 INFO: Best Epoch 140, Best Test Loss: 0.4429665514917085, Inv Test Loss: 1448.6079915364583, Best Test R2: 0.7390166521072388 
