2026-01-27 17:09:47,594 INFO: log_path:/logs_2026_1_27_HS_RMSE/AMFormer_simple_MLP_dim32_depth2_heads4_dropout0.4_fusion0.45_0.55_lr0.001_4A 
2026-01-27 17:09:47,594 INFO: Model:namespace(attn_dropout=0.4, categories=[], cluster=3, depth=2, dim=32, ff_dropout=0.4, groups=[54, 54, 54], heads=4, name='AMFormer_simple_MLP_dim32_depth2_heads4_dropout0.4_fusion0.45_0.55', num_cate=0, num_cont=20, num_special_tokens=1, out_dim=1, predictor='simple_MLP', prod_num_per_group=[6, 6, 6], qk_relu=False, static_fusion={'kan_weight': 0.45, 'trans_weight': 0.55}, sum_num_per_group=[32, 16, 8], target_mode='regression', token_descent=False, use_cls_token=True, use_prod=True, use_row_col_attention=True, use_sigmoid=True) 
2026-01-27 17:09:47,595 INFO: lr:0.001, loss:RMSE 
2026-01-27 17:09:47,595 INFO: Dataset:HS, Target:['metal4_Area'] 
2026-01-27 17:09:47,595 INFO: ------Begin Training Model------ 
2026-01-27 17:09:55,354 INFO: Epoch 1, Train Loss: 0.4127370414860321, Test Loss: 0.28507648408412933, Inverse Test Loss: 2083.950761274858, Train R2: 0.8013639138503508, Test R2: 0.9175747036933899, Inverse Test R2: 0.9175747036933899 
2026-01-27 17:09:59,764 INFO: Epoch 2, Train Loss: 0.2600461652107311, Test Loss: 0.23566823430133588, Inverse Test Loss: 1722.7692168264678, Train R2: 0.9301867164445646, Test R2: 0.9438105821609497, Inverse Test R2: 0.9438106417655945 
2026-01-27 17:10:05,347 INFO: Epoch 3, Train Loss: 0.22909197798281006, Test Loss: 0.21344058531703372, Inverse Test Loss: 1560.2818825461648, Train R2: 0.9462822219639113, Test R2: 0.9540705680847168, Inverse Test R2: 0.9540705680847168 
2026-01-27 17:10:13,171 INFO: Epoch 4, Train Loss: 0.2125102382040385, Test Loss: 0.19283093602368326, Inverse Test Loss: 1409.6223181522255, Train R2: 0.9539909475680554, Test R2: 0.9624885320663452, Inverse Test R2: 0.9624885320663452 
2026-01-27 17:10:22,289 INFO: Epoch 5, Train Loss: 0.19916470698786504, Test Loss: 0.18814163226069827, Inverse Test Loss: 1375.342851118608, Train R2: 0.9593304224086531, Test R2: 0.9642817378044128, Inverse Test R2: 0.9642817378044128 
2026-01-27 17:10:32,951 INFO: Epoch 6, Train Loss: 0.19063961551044928, Test Loss: 0.17636690672599908, Inverse Test Loss: 1289.2678777521307, Train R2: 0.9628780150052273, Test R2: 0.9686418771743774, Inverse Test R2: 0.9686418771743774 
2026-01-27 17:10:43,897 INFO: Epoch 7, Train Loss: 0.188919925328457, Test Loss: 0.19047089417775473, Inverse Test Loss: 1392.370069099195, Train R2: 0.9634580291581877, Test R2: 0.9633809924125671, Inverse Test R2: 0.9633809924125671 
2026-01-27 17:10:54,728 INFO: Epoch 8, Train Loss: 0.18061728606169875, Test Loss: 0.17165294063813757, Inverse Test Loss: 1254.808086973248, Train R2: 0.9666802029718052, Test R2: 0.9702320098876953, Inverse Test R2: 0.9702320098876953 
2026-01-27 17:11:05,363 INFO: Epoch 9, Train Loss: 0.1778348253080339, Test Loss: 0.16626205724297147, Inverse Test Loss: 1215.3999245383523, Train R2: 0.9677687549229824, Test R2: 0.9719028472900391, Inverse Test R2: 0.9719028472900391 
2026-01-27 17:11:16,108 INFO: Epoch 10, Train Loss: 0.1753868441464323, Test Loss: 0.16184809442722436, Inverse Test Loss: 1183.1332304983428, Train R2: 0.9686049990581743, Test R2: 0.9734862446784973, Inverse Test R2: 0.9734862446784973 
2026-01-27 17:11:16,108 INFO: Best Epoch 10, Best Test Loss: 0.16184809442722436, Inv Test Loss: 1183.1332304983428, Best Test R2: 0.9734862446784973 
2026-01-27 17:11:26,949 INFO: Epoch 11, Train Loss: 0.1726186309348453, Test Loss: 0.15972253770539255, Inverse Test Loss: 1167.595107569839, Train R2: 0.9695375543652158, Test R2: 0.97414231300354, Inverse Test R2: 0.97414231300354 
2026-01-27 17:11:37,723 INFO: Epoch 12, Train Loss: 0.17084007744084706, Test Loss: 0.16035328534516421, Inverse Test Loss: 1172.2059492631392, Train R2: 0.970228576298916, Test R2: 0.9739948511123657, Inverse Test R2: 0.9739948511123657 
2026-01-27 17:11:48,483 INFO: Epoch 13, Train Loss: 0.16961630433797836, Test Loss: 0.1586067658482176, Inverse Test Loss: 1159.4386578184185, Train R2: 0.9705301491600095, Test R2: 0.9744851589202881, Inverse Test R2: 0.9744851589202881 
2026-01-27 17:12:00,076 INFO: Epoch 14, Train Loss: 0.16725330624842283, Test Loss: 0.15593553040966843, Inverse Test Loss: 1139.9115397135417, Train R2: 0.971330951109077, Test R2: 0.9752950072288513, Inverse Test R2: 0.9752950072288513 
2026-01-27 17:12:11,932 INFO: Epoch 15, Train Loss: 0.16404078144467238, Test Loss: 0.15527133959712405, Inverse Test Loss: 1135.056211529356, Train R2: 0.9724325036460703, Test R2: 0.9755289554595947, Inverse Test R2: 0.9755289554595947 
2026-01-27 17:12:23,767 INFO: Epoch 16, Train Loss: 0.16466306347512838, Test Loss: 0.15507035679889447, Inverse Test Loss: 1133.5869769472065, Train R2: 0.9723146201083155, Test R2: 0.9756287932395935, Inverse Test R2: 0.9756287932395935 
2026-01-27 17:12:35,734 INFO: Epoch 17, Train Loss: 0.1651165442484798, Test Loss: 0.1517914691657731, Inverse Test Loss: 1109.6178163470645, Train R2: 0.9721562528248989, Test R2: 0.9766199588775635, Inverse Test R2: 0.9766199588775635 
2026-01-27 17:12:47,358 INFO: Epoch 18, Train Loss: 0.16268496537073093, Test Loss: 0.1534405623873075, Inverse Test Loss: 1121.672938491359, Train R2: 0.9728536687114022, Test R2: 0.9761490821838379, Inverse Test R2: 0.9761490821838379 
2026-01-27 17:12:59,282 INFO: Epoch 19, Train Loss: 0.16031032913562024, Test Loss: 0.15581862289797177, Inverse Test Loss: 1139.0569106593277, Train R2: 0.9736874649922053, Test R2: 0.9753086566925049, Inverse Test R2: 0.9753086566925049 
2026-01-27 17:13:10,754 INFO: Epoch 20, Train Loss: 0.1609600908828504, Test Loss: 0.15527115310683395, Inverse Test Loss: 1135.0548613577178, Train R2: 0.9734457704153928, Test R2: 0.9756150245666504, Inverse Test R2: 0.9756150245666504 
2026-01-27 17:13:10,754 INFO: Best Epoch 17, Best Test Loss: 0.1517914691657731, Inv Test Loss: 1109.6178163470645, Best Test R2: 0.9766199588775635 
2026-01-27 17:13:22,430 INFO: Epoch 21, Train Loss: 0.1584713010851181, Test Loss: 0.15185477381402795, Inverse Test Loss: 1110.0805922999527, Train R2: 0.9742880422960628, Test R2: 0.9765803813934326, Inverse Test R2: 0.9765803813934326 
2026-01-27 17:13:34,005 INFO: Epoch 22, Train Loss: 0.15648191552044768, Test Loss: 0.15316553549333053, Inverse Test Loss: 1119.6624644886363, Train R2: 0.974937564495838, Test R2: 0.9762423634529114, Inverse Test R2: 0.9762423634529114 
2026-01-27 17:13:45,455 INFO: Epoch 23, Train Loss: 0.15971996347335252, Test Loss: 0.1628472407658895, Inverse Test Loss: 1190.4371263908617, Train R2: 0.973864109678702, Test R2: 0.973152220249176, Inverse Test R2: 0.973152220249176 
2026-01-27 17:13:56,894 INFO: Epoch 24, Train Loss: 0.1573726049991268, Test Loss: 0.1558305914654876, Inverse Test Loss: 1139.1444165778883, Train R2: 0.9745680563377611, Test R2: 0.9754478335380554, Inverse Test R2: 0.9754478335380554 
2026-01-27 17:14:08,282 INFO: Epoch 25, Train Loss: 0.1560128600421277, Test Loss: 0.15320197492837906, Inverse Test Loss: 1119.9288200609612, Train R2: 0.9749387800693512, Test R2: 0.9761684536933899, Inverse Test R2: 0.9761684536933899 
2026-01-27 17:14:19,724 INFO: Epoch 26, Train Loss: 0.15672740650673708, Test Loss: 0.14974890784783798, Inverse Test Loss: 1094.6864106149385, Train R2: 0.9748298340674603, Test R2: 0.9772729277610779, Inverse Test R2: 0.9772729277610779 
2026-01-27 17:14:31,345 INFO: Epoch 27, Train Loss: 0.15727078147006757, Test Loss: 0.15028204227035696, Inverse Test Loss: 1098.5836847478693, Train R2: 0.974716558600917, Test R2: 0.9771068096160889, Inverse Test R2: 0.9771068096160889 
2026-01-27 17:14:42,620 INFO: Epoch 28, Train Loss: 0.1555637607746052, Test Loss: 0.15616627511653033, Inverse Test Loss: 1141.5982869466145, Train R2: 0.9752430066917882, Test R2: 0.9752712845802307, Inverse Test R2: 0.9752712845802307 
2026-01-27 17:14:54,034 INFO: Epoch 29, Train Loss: 0.15519418437598329, Test Loss: 0.153817971998995, Inverse Test Loss: 1124.431864420573, Train R2: 0.9753244225725983, Test R2: 0.9759681224822998, Inverse Test R2: 0.9759681224822998 
2026-01-27 17:15:05,461 INFO: Epoch 30, Train Loss: 0.1534033619770498, Test Loss: 0.1517438633423863, Inverse Test Loss: 1109.2698216293797, Train R2: 0.9758318400744236, Test R2: 0.976626992225647, Inverse Test R2: 0.976626992225647 
2026-01-27 17:15:05,462 INFO: Best Epoch 26, Best Test Loss: 0.14974890784783798, Inv Test Loss: 1094.6864106149385, Best Test R2: 0.9772729277610779 
2026-01-27 17:15:16,784 INFO: Epoch 31, Train Loss: 0.15337023551039625, Test Loss: 0.15235257871223218, Inverse Test Loss: 1113.7196229876895, Train R2: 0.9758380963043733, Test R2: 0.9764618873596191, Inverse Test R2: 0.9764618873596191 
2026-01-27 17:15:28,149 INFO: Epoch 32, Train Loss: 0.1527799932342587, Test Loss: 0.14896546123605786, Inverse Test Loss: 1088.959296948982, Train R2: 0.9761075007193016, Test R2: 0.9774438738822937, Inverse Test R2: 0.9774438738822937 
2026-01-27 17:15:39,566 INFO: Epoch 33, Train Loss: 0.15127227647286473, Test Loss: 0.14778922046675827, Inverse Test Loss: 1080.3607954545455, Train R2: 0.9766291086420869, Test R2: 0.9777875542640686, Inverse Test R2: 0.9777875542640686 
2026-01-27 17:15:50,895 INFO: Epoch 34, Train Loss: 0.15153665084278944, Test Loss: 0.1525631050268809, Inverse Test Loss: 1115.2585911606297, Train R2: 0.9764741930094633, Test R2: 0.9763932228088379, Inverse Test R2: 0.9763932228088379 
2026-01-27 17:16:02,271 INFO: Epoch 35, Train Loss: 0.1517908266660842, Test Loss: 0.15338273481889206, Inverse Test Loss: 1121.2502219460227, Train R2: 0.9763770974946745, Test R2: 0.9761743545532227, Inverse Test R2: 0.9761743545532227 
2026-01-27 17:16:13,706 INFO: Epoch 36, Train Loss: 0.15300627673665682, Test Loss: 0.14911309471636108, Inverse Test Loss: 1090.0385131835938, Train R2: 0.9760270502531168, Test R2: 0.9774535894393921, Inverse Test R2: 0.9774535894393921 
2026-01-27 17:16:25,348 INFO: Epoch 37, Train Loss: 0.14976868575269525, Test Loss: 0.15333749963478607, Inverse Test Loss: 1120.919559363163, Train R2: 0.9768884768991759, Test R2: 0.9761568903923035, Inverse Test R2: 0.9761568903923035 
2026-01-27 17:16:37,243 INFO: Epoch 38, Train Loss: 0.15143413824791258, Test Loss: 0.14961250803687356, Inverse Test Loss: 1093.689307010535, Train R2: 0.9765223969112743, Test R2: 0.9773021936416626, Inverse Test R2: 0.9773021936416626 
2026-01-27 17:16:48,923 INFO: Epoch 39, Train Loss: 0.15047453411600806, Test Loss: 0.15074515184669784, Inverse Test Loss: 1101.9690958658855, Train R2: 0.9768481236515623, Test R2: 0.9769263863563538, Inverse Test R2: 0.9769263863563538 
2026-01-27 17:17:00,561 INFO: Epoch 40, Train Loss: 0.14951262521472844, Test Loss: 0.14760161123492502, Inverse Test Loss: 1078.989326245857, Train R2: 0.9770384530226389, Test R2: 0.9778414964675903, Inverse Test R2: 0.9778414964675903 
2026-01-27 17:17:00,562 INFO: Best Epoch 40, Best Test Loss: 0.14760161123492502, Inv Test Loss: 1078.989326245857, Best Test R2: 0.9778414964675903 
2026-01-27 17:17:11,915 INFO: Epoch 41, Train Loss: 0.1507538869751222, Test Loss: 0.15236463781559106, Inverse Test Loss: 1113.807754054214, Train R2: 0.9767812765908964, Test R2: 0.9764554500579834, Inverse Test R2: 0.9764554500579834 
2026-01-27 17:17:23,458 INFO: Epoch 42, Train Loss: 0.1490774383260445, Test Loss: 0.14944428950548172, Inverse Test Loss: 1092.4596113725142, Train R2: 0.9771950809341489, Test R2: 0.9773546457290649, Inverse Test R2: 0.9773546457290649 
2026-01-27 17:17:35,360 INFO: Epoch 43, Train Loss: 0.14846934801475567, Test Loss: 0.14954351972449909, Inverse Test Loss: 1093.1849753639915, Train R2: 0.9773594082304926, Test R2: 0.9772946834564209, Inverse Test R2: 0.9772946834564209 
2026-01-27 17:17:47,085 INFO: Epoch 44, Train Loss: 0.14835295871351706, Test Loss: 0.15691692675604965, Inverse Test Loss: 1147.0856859611742, Train R2: 0.9775111142433051, Test R2: 0.974951982498169, Inverse Test R2: 0.974951982498169 
2026-01-27 17:17:58,672 INFO: Epoch 45, Train Loss: 0.1485663755712184, Test Loss: 0.1574772700215831, Inverse Test Loss: 1151.181864420573, Train R2: 0.977401956464305, Test R2: 0.9748547673225403, Inverse Test R2: 0.9748547673225403 
2026-01-27 17:18:10,005 INFO: Epoch 46, Train Loss: 0.14783727484896328, Test Loss: 0.15160759854497333, Inverse Test Loss: 1108.2737130829782, Train R2: 0.977647400263584, Test R2: 0.9766989946365356, Inverse Test R2: 0.9766989946365356 
2026-01-27 17:18:21,431 INFO: Epoch 47, Train Loss: 0.14780707290452538, Test Loss: 0.14935803232770978, Inverse Test Loss: 1091.8290257309422, Train R2: 0.9776445618181517, Test R2: 0.9773334264755249, Inverse Test R2: 0.9773334264755249 
2026-01-27 17:18:32,797 INFO: Epoch 48, Train Loss: 0.14777100639361324, Test Loss: 0.14693270759149032, Inverse Test Loss: 1074.0995520389442, Train R2: 0.9776984827988076, Test R2: 0.9780776500701904, Inverse Test R2: 0.9780776500701904 
2026-01-27 17:18:44,207 INFO: Epoch 49, Train Loss: 0.14658893153748728, Test Loss: 0.1487093394001325, Inverse Test Loss: 1087.087030584162, Train R2: 0.9780535088344053, Test R2: 0.9775200486183167, Inverse Test R2: 0.9775200486183167 
2026-01-27 17:18:55,789 INFO: Epoch 50, Train Loss: 0.14762745780700987, Test Loss: 0.1595106985081326, Inverse Test Loss: 1166.0465106386127, Train R2: 0.9776775696963975, Test R2: 0.9742122292518616, Inverse Test R2: 0.9742122292518616 
2026-01-27 17:18:55,789 INFO: Best Epoch 48, Best Test Loss: 0.14693270759149032, Inv Test Loss: 1074.0995520389442, Best Test R2: 0.9780776500701904 
2026-01-27 17:19:07,404 INFO: Epoch 51, Train Loss: 0.14669102080392116, Test Loss: 0.14878026396036148, Inverse Test Loss: 1087.605487245502, Train R2: 0.9778825031085447, Test R2: 0.9774997234344482, Inverse Test R2: 0.9774997234344482 
2026-01-27 17:19:18,885 INFO: Epoch 52, Train Loss: 0.1461837560954419, Test Loss: 0.14706900896448077, Inverse Test Loss: 1075.0959361683238, Train R2: 0.9781331401882749, Test R2: 0.9779969453811646, Inverse Test R2: 0.9779970049858093 
2026-01-27 17:19:30,245 INFO: Epoch 53, Train Loss: 0.14591131681068378, Test Loss: 0.1462428682681286, Inverse Test Loss: 1069.0567608457623, Train R2: 0.9781631271947514, Test R2: 0.9782638549804688, Inverse Test R2: 0.9782638549804688 
2026-01-27 17:19:41,675 INFO: Epoch 54, Train Loss: 0.1455727390606295, Test Loss: 0.1481185763171225, Inverse Test Loss: 1082.7684585108902, Train R2: 0.9782069804090442, Test R2: 0.9777107238769531, Inverse Test R2: 0.9777107238769531 
2026-01-27 17:19:53,217 INFO: Epoch 55, Train Loss: 0.14514749960014314, Test Loss: 0.14625208847450488, Inverse Test Loss: 1069.124141808712, Train R2: 0.978431633476055, Test R2: 0.9782476425170898, Inverse Test R2: 0.9782476425170898 
2026-01-27 17:20:04,728 INFO: Epoch 56, Train Loss: 0.1447339407309438, Test Loss: 0.1461824948589007, Inverse Test Loss: 1068.6154156309185, Train R2: 0.9785148253043493, Test R2: 0.978285551071167, Inverse Test R2: 0.978285551071167 
2026-01-27 17:20:16,270 INFO: Epoch 57, Train Loss: 0.1446139526299455, Test Loss: 0.1546913900158622, Inverse Test Loss: 1130.8166855320785, Train R2: 0.9785750548947941, Test R2: 0.9757277965545654, Inverse Test R2: 0.9757277965545654 
2026-01-27 17:20:27,638 INFO: Epoch 58, Train Loss: 0.14445490576326847, Test Loss: 0.1485057511564457, Inverse Test Loss: 1085.5987419359612, Train R2: 0.9785913048368512, Test R2: 0.9775791168212891, Inverse Test R2: 0.9775791168212891 
2026-01-27 17:20:39,136 INFO: Epoch 59, Train Loss: 0.1448552475847078, Test Loss: 0.14860434672146133, Inverse Test Loss: 1086.319502397017, Train R2: 0.978485927437291, Test R2: 0.9775757789611816, Inverse Test R2: 0.9775757789611816 
2026-01-27 17:20:50,827 INFO: Epoch 60, Train Loss: 0.14321988950850387, Test Loss: 0.14707076188289758, Inverse Test Loss: 1075.1087757457387, Train R2: 0.9789401369564461, Test R2: 0.9779725074768066, Inverse Test R2: 0.9779725074768066 
2026-01-27 17:20:50,828 INFO: Best Epoch 56, Best Test Loss: 0.1461824948589007, Inv Test Loss: 1068.6154156309185, Best Test R2: 0.978285551071167 
2026-01-27 17:21:02,134 INFO: Epoch 61, Train Loss: 0.14373146172500018, Test Loss: 0.15010651607405057, Inverse Test Loss: 1097.3005888967803, Train R2: 0.9787184970848488, Test R2: 0.9770611524581909, Inverse Test R2: 0.9770610928535461 
2026-01-27 17:21:13,674 INFO: Epoch 62, Train Loss: 0.14293050681325523, Test Loss: 0.1457904875278473, Inverse Test Loss: 1065.7497799035275, Train R2: 0.9790844443169507, Test R2: 0.9783564209938049, Inverse Test R2: 0.9783564209938049 
2026-01-27 17:21:25,373 INFO: Epoch 63, Train Loss: 0.1434027353922526, Test Loss: 0.1488462896509604, Inverse Test Loss: 1088.0881181196733, Train R2: 0.978915839935794, Test R2: 0.9774836301803589, Inverse Test R2: 0.9774836301803589 
2026-01-27 17:21:37,040 INFO: Epoch 64, Train Loss: 0.14325580345184513, Test Loss: 0.14617875105503833, Inverse Test Loss: 1068.588027491714, Train R2: 0.9789072293223757, Test R2: 0.9782977104187012, Inverse Test R2: 0.9782977104187012 
2026-01-27 17:21:48,468 INFO: Epoch 65, Train Loss: 0.14223401406497665, Test Loss: 0.14781766226797394, Inverse Test Loss: 1080.5687181877367, Train R2: 0.9791727341485746, Test R2: 0.9777460098266602, Inverse Test R2: 0.9777460098266602 
2026-01-27 17:21:59,944 INFO: Epoch 66, Train Loss: 0.14234663653328564, Test Loss: 0.1493407122113488, Inverse Test Loss: 1091.7024369673295, Train R2: 0.9792193377559836, Test R2: 0.977268397808075, Inverse Test R2: 0.977268397808075 
2026-01-27 17:22:11,368 INFO: Epoch 67, Train Loss: 0.14158505269072272, Test Loss: 0.1471788612279025, Inverse Test Loss: 1075.8989794182055, Train R2: 0.9794286606889783, Test R2: 0.9779787063598633, Inverse Test R2: 0.9779787063598633 
2026-01-27 17:22:22,728 INFO: Epoch 68, Train Loss: 0.1420021185256315, Test Loss: 0.1518914451201757, Inverse Test Loss: 1110.3486439098012, Train R2: 0.9793787016109987, Test R2: 0.9766777157783508, Inverse Test R2: 0.9766777157783508 
2026-01-27 17:22:34,178 INFO: Epoch 69, Train Loss: 0.1412399202923883, Test Loss: 0.14947136762467297, Inverse Test Loss: 1092.6575372869318, Train R2: 0.9794869133920381, Test R2: 0.9772990942001343, Inverse Test R2: 0.9772990942001343 
2026-01-27 17:22:45,521 INFO: Epoch 70, Train Loss: 0.14121311203096854, Test Loss: 0.14977289533073251, Inverse Test Loss: 1094.8617405746922, Train R2: 0.9794899658723311, Test R2: 0.9771654009819031, Inverse Test R2: 0.9771654009819031 
2026-01-27 17:22:45,521 INFO: Best Epoch 62, Best Test Loss: 0.1457904875278473, Inv Test Loss: 1065.7497799035275, Best Test R2: 0.9783564209938049 
2026-01-27 17:22:56,924 INFO: Epoch 71, Train Loss: 0.14130779671849628, Test Loss: 0.1483727271358172, Inverse Test Loss: 1084.626318729285, Train R2: 0.9795185724894205, Test R2: 0.9776246547698975, Inverse Test R2: 0.9776247143745422 
2026-01-27 17:23:08,299 INFO: Epoch 72, Train Loss: 0.14219235013605971, Test Loss: 0.14715681812076858, Inverse Test Loss: 1075.7378336588542, Train R2: 0.9791336637554746, Test R2: 0.9780023694038391, Inverse Test R2: 0.9780023694038391 
2026-01-27 17:23:19,728 INFO: Epoch 73, Train Loss: 0.14096518504348668, Test Loss: 0.14796457507393576, Inverse Test Loss: 1081.6426724520597, Train R2: 0.9796179406570665, Test R2: 0.9777793884277344, Inverse Test R2: 0.9777793884277344 
2026-01-27 17:23:31,072 INFO: Epoch 74, Train Loss: 0.14145738862906443, Test Loss: 0.14886613528836856, Inverse Test Loss: 1088.23320238518, Train R2: 0.9794332863706531, Test R2: 0.9774408340454102, Inverse Test R2: 0.9774408340454102 
2026-01-27 17:23:42,384 INFO: Epoch 75, Train Loss: 0.1411848675008073, Test Loss: 0.148696631193161, Inverse Test Loss: 1086.9941165808475, Train R2: 0.9795242105469559, Test R2: 0.9775325059890747, Inverse Test R2: 0.9775325059890747 
2026-01-27 17:23:53,848 INFO: Epoch 76, Train Loss: 0.1399439482977896, Test Loss: 0.14900585331700064, Inverse Test Loss: 1089.254551743016, Train R2: 0.9798377138195615, Test R2: 0.9773644804954529, Inverse Test R2: 0.9773644804954529 
2026-01-27 17:24:05,409 INFO: Epoch 77, Train Loss: 0.13989273035390812, Test Loss: 0.1483203793565432, Inverse Test Loss: 1084.2436782374527, Train R2: 0.9798498849074045, Test R2: 0.9775972366333008, Inverse Test R2: 0.9775972366333008 
2026-01-27 17:24:17,013 INFO: Epoch 78, Train Loss: 0.1401286649545937, Test Loss: 0.15200844723166843, Inverse Test Loss: 1111.2039794921875, Train R2: 0.9798512806495031, Test R2: 0.9763838052749634, Inverse Test R2: 0.9763838052749634 
2026-01-27 17:24:28,429 INFO: Epoch 79, Train Loss: 0.13972249694845892, Test Loss: 0.14782545218865076, Inverse Test Loss: 1080.6256491921165, Train R2: 0.979896682229909, Test R2: 0.977795422077179, Inverse Test R2: 0.977795422077179 
2026-01-27 17:24:40,436 INFO: Epoch 80, Train Loss: 0.13964695466512983, Test Loss: 0.15164897568298108, Inverse Test Loss: 1108.576192220052, Train R2: 0.9798433563926003, Test R2: 0.9767025709152222, Inverse Test R2: 0.9767025709152222 
2026-01-27 17:24:40,436 INFO: Best Epoch 62, Best Test Loss: 0.1457904875278473, Inv Test Loss: 1065.7497799035275, Best Test R2: 0.9783564209938049 
2026-01-27 17:24:52,247 INFO: Epoch 81, Train Loss: 0.13955452744707916, Test Loss: 0.14667277309027585, Inverse Test Loss: 1072.19941295277, Train R2: 0.979976930401542, Test R2: 0.9781659245491028, Inverse Test R2: 0.9781659245491028 
2026-01-27 17:25:04,063 INFO: Epoch 82, Train Loss: 0.1395616955264951, Test Loss: 0.14838738129897552, Inverse Test Loss: 1084.733446525805, Train R2: 0.9799467374881109, Test R2: 0.9776306748390198, Inverse Test R2: 0.9776306748390198 
2026-01-27 17:25:15,508 INFO: Epoch 83, Train Loss: 0.1389129144901579, Test Loss: 0.14954015951264987, Inverse Test Loss: 1093.1604281338778, Train R2: 0.9801863553849134, Test R2: 0.9773027896881104, Inverse Test R2: 0.9773027896881104 
2026-01-27 17:25:26,826 INFO: Epoch 84, Train Loss: 0.13749764820165705, Test Loss: 0.1522372125676184, Inverse Test Loss: 1112.8762650923295, Train R2: 0.9805810970790458, Test R2: 0.9763783812522888, Inverse Test R2: 0.9763783812522888 
2026-01-27 17:25:38,281 INFO: Epoch 85, Train Loss: 0.13935663793800454, Test Loss: 0.15190648603619952, Inverse Test Loss: 1110.4586311109138, Train R2: 0.9800980140765508, Test R2: 0.9765523672103882, Inverse Test R2: 0.976552426815033 
2026-01-27 17:25:49,804 INFO: Epoch 86, Train Loss: 0.13758357902142135, Test Loss: 0.1530823050574823, Inverse Test Loss: 1119.0540290601325, Train R2: 0.9805217751047828, Test R2: 0.9761753678321838, Inverse Test R2: 0.9761753678321838 
2026-01-27 17:26:01,172 INFO: Epoch 87, Train Loss: 0.13759939626536585, Test Loss: 0.1529324585289666, Inverse Test Loss: 1117.9586181640625, Train R2: 0.9804898428194451, Test R2: 0.9761515259742737, Inverse Test R2: 0.9761515259742737 
2026-01-27 17:26:12,722 INFO: Epoch 88, Train Loss: 0.13869561170312492, Test Loss: 0.15162858728206519, Inverse Test Loss: 1108.4271110765862, Train R2: 0.9802038958578398, Test R2: 0.9766054153442383, Inverse Test R2: 0.9766054153442383 
2026-01-27 17:26:24,261 INFO: Epoch 89, Train Loss: 0.13883980307163615, Test Loss: 0.14832440154118973, Inverse Test Loss: 1084.2730842359138, Train R2: 0.9802340232964718, Test R2: 0.9776121973991394, Inverse Test R2: 0.9776121973991394 
2026-01-27 17:26:35,824 INFO: Epoch 90, Train Loss: 0.13735237661184688, Test Loss: 0.15076070527235666, Inverse Test Loss: 1102.0827914151278, Train R2: 0.9804101617950381, Test R2: 0.976845920085907, Inverse Test R2: 0.976845920085907 
2026-01-27 17:26:35,824 INFO: Best Epoch 62, Best Test Loss: 0.1457904875278473, Inv Test Loss: 1065.7497799035275, Best Test R2: 0.9783564209938049 
2026-01-27 17:26:47,271 INFO: Epoch 91, Train Loss: 0.1384497375199289, Test Loss: 0.14723575521599164, Inverse Test Loss: 1076.3149044152462, Train R2: 0.980360360308127, Test R2: 0.9779272675514221, Inverse Test R2: 0.9779272675514221 
2026-01-27 17:26:58,749 INFO: Epoch 92, Train Loss: 0.13806164349344643, Test Loss: 0.14986233074556699, Inverse Test Loss: 1095.515556566643, Train R2: 0.9804529994726181, Test R2: 0.9771503806114197, Inverse Test R2: 0.9771503806114197 
2026-01-27 17:27:10,445 INFO: Epoch 93, Train Loss: 0.1373734064964634, Test Loss: 0.14864243747610034, Inverse Test Loss: 1086.5979651248817, Train R2: 0.9806229526346381, Test R2: 0.9775411486625671, Inverse Test R2: 0.9775411486625671 
2026-01-27 17:27:21,969 INFO: Epoch 94, Train Loss: 0.13680214530816584, Test Loss: 0.15033083070408215, Inverse Test Loss: 1098.9403372099905, Train R2: 0.980785354068785, Test R2: 0.9770392179489136, Inverse Test R2: 0.9770392179489136 
2026-01-27 17:27:33,620 INFO: Epoch 95, Train Loss: 0.1367060262709856, Test Loss: 0.15135358567490723, Inverse Test Loss: 1106.4168442234848, Train R2: 0.9807270133134091, Test R2: 0.9766826629638672, Inverse Test R2: 0.9766826629638672 
2026-01-27 17:27:45,693 INFO: Epoch 96, Train Loss: 0.13609335690059446, Test Loss: 0.14692829887975345, Inverse Test Loss: 1074.0673458214962, Train R2: 0.9809365407987074, Test R2: 0.9780485033988953, Inverse Test R2: 0.9780485033988953 
2026-01-27 17:27:57,112 INFO: Epoch 97, Train Loss: 0.13576685744478847, Test Loss: 0.1494732666196245, Inverse Test Loss: 1092.671436656605, Train R2: 0.9810260362697371, Test R2: 0.9772129654884338, Inverse Test R2: 0.9772129654884338 
2026-01-27 17:28:08,546 INFO: Epoch 98, Train Loss: 0.13673968776834733, Test Loss: 0.14854110754800565, Inverse Test Loss: 1085.8572036280777, Train R2: 0.9806921536272223, Test R2: 0.9775636196136475, Inverse Test R2: 0.9775636196136475 
2026-01-27 17:28:19,939 INFO: Epoch 99, Train Loss: 0.1365502326551712, Test Loss: 0.1489732518340602, Inverse Test Loss: 1089.016240900213, Train R2: 0.9808350349917556, Test R2: 0.9773972630500793, Inverse Test R2: 0.9773972630500793 
2026-01-27 17:28:31,346 INFO: Epoch 100, Train Loss: 0.13718179020692, Test Loss: 0.14822819287126715, Inverse Test Loss: 1083.5697798295455, Train R2: 0.9806204510457588, Test R2: 0.9776092767715454, Inverse Test R2: 0.9776092767715454 
2026-01-27 17:28:31,347 INFO: Best Epoch 62, Best Test Loss: 0.1457904875278473, Inv Test Loss: 1065.7497799035275, Best Test R2: 0.9783564209938049 
2026-01-27 17:28:42,903 INFO: Epoch 101, Train Loss: 0.13497047177092594, Test Loss: 0.14936375505093372, Inverse Test Loss: 1091.870879202178, Train R2: 0.9812891555554939, Test R2: 0.9772917032241821, Inverse Test R2: 0.9772917032241821 
2026-01-27 17:28:54,388 INFO: Epoch 102, Train Loss: 0.13498243576649463, Test Loss: 0.1476309017250032, Inverse Test Loss: 1079.2034708658855, Train R2: 0.9812381127567003, Test R2: 0.9778113961219788, Inverse Test R2: 0.9778113961219788 
2026-01-27 17:29:05,900 INFO: Epoch 103, Train Loss: 0.1353499282038573, Test Loss: 0.14588659798557108, Inverse Test Loss: 1066.4523407907197, Train R2: 0.9811814251271161, Test R2: 0.9783351421356201, Inverse Test R2: 0.9783351421356201 
2026-01-27 17:29:17,517 INFO: Epoch 104, Train Loss: 0.1355343289447553, Test Loss: 0.15148661263061292, Inverse Test Loss: 1107.3892803770123, Train R2: 0.981150024768078, Test R2: 0.9766415357589722, Inverse Test R2: 0.9766415357589722 
2026-01-27 17:29:28,899 INFO: Epoch 105, Train Loss: 0.13583871406136136, Test Loss: 0.14948903543479514, Inverse Test Loss: 1092.7867117217093, Train R2: 0.9810159540537632, Test R2: 0.9772852659225464, Inverse Test R2: 0.9772852659225464 
2026-01-27 17:29:40,274 INFO: Epoch 106, Train Loss: 0.13315951874987644, Test Loss: 0.1492594430843989, Inverse Test Loss: 1091.1083651455965, Train R2: 0.9816667604627032, Test R2: 0.9773439168930054, Inverse Test R2: 0.9773439168930054 
2026-01-27 17:29:51,844 INFO: Epoch 107, Train Loss: 0.13499645758984666, Test Loss: 0.15104536667014612, Inverse Test Loss: 1104.1637073863637, Train R2: 0.9811444770206105, Test R2: 0.9767223596572876, Inverse Test R2: 0.9767223596572876 
2026-01-27 17:30:03,348 INFO: Epoch 108, Train Loss: 0.1352164393685984, Test Loss: 0.14807505454077866, Inverse Test Loss: 1082.450313683712, Train R2: 0.9811907821532452, Test R2: 0.9776557683944702, Inverse Test R2: 0.9776557683944702 
2026-01-27 17:30:14,867 INFO: Epoch 109, Train Loss: 0.13368388965274347, Test Loss: 0.14888222538160556, Inverse Test Loss: 1088.3508541222775, Train R2: 0.9815797074274584, Test R2: 0.9774397015571594, Inverse Test R2: 0.9774397015571594 
2026-01-27 17:30:26,507 INFO: Epoch 110, Train Loss: 0.1356286627212257, Test Loss: 0.14833552051674237, Inverse Test Loss: 1084.354325727983, Train R2: 0.981040484977491, Test R2: 0.9776558876037598, Inverse Test R2: 0.9776558876037598 
2026-01-27 17:30:26,508 INFO: Best Epoch 62, Best Test Loss: 0.1457904875278473, Inv Test Loss: 1065.7497799035275, Best Test R2: 0.9783564209938049 
2026-01-27 17:30:37,978 INFO: Epoch 111, Train Loss: 0.13339319446999015, Test Loss: 0.1499733981309515, Inverse Test Loss: 1096.3274739583333, Train R2: 0.9817655664501768, Test R2: 0.9771496057510376, Inverse Test R2: 0.9771496057510376 
2026-01-27 17:30:49,313 INFO: Epoch 112, Train Loss: 0.1337970710274848, Test Loss: 0.14924599049669324, Inverse Test Loss: 1091.0100116151752, Train R2: 0.9816132761312254, Test R2: 0.9773526191711426, Inverse Test R2: 0.9773526191711426 
2026-01-27 17:31:00,816 INFO: Epoch 113, Train Loss: 0.13412324090798697, Test Loss: 0.14876123133933905, Inverse Test Loss: 1087.4663548325047, Train R2: 0.9815566151431112, Test R2: 0.9774174690246582, Inverse Test R2: 0.9774174690246582 
2026-01-27 17:31:12,300 INFO: Epoch 114, Train Loss: 0.13263105809914344, Test Loss: 0.15024432878602634, Inverse Test Loss: 1098.3080259380918, Train R2: 0.9818932111516143, Test R2: 0.9770067930221558, Inverse Test R2: 0.9770067930221558 
2026-01-27 17:31:23,852 INFO: Epoch 115, Train Loss: 0.13322798213498158, Test Loss: 0.14957503071337036, Inverse Test Loss: 1093.4153442382812, Train R2: 0.9818105575713244, Test R2: 0.9771637320518494, Inverse Test R2: 0.9771637320518494 
2026-01-27 17:31:35,573 INFO: Epoch 116, Train Loss: 0.13358607628580296, Test Loss: 0.1496822793375362, Inverse Test Loss: 1094.1993204752605, Train R2: 0.9815810833013419, Test R2: 0.9771662950515747, Inverse Test R2: 0.9771662950515747 
2026-01-27 17:31:47,065 INFO: Epoch 117, Train Loss: 0.13433751988817344, Test Loss: 0.1475447088931546, Inverse Test Loss: 1078.573399399266, Train R2: 0.9813883954828436, Test R2: 0.9778051972389221, Inverse Test R2: 0.9778051972389221 
2026-01-27 17:31:58,643 INFO: Epoch 118, Train Loss: 0.13246024473372733, Test Loss: 0.14805384318936954, Inverse Test Loss: 1082.2952455462832, Train R2: 0.981980201421362, Test R2: 0.9776171445846558, Inverse Test R2: 0.9776171445846558 
2026-01-27 17:32:10,225 INFO: Epoch 119, Train Loss: 0.13245311102858096, Test Loss: 0.1488524368315032, Inverse Test Loss: 1088.133086233428, Train R2: 0.9819200910402067, Test R2: 0.977359414100647, Inverse Test R2: 0.977359414100647 
2026-01-27 17:32:21,731 INFO: Epoch 120, Train Loss: 0.13207689966216232, Test Loss: 0.1496044903090506, Inverse Test Loss: 1093.6306910659328, Train R2: 0.9820198719248627, Test R2: 0.9771711826324463, Inverse Test R2: 0.9771711826324463 
2026-01-27 17:32:21,731 INFO: Best Epoch 62, Best Test Loss: 0.1457904875278473, Inv Test Loss: 1065.7497799035275, Best Test R2: 0.9783564209938049 
2026-01-27 17:32:33,120 INFO: Epoch 121, Train Loss: 0.13201527314429934, Test Loss: 0.15069304158290228, Inverse Test Loss: 1101.588153261127, Train R2: 0.9820423230077281, Test R2: 0.9768721461296082, Inverse Test R2: 0.9768721461296082 
2026-01-27 17:32:44,638 INFO: Epoch 122, Train Loss: 0.13191072597648157, Test Loss: 0.15115610419800787, Inverse Test Loss: 1104.973231460109, Train R2: 0.9821103883512092, Test R2: 0.976672887802124, Inverse Test R2: 0.976672887802124 
2026-01-27 17:32:56,142 INFO: Epoch 123, Train Loss: 0.13334611430764198, Test Loss: 0.15131540709372723, Inverse Test Loss: 1106.1377323035038, Train R2: 0.9816811793681347, Test R2: 0.976661741733551, Inverse Test R2: 0.976661741733551 
2026-01-27 17:33:07,552 INFO: Epoch 124, Train Loss: 0.13292094218459996, Test Loss: 0.1477193475672693, Inverse Test Loss: 1079.8500236742425, Train R2: 0.9817848273298957, Test R2: 0.9777630567550659, Inverse Test R2: 0.9777630567550659 
2026-01-27 17:33:18,974 INFO: Epoch 125, Train Loss: 0.13203850698967776, Test Loss: 0.15032883530313318, Inverse Test Loss: 1098.9257683031487, Train R2: 0.9819584109566428, Test R2: 0.9770116209983826, Inverse Test R2: 0.9770116209983826 
2026-01-27 17:33:30,462 INFO: Epoch 126, Train Loss: 0.1302146673992728, Test Loss: 0.1494843539866534, Inverse Test Loss: 1092.7524876450047, Train R2: 0.9825460414091746, Test R2: 0.9772393703460693, Inverse Test R2: 0.9772393703460693 
2026-01-27 17:33:41,949 INFO: Epoch 127, Train Loss: 0.130579076199369, Test Loss: 0.14868777493635812, Inverse Test Loss: 1086.929374926018, Train R2: 0.9823104969479821, Test R2: 0.9774874448776245, Inverse Test R2: 0.9774874448776245 
2026-01-27 17:33:53,452 INFO: Epoch 128, Train Loss: 0.13153074715625157, Test Loss: 0.15007863690455756, Inverse Test Loss: 1097.0967906605113, Train R2: 0.9820898708068964, Test R2: 0.9770947694778442, Inverse Test R2: 0.9770947694778442 
2026-01-27 17:34:04,988 INFO: Epoch 129, Train Loss: 0.13164485403985687, Test Loss: 0.14877515557137402, Inverse Test Loss: 1087.568135579427, Train R2: 0.9821334034204483, Test R2: 0.9774322509765625, Inverse Test R2: 0.9774322509765625 
2026-01-27 17:34:16,417 INFO: Epoch 130, Train Loss: 0.13041707026687535, Test Loss: 0.15014149700150345, Inverse Test Loss: 1097.5562725645123, Train R2: 0.9825406196442518, Test R2: 0.9770551919937134, Inverse Test R2: 0.9770551919937134 
2026-01-27 17:34:16,417 INFO: Best Epoch 62, Best Test Loss: 0.1457904875278473, Inv Test Loss: 1065.7497799035275, Best Test R2: 0.9783564209938049 
2026-01-27 17:34:28,028 INFO: Epoch 131, Train Loss: 0.1296443957835436, Test Loss: 0.15240545006412448, Inverse Test Loss: 1114.106112393466, Train R2: 0.9826834554022009, Test R2: 0.9762772917747498, Inverse Test R2: 0.9762772917747498 
2026-01-27 17:34:39,379 INFO: Epoch 132, Train Loss: 0.13124069413452438, Test Loss: 0.14989457482641394, Inverse Test Loss: 1095.7512761896307, Train R2: 0.9822352957544904, Test R2: 0.9770755767822266, Inverse Test R2: 0.9770755767822266 
2026-01-27 17:34:50,865 INFO: Epoch 133, Train Loss: 0.13023721167083943, Test Loss: 0.15286921416268204, Inverse Test Loss: 1117.496317545573, Train R2: 0.9825923758925814, Test R2: 0.9762517213821411, Inverse Test R2: 0.9762517213821411 
2026-01-27 17:35:02,180 INFO: Epoch 134, Train Loss: 0.1301974125883796, Test Loss: 0.15020882744680752, Inverse Test Loss: 1098.048458214962, Train R2: 0.9824708524075422, Test R2: 0.9770835041999817, Inverse Test R2: 0.9770835041999817 
2026-01-27 17:35:13,690 INFO: Epoch 135, Train Loss: 0.12953223801697744, Test Loss: 0.1505566480936426, Inverse Test Loss: 1100.5911162405303, Train R2: 0.9826384046764085, Test R2: 0.9768633246421814, Inverse Test R2: 0.9768633246421814 
2026-01-27 17:35:25,130 INFO: Epoch 136, Train Loss: 0.13021472943100063, Test Loss: 0.1491860763141603, Inverse Test Loss: 1090.5720066879735, Train R2: 0.9825150944066771, Test R2: 0.9772546291351318, Inverse Test R2: 0.9772546291351318 
2026-01-27 17:35:36,477 INFO: Epoch 137, Train Loss: 0.13002339084491585, Test Loss: 0.15032975714315067, Inverse Test Loss: 1098.932498816288, Train R2: 0.9824822093501235, Test R2: 0.976966142654419, Inverse Test R2: 0.976966142654419 
2026-01-27 17:35:47,860 INFO: Epoch 138, Train Loss: 0.12930498464089452, Test Loss: 0.15311115618908044, Inverse Test Loss: 1119.26494251598, Train R2: 0.9826956314570976, Test R2: 0.9760854840278625, Inverse Test R2: 0.9760854840278625 
2026-01-27 17:35:59,277 INFO: Epoch 139, Train Loss: 0.12988300734397137, Test Loss: 0.15078881631294885, Inverse Test Loss: 1102.2882782907197, Train R2: 0.982530854416616, Test R2: 0.976811945438385, Inverse Test R2: 0.976811945438385 
2026-01-27 17:36:10,785 INFO: Epoch 140, Train Loss: 0.12932530954254395, Test Loss: 0.1523851930643573, Inverse Test Loss: 1113.9580522017045, Train R2: 0.9827955247777881, Test R2: 0.9763548970222473, Inverse Test R2: 0.9763548970222473 
2026-01-27 17:36:10,786 INFO: Best Epoch 62, Best Test Loss: 0.1457904875278473, Inv Test Loss: 1065.7497799035275, Best Test R2: 0.9783564209938049 
2026-01-27 17:36:22,298 INFO: Epoch 141, Train Loss: 0.13018913454178607, Test Loss: 0.14943494602586282, Inverse Test Loss: 1092.39130933357, Train R2: 0.9825563344991568, Test R2: 0.977240264415741, Inverse Test R2: 0.977240264415741 
2026-01-27 17:36:33,965 INFO: Epoch 142, Train Loss: 0.12975726987827907, Test Loss: 0.15103725637450363, Inverse Test Loss: 1104.1043997099905, Train R2: 0.9826764608874465, Test R2: 0.9767501354217529, Inverse Test R2: 0.9767501354217529 
2026-01-27 17:36:45,313 INFO: Epoch 143, Train Loss: 0.12915768587228024, Test Loss: 0.15306448778419784, Inverse Test Loss: 1118.9237633907433, Train R2: 0.9828284798246442, Test R2: 0.9761605262756348, Inverse Test R2: 0.9761605262756348 
2026-01-27 17:36:56,693 INFO: Epoch 144, Train Loss: 0.1300076801104076, Test Loss: 0.14917919039726257, Inverse Test Loss: 1090.5216933741715, Train R2: 0.9825647324323654, Test R2: 0.977379560470581, Inverse Test R2: 0.977379560470581 
2026-01-27 17:37:08,101 INFO: Epoch 145, Train Loss: 0.12841046014518448, Test Loss: 0.15065166783152203, Inverse Test Loss: 1101.2857351592093, Train R2: 0.9830080577821443, Test R2: 0.9768914580345154, Inverse Test R2: 0.9768914580345154 
2026-01-27 17:37:19,475 INFO: Epoch 146, Train Loss: 0.12829603644257243, Test Loss: 0.15206163489457333, Inverse Test Loss: 1111.5927771366005, Train R2: 0.9830105160221909, Test R2: 0.9764565825462341, Inverse Test R2: 0.9764565825462341 
2026-01-27 17:37:31,022 INFO: Epoch 147, Train Loss: 0.12874078287771254, Test Loss: 0.15002031601739652, Inverse Test Loss: 1096.6704526959043, Train R2: 0.9828937581994317, Test R2: 0.9770943522453308, Inverse Test R2: 0.9770943522453308 
2026-01-27 17:37:42,506 INFO: Epoch 148, Train Loss: 0.128424022346735, Test Loss: 0.1528832068045934, Inverse Test Loss: 1117.5985976710465, Train R2: 0.983034126234777, Test R2: 0.9761456847190857, Inverse Test R2: 0.9761456847190857 
2026-01-27 17:37:54,049 INFO: Epoch 149, Train Loss: 0.12675236171167908, Test Loss: 0.1529590327179793, Inverse Test Loss: 1118.1528893673058, Train R2: 0.9833544370802966, Test R2: 0.9762166142463684, Inverse Test R2: 0.9762166142463684 
2026-01-27 17:38:05,699 INFO: Epoch 150, Train Loss: 0.127794317223809, Test Loss: 0.15453387435638544, Inverse Test Loss: 1129.6652203184185, Train R2: 0.9831164700515342, Test R2: 0.9757676720619202, Inverse Test R2: 0.9757676720619202 
2026-01-27 17:38:05,699 INFO: Best Epoch 62, Best Test Loss: 0.1457904875278473, Inv Test Loss: 1065.7497799035275, Best Test R2: 0.9783564209938049 
