2026-01-27 17:09:58,642 INFO: log_path:/logs_2026_1_27_HS_RMSE/AMFormer_simple_MLP_dim32_depth2_heads4_dropout0.4_fusion0.45_0.55_lr0.001_5A 
2026-01-27 17:09:58,642 INFO: Model:namespace(attn_dropout=0.4, categories=[], cluster=3, depth=2, dim=32, ff_dropout=0.4, groups=[54, 54, 54], heads=4, name='AMFormer_simple_MLP_dim32_depth2_heads4_dropout0.4_fusion0.45_0.55', num_cate=0, num_cont=20, num_special_tokens=1, out_dim=1, predictor='simple_MLP', prod_num_per_group=[6, 6, 6], qk_relu=False, static_fusion={'kan_weight': 0.45, 'trans_weight': 0.55}, sum_num_per_group=[32, 16, 8], target_mode='regression', token_descent=False, use_cls_token=True, use_prod=True, use_row_col_attention=True, use_sigmoid=True) 
2026-01-27 17:09:58,643 INFO: lr:0.001, loss:RMSE 
2026-01-27 17:09:58,643 INFO: Dataset:HS, Target:['metal5_Area'] 
2026-01-27 17:09:58,643 INFO: ------Begin Training Model------ 
2026-01-27 17:10:14,446 INFO: Epoch 1, Train Loss: 0.6622238010168076, Test Loss: 0.5141658502997775, Inverse Test Loss: 1647.804950136127, Train R2: 0.5426706752993844, Test R2: 0.7135060429573059, Inverse Test R2: 0.7135060429573059 
2026-01-27 17:10:23,706 INFO: Epoch 2, Train Loss: 0.49774496008952457, Test Loss: 0.40337729860435834, Inverse Test Loss: 1292.748398289536, Train R2: 0.7426530547214277, Test R2: 0.821513831615448, Inverse Test R2: 0.8215137720108032 
2026-01-27 17:10:34,935 INFO: Epoch 3, Train Loss: 0.4347784738197471, Test Loss: 0.37615805051543494, Inverse Test Loss: 1205.5158376982718, Train R2: 0.8028206915566416, Test R2: 0.8451608419418335, Inverse Test R2: 0.8451607823371887 
2026-01-27 17:10:46,192 INFO: Epoch 4, Train Loss: 0.39477480925393826, Test Loss: 0.362887237108115, Inverse Test Loss: 1162.9853682084517, Train R2: 0.8374868798436541, Test R2: 0.8559120893478394, Inverse Test R2: 0.8559120893478394 
2026-01-27 17:10:57,440 INFO: Epoch 5, Train Loss: 0.3758628520775925, Test Loss: 0.3427431904005282, Inverse Test Loss: 1098.4274791370738, Train R2: 0.8518374666120067, Test R2: 0.8718073964118958, Inverse Test R2: 0.8718073964118958 
2026-01-27 17:11:08,602 INFO: Epoch 6, Train Loss: 0.3599258040388425, Test Loss: 0.36133023419163446, Inverse Test Loss: 1157.9954667524858, Train R2: 0.8639790140318148, Test R2: 0.8573383092880249, Inverse Test R2: 0.8573383092880249 
2026-01-27 17:11:19,842 INFO: Epoch 7, Train Loss: 0.353042310950431, Test Loss: 0.33006541069709894, Inverse Test Loss: 1057.7975852272727, Train R2: 0.8679731619177442, Test R2: 0.8794658184051514, Inverse Test R2: 0.8794658184051514 
2026-01-27 17:11:31,023 INFO: Epoch 8, Train Loss: 0.35176086606401386, Test Loss: 0.337228922681375, Inverse Test Loss: 1080.7552952621922, Train R2: 0.8710398845600359, Test R2: 0.8748812079429626, Inverse Test R2: 0.8748812079429626 
2026-01-27 17:11:42,323 INFO: Epoch 9, Train Loss: 0.34482517488526576, Test Loss: 0.32060279810067377, Inverse Test Loss: 1027.4716944839015, Train R2: 0.8751077105601629, Test R2: 0.8866214752197266, Inverse Test R2: 0.8866214752197266 
2026-01-27 17:11:53,548 INFO: Epoch 10, Train Loss: 0.3374161808328195, Test Loss: 0.3178358208952528, Inverse Test Loss: 1018.6040445963541, Train R2: 0.8795656756018148, Test R2: 0.8875349760055542, Inverse Test R2: 0.8875349760055542 
2026-01-27 17:11:53,549 INFO: Best Epoch 10, Best Test Loss: 0.3178358208952528, Inv Test Loss: 1018.6040445963541, Best Test R2: 0.8875349760055542 
2026-01-27 17:12:05,649 INFO: Epoch 11, Train Loss: 0.3340642481590762, Test Loss: 0.3105617147503477, Inverse Test Loss: 995.2919219045928, Train R2: 0.8824332044883207, Test R2: 0.8941656351089478, Inverse Test R2: 0.8941656351089478 
2026-01-27 17:12:17,715 INFO: Epoch 12, Train Loss: 0.335146200137608, Test Loss: 0.31520215128407336, Inverse Test Loss: 1010.163642652107, Train R2: 0.881126268343492, Test R2: 0.8890416622161865, Inverse Test R2: 0.8890416622161865 
2026-01-27 17:12:29,702 INFO: Epoch 13, Train Loss: 0.32880050869602145, Test Loss: 0.3130473706758384, Inverse Test Loss: 1003.2579678622159, Train R2: 0.8858325964573658, Test R2: 0.8909082412719727, Inverse Test R2: 0.8909082412719727 
2026-01-27 17:12:41,381 INFO: Epoch 14, Train Loss: 0.3276927535506812, Test Loss: 0.31003584735321277, Inverse Test Loss: 993.606621019768, Train R2: 0.886537643996152, Test R2: 0.8938155174255371, Inverse Test R2: 0.8938155174255371 
2026-01-27 17:12:53,519 INFO: Epoch 15, Train Loss: 0.3236595882159291, Test Loss: 0.313397305932912, Inverse Test Loss: 1004.3794555664062, Train R2: 0.8903311518105593, Test R2: 0.8905613422393799, Inverse Test R2: 0.8905613422393799 
2026-01-27 17:13:05,230 INFO: Epoch 16, Train Loss: 0.32310826884526195, Test Loss: 0.31346670470454474, Inverse Test Loss: 1004.6018732244319, Train R2: 0.8901667089173289, Test R2: 0.8916128873825073, Inverse Test R2: 0.8916128873825073 
2026-01-27 17:13:16,882 INFO: Epoch 17, Train Loss: 0.32392756471579726, Test Loss: 0.29935588936011, Inverse Test Loss: 959.3793575402462, Train R2: 0.8889372682932651, Test R2: 0.9009235501289368, Inverse Test R2: 0.9009235501289368 
2026-01-27 17:13:28,636 INFO: Epoch 18, Train Loss: 0.3176330685841315, Test Loss: 0.31429471888325433, Inverse Test Loss: 1007.2554987127131, Train R2: 0.8946488052606583, Test R2: 0.8914344310760498, Inverse Test R2: 0.8914344310760498 
2026-01-27 17:13:40,275 INFO: Epoch 19, Train Loss: 0.31849839267405594, Test Loss: 0.2970296519272255, Inverse Test Loss: 951.9241924863873, Train R2: 0.8927457617087797, Test R2: 0.9017874598503113, Inverse Test R2: 0.9017874598503113 
2026-01-27 17:13:51,892 INFO: Epoch 20, Train Loss: 0.31615992206515686, Test Loss: 0.3023547674670364, Inverse Test Loss: 968.9901936848959, Train R2: 0.8943894604841868, Test R2: 0.8986138701438904, Inverse Test R2: 0.8986138701438904 
2026-01-27 17:13:51,893 INFO: Best Epoch 19, Best Test Loss: 0.2970296519272255, Inv Test Loss: 951.9241924863873, Best Test R2: 0.9017874598503113 
2026-01-27 17:14:03,336 INFO: Epoch 21, Train Loss: 0.3145040073855357, Test Loss: 0.3095383680228031, Inverse Test Loss: 992.0122736150569, Train R2: 0.8956379158930345, Test R2: 0.8946017622947693, Inverse Test R2: 0.8946017026901245 
2026-01-27 17:14:14,960 INFO: Epoch 22, Train Loss: 0.3106538768519055, Test Loss: 0.3052108436822891, Inverse Test Loss: 978.1433771306819, Train R2: 0.8983164118094877, Test R2: 0.8973660469055176, Inverse Test R2: 0.8973660469055176 
2026-01-27 17:14:26,590 INFO: Epoch 23, Train Loss: 0.30991703407330945, Test Loss: 0.3053267444625045, Inverse Test Loss: 978.5148093483665, Train R2: 0.8990812446131851, Test R2: 0.8967546820640564, Inverse Test R2: 0.8967546820640564 
2026-01-27 17:14:38,132 INFO: Epoch 24, Train Loss: 0.3107422904083223, Test Loss: 0.3054592541672967, Inverse Test Loss: 978.9394882664536, Train R2: 0.8987217992544174, Test R2: 0.8965780735015869, Inverse Test R2: 0.8965780735015869 
2026-01-27 17:14:49,682 INFO: Epoch 25, Train Loss: 0.3087352922920025, Test Loss: 0.30536075884645636, Inverse Test Loss: 978.623818137429, Train R2: 0.8986871170275139, Test R2: 0.8964559435844421, Inverse Test R2: 0.8964559435844421 
2026-01-27 17:15:01,312 INFO: Epoch 26, Train Loss: 0.30656512465440866, Test Loss: 0.29985648980646423, Inverse Test Loss: 960.9836888168797, Train R2: 0.8998547133171197, Test R2: 0.9005786180496216, Inverse Test R2: 0.9005786180496216 
2026-01-27 17:15:12,760 INFO: Epoch 27, Train Loss: 0.30774841164097644, Test Loss: 0.3069528648347566, Inverse Test Loss: 983.7262258818655, Train R2: 0.9000594755916884, Test R2: 0.8951063752174377, Inverse Test R2: 0.8951063752174377 
2026-01-27 17:15:24,231 INFO: Epoch 28, Train Loss: 0.3070708396985675, Test Loss: 0.29403528571128845, Inverse Test Loss: 942.3278309215199, Train R2: 0.9002532922860348, Test R2: 0.9045243263244629, Inverse Test R2: 0.9045243263244629 
2026-01-27 17:15:35,589 INFO: Epoch 29, Train Loss: 0.30360697435610223, Test Loss: 0.3051817692590482, Inverse Test Loss: 978.0501967921401, Train R2: 0.9029693901538849, Test R2: 0.8970991969108582, Inverse Test R2: 0.8970991969108582 
2026-01-27 17:15:47,134 INFO: Epoch 30, Train Loss: 0.3021090860393914, Test Loss: 0.2952622211340702, Inverse Test Loss: 946.259911739465, Train R2: 0.904154486728437, Test R2: 0.9042790532112122, Inverse Test R2: 0.9042790532112122 
2026-01-27 17:15:47,134 INFO: Best Epoch 28, Best Test Loss: 0.29403528571128845, Inv Test Loss: 942.3278309215199, Best Test R2: 0.9045243263244629 
2026-01-27 17:15:58,695 INFO: Epoch 31, Train Loss: 0.3064202254242969, Test Loss: 0.29749942232262006, Inverse Test Loss: 953.4297244910038, Train R2: 0.9000232874444036, Test R2: 0.9019432067871094, Inverse Test R2: 0.9019432067871094 
2026-01-27 17:16:10,211 INFO: Epoch 32, Train Loss: 0.30640118433670566, Test Loss: 0.30236442838654376, Inverse Test Loss: 969.0211662523674, Train R2: 0.8997773347478925, Test R2: 0.8987710475921631, Inverse Test R2: 0.8987710475921631 
2026-01-27 17:16:21,925 INFO: Epoch 33, Train Loss: 0.30129577106598654, Test Loss: 0.29533355434735614, Inverse Test Loss: 946.4885179924242, Train R2: 0.9044412365465453, Test R2: 0.9036417603492737, Inverse Test R2: 0.9036417603492737 
2026-01-27 17:16:33,905 INFO: Epoch 34, Train Loss: 0.29991486860495625, Test Loss: 0.2971753577391307, Inverse Test Loss: 952.3911354758523, Train R2: 0.9044073824629639, Test R2: 0.9020482301712036, Inverse Test R2: 0.9020482301712036 
2026-01-27 17:16:45,922 INFO: Epoch 35, Train Loss: 0.3021908767069831, Test Loss: 0.29389623484828253, Inverse Test Loss: 941.8821910511364, Train R2: 0.9038398143920031, Test R2: 0.9040229916572571, Inverse Test R2: 0.9040229916572571 
2026-01-27 17:16:57,590 INFO: Epoch 36, Train Loss: 0.30112555973006017, Test Loss: 0.29438847664630774, Inverse Test Loss: 943.4597445401279, Train R2: 0.9044111226544236, Test R2: 0.9029407501220703, Inverse Test R2: 0.9029407501220703 
2026-01-27 17:17:09,258 INFO: Epoch 37, Train Loss: 0.2988662983883511, Test Loss: 0.30145922483819904, Inverse Test Loss: 966.1201726740056, Train R2: 0.9054234533598928, Test R2: 0.8990867733955383, Inverse Test R2: 0.8990867733955383 
2026-01-27 17:17:20,811 INFO: Epoch 38, Train Loss: 0.29806572244022833, Test Loss: 0.30182995398839313, Inverse Test Loss: 967.3082497336648, Train R2: 0.9056470954056942, Test R2: 0.8991820812225342, Inverse Test R2: 0.8991820812225342 
2026-01-27 17:17:32,759 INFO: Epoch 39, Train Loss: 0.302783200460853, Test Loss: 0.2993433732878078, Inverse Test Loss: 959.3392315488873, Train R2: 0.9024562772476312, Test R2: 0.8999310731887817, Inverse Test R2: 0.8999310731887817 
2026-01-27 17:17:44,667 INFO: Epoch 40, Train Loss: 0.29654353868329164, Test Loss: 0.2927551061818094, Inverse Test Loss: 938.2250643643466, Train R2: 0.907558899937254, Test R2: 0.9053655862808228, Inverse Test R2: 0.9053655862808228 
2026-01-27 17:17:44,667 INFO: Best Epoch 40, Best Test Loss: 0.2927551061818094, Inv Test Loss: 938.2250643643466, Best Test R2: 0.9053655862808228 
2026-01-27 17:17:56,343 INFO: Epoch 41, Train Loss: 0.293359860213417, Test Loss: 0.2896151583303105, Inverse Test Loss: 928.1621463660038, Train R2: 0.9091087674552744, Test R2: 0.9063817858695984, Inverse Test R2: 0.9063818454742432 
2026-01-27 17:18:07,876 INFO: Epoch 42, Train Loss: 0.2920839208545107, Test Loss: 0.29359774833375757, Inverse Test Loss: 940.9255944454309, Train R2: 0.9101218603777163, Test R2: 0.9043654799461365, Inverse Test R2: 0.9043654799461365 
2026-01-27 17:18:19,486 INFO: Epoch 43, Train Loss: 0.2948172783309763, Test Loss: 0.30562194865761383, Inverse Test Loss: 979.4608672170928, Train R2: 0.9078631089492277, Test R2: 0.8970878720283508, Inverse Test R2: 0.8970878720283508 
2026-01-27 17:18:31,029 INFO: Epoch 44, Train Loss: 0.2928778185988917, Test Loss: 0.2943771481513977, Inverse Test Loss: 943.4234212239584, Train R2: 0.908899186687036, Test R2: 0.9038766026496887, Inverse Test R2: 0.9038766026496887 
2026-01-27 17:18:42,476 INFO: Epoch 45, Train Loss: 0.29498994395588385, Test Loss: 0.2917120217373877, Inverse Test Loss: 934.882178104285, Train R2: 0.9091589676611351, Test R2: 0.905848503112793, Inverse Test R2: 0.905848503112793 
2026-01-27 17:18:54,101 INFO: Epoch 46, Train Loss: 0.2921966361728581, Test Loss: 0.2912067089116935, Inverse Test Loss: 933.2627692945076, Train R2: 0.9091782827268947, Test R2: 0.9057841897010803, Inverse Test R2: 0.9057841897010803 
2026-01-27 17:19:05,805 INFO: Epoch 47, Train Loss: 0.2870407185771249, Test Loss: 0.29072720083323395, Inverse Test Loss: 931.7260316790956, Train R2: 0.913217921148647, Test R2: 0.905838668346405, Inverse Test R2: 0.905838668346405 
2026-01-27 17:19:17,440 INFO: Epoch 48, Train Loss: 0.2879357020737547, Test Loss: 0.300238263426405, Inverse Test Loss: 962.2071903113163, Train R2: 0.912465052171187, Test R2: 0.9005642533302307, Inverse Test R2: 0.9005642533302307 
2026-01-27 17:19:28,962 INFO: Epoch 49, Train Loss: 0.2891170313638268, Test Loss: 0.29939821317340387, Inverse Test Loss: 959.5149961529356, Train R2: 0.9110391713453062, Test R2: 0.8998348712921143, Inverse Test R2: 0.8998348712921143 
2026-01-27 17:19:40,502 INFO: Epoch 50, Train Loss: 0.2916902571239255, Test Loss: 0.3000940757267403, Inverse Test Loss: 961.7450986919981, Train R2: 0.9094646442117114, Test R2: 0.9006862044334412, Inverse Test R2: 0.9006862044334412 
2026-01-27 17:19:40,503 INFO: Best Epoch 41, Best Test Loss: 0.2896151583303105, Inv Test Loss: 928.1621463660038, Best Test R2: 0.9063817858695984 
2026-01-27 17:19:52,124 INFO: Epoch 51, Train Loss: 0.28912097813956666, Test Loss: 0.30480893949667615, Inverse Test Loss: 976.8553577769886, Train R2: 0.9112261018969796, Test R2: 0.8975968956947327, Inverse Test R2: 0.8975968956947327 
2026-01-27 17:20:03,732 INFO: Epoch 52, Train Loss: 0.2888682574936838, Test Loss: 0.2939631062926668, Inverse Test Loss: 942.0964928829309, Train R2: 0.9119996943257072, Test R2: 0.903106689453125, Inverse Test R2: 0.903106689453125 
2026-01-27 17:20:15,492 INFO: Epoch 53, Train Loss: 0.28924990434086684, Test Loss: 0.3045663490439906, Inverse Test Loss: 976.0778845584754, Train R2: 0.9112497690049085, Test R2: 0.8973670601844788, Inverse Test R2: 0.8973670601844788 
2026-01-27 17:20:26,993 INFO: Epoch 54, Train Loss: 0.2838812077587301, Test Loss: 0.2911744050004266, Inverse Test Loss: 933.1592592181581, Train R2: 0.9150449633598328, Test R2: 0.9059966802597046, Inverse Test R2: 0.9059966206550598 
2026-01-27 17:20:38,639 INFO: Epoch 55, Train Loss: 0.2862786982547153, Test Loss: 0.2914084746982112, Inverse Test Loss: 933.9093757398201, Train R2: 0.9127376711729801, Test R2: 0.9057454466819763, Inverse Test R2: 0.9057453870773315 
2026-01-27 17:20:50,354 INFO: Epoch 56, Train Loss: 0.28398253870281304, Test Loss: 0.2935551712007234, Inverse Test Loss: 940.7891475793087, Train R2: 0.9141337469671712, Test R2: 0.9038361310958862, Inverse Test R2: 0.9038361310958862 
2026-01-27 17:21:01,850 INFO: Epoch 57, Train Loss: 0.2842258427179221, Test Loss: 0.2902894480661912, Inverse Test Loss: 930.3231090198864, Train R2: 0.9143824920509801, Test R2: 0.9067645072937012, Inverse Test R2: 0.9067645072937012 
2026-01-27 17:21:13,502 INFO: Epoch 58, Train Loss: 0.2866430718338851, Test Loss: 0.29073389732476435, Inverse Test Loss: 931.747490160393, Train R2: 0.9125880639661442, Test R2: 0.9067559838294983, Inverse Test R2: 0.9067559838294983 
2026-01-27 17:21:25,237 INFO: Epoch 59, Train Loss: 0.27914675200978917, Test Loss: 0.29336796204249066, Inverse Test Loss: 940.1891775420218, Train R2: 0.9173067026969158, Test R2: 0.9055672883987427, Inverse Test R2: 0.9055672883987427 
2026-01-27 17:21:37,051 INFO: Epoch 60, Train Loss: 0.2844326168750272, Test Loss: 0.2986865599047054, Inverse Test Loss: 957.23427697384, Train R2: 0.9145549490596309, Test R2: 0.9019885659217834, Inverse Test R2: 0.9019885659217834 
2026-01-27 17:21:37,051 INFO: Best Epoch 41, Best Test Loss: 0.2896151583303105, Inv Test Loss: 928.1621463660038, Best Test R2: 0.9063817858695984 
2026-01-27 17:21:48,666 INFO: Epoch 61, Train Loss: 0.28242122506101924, Test Loss: 0.2903093704671571, Inverse Test Loss: 930.3869499437736, Train R2: 0.9150117247393637, Test R2: 0.9061764478683472, Inverse Test R2: 0.9061764478683472 
2026-01-27 17:22:00,292 INFO: Epoch 62, Train Loss: 0.2813969041136178, Test Loss: 0.30170481313358655, Inverse Test Loss: 966.9071766246449, Train R2: 0.9166923210476384, Test R2: 0.9003696441650391, Inverse Test R2: 0.9003696441650391 
2026-01-27 17:22:11,929 INFO: Epoch 63, Train Loss: 0.2819694856351072, Test Loss: 0.29416443136605347, Inverse Test Loss: 942.7417103160511, Train R2: 0.9157851469336133, Test R2: 0.9038859605789185, Inverse Test R2: 0.9038859605789185 
2026-01-27 17:22:23,424 INFO: Epoch 64, Train Loss: 0.2762272037339933, Test Loss: 0.29475220044453937, Inverse Test Loss: 944.6254087505919, Train R2: 0.9195009655121601, Test R2: 0.9034542441368103, Inverse Test R2: 0.9034542441368103 
2026-01-27 17:22:35,082 INFO: Epoch 65, Train Loss: 0.28026606052210834, Test Loss: 0.3038328140974045, Inverse Test Loss: 973.7270526308002, Train R2: 0.9171000421047211, Test R2: 0.8963631987571716, Inverse Test R2: 0.8963631987571716 
2026-01-27 17:22:46,616 INFO: Epoch 66, Train Loss: 0.2839098083927776, Test Loss: 0.2871944985606454, Inverse Test Loss: 920.4043690074574, Train R2: 0.9144552426807808, Test R2: 0.9089263677597046, Inverse Test R2: 0.9089263677597046 
2026-01-27 17:22:58,076 INFO: Epoch 67, Train Loss: 0.27858206821662007, Test Loss: 0.2962321891929164, Inverse Test Loss: 949.3684821851326, Train R2: 0.918596582882332, Test R2: 0.9037383794784546, Inverse Test R2: 0.9037383794784546 
2026-01-27 17:23:09,559 INFO: Epoch 68, Train Loss: 0.2773115538963766, Test Loss: 0.2904719922578696, Inverse Test Loss: 930.9081272934422, Train R2: 0.9182415121432507, Test R2: 0.9070813655853271, Inverse Test R2: 0.9070813655853271 
2026-01-27 17:23:21,157 INFO: Epoch 69, Train Loss: 0.27921033131353784, Test Loss: 0.29433642056855286, Inverse Test Loss: 943.2928873697916, Train R2: 0.9175484627485275, Test R2: 0.9038379788398743, Inverse Test R2: 0.9038379788398743 
2026-01-27 17:23:32,771 INFO: Epoch 70, Train Loss: 0.2807068731071371, Test Loss: 0.297771209117138, Inverse Test Loss: 954.3007479580966, Train R2: 0.9164331790172693, Test R2: 0.9021197557449341, Inverse Test R2: 0.9021197557449341 
2026-01-27 17:23:32,772 INFO: Best Epoch 66, Best Test Loss: 0.2871944985606454, Inv Test Loss: 920.4043690074574, Best Test R2: 0.9089263677597046 
2026-01-27 17:23:44,332 INFO: Epoch 71, Train Loss: 0.2754962478736133, Test Loss: 0.2941197251731699, Inverse Test Loss: 942.5984238133286, Train R2: 0.9191012698592562, Test R2: 0.9040653705596924, Inverse Test R2: 0.9040653705596924 
2026-01-27 17:23:55,924 INFO: Epoch 72, Train Loss: 0.27743859306880925, Test Loss: 0.2886282047539046, Inverse Test Loss: 924.9991399591619, Train R2: 0.9185427192485693, Test R2: 0.9074831604957581, Inverse Test R2: 0.9074831604957581 
2026-01-27 17:24:07,623 INFO: Epoch 73, Train Loss: 0.27675980871373956, Test Loss: 0.293379698287357, Inverse Test Loss: 940.226777047822, Train R2: 0.9183591559077754, Test R2: 0.9043228626251221, Inverse Test R2: 0.9043228626251221 
2026-01-27 17:24:19,295 INFO: Epoch 74, Train Loss: 0.2731545979552197, Test Loss: 0.2992170669815757, Inverse Test Loss: 958.9344556403883, Train R2: 0.9199913053801565, Test R2: 0.901177167892456, Inverse Test R2: 0.901177167892456 
2026-01-27 17:24:30,933 INFO: Epoch 75, Train Loss: 0.27452705213517853, Test Loss: 0.29807869683612476, Inverse Test Loss: 955.2861882990056, Train R2: 0.9201582101258364, Test R2: 0.9016231894493103, Inverse Test R2: 0.9016231894493103 
2026-01-27 17:24:43,141 INFO: Epoch 76, Train Loss: 0.2719522296930804, Test Loss: 0.29692075875672425, Inverse Test Loss: 951.5752101089015, Train R2: 0.9212304290496942, Test R2: 0.9023178815841675, Inverse Test R2: 0.9023178815841675 
2026-01-27 17:24:54,921 INFO: Epoch 77, Train Loss: 0.2752320733711575, Test Loss: 0.2933729033578526, Inverse Test Loss: 940.205000443892, Train R2: 0.9189793517192205, Test R2: 0.9043746590614319, Inverse Test R2: 0.9043746590614319 
2026-01-27 17:25:06,795 INFO: Epoch 78, Train Loss: 0.26965643296187575, Test Loss: 0.30067845185597736, Inverse Test Loss: 963.6179217714252, Train R2: 0.9229330077315822, Test R2: 0.8986915946006775, Inverse Test R2: 0.8986915946006775 
2026-01-27 17:25:18,396 INFO: Epoch 79, Train Loss: 0.27030939428192197, Test Loss: 0.29355431190042786, Inverse Test Loss: 940.7863825017756, Train R2: 0.9225843332030557, Test R2: 0.9045862555503845, Inverse Test R2: 0.9045862555503845 
2026-01-27 17:25:29,915 INFO: Epoch 80, Train Loss: 0.269251241038243, Test Loss: 0.2928263522458799, Inverse Test Loss: 938.4534153793797, Train R2: 0.922515323216265, Test R2: 0.9055227041244507, Inverse Test R2: 0.9055227041244507 
2026-01-27 17:25:29,915 INFO: Best Epoch 66, Best Test Loss: 0.2871944985606454, Inv Test Loss: 920.4043690074574, Best Test R2: 0.9089263677597046 
2026-01-27 17:25:41,482 INFO: Epoch 81, Train Loss: 0.2718057092843634, Test Loss: 0.2893602414564653, Inverse Test Loss: 927.3451815518466, Train R2: 0.9211692846182621, Test R2: 0.9074757099151611, Inverse Test R2: 0.9074757099151611 
2026-01-27 17:25:53,154 INFO: Epoch 82, Train Loss: 0.27067975666035304, Test Loss: 0.29428479526982165, Inverse Test Loss: 943.1274525035511, Train R2: 0.9217339821837165, Test R2: 0.9041519165039062, Inverse Test R2: 0.9041519165039062 
2026-01-27 17:26:04,825 INFO: Epoch 83, Train Loss: 0.2703102982857011, Test Loss: 0.29633966178605053, Inverse Test Loss: 949.712899872751, Train R2: 0.9236893726117683, Test R2: 0.9030591249465942, Inverse Test R2: 0.9030591249465942 
2026-01-27 17:26:16,408 INFO: Epoch 84, Train Loss: 0.26781928742473776, Test Loss: 0.28911995436206006, Inverse Test Loss: 926.575117631392, Train R2: 0.9239900225039684, Test R2: 0.9073538184165955, Inverse Test R2: 0.9073538184165955 
2026-01-27 17:26:28,150 INFO: Epoch 85, Train Loss: 0.2679708522151817, Test Loss: 0.29485288442987384, Inverse Test Loss: 944.9480535333806, Train R2: 0.9230942486813574, Test R2: 0.9037773609161377, Inverse Test R2: 0.9037773609161377 
2026-01-27 17:26:39,833 INFO: Epoch 86, Train Loss: 0.26883022554896097, Test Loss: 0.30342793825900916, Inverse Test Loss: 972.4295136422822, Train R2: 0.9240424917502836, Test R2: 0.8995473384857178, Inverse Test R2: 0.8995473384857178 
2026-01-27 17:26:51,390 INFO: Epoch 87, Train Loss: 0.2702943130650304, Test Loss: 0.2933773113922639, Inverse Test Loss: 940.219131007339, Train R2: 0.9229618735385664, Test R2: 0.9044601321220398, Inverse Test R2: 0.9044601321220398 
2026-01-27 17:27:03,096 INFO: Epoch 88, Train Loss: 0.2669393781459693, Test Loss: 0.29260324889963324, Inverse Test Loss: 937.7384162671639, Train R2: 0.9245238534428857, Test R2: 0.9054898023605347, Inverse Test R2: 0.9054898023605347 
2026-01-27 17:27:14,966 INFO: Epoch 89, Train Loss: 0.26425031233917584, Test Loss: 0.3009550864949371, Inverse Test Loss: 964.5044740619081, Train R2: 0.9264549667185004, Test R2: 0.8999578356742859, Inverse Test R2: 0.8999578356742859 
2026-01-27 17:27:26,560 INFO: Epoch 90, Train Loss: 0.2680015513165431, Test Loss: 0.29612221004384937, Inverse Test Loss: 949.0160189541904, Train R2: 0.9238423655430476, Test R2: 0.9032304286956787, Inverse Test R2: 0.9032304286956787 
2026-01-27 17:27:26,561 INFO: Best Epoch 66, Best Test Loss: 0.2871944985606454, Inv Test Loss: 920.4043690074574, Best Test R2: 0.9089263677597046 
2026-01-27 17:27:38,608 INFO: Epoch 91, Train Loss: 0.2656796666031534, Test Loss: 0.2979930178685622, Inverse Test Loss: 955.0115911310369, Train R2: 0.9249017378597548, Test R2: 0.9018298983573914, Inverse Test R2: 0.9018298983573914 
2026-01-27 17:27:50,594 INFO: Epoch 92, Train Loss: 0.2629187362212123, Test Loss: 0.29119688272476196, Inverse Test Loss: 933.231278852983, Train R2: 0.9269804954528809, Test R2: 0.9066885709762573, Inverse Test R2: 0.9066885113716125 
2026-01-27 17:28:02,175 INFO: Epoch 93, Train Loss: 0.26320211973154184, Test Loss: 0.29358790905186627, Inverse Test Loss: 940.8940688624526, Train R2: 0.9267195679924705, Test R2: 0.9053912162780762, Inverse Test R2: 0.9053912162780762 
2026-01-27 17:28:13,733 INFO: Epoch 94, Train Loss: 0.263248136549285, Test Loss: 0.3015026865583478, Inverse Test Loss: 966.2594253077651, Train R2: 0.9259879408460675, Test R2: 0.8997508883476257, Inverse Test R2: 0.8997508883476257 
2026-01-27 17:28:25,315 INFO: Epoch 95, Train Loss: 0.26225638084790925, Test Loss: 0.29168607836419885, Inverse Test Loss: 934.7990463719224, Train R2: 0.9271713404944448, Test R2: 0.9059738516807556, Inverse Test R2: 0.9059738516807556 
2026-01-27 17:28:37,141 INFO: Epoch 96, Train Loss: 0.2608221085234122, Test Loss: 0.30443404389150214, Inverse Test Loss: 975.6538751775569, Train R2: 0.9282729557969354, Test R2: 0.8972193002700806, Inverse Test R2: 0.8972193002700806 
2026-01-27 17:28:48,668 INFO: Epoch 97, Train Loss: 0.2625408252757607, Test Loss: 0.28961839549469226, Inverse Test Loss: 928.1724964488636, Train R2: 0.9275610744953156, Test R2: 0.9071295857429504, Inverse Test R2: 0.9071295857429504 
2026-01-27 17:29:00,278 INFO: Epoch 98, Train Loss: 0.26993648380492674, Test Loss: 0.3010732481877009, Inverse Test Loss: 964.8831620649858, Train R2: 0.9215279176379695, Test R2: 0.9009226560592651, Inverse Test R2: 0.9009226560592651 
2026-01-27 17:29:11,967 INFO: Epoch 99, Train Loss: 0.26274079682700563, Test Loss: 0.30055927733580273, Inverse Test Loss: 963.2359711618135, Train R2: 0.9257886892918384, Test R2: 0.8993430137634277, Inverse Test R2: 0.8993430137634277 
2026-01-27 17:29:23,600 INFO: Epoch 100, Train Loss: 0.26090536029501393, Test Loss: 0.29209887845949695, Inverse Test Loss: 936.1219963304924, Train R2: 0.9279916340654547, Test R2: 0.9061094522476196, Inverse Test R2: 0.9061094522476196 
2026-01-27 17:29:23,601 INFO: Best Epoch 66, Best Test Loss: 0.2871944985606454, Inv Test Loss: 920.4043690074574, Best Test R2: 0.9089263677597046 
2026-01-27 17:29:35,118 INFO: Epoch 101, Train Loss: 0.2628982559298024, Test Loss: 0.2968387251550501, Inverse Test Loss: 951.3123372395834, Train R2: 0.9266219671928522, Test R2: 0.9033554196357727, Inverse Test R2: 0.9033554196357727 
2026-01-27 17:29:46,866 INFO: Epoch 102, Train Loss: 0.25864094371596974, Test Loss: 0.3039105123642719, Inverse Test Loss: 973.976083466501, Train R2: 0.9289275141376437, Test R2: 0.897585391998291, Inverse Test R2: 0.897585391998291 
2026-01-27 17:29:58,449 INFO: Epoch 103, Train Loss: 0.2626931459614725, Test Loss: 0.29457427290352906, Inverse Test Loss: 944.0551776308002, Train R2: 0.9262804808941755, Test R2: 0.9039307832717896, Inverse Test R2: 0.9039307832717896 
2026-01-27 17:30:10,068 INFO: Epoch 104, Train Loss: 0.25799405586087343, Test Loss: 0.3006469869252407, Inverse Test Loss: 963.5170842950994, Train R2: 0.9294572802204074, Test R2: 0.9007930755615234, Inverse Test R2: 0.9007930755615234 
2026-01-27 17:30:21,801 INFO: Epoch 105, Train Loss: 0.26011848043311725, Test Loss: 0.2994027900876421, Inverse Test Loss: 959.5296686345881, Train R2: 0.9285185851834037, Test R2: 0.900875985622406, Inverse Test R2: 0.900875985622406 
2026-01-27 17:30:33,561 INFO: Epoch 106, Train Loss: 0.25974711262141215, Test Loss: 0.3032351316827716, Inverse Test Loss: 971.8115863222065, Train R2: 0.9276316129800045, Test R2: 0.8980246782302856, Inverse Test R2: 0.8980246782302856 
2026-01-27 17:30:45,199 INFO: Epoch 107, Train Loss: 0.25799140040621615, Test Loss: 0.29436658187346026, Inverse Test Loss: 943.3895522608901, Train R2: 0.9289183101870797, Test R2: 0.9042050838470459, Inverse Test R2: 0.9042050242424011 
2026-01-27 17:30:56,860 INFO: Epoch 108, Train Loss: 0.25544357378826, Test Loss: 0.3044098462119247, Inverse Test Loss: 975.5763253876657, Train R2: 0.9305388074029576, Test R2: 0.8978257775306702, Inverse Test R2: 0.8978257775306702 
2026-01-27 17:31:08,459 INFO: Epoch 109, Train Loss: 0.258269889562419, Test Loss: 0.29531232154730597, Inverse Test Loss: 946.4204748905066, Train R2: 0.9278372973203659, Test R2: 0.9036351442337036, Inverse Test R2: 0.9036351442337036 
2026-01-27 17:31:20,101 INFO: Epoch 110, Train Loss: 0.2603141220681595, Test Loss: 0.2927548068039345, Inverse Test Loss: 938.2241173946496, Train R2: 0.9261111296487577, Test R2: 0.9055449366569519, Inverse Test R2: 0.9055449366569519 
2026-01-27 17:31:20,102 INFO: Best Epoch 66, Best Test Loss: 0.2871944985606454, Inv Test Loss: 920.4043690074574, Best Test R2: 0.9089263677597046 
2026-01-27 17:31:31,924 INFO: Epoch 111, Train Loss: 0.25692412810343684, Test Loss: 0.29417944315708044, Inverse Test Loss: 942.7898300633286, Train R2: 0.9300748949701135, Test R2: 0.9042027592658997, Inverse Test R2: 0.9042027592658997 
2026-01-27 17:31:43,477 INFO: Epoch 112, Train Loss: 0.25523334041689383, Test Loss: 0.2944770509546453, Inverse Test Loss: 943.7436005563447, Train R2: 0.9309801788944186, Test R2: 0.9037854671478271, Inverse Test R2: 0.9037854671478271 
2026-01-27 17:31:55,209 INFO: Epoch 113, Train Loss: 0.2529513840422486, Test Loss: 0.29384809055111627, Inverse Test Loss: 941.7278960256865, Train R2: 0.9322739397034501, Test R2: 0.9044890999794006, Inverse Test R2: 0.9044890999794006 
2026-01-27 17:32:06,801 INFO: Epoch 114, Train Loss: 0.2542049697402752, Test Loss: 0.3021362749013034, Inverse Test Loss: 968.289979876894, Train R2: 0.9317043048865867, Test R2: 0.8985218405723572, Inverse Test R2: 0.898521900177002 
2026-01-27 17:32:18,449 INFO: Epoch 115, Train Loss: 0.25053677482135367, Test Loss: 0.3011029028531277, Inverse Test Loss: 964.9782159978694, Train R2: 0.9328215835672437, Test R2: 0.9002298712730408, Inverse Test R2: 0.900229811668396 
2026-01-27 17:32:30,173 INFO: Epoch 116, Train Loss: 0.2540224594148723, Test Loss: 0.2982005765943816, Inverse Test Loss: 955.6767800071023, Train R2: 0.9315607705802629, Test R2: 0.9013321399688721, Inverse Test R2: 0.9013321399688721 
2026-01-27 17:32:41,763 INFO: Epoch 117, Train Loss: 0.2547665231607177, Test Loss: 0.2983096720594348, Inverse Test Loss: 956.0264245235559, Train R2: 0.9310286848834066, Test R2: 0.9015786051750183, Inverse Test R2: 0.9015786051750183 
2026-01-27 17:32:53,369 INFO: Epoch 118, Train Loss: 0.25394732967922184, Test Loss: 0.30082980295022327, Inverse Test Loss: 964.1029478130919, Train R2: 0.93154290228179, Test R2: 0.8994119167327881, Inverse Test R2: 0.8994118571281433 
2026-01-27 17:33:04,793 INFO: Epoch 119, Train Loss: 0.2532754864995227, Test Loss: 0.2937463241996187, Inverse Test Loss: 941.4017444957386, Train R2: 0.9329720898108049, Test R2: 0.9043707847595215, Inverse Test R2: 0.9043707847595215 
2026-01-27 17:33:16,304 INFO: Epoch 120, Train Loss: 0.254547401359587, Test Loss: 0.3002844701210658, Inverse Test Loss: 962.3552708481297, Train R2: 0.9318814810478326, Test R2: 0.9005886316299438, Inverse Test R2: 0.9005886316299438 
2026-01-27 17:33:16,304 INFO: Best Epoch 66, Best Test Loss: 0.2871944985606454, Inv Test Loss: 920.4043690074574, Best Test R2: 0.9089263677597046 
2026-01-27 17:33:27,893 INFO: Epoch 121, Train Loss: 0.2529176873239604, Test Loss: 0.2984424770781488, Inverse Test Loss: 956.4520393140389, Train R2: 0.9315551560033452, Test R2: 0.9015606641769409, Inverse Test R2: 0.9015606641769409 
2026-01-27 17:33:39,454 INFO: Epoch 122, Train Loss: 0.24929741860339136, Test Loss: 0.3037769613843976, Inverse Test Loss: 973.5480550130209, Train R2: 0.9331046062888522, Test R2: 0.8976556062698364, Inverse Test R2: 0.8976556062698364 
2026-01-27 17:33:50,981 INFO: Epoch 123, Train Loss: 0.2508244424155264, Test Loss: 0.2991851410179427, Inverse Test Loss: 958.8321440725615, Train R2: 0.9330414628440683, Test R2: 0.9009516835212708, Inverse Test R2: 0.9009516835212708 
2026-01-27 17:34:02,578 INFO: Epoch 124, Train Loss: 0.2509179137872927, Test Loss: 0.29968004560831824, Inverse Test Loss: 960.4182110410748, Train R2: 0.9333416643467817, Test R2: 0.9007360935211182, Inverse Test R2: 0.9007360935211182 
2026-01-27 17:34:14,224 INFO: Epoch 125, Train Loss: 0.24948978491804816, Test Loss: 0.3030373318628831, Inverse Test Loss: 971.1776844371449, Train R2: 0.9333332767992308, Test R2: 0.8987342715263367, Inverse Test R2: 0.8987342715263367 
2026-01-27 17:34:25,889 INFO: Epoch 126, Train Loss: 0.24613012452468727, Test Loss: 0.2987791859742367, Inverse Test Loss: 957.531142726089, Train R2: 0.934650185433301, Test R2: 0.9016212224960327, Inverse Test R2: 0.9016212224960327 
2026-01-27 17:34:37,392 INFO: Epoch 127, Train Loss: 0.24885151648160184, Test Loss: 0.2942404110323299, Inverse Test Loss: 942.985205448035, Train R2: 0.9342186216152075, Test R2: 0.9044124484062195, Inverse Test R2: 0.9044124484062195 
2026-01-27 17:34:48,925 INFO: Epoch 128, Train Loss: 0.2497921698924267, Test Loss: 0.3055876163822232, Inverse Test Loss: 979.3508633700284, Train R2: 0.9335042360154066, Test R2: 0.8976939916610718, Inverse Test R2: 0.8976939916610718 
2026-01-27 17:35:00,613 INFO: Epoch 129, Train Loss: 0.24705397800514192, Test Loss: 0.29968641021034936, Inverse Test Loss: 960.4386115796639, Train R2: 0.9352112150553501, Test R2: 0.9007324576377869, Inverse Test R2: 0.9007324576377869 
2026-01-27 17:35:12,169 INFO: Epoch 130, Train Loss: 0.24610563898176857, Test Loss: 0.2991775450381366, Inverse Test Loss: 958.8077891956676, Train R2: 0.9356601585944494, Test R2: 0.9013533592224121, Inverse Test R2: 0.9013533592224121 
2026-01-27 17:35:12,169 INFO: Best Epoch 66, Best Test Loss: 0.2871944985606454, Inv Test Loss: 920.4043690074574, Best Test R2: 0.9089263677597046 
2026-01-27 17:35:23,696 INFO: Epoch 131, Train Loss: 0.24770330931201126, Test Loss: 0.31621482065229706, Inverse Test Loss: 1013.4090650153883, Train R2: 0.9349158600424275, Test R2: 0.8872307538986206, Inverse Test R2: 0.8872307538986206 
2026-01-27 17:35:35,216 INFO: Epoch 132, Train Loss: 0.2522999993102117, Test Loss: 0.3015223755077882, Inverse Test Loss: 966.322519013376, Train R2: 0.9315954649990256, Test R2: 0.899278461933136, Inverse Test R2: 0.899278461933136 
2026-01-27 17:35:46,764 INFO: Epoch 133, Train Loss: 0.24309317790197604, Test Loss: 0.30372801332762744, Inverse Test Loss: 973.3911891128078, Train R2: 0.9369268805691691, Test R2: 0.8989429473876953, Inverse Test R2: 0.8989429473876953 
2026-01-27 17:35:58,295 INFO: Epoch 134, Train Loss: 0.24548058149715266, Test Loss: 0.2947984030752471, Inverse Test Loss: 944.7734615441525, Train R2: 0.9357946627970898, Test R2: 0.9041391015052795, Inverse Test R2: 0.9041391015052795 
2026-01-27 17:36:09,976 INFO: Epoch 135, Train Loss: 0.24440712628490996, Test Loss: 0.29798887986125366, Inverse Test Loss: 954.9983280066288, Train R2: 0.9357216972293276, Test R2: 0.9014356732368469, Inverse Test R2: 0.9014356732368469 
2026-01-27 17:36:21,623 INFO: Epoch 136, Train Loss: 0.2414094176933621, Test Loss: 0.2905011822779973, Inverse Test Loss: 931.0016830906724, Train R2: 0.9371854875123862, Test R2: 0.9067287445068359, Inverse Test R2: 0.9067287445068359 
2026-01-27 17:36:33,325 INFO: Epoch 137, Train Loss: 0.2428895395362016, Test Loss: 0.3024694368694768, Inverse Test Loss: 969.3576937588779, Train R2: 0.937105498530648, Test R2: 0.8983297348022461, Inverse Test R2: 0.8983297348022461 
2026-01-27 17:36:44,789 INFO: Epoch 138, Train Loss: 0.24158151459061739, Test Loss: 0.295723609400518, Inverse Test Loss: 947.7385753284801, Train R2: 0.9371850887934366, Test R2: 0.9030784964561462, Inverse Test R2: 0.9030784964561462 
2026-01-27 17:36:56,381 INFO: Epoch 139, Train Loss: 0.2444293267573371, Test Loss: 0.3027152811939066, Inverse Test Loss: 970.1455799449574, Train R2: 0.9367103937900427, Test R2: 0.8997650742530823, Inverse Test R2: 0.8997650742530823 
2026-01-27 17:37:07,964 INFO: Epoch 140, Train Loss: 0.24651967525256402, Test Loss: 0.2917700572447343, Inverse Test Loss: 935.068154074929, Train R2: 0.9352739209478552, Test R2: 0.9056962728500366, Inverse Test R2: 0.9056962728500366 
2026-01-27 17:37:07,965 INFO: Best Epoch 66, Best Test Loss: 0.2871944985606454, Inv Test Loss: 920.4043690074574, Best Test R2: 0.9089263677597046 
2026-01-27 17:37:19,409 INFO: Epoch 141, Train Loss: 0.24405251567562422, Test Loss: 0.29715797711502423, Inverse Test Loss: 952.3354473691998, Train R2: 0.9368921107414997, Test R2: 0.9017542600631714, Inverse Test R2: 0.9017542600631714 
2026-01-27 17:37:31,065 INFO: Epoch 142, Train Loss: 0.24368389041134805, Test Loss: 0.2942447332721768, Inverse Test Loss: 942.9990474816525, Train R2: 0.9372297141588095, Test R2: 0.903457760810852, Inverse Test R2: 0.903457760810852 
2026-01-27 17:37:42,612 INFO: Epoch 143, Train Loss: 0.23929914775671382, Test Loss: 0.31206895049774286, Inverse Test Loss: 1000.1223255504261, Train R2: 0.9387697825829188, Test R2: 0.8900855779647827, Inverse Test R2: 0.8900855779647827 
2026-01-27 17:37:54,216 INFO: Epoch 144, Train Loss: 0.24678954843318823, Test Loss: 0.2995444125298298, Inverse Test Loss: 959.983535304214, Train R2: 0.9350908958550656, Test R2: 0.9016901254653931, Inverse Test R2: 0.9016901254653931 
2026-01-27 17:38:05,854 INFO: Epoch 145, Train Loss: 0.23910373703322627, Test Loss: 0.29358127442273224, Inverse Test Loss: 940.8727971857244, Train R2: 0.938904708533576, Test R2: 0.9043030142784119, Inverse Test R2: 0.9043030142784119 
2026-01-27 17:38:13,960 INFO: Epoch 146, Train Loss: 0.24104977907104927, Test Loss: 0.29155642516685254, Inverse Test Loss: 934.3835393732244, Train R2: 0.938594329086217, Test R2: 0.9065711498260498, Inverse Test R2: 0.9065711498260498 
2026-01-27 17:38:21,975 INFO: Epoch 147, Train Loss: 0.24400022987163428, Test Loss: 0.29234587333419104, Inverse Test Loss: 936.9135427763968, Train R2: 0.9366182842940995, Test R2: 0.9050694108009338, Inverse Test R2: 0.9050694108009338 
2026-01-27 17:38:30,053 INFO: Epoch 148, Train Loss: 0.23835174344254262, Test Loss: 0.29481543600559235, Inverse Test Loss: 944.8280315977154, Train R2: 0.939290132486459, Test R2: 0.9041339755058289, Inverse Test R2: 0.9041339755058289 
2026-01-27 17:38:38,097 INFO: Epoch 149, Train Loss: 0.24084952834880713, Test Loss: 0.29617743510188477, Inverse Test Loss: 949.1929913145123, Train R2: 0.9382870391462789, Test R2: 0.9034688472747803, Inverse Test R2: 0.9034688472747803 
2026-01-27 17:38:46,157 INFO: Epoch 150, Train Loss: 0.2390574167172114, Test Loss: 0.2947015261108225, Inverse Test Loss: 944.4629941998106, Train R2: 0.9385423899600001, Test R2: 0.9042564034461975, Inverse Test R2: 0.9042564034461975 
2026-01-27 17:38:46,158 INFO: Best Epoch 66, Best Test Loss: 0.2871944985606454, Inv Test Loss: 920.4043690074574, Best Test R2: 0.9089263677597046 
