2026-02-26 13:38:58,830 INFO: log_path:logs_2026_2_26_HS_RMSE/AMFormer_simple_MLP_dim32_depth2_heads4_dropout0.4_fusion0.45_0.55_lr0.001_6P 
2026-02-26 13:38:58,831 INFO: Model:namespace(attn_dropout=0.4, categories=[], cluster=3, depth=2, dim=32, ff_dropout=0.4, groups=[54, 54, 54], heads=4, name='AMFormer_simple_MLP_dim32_depth2_heads4_dropout0.4_fusion0.45_0.55', num_cate=0, num_cont=20, num_special_tokens=1, out_dim=1, predictor='simple_MLP', prod_num_per_group=[6, 6, 6], qk_relu=False, static_fusion={'kan_weight': 0.45, 'trans_weight': 0.55}, sum_num_per_group=[32, 16, 8], target_mode='regression', token_descent=False, use_cls_token=True, use_prod=True, use_row_col_attention=True, use_sigmoid=True) 
2026-02-26 13:38:58,831 INFO: lr:0.001, loss:RMSE 
2026-02-26 13:38:58,831 INFO: Dataset:HS, Target:['metal6_Peak'] 
2026-02-26 13:38:58,831 INFO: ------Begin Training Model------ 
2026-02-26 13:39:07,663 INFO: Epoch 1, Train Loss: 0.7747147146499518, Test Loss: 0.6785283269304218, Inverse Test Loss: 6.262693925337358, Train R2: 0.38506024579207104, Test R2: 0.5101900100708008, Inverse Test R2: 0.5101898908615112 
2026-02-26 13:39:07,682 INFO: ---> Saved new best model weights to log/txt_log\logs_2026_2_26_HS_RMSE/AMFormer_simple_MLP_dim32_depth2_heads4_dropout0.4_fusion0.45_0.55_lr0.001_6P\best_AMFormer_HS_weights.pth 
2026-02-26 13:39:12,063 INFO: Epoch 2, Train Loss: 0.6552966975352981, Test Loss: 0.5979106606859149, Inverse Test Loss: 5.518607428579619, Train R2: 0.5582977799755154, Test R2: 0.6158021092414856, Inverse Test R2: 0.6158020496368408 
2026-02-26 13:39:12,075 INFO: ---> Saved new best model weights to log/txt_log\logs_2026_2_26_HS_RMSE/AMFormer_simple_MLP_dim32_depth2_heads4_dropout0.4_fusion0.45_0.55_lr0.001_6P\best_AMFormer_HS_weights.pth 
2026-02-26 13:39:16,213 INFO: Epoch 3, Train Loss: 0.5916817477255156, Test Loss: 0.5475202437603113, Inverse Test Loss: 5.053512934482459, Train R2: 0.6421820200753935, Test R2: 0.6754297018051147, Inverse Test R2: 0.6754297018051147 
2026-02-26 13:39:16,224 INFO: ---> Saved new best model weights to log/txt_log\logs_2026_2_26_HS_RMSE/AMFormer_simple_MLP_dim32_depth2_heads4_dropout0.4_fusion0.45_0.55_lr0.001_6P\best_AMFormer_HS_weights.pth 
2026-02-26 13:39:20,236 INFO: Epoch 4, Train Loss: 0.5564079372720285, Test Loss: 0.5318298710115028, Inverse Test Loss: 4.908693617040461, Train R2: 0.6821318598407687, Test R2: 0.6956380605697632, Inverse Test R2: 0.6956380605697632 
2026-02-26 13:39:20,248 INFO: ---> Saved new best model weights to log/txt_log\logs_2026_2_26_HS_RMSE/AMFormer_simple_MLP_dim32_depth2_heads4_dropout0.4_fusion0.45_0.55_lr0.001_6P\best_AMFormer_HS_weights.pth 
2026-02-26 13:39:24,259 INFO: Epoch 5, Train Loss: 0.5425031690886526, Test Loss: 0.5129181309179827, Inverse Test Loss: 4.734141696583141, Train R2: 0.6988847693710616, Test R2: 0.7147338390350342, Inverse Test R2: 0.7147338390350342 
2026-02-26 13:39:24,271 INFO: ---> Saved new best model weights to log/txt_log\logs_2026_2_26_HS_RMSE/AMFormer_simple_MLP_dim32_depth2_heads4_dropout0.4_fusion0.45_0.55_lr0.001_6P\best_AMFormer_HS_weights.pth 
2026-02-26 13:39:28,284 INFO: Epoch 6, Train Loss: 0.5236603407697245, Test Loss: 0.5007727669947075, Inverse Test Loss: 4.622042179107666, Train R2: 0.7176084053335767, Test R2: 0.7289927005767822, Inverse Test R2: 0.7289927005767822 
2026-02-26 13:39:28,295 INFO: ---> Saved new best model weights to log/txt_log\logs_2026_2_26_HS_RMSE/AMFormer_simple_MLP_dim32_depth2_heads4_dropout0.4_fusion0.45_0.55_lr0.001_6P\best_AMFormer_HS_weights.pth 
2026-02-26 13:39:32,316 INFO: Epoch 7, Train Loss: 0.5157783896182523, Test Loss: 0.4851243423693108, Inverse Test Loss: 4.477610002864491, Train R2: 0.7258601522806919, Test R2: 0.7446166276931763, Inverse Test R2: 0.7446166276931763 
2026-02-26 13:39:32,328 INFO: ---> Saved new best model weights to log/txt_log\logs_2026_2_26_HS_RMSE/AMFormer_simple_MLP_dim32_depth2_heads4_dropout0.4_fusion0.45_0.55_lr0.001_6P\best_AMFormer_HS_weights.pth 
2026-02-26 13:39:36,348 INFO: Epoch 8, Train Loss: 0.5079830388228098, Test Loss: 0.48751165559797577, Inverse Test Loss: 4.499644539572976, Train R2: 0.7334604267821168, Test R2: 0.7412327527999878, Inverse Test R2: 0.7412327527999878 
2026-02-26 13:39:40,386 INFO: Epoch 9, Train Loss: 0.49945838455901004, Test Loss: 0.4785529709223545, Inverse Test Loss: 4.416957465085116, Train R2: 0.743913373260787, Test R2: 0.7508512735366821, Inverse Test R2: 0.7508512735366821 
2026-02-26 13:39:40,398 INFO: ---> Saved new best model weights to log/txt_log\logs_2026_2_26_HS_RMSE/AMFormer_simple_MLP_dim32_depth2_heads4_dropout0.4_fusion0.45_0.55_lr0.001_6P\best_AMFormer_HS_weights.pth 
2026-02-26 13:39:44,414 INFO: Epoch 10, Train Loss: 0.48834885950341367, Test Loss: 0.46658497597232007, Inverse Test Loss: 4.306495001821807, Train R2: 0.7541245727828054, Test R2: 0.7625609636306763, Inverse Test R2: 0.7625609636306763 
2026-02-26 13:39:44,426 INFO: ---> Saved new best model weights to log/txt_log\logs_2026_2_26_HS_RMSE/AMFormer_simple_MLP_dim32_depth2_heads4_dropout0.4_fusion0.45_0.55_lr0.001_6P\best_AMFormer_HS_weights.pth 
2026-02-26 13:39:44,426 INFO: Best Epoch 10, Best Test Loss: 0.46658497597232007, Inv Test Loss: 4.306495001821807, Best Test R2: 0.7625609636306763 
2026-02-26 13:39:48,449 INFO: Epoch 11, Train Loss: 0.4820691981550419, Test Loss: 0.4703575878432303, Inverse Test Loss: 4.341315587361653, Train R2: 0.7608872841704976, Test R2: 0.7589350342750549, Inverse Test R2: 0.7589350342750549 
2026-02-26 13:39:52,507 INFO: Epoch 12, Train Loss: 0.4862872942379027, Test Loss: 0.4580704994273908, Inverse Test Loss: 4.227907881592259, Train R2: 0.7565174920089317, Test R2: 0.7708565592765808, Inverse Test R2: 0.770856499671936 
2026-02-26 13:39:52,519 INFO: ---> Saved new best model weights to log/txt_log\logs_2026_2_26_HS_RMSE/AMFormer_simple_MLP_dim32_depth2_heads4_dropout0.4_fusion0.45_0.55_lr0.001_6P\best_AMFormer_HS_weights.pth 
2026-02-26 13:39:56,559 INFO: Epoch 13, Train Loss: 0.4751285777399034, Test Loss: 0.45860949790838995, Inverse Test Loss: 4.232882803136652, Train R2: 0.7668143614675059, Test R2: 0.7715643048286438, Inverse Test R2: 0.7715643048286438 
2026-02-26 13:40:00,738 INFO: Epoch 14, Train Loss: 0.4785092956188953, Test Loss: 0.4826375363451062, Inverse Test Loss: 4.454657251184637, Train R2: 0.7642199735749852, Test R2: 0.7477115392684937, Inverse Test R2: 0.7477115392684937 
2026-02-26 13:40:04,823 INFO: Epoch 15, Train Loss: 0.4646350294351578, Test Loss: 0.4522400814475435, Inverse Test Loss: 4.174094286831942, Train R2: 0.7772543060057091, Test R2: 0.7754471302032471, Inverse Test R2: 0.7754471302032471 
2026-02-26 13:40:04,834 INFO: ---> Saved new best model weights to log/txt_log\logs_2026_2_26_HS_RMSE/AMFormer_simple_MLP_dim32_depth2_heads4_dropout0.4_fusion0.45_0.55_lr0.001_6P\best_AMFormer_HS_weights.pth 
2026-02-26 13:40:08,876 INFO: Epoch 16, Train Loss: 0.4624448928869132, Test Loss: 0.4454854537140239, Inverse Test Loss: 4.111750292055534, Train R2: 0.7798480766289162, Test R2: 0.7828027606010437, Inverse Test R2: 0.7828027606010437 
2026-02-26 13:40:08,888 INFO: ---> Saved new best model weights to log/txt_log\logs_2026_2_26_HS_RMSE/AMFormer_simple_MLP_dim32_depth2_heads4_dropout0.4_fusion0.45_0.55_lr0.001_6P\best_AMFormer_HS_weights.pth 
2026-02-26 13:40:12,943 INFO: Epoch 17, Train Loss: 0.45682912839181494, Test Loss: 0.44042384443861066, Inverse Test Loss: 4.065032489372022, Train R2: 0.7846324926976002, Test R2: 0.789425790309906, Inverse Test R2: 0.789425790309906 
2026-02-26 13:40:12,954 INFO: ---> Saved new best model weights to log/txt_log\logs_2026_2_26_HS_RMSE/AMFormer_simple_MLP_dim32_depth2_heads4_dropout0.4_fusion0.45_0.55_lr0.001_6P\best_AMFormer_HS_weights.pth 
2026-02-26 13:40:16,988 INFO: Epoch 18, Train Loss: 0.45936892655762757, Test Loss: 0.4414110165653807, Inverse Test Loss: 4.074143980488633, Train R2: 0.7815897699558374, Test R2: 0.7877562046051025, Inverse Test R2: 0.7877561450004578 
2026-02-26 13:40:21,033 INFO: Epoch 19, Train Loss: 0.44980175522240723, Test Loss: 0.4560430564663627, Inverse Test Loss: 4.209194999752623, Train R2: 0.7904177371299628, Test R2: 0.7737374305725098, Inverse Test R2: 0.773737370967865 
2026-02-26 13:40:25,112 INFO: Epoch 20, Train Loss: 0.4518073402119405, Test Loss: 0.4397008915742238, Inverse Test Loss: 4.05835983247468, Train R2: 0.7882077161109808, Test R2: 0.7904062271118164, Inverse Test R2: 0.7904062271118164 
2026-02-26 13:40:25,124 INFO: ---> Saved new best model weights to log/txt_log\logs_2026_2_26_HS_RMSE/AMFormer_simple_MLP_dim32_depth2_heads4_dropout0.4_fusion0.45_0.55_lr0.001_6P\best_AMFormer_HS_weights.pth 
2026-02-26 13:40:25,124 INFO: Best Epoch 20, Best Test Loss: 0.4397008915742238, Inv Test Loss: 4.05835983247468, Best Test R2: 0.7904062271118164 
2026-02-26 13:40:29,172 INFO: Epoch 21, Train Loss: 0.4482409344478087, Test Loss: 0.43325685009811865, Inverse Test Loss: 3.9988825248949453, Train R2: 0.7908433788653576, Test R2: 0.7954559326171875, Inverse Test R2: 0.7954559326171875 
2026-02-26 13:40:29,184 INFO: ---> Saved new best model weights to log/txt_log\logs_2026_2_26_HS_RMSE/AMFormer_simple_MLP_dim32_depth2_heads4_dropout0.4_fusion0.45_0.55_lr0.001_6P\best_AMFormer_HS_weights.pth 
2026-02-26 13:40:33,242 INFO: Epoch 22, Train Loss: 0.4419730131824811, Test Loss: 0.42449890573819477, Inverse Test Loss: 3.9180482445341167, Train R2: 0.7984926939913721, Test R2: 0.8026854991912842, Inverse Test R2: 0.8026854991912842 
2026-02-26 13:40:33,253 INFO: ---> Saved new best model weights to log/txt_log\logs_2026_2_26_HS_RMSE/AMFormer_simple_MLP_dim32_depth2_heads4_dropout0.4_fusion0.45_0.55_lr0.001_6P\best_AMFormer_HS_weights.pth 
2026-02-26 13:40:37,310 INFO: Epoch 23, Train Loss: 0.44200971587137744, Test Loss: 0.41501732847907324, Inverse Test Loss: 3.830535007245613, Train R2: 0.7977451632420222, Test R2: 0.8111880421638489, Inverse Test R2: 0.8111879825592041 
2026-02-26 13:40:37,322 INFO: ---> Saved new best model weights to log/txt_log\logs_2026_2_26_HS_RMSE/AMFormer_simple_MLP_dim32_depth2_heads4_dropout0.4_fusion0.45_0.55_lr0.001_6P\best_AMFormer_HS_weights.pth 
2026-02-26 13:40:41,366 INFO: Epoch 24, Train Loss: 0.4395145620360519, Test Loss: 0.4212327680804513, Inverse Test Loss: 3.887902324849909, Train R2: 0.8000549159266732, Test R2: 0.8055521249771118, Inverse Test R2: 0.8055521249771118 
2026-02-26 13:40:45,425 INFO: Epoch 25, Train Loss: 0.4344891461007523, Test Loss: 0.42218462897069525, Inverse Test Loss: 3.896687803846417, Train R2: 0.8037487823854793, Test R2: 0.8050245046615601, Inverse Test R2: 0.8050245046615601 
2026-02-26 13:40:49,471 INFO: Epoch 26, Train Loss: 0.4339684927553842, Test Loss: 0.4147025780244307, Inverse Test Loss: 3.827629891308871, Train R2: 0.8058249611746181, Test R2: 0.8125884532928467, Inverse Test R2: 0.8125884532928467 
2026-02-26 13:40:49,482 INFO: ---> Saved new best model weights to log/txt_log\logs_2026_2_26_HS_RMSE/AMFormer_simple_MLP_dim32_depth2_heads4_dropout0.4_fusion0.45_0.55_lr0.001_6P\best_AMFormer_HS_weights.pth 
2026-02-26 13:40:53,528 INFO: Epoch 27, Train Loss: 0.42722162559176935, Test Loss: 0.4295425351822015, Inverse Test Loss: 3.9646000789873526, Train R2: 0.8108183989922205, Test R2: 0.7980747222900391, Inverse Test R2: 0.7980746626853943 
2026-02-26 13:40:57,560 INFO: Epoch 28, Train Loss: 0.4283246553756974, Test Loss: 0.41500144564744196, Inverse Test Loss: 3.8303884520675195, Train R2: 0.8107257571184274, Test R2: 0.8109094500541687, Inverse Test R2: 0.8109094500541687 
2026-02-26 13:41:01,597 INFO: Epoch 29, Train Loss: 0.4284939763672424, Test Loss: 0.4152534847909754, Inverse Test Loss: 3.832714658794981, Train R2: 0.8100470232241082, Test R2: 0.8119933605194092, Inverse Test R2: 0.8119933605194092 
2026-02-26 13:41:05,642 INFO: Epoch 30, Train Loss: 0.4303090080167308, Test Loss: 0.41637373963991803, Inverse Test Loss: 3.843054431857485, Train R2: 0.8077687634663149, Test R2: 0.8108885884284973, Inverse Test R2: 0.8108885884284973 
2026-02-26 13:41:05,642 INFO: Best Epoch 26, Best Test Loss: 0.4147025780244307, Inv Test Loss: 3.827629891308871, Best Test R2: 0.8125884532928467 
2026-02-26 13:41:09,721 INFO: Epoch 31, Train Loss: 0.4246927933259444, Test Loss: 0.41506695927995624, Inverse Test Loss: 3.8309930454600942, Train R2: 0.8133001891952573, Test R2: 0.811145544052124, Inverse Test R2: 0.811145544052124 
2026-02-26 13:41:13,760 INFO: Epoch 32, Train Loss: 0.4215413219097889, Test Loss: 0.4228791097799937, Inverse Test Loss: 3.9030977668184224, Train R2: 0.8144604076038707, Test R2: 0.8049434423446655, Inverse Test R2: 0.8049433827400208 
2026-02-26 13:41:17,807 INFO: Epoch 33, Train Loss: 0.42085134463779855, Test Loss: 0.4190776790633346, Inverse Test Loss: 3.86801130843885, Train R2: 0.8154352668559912, Test R2: 0.8091641664505005, Inverse Test R2: 0.8091641664505005 
2026-02-26 13:41:21,850 INFO: Epoch 34, Train Loss: 0.42127676104957407, Test Loss: 0.4172878617590124, Inverse Test Loss: 3.8514916174339526, Train R2: 0.8167509242440715, Test R2: 0.809309720993042, Inverse Test R2: 0.809309720993042 
2026-02-26 13:41:25,890 INFO: Epoch 35, Train Loss: 0.4205772788687186, Test Loss: 0.410960339235537, Inverse Test Loss: 3.793089649894021, Train R2: 0.8171380356405721, Test R2: 0.8164340853691101, Inverse Test R2: 0.8164340853691101 
2026-02-26 13:41:25,901 INFO: ---> Saved new best model weights to log/txt_log\logs_2026_2_26_HS_RMSE/AMFormer_simple_MLP_dim32_depth2_heads4_dropout0.4_fusion0.45_0.55_lr0.001_6P\best_AMFormer_HS_weights.pth 
2026-02-26 13:41:29,955 INFO: Epoch 36, Train Loss: 0.41807373150280025, Test Loss: 0.41199066964062775, Inverse Test Loss: 3.802599473433061, Train R2: 0.8183523660356348, Test R2: 0.8151020407676697, Inverse Test R2: 0.8151020407676697 
2026-02-26 13:41:33,995 INFO: Epoch 37, Train Loss: 0.413220063077681, Test Loss: 0.42845670291871735, Inverse Test Loss: 3.9545779372706558, Train R2: 0.8222587171829108, Test R2: 0.8000485301017761, Inverse Test R2: 0.8000484704971313 
2026-02-26 13:41:38,044 INFO: Epoch 38, Train Loss: 0.41341874048565375, Test Loss: 0.40955570791706897, Inverse Test Loss: 3.780125198942242, Train R2: 0.8219770044088364, Test R2: 0.8176590204238892, Inverse Test R2: 0.8176590204238892 
2026-02-26 13:41:38,056 INFO: ---> Saved new best model weights to log/txt_log\logs_2026_2_26_HS_RMSE/AMFormer_simple_MLP_dim32_depth2_heads4_dropout0.4_fusion0.45_0.55_lr0.001_6P\best_AMFormer_HS_weights.pth 
2026-02-26 13:41:42,092 INFO: Epoch 39, Train Loss: 0.4154629869894548, Test Loss: 0.40660865559722437, Inverse Test Loss: 3.7529244711904814, Train R2: 0.8209010750958414, Test R2: 0.8195357322692871, Inverse Test R2: 0.8195356726646423 
2026-02-26 13:41:42,104 INFO: ---> Saved new best model weights to log/txt_log\logs_2026_2_26_HS_RMSE/AMFormer_simple_MLP_dim32_depth2_heads4_dropout0.4_fusion0.45_0.55_lr0.001_6P\best_AMFormer_HS_weights.pth 
2026-02-26 13:41:46,140 INFO: Epoch 40, Train Loss: 0.4115373110680869, Test Loss: 0.4149691209648595, Inverse Test Loss: 3.8300900314793442, Train R2: 0.8230030039946238, Test R2: 0.811619222164154, Inverse Test R2: 0.811619222164154 
2026-02-26 13:41:46,140 INFO: Best Epoch 39, Best Test Loss: 0.40660865559722437, Inv Test Loss: 3.7529244711904814, Best Test R2: 0.8195357322692871 
2026-02-26 13:41:50,178 INFO: Epoch 41, Train Loss: 0.4125277470007087, Test Loss: 0.40348307381976733, Inverse Test Loss: 3.7240759603904956, Train R2: 0.8217429261315953, Test R2: 0.8215363621711731, Inverse Test R2: 0.8215363025665283 
2026-02-26 13:41:50,189 INFO: ---> Saved new best model weights to log/txt_log\logs_2026_2_26_HS_RMSE/AMFormer_simple_MLP_dim32_depth2_heads4_dropout0.4_fusion0.45_0.55_lr0.001_6P\best_AMFormer_HS_weights.pth 
2026-02-26 13:41:54,243 INFO: Epoch 42, Train Loss: 0.408841149373488, Test Loss: 0.4014539501883767, Inverse Test Loss: 3.7053474657463306, Train R2: 0.826600714614897, Test R2: 0.8231082558631897, Inverse Test R2: 0.8231082558631897 
2026-02-26 13:41:54,254 INFO: ---> Saved new best model weights to log/txt_log\logs_2026_2_26_HS_RMSE/AMFormer_simple_MLP_dim32_depth2_heads4_dropout0.4_fusion0.45_0.55_lr0.001_6P\best_AMFormer_HS_weights.pth 
2026-02-26 13:41:58,283 INFO: Epoch 43, Train Loss: 0.4093513594883861, Test Loss: 0.40377714778437757, Inverse Test Loss: 3.726790088595766, Train R2: 0.8250851513761462, Test R2: 0.8218218088150024, Inverse Test R2: 0.8218217492103577 
2026-02-26 13:42:02,314 INFO: Epoch 44, Train Loss: 0.4068769263950261, Test Loss: 0.4054080139506947, Inverse Test Loss: 3.7418427250602027, Train R2: 0.8287179596496351, Test R2: 0.8203510642051697, Inverse Test R2: 0.8203510642051697 
2026-02-26 13:42:06,344 INFO: Epoch 45, Train Loss: 0.39938941541494744, Test Loss: 0.40831489996476605, Inverse Test Loss: 3.7686728275183476, Train R2: 0.8337133499709043, Test R2: 0.8170253038406372, Inverse Test R2: 0.8170253038406372 
2026-02-26 13:42:10,388 INFO: Epoch 46, Train Loss: 0.4044542960596807, Test Loss: 0.4097817973657088, Inverse Test Loss: 3.7822119756178423, Train R2: 0.8290038695841124, Test R2: 0.8162055015563965, Inverse Test R2: 0.8162055015563965 
2026-02-26 13:42:14,432 INFO: Epoch 47, Train Loss: 0.4066389124050285, Test Loss: 0.4126457888068575, Inverse Test Loss: 3.8086461226145425, Train R2: 0.8276091619874492, Test R2: 0.814501166343689, Inverse Test R2: 0.814501166343689 
2026-02-26 13:42:18,479 INFO: Epoch 48, Train Loss: 0.3993356458165429, Test Loss: 0.40158580379052594, Inverse Test Loss: 3.70656444087173, Train R2: 0.8345884902007652, Test R2: 0.8232277631759644, Inverse Test R2: 0.8232277035713196 
2026-02-26 13:42:22,549 INFO: Epoch 49, Train Loss: 0.40195160043058975, Test Loss: 0.39699008428689203, Inverse Test Loss: 3.6641467773553096, Train R2: 0.8317345471093149, Test R2: 0.8274367451667786, Inverse Test R2: 0.8274367451667786 
2026-02-26 13:42:22,560 INFO: ---> Saved new best model weights to log/txt_log\logs_2026_2_26_HS_RMSE/AMFormer_simple_MLP_dim32_depth2_heads4_dropout0.4_fusion0.45_0.55_lr0.001_6P\best_AMFormer_HS_weights.pth 
2026-02-26 13:42:26,617 INFO: Epoch 50, Train Loss: 0.4023648834589756, Test Loss: 0.40328356262409326, Inverse Test Loss: 3.722234494758375, Train R2: 0.8319861067063881, Test R2: 0.8224429488182068, Inverse Test R2: 0.822442889213562 
2026-02-26 13:42:26,617 INFO: Best Epoch 49, Best Test Loss: 0.39699008428689203, Inv Test Loss: 3.6641467773553096, Best Test R2: 0.8274367451667786 
2026-02-26 13:42:30,669 INFO: Epoch 51, Train Loss: 0.3940603003808946, Test Loss: 0.4320180398045164, Inverse Test Loss: 3.9874484539031982, Train R2: 0.8380981588905508, Test R2: 0.7978327870368958, Inverse Test R2: 0.797832727432251 
2026-02-26 13:42:34,713 INFO: Epoch 52, Train Loss: 0.39793940870599315, Test Loss: 0.42101434234416846, Inverse Test Loss: 3.885886307918664, Train R2: 0.8349056794787898, Test R2: 0.8050692677497864, Inverse Test R2: 0.8050692081451416 
2026-02-26 13:42:38,757 INFO: Epoch 53, Train Loss: 0.39687639474868774, Test Loss: 0.4084223553989873, Inverse Test Loss: 3.769664518760912, Train R2: 0.8358883686137922, Test R2: 0.8178561925888062, Inverse Test R2: 0.8178561925888062 
2026-02-26 13:42:42,804 INFO: Epoch 54, Train Loss: 0.39547627983671246, Test Loss: 0.41801522356091125, Inverse Test Loss: 3.858205130605987, Train R2: 0.837774529150038, Test R2: 0.8084986209869385, Inverse Test R2: 0.8084986209869385 
2026-02-26 13:42:46,853 INFO: Epoch 55, Train Loss: 0.39122751580946374, Test Loss: 0.4083455882289193, Inverse Test Loss: 3.768956047115904, Train R2: 0.8400264395908876, Test R2: 0.8182010650634766, Inverse Test R2: 0.8182010650634766 
2026-02-26 13:42:50,897 INFO: Epoch 56, Train Loss: 0.39158907453670644, Test Loss: 0.41472480152592517, Inverse Test Loss: 3.827834938511704, Train R2: 0.8406983537204338, Test R2: 0.8097827434539795, Inverse Test R2: 0.8097827434539795 
2026-02-26 13:42:54,952 INFO: Epoch 57, Train Loss: 0.3933875754927144, Test Loss: 0.40560463703039923, Inverse Test Loss: 3.7436575456099077, Train R2: 0.8398237025195902, Test R2: 0.8204842805862427, Inverse Test R2: 0.8204842209815979 
2026-02-26 13:42:58,998 INFO: Epoch 58, Train Loss: 0.3917339997309627, Test Loss: 0.42103978088407806, Inverse Test Loss: 3.8861211140950522, Train R2: 0.8402346214561751, Test R2: 0.8071771264076233, Inverse Test R2: 0.8071771264076233 
2026-02-26 13:43:03,034 INFO: Epoch 59, Train Loss: 0.38808068520191946, Test Loss: 0.416485714189934, Inverse Test Loss: 3.8440878680258086, Train R2: 0.8418904746120627, Test R2: 0.8102734684944153, Inverse Test R2: 0.8102734088897705 
2026-02-26 13:43:07,087 INFO: Epoch 60, Train Loss: 0.3913126348546057, Test Loss: 0.411522343303218, Inverse Test Loss: 3.7982769590435606, Train R2: 0.8406767212983334, Test R2: 0.8153876066207886, Inverse Test R2: 0.8153876066207886 
2026-02-26 13:43:07,087 INFO: Best Epoch 49, Best Test Loss: 0.39699008428689203, Inv Test Loss: 3.6641467773553096, Best Test R2: 0.8274367451667786 
2026-02-26 13:43:11,132 INFO: Epoch 61, Train Loss: 0.38510664891112933, Test Loss: 0.40866987452362524, Inverse Test Loss: 3.77194906726028, Train R2: 0.845134462371017, Test R2: 0.8171727061271667, Inverse Test R2: 0.817172646522522 
2026-02-26 13:43:15,179 INFO: Epoch 62, Train Loss: 0.3857124949043447, Test Loss: 0.4152322736653415, Inverse Test Loss: 3.8325189099167334, Train R2: 0.8443974455197653, Test R2: 0.8103376030921936, Inverse Test R2: 0.8103376030921936 
2026-02-26 13:43:19,237 INFO: Epoch 63, Train Loss: 0.383965732360428, Test Loss: 0.41539403164025507, Inverse Test Loss: 3.834011836485429, Train R2: 0.8476591755946478, Test R2: 0.8110572099685669, Inverse Test R2: 0.8110572099685669 
2026-02-26 13:43:23,287 INFO: Epoch 64, Train Loss: 0.38513400360490335, Test Loss: 0.4093391380526803, Inverse Test Loss: 3.778126340923887, Train R2: 0.8440352064190488, Test R2: 0.8167074918746948, Inverse Test R2: 0.8167074918746948 
2026-02-26 13:43:27,328 INFO: Epoch 65, Train Loss: 0.3787866064319105, Test Loss: 0.41023218722054455, Inverse Test Loss: 3.786369041963057, Train R2: 0.8503979471596804, Test R2: 0.8154353499412537, Inverse Test R2: 0.8154352903366089 
2026-02-26 13:43:31,370 INFO: Epoch 66, Train Loss: 0.3860064793491002, Test Loss: 0.420849034280488, Inverse Test Loss: 3.8843606240821607, Train R2: 0.8449478537747355, Test R2: 0.8059320449829102, Inverse Test R2: 0.8059320449829102 
2026-02-26 13:43:35,504 INFO: Epoch 67, Train Loss: 0.3854558077273947, Test Loss: 0.430535356203715, Inverse Test Loss: 3.97376358870304, Train R2: 0.8455063529086836, Test R2: 0.7985994219779968, Inverse Test R2: 0.798599362373352 
2026-02-26 13:43:39,782 INFO: Epoch 68, Train Loss: 0.38949171634334506, Test Loss: 0.41366398244193103, Inverse Test Loss: 3.8180438605221836, Train R2: 0.8419182973377632, Test R2: 0.8126866817474365, Inverse Test R2: 0.8126866817474365 
2026-02-26 13:43:44,149 INFO: Epoch 69, Train Loss: 0.3805914780858791, Test Loss: 0.40999145941300824, Inverse Test Loss: 3.784147110852328, Train R2: 0.8484883407751719, Test R2: 0.8161378502845764, Inverse Test R2: 0.8161378502845764 
2026-02-26 13:43:48,364 INFO: Epoch 70, Train Loss: 0.38239524445750495, Test Loss: 0.4324115641189344, Inverse Test Loss: 3.9910805875604805, Train R2: 0.8466640999822905, Test R2: 0.7913904190063477, Inverse Test R2: 0.7913903594017029 
2026-02-26 13:43:48,364 INFO: Best Epoch 49, Best Test Loss: 0.39699008428689203, Inv Test Loss: 3.6641467773553096, Best Test R2: 0.8274367451667786 
2026-02-26 13:43:52,417 INFO: Epoch 71, Train Loss: 0.3782109051491275, Test Loss: 0.41312064636837353, Inverse Test Loss: 3.8130289641293613, Train R2: 0.8505293248277722, Test R2: 0.8123561143875122, Inverse Test R2: 0.8123560547828674 
2026-02-26 13:43:56,494 INFO: Epoch 72, Train Loss: 0.3762528343182622, Test Loss: 0.42112878506833856, Inverse Test Loss: 3.886942653944998, Train R2: 0.8520978174426339, Test R2: 0.806725025177002, Inverse Test R2: 0.806725025177002 
2026-02-26 13:44:00,558 INFO: Epoch 73, Train Loss: 0.37874072564370703, Test Loss: 0.41008057196935016, Inverse Test Loss: 3.7849696477254233, Train R2: 0.8503634997389533, Test R2: 0.8152039051055908, Inverse Test R2: 0.8152039051055908 
2026-02-26 13:44:04,618 INFO: Epoch 74, Train Loss: 0.37222717905586417, Test Loss: 0.4149090557387381, Inverse Test Loss: 3.829535657709295, Train R2: 0.8567087627721556, Test R2: 0.80959552526474, Inverse Test R2: 0.80959552526474 
2026-02-26 13:44:08,703 INFO: Epoch 75, Train Loss: 0.37412407971692807, Test Loss: 0.40691742391297314, Inverse Test Loss: 3.755774382388953, Train R2: 0.8538354951323885, Test R2: 0.8181483745574951, Inverse Test R2: 0.8181483149528503 
2026-02-26 13:44:12,780 INFO: Epoch 76, Train Loss: 0.3688824944423907, Test Loss: 0.412039937395038, Inverse Test Loss: 3.8030541665626294, Train R2: 0.8578731733741183, Test R2: 0.8132369518280029, Inverse Test R2: 0.8132368922233582 
2026-02-26 13:44:16,830 INFO: Epoch 77, Train Loss: 0.3625559222066041, Test Loss: 0.41678205764654913, Inverse Test Loss: 3.8468232010350083, Train R2: 0.863109883033868, Test R2: 0.808562159538269, Inverse Test R2: 0.808562159538269 
2026-02-26 13:44:20,876 INFO: Epoch 78, Train Loss: 0.37835246324539185, Test Loss: 0.4119976388685631, Inverse Test Loss: 3.802663803100586, Train R2: 0.8486581697608485, Test R2: 0.8132615685462952, Inverse Test R2: 0.8132615685462952 
2026-02-26 13:44:24,916 INFO: Epoch 79, Train Loss: 0.375333411675511, Test Loss: 0.4177247376152963, Inverse Test Loss: 3.855523853590994, Train R2: 0.8523314301714753, Test R2: 0.809393048286438, Inverse Test R2: 0.809393048286438 
2026-02-26 13:44:28,981 INFO: Epoch 80, Train Loss: 0.37089258940382436, Test Loss: 0.41062587318998395, Inverse Test Loss: 3.7900026711550625, Train R2: 0.8562513278289274, Test R2: 0.8146630525588989, Inverse Test R2: 0.8146629929542542 
2026-02-26 13:44:28,981 INFO: Best Epoch 49, Best Test Loss: 0.39699008428689203, Inv Test Loss: 3.6641467773553096, Best Test R2: 0.8274367451667786 
2026-02-26 13:44:33,019 INFO: Epoch 81, Train Loss: 0.36304758737484616, Test Loss: 0.42379493334076623, Inverse Test Loss: 3.9115506735715, Train R2: 0.8618022424705101, Test R2: 0.802223265171051, Inverse Test R2: 0.802223265171051 
2026-02-26 13:44:37,057 INFO: Epoch 82, Train Loss: 0.3661850554247697, Test Loss: 0.41192620360490045, Inverse Test Loss: 3.802004525155732, Train R2: 0.8590536031759146, Test R2: 0.813546895980835, Inverse Test R2: 0.813546895980835 
2026-02-26 13:44:41,136 INFO: Epoch 83, Train Loss: 0.36626091384978005, Test Loss: 0.4160232896154577, Inverse Test Loss: 3.8398197708707866, Train R2: 0.8597149916670539, Test R2: 0.8084650635719299, Inverse Test R2: 0.8084650635719299 
2026-02-26 13:44:45,240 INFO: Epoch 84, Train Loss: 0.3598671688726454, Test Loss: 0.41975003119670984, Inverse Test Loss: 3.874216925014149, Train R2: 0.8646637837995182, Test R2: 0.8067314624786377, Inverse Test R2: 0.8067314624786377 
2026-02-26 13:44:49,296 INFO: Epoch 85, Train Loss: 0.36184109950607474, Test Loss: 0.412071095271544, Inverse Test Loss: 3.8033418294155235, Train R2: 0.864210354107799, Test R2: 0.8139931559562683, Inverse Test R2: 0.8139930963516235 
2026-02-26 13:44:53,383 INFO: Epoch 86, Train Loss: 0.3629103470029253, Test Loss: 0.4143845691825404, Inverse Test Loss: 3.8246947346311626, Train R2: 0.862288055546356, Test R2: 0.810912013053894, Inverse Test R2: 0.810912013053894 
2026-02-26 13:44:57,439 INFO: Epoch 87, Train Loss: 0.3589686755881165, Test Loss: 0.4327890168536793, Inverse Test Loss: 3.994564403187145, Train R2: 0.8646606491370634, Test R2: 0.7902249097824097, Inverse Test R2: 0.7902249097824097 
2026-02-26 13:45:01,508 INFO: Epoch 88, Train Loss: 0.3655559771666021, Test Loss: 0.42850563471967523, Inverse Test Loss: 3.95502960320675, Train R2: 0.8596600831458063, Test R2: 0.7990700006484985, Inverse Test R2: 0.7990699410438538 
2026-02-26 13:45:05,562 INFO: Epoch 89, Train Loss: 0.35615028113578306, Test Loss: 0.4242544878612865, Inverse Test Loss: 3.9157922701402144, Train R2: 0.8666572006362857, Test R2: 0.7993817329406738, Inverse Test R2: 0.799381673336029 
2026-02-26 13:45:09,623 INFO: Epoch 90, Train Loss: 0.3540376494779731, Test Loss: 0.44583672375390027, Inverse Test Loss: 4.11499251018871, Train R2: 0.868354469537735, Test R2: 0.7776672840118408, Inverse Test R2: 0.7776672840118408 
2026-02-26 13:45:09,623 INFO: Best Epoch 49, Best Test Loss: 0.39699008428689203, Inv Test Loss: 3.6641467773553096, Best Test R2: 0.8274367451667786 
2026-02-26 13:45:13,692 INFO: Epoch 91, Train Loss: 0.3637279317234502, Test Loss: 0.4128539571256349, Inverse Test Loss: 3.810567451245857, Train R2: 0.8615359415610632, Test R2: 0.81145840883255, Inverse Test R2: 0.8114583492279053 
2026-02-26 13:45:17,753 INFO: Epoch 92, Train Loss: 0.35676177455620334, Test Loss: 0.41658684521010425, Inverse Test Loss: 3.8450214140342944, Train R2: 0.8663406159841653, Test R2: 0.8068231344223022, Inverse Test R2: 0.8068231344223022 
2026-02-26 13:45:21,817 INFO: Epoch 93, Train Loss: 0.35274543048757495, Test Loss: 0.41735992106524383, Inverse Test Loss: 3.8521566679983428, Train R2: 0.8690880216432341, Test R2: 0.8067739009857178, Inverse Test R2: 0.8067739009857178 
2026-02-26 13:45:25,862 INFO: Epoch 94, Train Loss: 0.35582584074952384, Test Loss: 0.4159125866311969, Inverse Test Loss: 3.8387980316624497, Train R2: 0.8669901977885853, Test R2: 0.8069700598716736, Inverse Test R2: 0.8069700598716736 
2026-02-26 13:45:29,929 INFO: Epoch 95, Train Loss: 0.35482914158792206, Test Loss: 0.4109926892049385, Inverse Test Loss: 3.793388287226359, Train R2: 0.8678911499904863, Test R2: 0.8131053447723389, Inverse Test R2: 0.8131053447723389 
2026-02-26 13:45:33,962 INFO: Epoch 96, Train Loss: 0.35453309084881435, Test Loss: 0.4075786832607154, Inverse Test Loss: 3.761877659595374, Train R2: 0.8667858324267648, Test R2: 0.8167648315429688, Inverse Test R2: 0.816764771938324 
2026-02-26 13:45:38,027 INFO: Epoch 97, Train Loss: 0.36002339580745407, Test Loss: 0.41529924580545136, Inverse Test Loss: 3.8331370281450674, Train R2: 0.8640351430936293, Test R2: 0.8082355260848999, Inverse Test R2: 0.8082355260848999 
2026-02-26 13:45:42,088 INFO: Epoch 98, Train Loss: 0.3557387465103106, Test Loss: 0.4144565336632006, Inverse Test Loss: 3.825358939893318, Train R2: 0.8664175208770868, Test R2: 0.8106172680854797, Inverse Test R2: 0.8106172680854797 
2026-02-26 13:45:46,124 INFO: Epoch 99, Train Loss: 0.3534214391627095, Test Loss: 0.4167830528634967, Inverse Test Loss: 3.846832340413874, Train R2: 0.8684442639350891, Test R2: 0.8086291551589966, Inverse Test R2: 0.8086291551589966 
2026-02-26 13:45:50,182 INFO: Epoch 100, Train Loss: 0.3465576893226667, Test Loss: 0.4249033377026067, Inverse Test Loss: 3.9217810341806123, Train R2: 0.8727612373503771, Test R2: 0.7985475659370422, Inverse Test R2: 0.798547625541687 
2026-02-26 13:45:50,182 INFO: Best Epoch 49, Best Test Loss: 0.39699008428689203, Inv Test Loss: 3.6641467773553096, Best Test R2: 0.8274367451667786 
2026-02-26 13:45:54,225 INFO: Epoch 101, Train Loss: 0.34956381740895187, Test Loss: 0.4282550775643551, Inverse Test Loss: 3.95271702968713, Train R2: 0.8709098172910286, Test R2: 0.7985661029815674, Inverse Test R2: 0.7985660433769226 
2026-02-26 13:45:58,286 INFO: Epoch 102, Train Loss: 0.3462622771886262, Test Loss: 0.4202143306081945, Inverse Test Loss: 3.8785023978262236, Train R2: 0.8750569852012576, Test R2: 0.802718997001648, Inverse Test R2: 0.802718997001648 
2026-02-26 13:46:02,316 INFO: Epoch 103, Train Loss: 0.34954479223851004, Test Loss: 0.4110572338104248, Inverse Test Loss: 3.793984030232285, Train R2: 0.8710816019412243, Test R2: 0.8142572641372681, Inverse Test R2: 0.8142572641372681 
2026-02-26 13:46:06,372 INFO: Epoch 104, Train Loss: 0.34045792190414487, Test Loss: 0.4405635116678296, Inverse Test Loss: 4.066321654753252, Train R2: 0.8779737425572944, Test R2: 0.7845225930213928, Inverse Test R2: 0.7845225930213928 
2026-02-26 13:46:10,453 INFO: Epoch 105, Train Loss: 0.347023871924841, Test Loss: 0.42901747876947577, Inverse Test Loss: 3.9597537806539824, Train R2: 0.8725457737843195, Test R2: 0.7954299449920654, Inverse Test R2: 0.7954298853874207 
2026-02-26 13:46:14,491 INFO: Epoch 106, Train Loss: 0.3491270965473218, Test Loss: 0.4153176365476666, Inverse Test Loss: 3.8333067243749444, Train R2: 0.8711921861677459, Test R2: 0.8087639808654785, Inverse Test R2: 0.8087639808654785 
2026-02-26 13:46:18,545 INFO: Epoch 107, Train Loss: 0.34765490765372914, Test Loss: 0.4416270111546372, Inverse Test Loss: 4.07613763664708, Train R2: 0.8730021444233981, Test R2: 0.7825790643692017, Inverse Test R2: 0.7825790047645569 
2026-02-26 13:46:22,621 INFO: Epoch 108, Train Loss: 0.34374992007558997, Test Loss: 0.4360158154458711, Inverse Test Loss: 4.024347305297852, Train R2: 0.8762499066916379, Test R2: 0.7856158018112183, Inverse Test R2: 0.7856157422065735 
2026-02-26 13:46:26,678 INFO: Epoch 109, Train Loss: 0.3474114235829223, Test Loss: 0.4179786741733551, Inverse Test Loss: 3.8578677466421416, Train R2: 0.8740916076031598, Test R2: 0.8084176182746887, Inverse Test R2: 0.8084176182746887 
2026-02-26 13:46:30,762 INFO: Epoch 110, Train Loss: 0.3478211494106235, Test Loss: 0.4211677863742366, Inverse Test Loss: 3.887302593751387, Train R2: 0.8734103359959342, Test R2: 0.805266797542572, Inverse Test R2: 0.805266797542572 
2026-02-26 13:46:30,762 INFO: Best Epoch 49, Best Test Loss: 0.39699008428689203, Inv Test Loss: 3.6641467773553096, Best Test R2: 0.8274367451667786 
2026-02-26 13:46:34,815 INFO: Epoch 111, Train Loss: 0.34118433782097063, Test Loss: 0.43295440619642084, Inverse Test Loss: 3.9960909828995215, Train R2: 0.8770473951643164, Test R2: 0.7928726077079773, Inverse Test R2: 0.7928725481033325 
2026-02-26 13:46:38,850 INFO: Epoch 112, Train Loss: 0.3426733169366013, Test Loss: 0.4205081309332992, Inverse Test Loss: 3.8812141129464814, Train R2: 0.8764184812704722, Test R2: 0.806128740310669, Inverse Test R2: 0.8061286807060242 
2026-02-26 13:46:42,932 INFO: Epoch 113, Train Loss: 0.3510441931359696, Test Loss: 0.41726993159814313, Inverse Test Loss: 3.851326104366418, Train R2: 0.86964735659686, Test R2: 0.8078529834747314, Inverse Test R2: 0.8078529834747314 
2026-02-26 13:46:46,979 INFO: Epoch 114, Train Loss: 0.33802374802304036, Test Loss: 0.4232251860878684, Inverse Test Loss: 3.90629201224356, Train R2: 0.880135816155058, Test R2: 0.8023273944854736, Inverse Test R2: 0.8023273944854736 
2026-02-26 13:46:51,037 INFO: Epoch 115, Train Loss: 0.34370562411618955, Test Loss: 0.42520449287963635, Inverse Test Loss: 3.92456072027033, Train R2: 0.8746347973744074, Test R2: 0.8001047372817993, Inverse Test R2: 0.8001047372817993 
2026-02-26 13:46:55,099 INFO: Epoch 116, Train Loss: 0.355777462775057, Test Loss: 0.4259463530598265, Inverse Test Loss: 3.931407841769132, Train R2: 0.8657929206436331, Test R2: 0.7984476089477539, Inverse Test R2: 0.7984476089477539 
2026-02-26 13:46:59,160 INFO: Epoch 117, Train Loss: 0.34222950086449133, Test Loss: 0.41864995522932574, Inverse Test Loss: 3.864063450784394, Train R2: 0.8770046658588179, Test R2: 0.8066082000732422, Inverse Test R2: 0.8066082000732422 
2026-02-26 13:47:03,217 INFO: Epoch 118, Train Loss: 0.3404973430389708, Test Loss: 0.4238035127972112, Inverse Test Loss: 3.911629908012621, Train R2: 0.8785297220403497, Test R2: 0.8002075552940369, Inverse Test R2: 0.8002075552940369 
2026-02-26 13:47:07,281 INFO: Epoch 119, Train Loss: 0.3370880494740876, Test Loss: 0.4196648263570034, Inverse Test Loss: 3.8734304904937744, Train R2: 0.8804653435945511, Test R2: 0.8025259971618652, Inverse Test R2: 0.8025259971618652 
2026-02-26 13:47:11,356 INFO: Epoch 120, Train Loss: 0.33410626548257744, Test Loss: 0.42422097289200983, Inverse Test Loss: 3.9154829689950654, Train R2: 0.882663598114794, Test R2: 0.8005535006523132, Inverse Test R2: 0.8005535006523132 
2026-02-26 13:47:11,356 INFO: Best Epoch 49, Best Test Loss: 0.39699008428689203, Inv Test Loss: 3.6641467773553096, Best Test R2: 0.8274367451667786 
2026-02-26 13:47:15,411 INFO: Epoch 121, Train Loss: 0.3333086934730862, Test Loss: 0.4237282565145781, Inverse Test Loss: 3.910935235745979, Train R2: 0.8828242768843969, Test R2: 0.800896406173706, Inverse Test R2: 0.800896406173706 
2026-02-26 13:47:19,471 INFO: Epoch 122, Train Loss: 0.335284383911075, Test Loss: 0.43065879651994415, Inverse Test Loss: 3.9749029838677608, Train R2: 0.8834513534199108, Test R2: 0.7948088645935059, Inverse Test R2: 0.7948088645935059 
2026-02-26 13:47:23,552 INFO: Epoch 123, Train Loss: 0.33213511448014865, Test Loss: 0.4477829291965022, Inverse Test Loss: 4.132955551147461, Train R2: 0.8835052974296339, Test R2: 0.773931622505188, Inverse Test R2: 0.773931622505188 
2026-02-26 13:47:27,596 INFO: Epoch 124, Train Loss: 0.3358675390481949, Test Loss: 0.4354827304681142, Inverse Test Loss: 4.0194268443367696, Train R2: 0.880331063360879, Test R2: 0.7893738746643066, Inverse Test R2: 0.7893738746643066 
2026-02-26 13:47:31,646 INFO: Epoch 125, Train Loss: 0.3341539151063471, Test Loss: 0.4265517700802196, Inverse Test Loss: 3.9369958530772817, Train R2: 0.8822179883718491, Test R2: 0.7973798513412476, Inverse Test R2: 0.7973798513412476 
2026-02-26 13:47:35,709 INFO: Epoch 126, Train Loss: 0.33187641564643744, Test Loss: 0.4255612808646578, Inverse Test Loss: 3.927853757684881, Train R2: 0.8828648464246229, Test R2: 0.7995724678039551, Inverse Test R2: 0.7995724678039551 
2026-02-26 13:47:39,761 INFO: Epoch 127, Train Loss: 0.3359531301892165, Test Loss: 0.42507239724650525, Inverse Test Loss: 3.9233414910056372, Train R2: 0.8810061184745847, Test R2: 0.8000509142875671, Inverse Test R2: 0.8000509142875671 
2026-02-26 13:47:43,824 INFO: Epoch 128, Train Loss: 0.33228494520440244, Test Loss: 0.4328010335113063, Inverse Test Loss: 3.9946753617488975, Train R2: 0.8836811117150567, Test R2: 0.7938158512115479, Inverse Test R2: 0.7938158512115479 
2026-02-26 13:47:47,900 INFO: Epoch 129, Train Loss: 0.33155179520448047, Test Loss: 0.4252421359221141, Inverse Test Loss: 3.9249081467137192, Train R2: 0.8851264069477717, Test R2: 0.7982094883918762, Inverse Test R2: 0.7982094287872314 
2026-02-26 13:47:51,962 INFO: Epoch 130, Train Loss: 0.3280542643007004, Test Loss: 0.42552769816283026, Inverse Test Loss: 3.927543791857633, Train R2: 0.8856550956314261, Test R2: 0.800101101398468, Inverse Test R2: 0.8001010417938232 
2026-02-26 13:47:51,962 INFO: Best Epoch 49, Best Test Loss: 0.39699008428689203, Inv Test Loss: 3.6641467773553096, Best Test R2: 0.8274367451667786 
2026-02-26 13:47:56,025 INFO: Epoch 131, Train Loss: 0.32626249155763426, Test Loss: 0.4204727962161555, Inverse Test Loss: 3.880887912981438, Train R2: 0.889175194682497, Test R2: 0.8049298524856567, Inverse Test R2: 0.8049298524856567 
2026-02-26 13:48:00,054 INFO: Epoch 132, Train Loss: 0.3290109770993392, Test Loss: 0.4356661384755915, Inverse Test Loss: 4.021119724620473, Train R2: 0.885477445342324, Test R2: 0.7897781729698181, Inverse Test R2: 0.7897781133651733 
2026-02-26 13:48:04,113 INFO: Epoch 133, Train Loss: 0.3292376052475337, Test Loss: 0.4444758955276374, Inverse Test Loss: 4.102432222077341, Train R2: 0.8855237021590724, Test R2: 0.7814403772354126, Inverse Test R2: 0.7814403772354126 
2026-02-26 13:48:08,180 INFO: Epoch 134, Train Loss: 0.33130858387007855, Test Loss: 0.42100523005832324, Inverse Test Loss: 3.8858022039586846, Train R2: 0.8831451088190079, Test R2: 0.8035423159599304, Inverse Test R2: 0.8035422563552856 
2026-02-26 13:48:12,224 INFO: Epoch 135, Train Loss: 0.3288031347999067, Test Loss: 0.4254719614982605, Inverse Test Loss: 3.9270292845639316, Train R2: 0.8860252120278098, Test R2: 0.8000859022140503, Inverse Test R2: 0.8000859022140503 
2026-02-26 13:48:16,282 INFO: Epoch 136, Train Loss: 0.32509916614402423, Test Loss: 0.4287920937393651, Inverse Test Loss: 3.957673571326516, Train R2: 0.8882623915419434, Test R2: 0.7963078618049622, Inverse Test R2: 0.7963078022003174 
2026-02-26 13:48:20,337 INFO: Epoch 137, Train Loss: 0.3248800481810714, Test Loss: 0.4248932898044586, Inverse Test Loss: 3.9216883327021743, Train R2: 0.8888801878148859, Test R2: 0.8000729084014893, Inverse Test R2: 0.8000729084014893 
2026-02-26 13:48:24,444 INFO: Epoch 138, Train Loss: 0.3268756201547204, Test Loss: 0.42102514974998706, Inverse Test Loss: 3.8859860824816153, Train R2: 0.8876812480615847, Test R2: 0.8060375452041626, Inverse Test R2: 0.8060375452041626 
2026-02-26 13:48:28,636 INFO: Epoch 139, Train Loss: 0.32715647915999096, Test Loss: 0.4423830879457069, Inverse Test Loss: 4.083116090658939, Train R2: 0.8877432125084328, Test R2: 0.7828241586685181, Inverse Test R2: 0.7828240990638733 
2026-02-26 13:48:32,677 INFO: Epoch 140, Train Loss: 0.3208218315108256, Test Loss: 0.4330765081174446, Inverse Test Loss: 3.9972179513989072, Train R2: 0.8904406107736357, Test R2: 0.7929452657699585, Inverse Test R2: 0.7929452061653137 
2026-02-26 13:48:32,677 INFO: Best Epoch 49, Best Test Loss: 0.39699008428689203, Inv Test Loss: 3.6641467773553096, Best Test R2: 0.8274367451667786 
2026-02-26 13:48:36,742 INFO: Epoch 141, Train Loss: 0.31951248623204953, Test Loss: 0.43912796089143463, Inverse Test Loss: 4.053071816762288, Train R2: 0.8925113402532808, Test R2: 0.7842069864273071, Inverse Test R2: 0.7842069268226624 
2026-02-26 13:48:40,791 INFO: Epoch 142, Train Loss: 0.32340782451810257, Test Loss: 0.42660910162058746, Inverse Test Loss: 3.937525019501195, Train R2: 0.8892030286969561, Test R2: 0.7990022897720337, Inverse Test R2: 0.7990022301673889 
2026-02-26 13:48:44,936 INFO: Epoch 143, Train Loss: 0.3225022339911172, Test Loss: 0.4494507240526604, Inverse Test Loss: 4.148349025032737, Train R2: 0.8889666610594952, Test R2: 0.7746360301971436, Inverse Test R2: 0.7746360301971436 
2026-02-26 13:48:48,987 INFO: Epoch 144, Train Loss: 0.3222234600195379, Test Loss: 0.4464038474993272, Inverse Test Loss: 4.120226831147165, Train R2: 0.8902012741926945, Test R2: 0.7804969549179077, Inverse Test R2: 0.7804969549179077 
2026-02-26 13:48:53,057 INFO: Epoch 145, Train Loss: 0.32602274056636926, Test Loss: 0.43021481055201904, Inverse Test Loss: 3.970805009206136, Train R2: 0.8882445318229271, Test R2: 0.7973712682723999, Inverse Test R2: 0.7973712682723999 
2026-02-26 13:48:57,109 INFO: Epoch 146, Train Loss: 0.3191331728841319, Test Loss: 0.44555785981091584, Inverse Test Loss: 4.112418550433534, Train R2: 0.893145935553493, Test R2: 0.7763140797615051, Inverse Test R2: 0.7763140201568604 
2026-02-26 13:49:01,175 INFO: Epoch 147, Train Loss: 0.3179981004108082, Test Loss: 0.4205970646757068, Inverse Test Loss: 3.8820348869670522, Train R2: 0.8942463086410002, Test R2: 0.8047922849655151, Inverse Test R2: 0.8047922849655151 
2026-02-26 13:49:05,227 INFO: Epoch 148, Train Loss: 0.3146875142825372, Test Loss: 0.4468434037584247, Inverse Test Loss: 4.124283906185266, Train R2: 0.895758153814258, Test R2: 0.777601957321167, Inverse Test R2: 0.777601957321167 
2026-02-26 13:49:09,292 INFO: Epoch 149, Train Loss: 0.31923234733668243, Test Loss: 0.4402490429805987, Inverse Test Loss: 4.063419154196074, Train R2: 0.891854441075614, Test R2: 0.7844396233558655, Inverse Test R2: 0.7844395637512207 
2026-02-26 13:49:13,374 INFO: Epoch 150, Train Loss: 0.3205385645004836, Test Loss: 0.4329256677266323, Inverse Test Loss: 3.995825673594619, Train R2: 0.8904302300828876, Test R2: 0.7918639779090881, Inverse Test R2: 0.7918639779090881 
2026-02-26 13:49:13,374 INFO: Best Epoch 49, Best Test Loss: 0.39699008428689203, Inv Test Loss: 3.6641467773553096, Best Test R2: 0.8274367451667786 
