2026-01-27 15:09:47,480 INFO: log_path:/logs_2026_1_27_HS_RMSE/AMFormer_simple_MLP_dim32_depth2_heads4_dropout0.4_fusion0.45_0.55_lr0.001_1A 
2026-01-27 15:09:47,480 INFO: Model:namespace(attn_dropout=0.4, categories=[], cluster=3, depth=2, dim=32, ff_dropout=0.4, groups=[54, 54, 54], heads=4, name='AMFormer_simple_MLP_dim32_depth2_heads4_dropout0.4_fusion0.45_0.55', num_cate=0, num_cont=20, num_special_tokens=1, out_dim=1, predictor='simple_MLP', prod_num_per_group=[6, 6, 6], qk_relu=False, static_fusion={'kan_weight': 0.45, 'trans_weight': 0.55}, sum_num_per_group=[32, 16, 8], target_mode='regression', token_descent=False, use_cls_token=True, use_prod=True, use_row_col_attention=True, use_sigmoid=True) 
2026-01-27 15:09:47,481 INFO: lr:0.001, loss:RMSE 
2026-01-27 15:09:47,481 INFO: Dataset:HS, Target:['metal1_Area'] 
2026-01-27 15:09:47,481 INFO: ------Begin Training Model------ 
2026-01-27 15:09:56,425 INFO: Epoch 1, Train Loss: 0.4162878740691777, Test Loss: 0.2483932263020313, Inverse Test Loss: 748.0760997425426, Train R2: 0.7961040848132336, Test R2: 0.9347863793373108, Inverse Test R2: 0.9347863793373108 
2026-01-27 15:10:01,199 INFO: Epoch 2, Train Loss: 0.20828434130684895, Test Loss: 0.1749567962957151, Inverse Test Loss: 526.9104900938091, Train R2: 0.9540132848602353, Test R2: 0.967854917049408, Inverse Test R2: 0.967854917049408 
2026-01-27 15:10:06,934 INFO: Epoch 3, Train Loss: 0.18988072843939968, Test Loss: 0.17624747098395319, Inverse Test Loss: 530.7975658069957, Train R2: 0.9619398713111877, Test R2: 0.9669925570487976, Inverse Test R2: 0.9669925570487976 
2026-01-27 15:10:14,613 INFO: Epoch 4, Train Loss: 0.17929495808978876, Test Loss: 0.16290609470822595, Inverse Test Loss: 490.6178727583452, Train R2: 0.9659534132841862, Test R2: 0.971718430519104, Inverse Test R2: 0.971718430519104 
2026-01-27 15:10:23,429 INFO: Epoch 5, Train Loss: 0.16972036535541216, Test Loss: 0.15787955418680655, Inverse Test Loss: 475.4796327533144, Train R2: 0.9696929197419774, Test R2: 0.973730742931366, Inverse Test R2: 0.973730742931366 
2026-01-27 15:10:33,291 INFO: Epoch 6, Train Loss: 0.16655813721996365, Test Loss: 0.15425848148085855, Inverse Test Loss: 464.57419008197206, Train R2: 0.9708642891862176, Test R2: 0.9742302298545837, Inverse Test R2: 0.9742302298545837 
2026-01-27 15:10:44,411 INFO: Epoch 7, Train Loss: 0.16490607889312686, Test Loss: 0.141918294357531, Inverse Test Loss: 427.4097327030066, Train R2: 0.9709551171822981, Test R2: 0.978401243686676, Inverse Test R2: 0.978401243686676 
2026-01-27 15:10:55,760 INFO: Epoch 8, Train Loss: 0.1646932147330407, Test Loss: 0.14160367146585928, Inverse Test Loss: 426.4621988932292, Train R2: 0.9710202370629166, Test R2: 0.9785619378089905, Inverse Test R2: 0.9785619378089905 
2026-01-27 15:11:06,776 INFO: Epoch 9, Train Loss: 0.15812717801467938, Test Loss: 0.14280408440214215, Inverse Test Loss: 430.0774425159801, Train R2: 0.9731592662406691, Test R2: 0.9782379269599915, Inverse Test R2: 0.9782379269599915 
2026-01-27 15:11:18,074 INFO: Epoch 10, Train Loss: 0.16002938190870214, Test Loss: 0.14004530238382745, Inverse Test Loss: 421.7689199736624, Train R2: 0.9727085887482672, Test R2: 0.9780817627906799, Inverse Test R2: 0.9780817627906799 
2026-01-27 15:11:18,074 INFO: Best Epoch 10, Best Test Loss: 0.14004530238382745, Inv Test Loss: 421.7689199736624, Best Test R2: 0.9780817627906799 
2026-01-27 15:11:29,281 INFO: Epoch 11, Train Loss: 0.1564138853414492, Test Loss: 0.13846526452989288, Inverse Test Loss: 417.010390772964, Train R2: 0.9740432293126078, Test R2: 0.9790425896644592, Inverse Test R2: 0.9790425896644592 
2026-01-27 15:11:40,349 INFO: Epoch 12, Train Loss: 0.15392238341949202, Test Loss: 0.1410372747164784, Inverse Test Loss: 424.7564003684304, Train R2: 0.9749054701039286, Test R2: 0.9786073565483093, Inverse Test R2: 0.9786074161529541 
2026-01-27 15:11:51,511 INFO: Epoch 13, Train Loss: 0.15248555464274954, Test Loss: 0.132589076730338, Inverse Test Loss: 399.31329808090675, Train R2: 0.9748448368274805, Test R2: 0.9806344509124756, Inverse Test R2: 0.9806344509124756 
2026-01-27 15:12:02,753 INFO: Epoch 14, Train Loss: 0.15173411222569871, Test Loss: 0.14245371001236368, Inverse Test Loss: 429.0222297437263, Train R2: 0.975339101119475, Test R2: 0.9779382944107056, Inverse Test R2: 0.9779382944107056 
2026-01-27 15:12:14,095 INFO: Epoch 15, Train Loss: 0.1500660858935479, Test Loss: 0.13459456170147116, Inverse Test Loss: 405.35313692959875, Train R2: 0.9757264477737022, Test R2: 0.9801025986671448, Inverse Test R2: 0.9801025986671448 
2026-01-27 15:12:25,196 INFO: Epoch 16, Train Loss: 0.148256933429476, Test Loss: 0.13902342996814035, Inverse Test Loss: 418.6913914535985, Train R2: 0.9764819384524317, Test R2: 0.9793013334274292, Inverse Test R2: 0.9793013334274292 
2026-01-27 15:12:36,468 INFO: Epoch 17, Train Loss: 0.14741842392267604, Test Loss: 0.12745445424860175, Inverse Test Loss: 383.84956128669506, Train R2: 0.9766779749682455, Test R2: 0.9819170236587524, Inverse Test R2: 0.9819170236587524 
2026-01-27 15:12:47,651 INFO: Epoch 18, Train Loss: 0.1470409252426841, Test Loss: 0.1289080957120115, Inverse Test Loss: 388.22743086381394, Train R2: 0.9766700421318864, Test R2: 0.9813564419746399, Inverse Test R2: 0.9813564419746399 
2026-01-27 15:12:58,783 INFO: Epoch 19, Train Loss: 0.14893407617328744, Test Loss: 0.13351723506595148, Inverse Test Loss: 402.1086069742839, Train R2: 0.9762572271354271, Test R2: 0.980448305606842, Inverse Test R2: 0.980448305606842 
2026-01-27 15:13:09,945 INFO: Epoch 20, Train Loss: 0.1441368724247723, Test Loss: 0.1514210387161284, Inverse Test Loss: 456.0287762266217, Train R2: 0.9772554924993804, Test R2: 0.9745383262634277, Inverse Test R2: 0.9745383262634277 
2026-01-27 15:13:09,946 INFO: Best Epoch 17, Best Test Loss: 0.12745445424860175, Inv Test Loss: 383.84956128669506, Best Test R2: 0.9819170236587524 
2026-01-27 15:13:21,254 INFO: Epoch 21, Train Loss: 0.14655402297097625, Test Loss: 0.129786802963777, Inverse Test Loss: 390.87380426580256, Train R2: 0.9767606768644217, Test R2: 0.9815453886985779, Inverse Test R2: 0.9815453886985779 
2026-01-27 15:13:32,447 INFO: Epoch 22, Train Loss: 0.1436556763100353, Test Loss: 0.12780170819976114, Inverse Test Loss: 384.895370945786, Train R2: 0.9776884628967806, Test R2: 0.9813476800918579, Inverse Test R2: 0.9813476800918579 
2026-01-27 15:13:43,599 INFO: Epoch 23, Train Loss: 0.1480201386536161, Test Loss: 0.1362522425073566, Inverse Test Loss: 410.3455098470052, Train R2: 0.9761694236235186, Test R2: 0.9799805879592896, Inverse Test R2: 0.9799805879592896 
2026-01-27 15:13:54,633 INFO: Epoch 24, Train Loss: 0.14531983988303127, Test Loss: 0.12592305649410596, Inverse Test Loss: 379.237509987571, Train R2: 0.9774814961534558, Test R2: 0.9824723601341248, Inverse Test R2: 0.9824723601341248 
2026-01-27 15:14:05,844 INFO: Epoch 25, Train Loss: 0.14065599328640735, Test Loss: 0.12899993360042572, Inverse Test Loss: 388.5040273955374, Train R2: 0.9783213978463953, Test R2: 0.9811499714851379, Inverse Test R2: 0.9811499714851379 
2026-01-27 15:14:17,132 INFO: Epoch 26, Train Loss: 0.14282192651069525, Test Loss: 0.12715066675886963, Inverse Test Loss: 382.93465585419625, Train R2: 0.9777846923380187, Test R2: 0.9815762042999268, Inverse Test R2: 0.9815762042999268 
2026-01-27 15:14:28,327 INFO: Epoch 27, Train Loss: 0.1433732553639195, Test Loss: 0.12864000621167096, Inverse Test Loss: 387.4200471820253, Train R2: 0.9777647125901598, Test R2: 0.9812922477722168, Inverse Test R2: 0.9812922477722168 
2026-01-27 15:14:39,267 INFO: Epoch 28, Train Loss: 0.1412806021557613, Test Loss: 0.12516947090625763, Inverse Test Loss: 376.9679722641454, Train R2: 0.9786330587936171, Test R2: 0.9822700023651123, Inverse Test R2: 0.9822700023651123 
2026-01-27 15:14:50,232 INFO: Epoch 29, Train Loss: 0.14086557873948055, Test Loss: 0.12924499380769153, Inverse Test Loss: 389.2420635801373, Train R2: 0.9782804002364477, Test R2: 0.9814553260803223, Inverse Test R2: 0.9814553260803223 
2026-01-27 15:15:01,206 INFO: Epoch 30, Train Loss: 0.13924715834472215, Test Loss: 0.1292182690266407, Inverse Test Loss: 389.1615683815696, Train R2: 0.9786265528563297, Test R2: 0.9814528226852417, Inverse Test R2: 0.9814528226852417 
2026-01-27 15:15:01,207 INFO: Best Epoch 28, Best Test Loss: 0.12516947090625763, Inv Test Loss: 376.9679722641454, Best Test R2: 0.9822700023651123 
2026-01-27 15:15:12,224 INFO: Epoch 31, Train Loss: 0.14421625960279594, Test Loss: 0.13116986417409146, Inverse Test Loss: 395.03911659934306, Train R2: 0.977389111663356, Test R2: 0.9807437062263489, Inverse Test R2: 0.9807437062263489 
2026-01-27 15:15:23,085 INFO: Epoch 32, Train Loss: 0.13989677971624065, Test Loss: 0.12684870917688718, Inverse Test Loss: 382.0252625436494, Train R2: 0.97867595381809, Test R2: 0.9819968938827515, Inverse Test R2: 0.9819968938827515 
2026-01-27 15:15:34,021 INFO: Epoch 33, Train Loss: 0.1421593109315092, Test Loss: 0.12460370565002615, Inverse Test Loss: 375.26406999067825, Train R2: 0.9781140219984632, Test R2: 0.9826369881629944, Inverse Test R2: 0.9826369881629944 
2026-01-27 15:15:44,880 INFO: Epoch 34, Train Loss: 0.13763306100824566, Test Loss: 0.1233341269420855, Inverse Test Loss: 371.44053279992306, Train R2: 0.9789083685838815, Test R2: 0.9826573133468628, Inverse Test R2: 0.9826573133468628 
2026-01-27 15:15:55,646 INFO: Epoch 35, Train Loss: 0.13648148129383722, Test Loss: 0.12493589396278064, Inverse Test Loss: 376.2645055597479, Train R2: 0.9792387083624349, Test R2: 0.9820882081985474, Inverse Test R2: 0.9820882081985474 
2026-01-27 15:16:06,629 INFO: Epoch 36, Train Loss: 0.14390989748591726, Test Loss: 0.14167878889676297, Inverse Test Loss: 426.6884335604581, Train R2: 0.9774650755253705, Test R2: 0.9776119589805603, Inverse Test R2: 0.9776119589805603 
2026-01-27 15:16:17,500 INFO: Epoch 37, Train Loss: 0.15624875095531796, Test Loss: 0.13609804371089645, Inverse Test Loss: 409.88111877441406, Train R2: 0.9726028663642479, Test R2: 0.9793276190757751, Inverse Test R2: 0.9793276190757751 
2026-01-27 15:16:28,419 INFO: Epoch 38, Train Loss: 0.1413548860811826, Test Loss: 0.12618111740007545, Inverse Test Loss: 380.01470669833094, Train R2: 0.9783842744249286, Test R2: 0.9821286797523499, Inverse Test R2: 0.9821286797523499 
2026-01-27 15:16:39,380 INFO: Epoch 39, Train Loss: 0.13845763363960115, Test Loss: 0.12570766585342813, Inverse Test Loss: 378.5888260350083, Train R2: 0.9791158708659086, Test R2: 0.9822852611541748, Inverse Test R2: 0.9822852611541748 
2026-01-27 15:16:50,302 INFO: Epoch 40, Train Loss: 0.13771451349285516, Test Loss: 0.12330275006366498, Inverse Test Loss: 371.34603558164656, Train R2: 0.9792626870400978, Test R2: 0.9825752377510071, Inverse Test R2: 0.9825752377510071 
2026-01-27 15:16:50,302 INFO: Best Epoch 40, Best Test Loss: 0.12330275006366498, Inv Test Loss: 371.34603558164656, Best Test R2: 0.9825752377510071 
2026-01-27 15:17:01,163 INFO: Epoch 41, Train Loss: 0.1362034883067915, Test Loss: 0.13104572542237514, Inverse Test Loss: 394.66525823419744, Train R2: 0.9796954537882949, Test R2: 0.9807572364807129, Inverse Test R2: 0.9807572364807129 
2026-01-27 15:17:12,165 INFO: Epoch 42, Train Loss: 0.13577958235912252, Test Loss: 0.12260936460260188, Inverse Test Loss: 369.25779076778525, Train R2: 0.9796570376916365, Test R2: 0.9831897020339966, Inverse Test R2: 0.9831897020339966 
2026-01-27 15:17:22,973 INFO: Epoch 43, Train Loss: 0.13590458769238356, Test Loss: 0.12140218563603633, Inverse Test Loss: 365.6221840598366, Train R2: 0.9795785528240781, Test R2: 0.9829965829849243, Inverse Test R2: 0.9829965829849243 
2026-01-27 15:17:34,373 INFO: Epoch 44, Train Loss: 0.13853444424316738, Test Loss: 0.1245900672493559, Inverse Test Loss: 375.22298778187144, Train R2: 0.9792143968921719, Test R2: 0.9819944500923157, Inverse Test R2: 0.9819944500923157 
2026-01-27 15:17:45,442 INFO: Epoch 45, Train Loss: 0.13762278397652236, Test Loss: 0.12369147823615508, Inverse Test Loss: 372.5167532256155, Train R2: 0.9789200894760363, Test R2: 0.983180046081543, Inverse Test R2: 0.983180046081543 
2026-01-27 15:17:56,655 INFO: Epoch 46, Train Loss: 0.1366693272791577, Test Loss: 0.12324170666662129, Inverse Test Loss: 371.1621912175959, Train R2: 0.9793315493699276, Test R2: 0.9826453924179077, Inverse Test R2: 0.9826453924179077 
2026-01-27 15:18:07,907 INFO: Epoch 47, Train Loss: 0.13542671075485874, Test Loss: 0.12258986214345152, Inverse Test Loss: 369.19906015107125, Train R2: 0.9799022837118669, Test R2: 0.9831936955451965, Inverse Test R2: 0.9831936955451965 
2026-01-27 15:18:19,267 INFO: Epoch 48, Train Loss: 0.13459540940256734, Test Loss: 0.12429102939186674, Inverse Test Loss: 374.3223960182884, Train R2: 0.9802736906391202, Test R2: 0.982361376285553, Inverse Test R2: 0.982361376285553 
2026-01-27 15:18:30,943 INFO: Epoch 49, Train Loss: 0.1337925155618877, Test Loss: 0.12413198139631387, Inverse Test Loss: 373.843393499201, Train R2: 0.9804001306042527, Test R2: 0.9822618365287781, Inverse Test R2: 0.9822618365287781 
2026-01-27 15:18:42,322 INFO: Epoch 50, Train Loss: 0.13315143097530713, Test Loss: 0.12210199033672159, Inverse Test Loss: 367.7297525116892, Train R2: 0.9801176167798765, Test R2: 0.983381450176239, Inverse Test R2: 0.983381450176239 
2026-01-27 15:18:42,322 INFO: Best Epoch 43, Best Test Loss: 0.12140218563603633, Inv Test Loss: 365.6221840598366, Best Test R2: 0.9829965829849243 
2026-01-27 15:18:53,577 INFO: Epoch 51, Train Loss: 0.13485806215215812, Test Loss: 0.12197936687505606, Inverse Test Loss: 367.3604555996981, Train R2: 0.9799770469015295, Test R2: 0.9828137755393982, Inverse Test R2: 0.9828137755393982 
2026-01-27 15:19:04,941 INFO: Epoch 52, Train Loss: 0.13467022926179747, Test Loss: 0.11992365674990596, Inverse Test Loss: 361.1693540630919, Train R2: 0.9803351777972598, Test R2: 0.9837660193443298, Inverse Test R2: 0.9837660193443298 
2026-01-27 15:19:15,975 INFO: Epoch 53, Train Loss: 0.1344929843237906, Test Loss: 0.12005958548097899, Inverse Test Loss: 361.5787339643999, Train R2: 0.9803265829881033, Test R2: 0.9835723638534546, Inverse Test R2: 0.9835723638534546 
2026-01-27 15:19:27,085 INFO: Epoch 54, Train Loss: 0.13239434293725275, Test Loss: 0.11979203219666626, Inverse Test Loss: 360.7729459820372, Train R2: 0.9806163012981415, Test R2: 0.9837910532951355, Inverse Test R2: 0.9837910532951355 
2026-01-27 15:19:38,215 INFO: Epoch 55, Train Loss: 0.1347036785304998, Test Loss: 0.16990128114367975, Inverse Test Loss: 511.6850068063447, Train R2: 0.9801680752725312, Test R2: 0.9669960737228394, Inverse Test R2: 0.9669960737228394 
2026-01-27 15:19:49,354 INFO: Epoch 56, Train Loss: 0.14464326657241944, Test Loss: 0.12755761487465916, Inverse Test Loss: 384.16025612571025, Train R2: 0.9772321491530447, Test R2: 0.981468677520752, Inverse Test R2: 0.981468677520752 
2026-01-27 15:20:00,607 INFO: Epoch 57, Train Loss: 0.13507205930848917, Test Loss: 0.12181900712576779, Inverse Test Loss: 366.8774964303681, Train R2: 0.9803509441289034, Test R2: 0.9833871722221375, Inverse Test R2: 0.9833871722221375 
2026-01-27 15:20:11,746 INFO: Epoch 58, Train Loss: 0.13188004090140262, Test Loss: 0.11843495217688156, Inverse Test Loss: 356.6858807188092, Train R2: 0.9805557560740095, Test R2: 0.9842504858970642, Inverse Test R2: 0.9842504858970642 
2026-01-27 15:20:22,701 INFO: Epoch 59, Train Loss: 0.13417649116705765, Test Loss: 0.12333423260486487, Inverse Test Loss: 371.4408435243549, Train R2: 0.98009206264308, Test R2: 0.9834092259407043, Inverse Test R2: 0.9834092259407043 
2026-01-27 15:20:33,951 INFO: Epoch 60, Train Loss: 0.1349559116149039, Test Loss: 0.11968473853035407, Inverse Test Loss: 360.4498115308357, Train R2: 0.9803575218626948, Test R2: 0.9838712811470032, Inverse Test R2: 0.9838712811470032 
2026-01-27 15:20:33,952 INFO: Best Epoch 58, Best Test Loss: 0.11843495217688156, Inv Test Loss: 356.6858807188092, Best Test R2: 0.9842504858970642 
2026-01-27 15:20:45,065 INFO: Epoch 61, Train Loss: 0.13179507496004755, Test Loss: 0.119482857824275, Inverse Test Loss: 359.8418195319898, Train R2: 0.9810472157868472, Test R2: 0.9836476445198059, Inverse Test R2: 0.9836476445198059 
2026-01-27 15:20:56,281 INFO: Epoch 62, Train Loss: 0.13129357194923091, Test Loss: 0.11820786141536453, Inverse Test Loss: 356.00196052320075, Train R2: 0.9811482695919095, Test R2: 0.9841815233230591, Inverse Test R2: 0.9841815233230591 
2026-01-27 15:21:07,351 INFO: Epoch 63, Train Loss: 0.13241678281602534, Test Loss: 0.11781385732871114, Inverse Test Loss: 354.8153533935547, Train R2: 0.9809607867941712, Test R2: 0.9843320250511169, Inverse Test R2: 0.9843320250511169 
2026-01-27 15:21:18,531 INFO: Epoch 64, Train Loss: 0.13296584446321835, Test Loss: 0.12116805452740553, Inverse Test Loss: 364.91706108324456, Train R2: 0.9805186607620933, Test R2: 0.9829173684120178, Inverse Test R2: 0.9829173684120178 
2026-01-27 15:21:29,704 INFO: Epoch 65, Train Loss: 0.1326714294369925, Test Loss: 0.11763933131640608, Inverse Test Loss: 354.2897426720821, Train R2: 0.9804919050498442, Test R2: 0.9840109348297119, Inverse Test R2: 0.9840109348297119 
2026-01-27 15:21:41,018 INFO: Epoch 66, Train Loss: 0.1319267520342361, Test Loss: 0.1220378704143293, Inverse Test Loss: 367.53664606267756, Train R2: 0.9807383196823525, Test R2: 0.9832836389541626, Inverse Test R2: 0.9832836389541626 
2026-01-27 15:21:52,143 INFO: Epoch 67, Train Loss: 0.13067216908728535, Test Loss: 0.11867923560467633, Inverse Test Loss: 357.4215823086825, Train R2: 0.9812109411665888, Test R2: 0.9846463799476624, Inverse Test R2: 0.9846463799476624 
2026-01-27 15:22:03,287 INFO: Epoch 68, Train Loss: 0.13222701918107993, Test Loss: 0.12136327159224135, Inverse Test Loss: 365.5049817634351, Train R2: 0.9809634857105486, Test R2: 0.9830430150032043, Inverse Test R2: 0.9830430150032043 
2026-01-27 15:22:14,451 INFO: Epoch 69, Train Loss: 0.1327282189476219, Test Loss: 0.11967258685917566, Inverse Test Loss: 360.41321355646306, Train R2: 0.9804664200002496, Test R2: 0.9838270545005798, Inverse Test R2: 0.9838270545005798 
2026-01-27 15:22:25,528 INFO: Epoch 70, Train Loss: 0.1307997809102138, Test Loss: 0.11787293907819373, Inverse Test Loss: 354.9932921438506, Train R2: 0.9811460411909855, Test R2: 0.9840682148933411, Inverse Test R2: 0.9840682148933411 
2026-01-27 15:22:25,529 INFO: Best Epoch 65, Best Test Loss: 0.11763933131640608, Inv Test Loss: 354.2897426720821, Best Test R2: 0.9840109348297119 
2026-01-27 15:22:36,597 INFO: Epoch 71, Train Loss: 0.13001477690131374, Test Loss: 0.12402807740551053, Inverse Test Loss: 373.5304676402699, Train R2: 0.9812468755425829, Test R2: 0.9828115105628967, Inverse Test R2: 0.9828115105628967 
2026-01-27 15:22:48,019 INFO: Epoch 72, Train Loss: 0.13029866335405546, Test Loss: 0.12022422976566083, Inverse Test Loss: 362.0745784875118, Train R2: 0.9812773845412515, Test R2: 0.9834880232810974, Inverse Test R2: 0.9834880232810974 
2026-01-27 15:22:59,149 INFO: Epoch 73, Train Loss: 0.13166336320114858, Test Loss: 0.11736379236434445, Inverse Test Loss: 353.45990683815694, Train R2: 0.9808778753786376, Test R2: 0.9838590621948242, Inverse Test R2: 0.9838590621948242 
2026-01-27 15:23:10,268 INFO: Epoch 74, Train Loss: 0.12842244889135612, Test Loss: 0.11892330544916066, Inverse Test Loss: 358.1566342440519, Train R2: 0.9814115749164061, Test R2: 0.9836726784706116, Inverse Test R2: 0.9836726784706116 
2026-01-27 15:23:21,440 INFO: Epoch 75, Train Loss: 0.12793082422153515, Test Loss: 0.12014343566966779, Inverse Test Loss: 361.83125258937025, Train R2: 0.9818299313386282, Test R2: 0.9833548069000244, Inverse Test R2: 0.9833548069000244 
2026-01-27 15:23:32,675 INFO: Epoch 76, Train Loss: 0.1303591181834539, Test Loss: 0.12266780605370348, Inverse Test Loss: 369.4337985876835, Train R2: 0.9809674214233052, Test R2: 0.982472836971283, Inverse Test R2: 0.982472836971283 
2026-01-27 15:23:44,145 INFO: Epoch 77, Train Loss: 0.1337257374190923, Test Loss: 0.12028322143085075, Inverse Test Loss: 362.2522444291548, Train R2: 0.9801107730829355, Test R2: 0.9830399751663208, Inverse Test R2: 0.9830399751663208 
2026-01-27 15:23:55,303 INFO: Epoch 78, Train Loss: 0.12973879266417387, Test Loss: 0.12043925973050522, Inverse Test Loss: 362.7221698183002, Train R2: 0.9813604296156855, Test R2: 0.9832465052604675, Inverse Test R2: 0.9832465052604675 
2026-01-27 15:24:06,649 INFO: Epoch 79, Train Loss: 0.12768864513120867, Test Loss: 0.12476714237621336, Inverse Test Loss: 375.7562880082564, Train R2: 0.9811994699817715, Test R2: 0.9826698899269104, Inverse Test R2: 0.9826698899269104 
2026-01-27 15:24:17,935 INFO: Epoch 80, Train Loss: 0.13289043956407995, Test Loss: 0.11752903325991197, Inverse Test Loss: 353.95756299567944, Train R2: 0.9806997446399747, Test R2: 0.9840956330299377, Inverse Test R2: 0.9840956330299377 
2026-01-27 15:24:17,935 INFO: Best Epoch 73, Best Test Loss: 0.11736379236434445, Inv Test Loss: 353.45990683815694, Best Test R2: 0.9838590621948242 
2026-01-27 15:24:29,217 INFO: Epoch 81, Train Loss: 0.12946970625357193, Test Loss: 0.11602364683693106, Inverse Test Loss: 349.4238461581144, Train R2: 0.9814992104515885, Test R2: 0.9845670461654663, Inverse Test R2: 0.9845670461654663 
2026-01-27 15:24:40,398 INFO: Epoch 82, Train Loss: 0.12803008494842233, Test Loss: 0.11947778815572913, Inverse Test Loss: 359.8265514951764, Train R2: 0.9818940578085004, Test R2: 0.9836073517799377, Inverse Test R2: 0.9836073517799377 
2026-01-27 15:24:51,485 INFO: Epoch 83, Train Loss: 0.1296452120454474, Test Loss: 0.11898057614312027, Inverse Test Loss: 358.32911543412644, Train R2: 0.9813098266269221, Test R2: 0.9837309718132019, Inverse Test R2: 0.9837309718132019 
2026-01-27 15:25:02,650 INFO: Epoch 84, Train Loss: 0.12976851509037343, Test Loss: 0.12501089026530585, Inverse Test Loss: 376.4903730912642, Train R2: 0.9813278240687919, Test R2: 0.9826151728630066, Inverse Test R2: 0.9826151728630066 
2026-01-27 15:25:13,959 INFO: Epoch 85, Train Loss: 0.1280133259398016, Test Loss: 0.11620353738015349, Inverse Test Loss: 349.9656233354048, Train R2: 0.9814296586043907, Test R2: 0.9841132164001465, Inverse Test R2: 0.9841132164001465 
2026-01-27 15:25:25,119 INFO: Epoch 86, Train Loss: 0.12758221776422227, Test Loss: 0.1155439056456089, Inverse Test Loss: 347.97903858531606, Train R2: 0.9819465749191515, Test R2: 0.9847203493118286, Inverse Test R2: 0.9847204089164734 
2026-01-27 15:25:36,287 INFO: Epoch 87, Train Loss: 0.1280093833126805, Test Loss: 0.11748042352723354, Inverse Test Loss: 353.81117109818894, Train R2: 0.9819415401328694, Test R2: 0.9844349026679993, Inverse Test R2: 0.9844349026679993 
2026-01-27 15:25:47,428 INFO: Epoch 88, Train Loss: 0.12670081249917997, Test Loss: 0.11693992883418546, Inverse Test Loss: 352.18337642785275, Train R2: 0.9821814994017283, Test R2: 0.984130859375, Inverse Test R2: 0.984130859375 
2026-01-27 15:25:58,565 INFO: Epoch 89, Train Loss: 0.12897211939773776, Test Loss: 0.11478500937422116, Inverse Test Loss: 345.6934883811257, Train R2: 0.9810312114881746, Test R2: 0.9848896861076355, Inverse Test R2: 0.9848896861076355 
2026-01-27 15:26:09,708 INFO: Epoch 90, Train Loss: 0.1275672038565531, Test Loss: 0.12182953976320499, Inverse Test Loss: 366.90923563639325, Train R2: 0.981972693493872, Test R2: 0.9829638004302979, Inverse Test R2: 0.9829638004302979 
2026-01-27 15:26:09,709 INFO: Best Epoch 89, Best Test Loss: 0.11478500937422116, Inv Test Loss: 345.6934883811257, Best Test R2: 0.9848896861076355 
2026-01-27 15:26:20,933 INFO: Epoch 91, Train Loss: 0.12901007443327794, Test Loss: 0.11749732878172037, Inverse Test Loss: 353.8620836662524, Train R2: 0.9812632781086545, Test R2: 0.983893632888794, Inverse Test R2: 0.983893632888794 
2026-01-27 15:26:32,209 INFO: Epoch 92, Train Loss: 0.12826230235849367, Test Loss: 0.11750201632579167, Inverse Test Loss: 353.876196196585, Train R2: 0.9814688129858538, Test R2: 0.9844425320625305, Inverse Test R2: 0.9844425320625305 
2026-01-27 15:26:43,296 INFO: Epoch 93, Train Loss: 0.12833464498434102, Test Loss: 0.11411676081744107, Inverse Test Loss: 343.6809590657552, Train R2: 0.9818422374400225, Test R2: 0.9849811792373657, Inverse Test R2: 0.9849811792373657 
2026-01-27 15:26:54,403 INFO: Epoch 94, Train Loss: 0.12710402262481776, Test Loss: 0.11509193773522522, Inverse Test Loss: 346.6178547252308, Train R2: 0.982067090995384, Test R2: 0.9845018982887268, Inverse Test R2: 0.9845018982887268 
2026-01-27 15:27:05,529 INFO: Epoch 95, Train Loss: 0.12619506514094997, Test Loss: 0.1148869740692052, Inverse Test Loss: 346.00059000651044, Train R2: 0.9820345093806585, Test R2: 0.9846874475479126, Inverse Test R2: 0.9846874475479126 
2026-01-27 15:27:16,833 INFO: Epoch 96, Train Loss: 0.12973784373113603, Test Loss: 0.1159310382649754, Inverse Test Loss: 349.1449492483428, Train R2: 0.981277840607094, Test R2: 0.9846280217170715, Inverse Test R2: 0.9846280217170715 
2026-01-27 15:27:27,989 INFO: Epoch 97, Train Loss: 0.12704517590728673, Test Loss: 0.11666290495883334, Inverse Test Loss: 351.3490804036458, Train R2: 0.9821720096197996, Test R2: 0.9843966960906982, Inverse Test R2: 0.9843966960906982 
2026-01-27 15:27:39,134 INFO: Epoch 98, Train Loss: 0.127129031683911, Test Loss: 0.11614708884647398, Inverse Test Loss: 349.7956122196082, Train R2: 0.9821821555043712, Test R2: 0.9845567941665649, Inverse Test R2: 0.9845567941665649 
2026-01-27 15:27:50,472 INFO: Epoch 99, Train Loss: 0.12447675193349521, Test Loss: 0.1343939918460268, Inverse Test Loss: 404.7490881717566, Train R2: 0.9825775700085091, Test R2: 0.9787610769271851, Inverse Test R2: 0.9787610769271851 
2026-01-27 15:28:01,667 INFO: Epoch 100, Train Loss: 0.13008276446524894, Test Loss: 0.11469569949038101, Inverse Test Loss: 345.4245184696082, Train R2: 0.980926721385031, Test R2: 0.9847550392150879, Inverse Test R2: 0.9847550392150879 
2026-01-27 15:28:01,667 INFO: Best Epoch 93, Best Test Loss: 0.11411676081744107, Inv Test Loss: 343.6809590657552, Best Test R2: 0.9849811792373657 
2026-01-27 15:28:12,809 INFO: Epoch 101, Train Loss: 0.13030157362421355, Test Loss: 0.11645419060280829, Inverse Test Loss: 350.72050059925425, Train R2: 0.9815084103381995, Test R2: 0.9845553040504456, Inverse Test R2: 0.9845553636550903 
2026-01-27 15:28:24,253 INFO: Epoch 102, Train Loss: 0.12711422616672335, Test Loss: 0.1234234461955952, Inverse Test Loss: 371.70952860514325, Train R2: 0.9818243736570532, Test R2: 0.9824070930480957, Inverse Test R2: 0.9824070930480957 
2026-01-27 15:28:35,276 INFO: Epoch 103, Train Loss: 0.13042146356945689, Test Loss: 0.115216662825057, Inverse Test Loss: 346.9934780236446, Train R2: 0.9806679563991951, Test R2: 0.9847104549407959, Inverse Test R2: 0.9847104549407959 
2026-01-27 15:28:46,413 INFO: Epoch 104, Train Loss: 0.1298911122774536, Test Loss: 0.11849878175240575, Inverse Test Loss: 356.8781188040069, Train R2: 0.9812892860535419, Test R2: 0.9841507077217102, Inverse Test R2: 0.9841507077217102 
2026-01-27 15:28:57,511 INFO: Epoch 105, Train Loss: 0.12805593493535664, Test Loss: 0.11621048707853664, Inverse Test Loss: 349.9865496086352, Train R2: 0.9818477955731478, Test R2: 0.9843207001686096, Inverse Test R2: 0.9843207001686096 
2026-01-27 15:29:08,649 INFO: Epoch 106, Train Loss: 0.12798352494384302, Test Loss: 0.11956232199163148, Inverse Test Loss: 360.08114022919625, Train R2: 0.9815797638712507, Test R2: 0.9839102029800415, Inverse Test R2: 0.9839102029800415 
2026-01-27 15:29:19,894 INFO: Epoch 107, Train Loss: 0.12952153703592945, Test Loss: 0.12290517195607677, Inverse Test Loss: 370.1486719304865, Train R2: 0.9813241872823599, Test R2: 0.9829192757606506, Inverse Test R2: 0.9829192757606506 
2026-01-27 15:29:30,966 INFO: Epoch 108, Train Loss: 0.12781649808201825, Test Loss: 0.11970637140400482, Inverse Test Loss: 360.51496332341975, Train R2: 0.9818267731955557, Test R2: 0.984084963798523, Inverse Test R2: 0.984084963798523 
2026-01-27 15:29:42,056 INFO: Epoch 109, Train Loss: 0.1261498969556256, Test Loss: 0.11501290242780339, Inverse Test Loss: 346.3798361113577, Train R2: 0.9820375325101794, Test R2: 0.9848020672798157, Inverse Test R2: 0.9848020672798157 
2026-01-27 15:29:53,060 INFO: Epoch 110, Train Loss: 0.128935556040343, Test Loss: 0.11571778537649097, Inverse Test Loss: 348.5027012680516, Train R2: 0.9813350795796423, Test R2: 0.9846042990684509, Inverse Test R2: 0.9846042990684509 
2026-01-27 15:29:53,061 INFO: Best Epoch 93, Best Test Loss: 0.11411676081744107, Inv Test Loss: 343.6809590657552, Best Test R2: 0.9849811792373657 
2026-01-27 15:30:04,278 INFO: Epoch 111, Train Loss: 0.1258873948545167, Test Loss: 0.11802251456361829, Inverse Test Loss: 355.4437561035156, Train R2: 0.9823394151348056, Test R2: 0.9839691519737244, Inverse Test R2: 0.9839691519737244 
2026-01-27 15:30:15,481 INFO: Epoch 112, Train Loss: 0.12785367789029173, Test Loss: 0.130970137476018, Inverse Test Loss: 394.4376132849491, Train R2: 0.9821728910460616, Test R2: 0.98008131980896, Inverse Test R2: 0.98008131980896 
2026-01-27 15:30:26,635 INFO: Epoch 113, Train Loss: 0.13127779226863023, Test Loss: 0.12421198460188779, Inverse Test Loss: 374.08435104832506, Train R2: 0.9809799108541373, Test R2: 0.9822520017623901, Inverse Test R2: 0.9822520017623901 
2026-01-27 15:30:37,751 INFO: Epoch 114, Train Loss: 0.12942963926065149, Test Loss: 0.11602873479326566, Inverse Test Loss: 349.43917892918444, Train R2: 0.9812335710633885, Test R2: 0.9844374060630798, Inverse Test R2: 0.9844374060630798 
2026-01-27 15:30:48,938 INFO: Epoch 115, Train Loss: 0.12793516209631256, Test Loss: 0.11945594124721759, Inverse Test Loss: 359.7607505104759, Train R2: 0.9819075284582196, Test R2: 0.9833006858825684, Inverse Test R2: 0.9833006858825684 
2026-01-27 15:31:00,187 INFO: Epoch 116, Train Loss: 0.12646490668482852, Test Loss: 0.11391632970083844, Inverse Test Loss: 343.0773310805812, Train R2: 0.982172120701183, Test R2: 0.985157310962677, Inverse Test R2: 0.985157310962677 
2026-01-27 15:31:11,370 INFO: Epoch 117, Train Loss: 0.12677658481918502, Test Loss: 0.125545504531174, Inverse Test Loss: 378.10045138272375, Train R2: 0.9819678817734574, Test R2: 0.9818660616874695, Inverse Test R2: 0.9818661212921143 
2026-01-27 15:31:22,574 INFO: Epoch 118, Train Loss: 0.1273616903151075, Test Loss: 0.11458907852118666, Inverse Test Loss: 345.10341343735206, Train R2: 0.9822730512330027, Test R2: 0.9849044680595398, Inverse Test R2: 0.9849044680595398 
2026-01-27 15:31:33,675 INFO: Epoch 119, Train Loss: 0.12517102912181255, Test Loss: 0.1134829990791552, Inverse Test Loss: 341.7722736705433, Train R2: 0.9825181703675877, Test R2: 0.9847554564476013, Inverse Test R2: 0.9847554564476013 
2026-01-27 15:31:44,962 INFO: Epoch 120, Train Loss: 0.12469503681429407, Test Loss: 0.11336535294399117, Inverse Test Loss: 341.41796875, Train R2: 0.9825063361362978, Test R2: 0.9854636788368225, Inverse Test R2: 0.9854636788368225 
2026-01-27 15:31:44,962 INFO: Best Epoch 120, Best Test Loss: 0.11336535294399117, Inv Test Loss: 341.41796875, Best Test R2: 0.9854636788368225 
2026-01-27 15:31:55,979 INFO: Epoch 121, Train Loss: 0.12836009103127502, Test Loss: 0.12969557737762277, Inverse Test Loss: 390.59906468246925, Train R2: 0.9815569194880399, Test R2: 0.9805404543876648, Inverse Test R2: 0.9805404543876648 
2026-01-27 15:32:07,057 INFO: Epoch 122, Train Loss: 0.12794022857578416, Test Loss: 0.11996706778352911, Inverse Test Loss: 361.3000867439039, Train R2: 0.9813971307241556, Test R2: 0.9834257960319519, Inverse Test R2: 0.9834257960319519 
2026-01-27 15:32:18,279 INFO: Epoch 123, Train Loss: 0.12626539371117498, Test Loss: 0.11950668658722531, Inverse Test Loss: 359.91358161695075, Train R2: 0.9822248473311915, Test R2: 0.983051061630249, Inverse Test R2: 0.983051061630249 
2026-01-27 15:32:29,370 INFO: Epoch 124, Train Loss: 0.1255381932820786, Test Loss: 0.12278087674216791, Inverse Test Loss: 369.7743326822917, Train R2: 0.9817485163609186, Test R2: 0.9820356369018555, Inverse Test R2: 0.9820356369018555 
2026-01-27 15:32:40,376 INFO: Epoch 125, Train Loss: 0.12568890594058868, Test Loss: 0.1148609020041697, Inverse Test Loss: 345.9220571806936, Train R2: 0.9821481302832112, Test R2: 0.9847795963287354, Inverse Test R2: 0.9847795963287354 
2026-01-27 15:32:51,490 INFO: Epoch 126, Train Loss: 0.1261079782958735, Test Loss: 0.11554271660067818, Inverse Test Loss: 347.97545138272375, Train R2: 0.9819238366502704, Test R2: 0.9843025803565979, Inverse Test R2: 0.9843025803565979 
2026-01-27 15:33:02,690 INFO: Epoch 127, Train Loss: 0.1249095205161156, Test Loss: 0.11585286643468973, Inverse Test Loss: 348.9095102945964, Train R2: 0.9821856148315199, Test R2: 0.9842080473899841, Inverse Test R2: 0.9842080473899841 
2026-01-27 15:33:13,783 INFO: Epoch 128, Train Loss: 0.12888695528222757, Test Loss: 0.11535819834380438, Inverse Test Loss: 347.41974663011956, Train R2: 0.981553627686067, Test R2: 0.9848287105560303, Inverse Test R2: 0.9848287105560303 
2026-01-27 15:33:24,808 INFO: Epoch 129, Train Loss: 0.12594129949469457, Test Loss: 0.11417257108471611, Inverse Test Loss: 343.8490300034032, Train R2: 0.9820715997255209, Test R2: 0.9850008487701416, Inverse Test R2: 0.9850008487701416 
2026-01-27 15:33:35,831 INFO: Epoch 130, Train Loss: 0.1263513033362952, Test Loss: 0.11846005002206023, Inverse Test Loss: 356.7614667487867, Train R2: 0.9822745020642425, Test R2: 0.9840558171272278, Inverse Test R2: 0.9840558171272278 
2026-01-27 15:33:35,832 INFO: Best Epoch 120, Best Test Loss: 0.11336535294399117, Inv Test Loss: 341.41796875, Best Test R2: 0.9854636788368225 
2026-01-27 15:33:46,872 INFO: Epoch 131, Train Loss: 0.13123161300565256, Test Loss: 0.12042375134699272, Inverse Test Loss: 362.67547329989344, Train R2: 0.9811610615614689, Test R2: 0.983572781085968, Inverse Test R2: 0.983572781085968 
2026-01-27 15:33:57,836 INFO: Epoch 132, Train Loss: 0.1326063002713702, Test Loss: 0.11553456103711417, Inverse Test Loss: 347.95089398008406, Train R2: 0.9804279149481745, Test R2: 0.9843677878379822, Inverse Test R2: 0.9843677878379822 
2026-01-27 15:34:08,796 INFO: Epoch 133, Train Loss: 0.12439135399957497, Test Loss: 0.11867830089547417, Inverse Test Loss: 357.41875712076825, Train R2: 0.9826131025047014, Test R2: 0.9834133386611938, Inverse Test R2: 0.9834133386611938 
2026-01-27 15:34:19,929 INFO: Epoch 134, Train Loss: 0.1263003157677524, Test Loss: 0.11986617077932213, Inverse Test Loss: 360.9962269176136, Train R2: 0.9823041969176495, Test R2: 0.983729362487793, Inverse Test R2: 0.983729362487793 
2026-01-27 15:34:31,233 INFO: Epoch 135, Train Loss: 0.1249106815649253, Test Loss: 0.11377129331231117, Inverse Test Loss: 342.6405255866773, Train R2: 0.9824968987342083, Test R2: 0.9848024845123291, Inverse Test R2: 0.9848024845123291 
2026-01-27 15:34:42,312 INFO: Epoch 136, Train Loss: 0.12599584457436294, Test Loss: 0.11648381095040929, Inverse Test Loss: 350.80970764160156, Train R2: 0.981940771594192, Test R2: 0.9843028783798218, Inverse Test R2: 0.9843028783798218 
2026-01-27 15:34:53,383 INFO: Epoch 137, Train Loss: 0.12566521221941168, Test Loss: 0.1138174186150233, Inverse Test Loss: 342.7794374408144, Train R2: 0.9822372708356741, Test R2: 0.9849359393119812, Inverse Test R2: 0.9849359393119812 
2026-01-27 15:35:04,490 INFO: Epoch 138, Train Loss: 0.12376320799530456, Test Loss: 0.11410940822326776, Inverse Test Loss: 343.6588194876006, Train R2: 0.9826700741594488, Test R2: 0.9850624203681946, Inverse Test R2: 0.9850624203681946 
2026-01-27 15:35:15,657 INFO: Epoch 139, Train Loss: 0.12396461186422543, Test Loss: 0.11353044629548535, Inverse Test Loss: 341.9151740796638, Train R2: 0.9825197882724531, Test R2: 0.9851351976394653, Inverse Test R2: 0.9851351976394653 
2026-01-27 15:35:26,821 INFO: Epoch 140, Train Loss: 0.12568213463281142, Test Loss: 0.11600082062862137, Inverse Test Loss: 349.3550974527995, Train R2: 0.982400916742556, Test R2: 0.9844778180122375, Inverse Test R2: 0.9844778180122375 
2026-01-27 15:35:26,823 INFO: Best Epoch 120, Best Test Loss: 0.11336535294399117, Inv Test Loss: 341.41796875, Best Test R2: 0.9854636788368225 
2026-01-27 15:35:37,871 INFO: Epoch 141, Train Loss: 0.12387740849093958, Test Loss: 0.11507390755595583, Inverse Test Loss: 346.5635597922585, Train R2: 0.9825901759393287, Test R2: 0.9846183657646179, Inverse Test R2: 0.9846183657646179 
2026-01-27 15:35:48,909 INFO: Epoch 142, Train Loss: 0.12461809432980689, Test Loss: 0.11296704603415547, Inverse Test Loss: 340.21840413411456, Train R2: 0.9826279305147402, Test R2: 0.9852065443992615, Inverse Test R2: 0.9852065443992615 
2026-01-27 15:36:00,038 INFO: Epoch 143, Train Loss: 0.1242627590386705, Test Loss: 0.11466411422147896, Inverse Test Loss: 345.32939702814275, Train R2: 0.9830482999483744, Test R2: 0.9847553372383118, Inverse Test R2: 0.9847553372383118 
2026-01-27 15:36:11,221 INFO: Epoch 144, Train Loss: 0.12645450107414613, Test Loss: 0.11673270910978317, Inverse Test Loss: 351.55930628921044, Train R2: 0.9822632616216486, Test R2: 0.9837900400161743, Inverse Test R2: 0.9837900400161743 
2026-01-27 15:36:22,501 INFO: Epoch 145, Train Loss: 0.12546405543319203, Test Loss: 0.11517782441594383, Inverse Test Loss: 346.8765254165187, Train R2: 0.9825744046406313, Test R2: 0.9844702482223511, Inverse Test R2: 0.9844702482223511 
2026-01-27 15:36:33,556 INFO: Epoch 146, Train Loss: 0.12811300641095097, Test Loss: 0.11798869479786266, Inverse Test Loss: 355.3419055360736, Train R2: 0.9815672455411969, Test R2: 0.9842022061347961, Inverse Test R2: 0.9842022061347961 
2026-01-27 15:36:44,751 INFO: Epoch 147, Train Loss: 0.1262075657194311, Test Loss: 0.11623174223032864, Inverse Test Loss: 350.0505643902403, Train R2: 0.9821500940756365, Test R2: 0.9842545986175537, Inverse Test R2: 0.9842545986175537 
2026-01-27 15:36:55,866 INFO: Epoch 148, Train Loss: 0.12425188025967641, Test Loss: 0.11371559141711755, Inverse Test Loss: 342.472773696437, Train R2: 0.9826130085822308, Test R2: 0.9848518967628479, Inverse Test R2: 0.9848518967628479 
2026-01-27 15:37:06,982 INFO: Epoch 149, Train Loss: 0.1244146412690029, Test Loss: 0.11289492238200072, Inverse Test Loss: 340.00118926077175, Train R2: 0.9827279674284386, Test R2: 0.9850910305976868, Inverse Test R2: 0.9850910305976868 
2026-01-27 15:37:18,443 INFO: Epoch 150, Train Loss: 0.12318420302913044, Test Loss: 0.11464197786919998, Inverse Test Loss: 345.26272999156606, Train R2: 0.9824945755077131, Test R2: 0.9844281673431396, Inverse Test R2: 0.9844281673431396 
2026-01-27 15:37:18,443 INFO: Best Epoch 149, Best Test Loss: 0.11289492238200072, Inv Test Loss: 340.00118926077175, Best Test R2: 0.9850910305976868 
