2026-02-26 14:41:48,645 INFO: log_path:logs_2026_2_26_HS_RMSE_melting/FTTransformer_lr0.001_6P 
2026-02-26 14:41:48,645 INFO: Model:namespace(name='FTTransformer') 
2026-02-26 14:41:48,645 INFO: lr:0.001, loss:RMSE 
2026-02-26 14:41:48,645 INFO: Dataset:HS, Target:['metal6_Peak'] 
2026-02-26 14:41:48,646 INFO: ------Begin Training Model------ 
2026-02-26 14:41:52,359 INFO: Epoch 1, Train Loss: 0.7418238227114533, Test Loss: 0.6149870951970419, Inverse Test Loss: 5.676219810139049, Train R2: 0.41046563423041144, Test R2: 0.5941544771194458, Inverse Test R2: 0.5941544771194458 
2026-02-26 14:41:52,372 INFO: ---> Saved new best model weights to log/txt_log\logs_2026_2_26_HS_RMSE_melting/FTTransformer_lr0.001_6P\best_FTTransformer_HS_weights.pth 
2026-02-26 14:41:54,232 INFO: Epoch 2, Train Loss: 0.6231794262474234, Test Loss: 0.5789161523183187, Inverse Test Loss: 5.34329148494836, Train R2: 0.5998583828861063, Test R2: 0.6419551372528076, Inverse Test R2: 0.6419551372528076 
2026-02-26 14:41:54,243 INFO: ---> Saved new best model weights to log/txt_log\logs_2026_2_26_HS_RMSE_melting/FTTransformer_lr0.001_6P\best_FTTransformer_HS_weights.pth 
2026-02-26 14:41:56,099 INFO: Epoch 3, Train Loss: 0.5706775441314235, Test Loss: 0.5692152615749475, Inverse Test Loss: 5.2537540233496465, Train R2: 0.6646202278859688, Test R2: 0.6506263017654419, Inverse Test R2: 0.6506263017654419 
2026-02-26 14:41:56,109 INFO: ---> Saved new best model weights to log/txt_log\logs_2026_2_26_HS_RMSE_melting/FTTransformer_lr0.001_6P\best_FTTransformer_HS_weights.pth 
2026-02-26 14:41:57,951 INFO: Epoch 4, Train Loss: 0.5401585411393282, Test Loss: 0.543699809999177, Inverse Test Loss: 5.018250971129446, Train R2: 0.6992216602419362, Test R2: 0.6845248341560364, Inverse Test R2: 0.6845248341560364 
2026-02-26 14:41:57,962 INFO: ---> Saved new best model weights to log/txt_log\logs_2026_2_26_HS_RMSE_melting/FTTransformer_lr0.001_6P\best_FTTransformer_HS_weights.pth 
2026-02-26 14:41:59,815 INFO: Epoch 5, Train Loss: 0.5294376413027445, Test Loss: 0.5059488433780093, Inverse Test Loss: 4.669816522887259, Train R2: 0.7110428010875528, Test R2: 0.722590446472168, Inverse Test R2: 0.722590446472168 
2026-02-26 14:41:59,826 INFO: ---> Saved new best model weights to log/txt_log\logs_2026_2_26_HS_RMSE_melting/FTTransformer_lr0.001_6P\best_FTTransformer_HS_weights.pth 
2026-02-26 14:42:01,668 INFO: Epoch 6, Train Loss: 0.5244378068230369, Test Loss: 0.5259759335806875, Inverse Test Loss: 4.854662837404193, Train R2: 0.7166895577401826, Test R2: 0.702332615852356, Inverse Test R2: 0.7023325562477112 
2026-02-26 14:42:03,520 INFO: Epoch 7, Train Loss: 0.5103418285196478, Test Loss: 0.49375232873540936, Inverse Test Loss: 4.557244741555416, Train R2: 0.7312280337015787, Test R2: 0.7341136932373047, Inverse Test R2: 0.7341136932373047 
2026-02-26 14:42:03,531 INFO: ---> Saved new best model weights to log/txt_log\logs_2026_2_26_HS_RMSE_melting/FTTransformer_lr0.001_6P\best_FTTransformer_HS_weights.pth 
2026-02-26 14:42:05,374 INFO: Epoch 8, Train Loss: 0.506204514566696, Test Loss: 0.48099864341995935, Inverse Test Loss: 4.439530690511067, Train R2: 0.7357344487399766, Test R2: 0.7482572793960571, Inverse Test R2: 0.7482572793960571 
2026-02-26 14:42:05,384 INFO: ---> Saved new best model weights to log/txt_log\logs_2026_2_26_HS_RMSE_melting/FTTransformer_lr0.001_6P\best_FTTransformer_HS_weights.pth 
2026-02-26 14:42:07,227 INFO: Epoch 9, Train Loss: 0.5058610845695842, Test Loss: 0.4824621027166193, Inverse Test Loss: 4.453038071141099, Train R2: 0.7347371758836688, Test R2: 0.7460432052612305, Inverse Test R2: 0.7460431456565857 
2026-02-26 14:42:09,082 INFO: Epoch 10, Train Loss: 0.5069855830886147, Test Loss: 0.4921272929870721, Inverse Test Loss: 4.54224605993791, Train R2: 0.7354288263754412, Test R2: 0.7357546091079712, Inverse Test R2: 0.7357546091079712 
2026-02-26 14:42:09,083 INFO: Best Epoch 8, Best Test Loss: 0.48099864341995935, Inv Test Loss: 4.439530690511067, Best Test R2: 0.7482572793960571 
2026-02-26 14:42:10,927 INFO: Epoch 11, Train Loss: 0.4953125645265435, Test Loss: 0.48105074058879504, Inverse Test Loss: 4.440011472413034, Train R2: 0.7471609201395151, Test R2: 0.7490472793579102, Inverse Test R2: 0.7490472793579102 
2026-02-26 14:42:12,766 INFO: Epoch 12, Train Loss: 0.4967765979694598, Test Loss: 0.5037659524065076, Inverse Test Loss: 4.649668635744037, Train R2: 0.7441480886755567, Test R2: 0.7263504266738892, Inverse Test R2: 0.7263504266738892 
2026-02-26 14:42:14,618 INFO: Epoch 13, Train Loss: 0.5039439194581725, Test Loss: 0.4808941808613864, Inverse Test Loss: 4.4385664174051, Train R2: 0.7402277186964498, Test R2: 0.7475336790084839, Inverse Test R2: 0.7475336194038391 
2026-02-26 14:42:14,629 INFO: ---> Saved new best model weights to log/txt_log\logs_2026_2_26_HS_RMSE_melting/FTTransformer_lr0.001_6P\best_FTTransformer_HS_weights.pth 
2026-02-26 14:42:16,484 INFO: Epoch 14, Train Loss: 0.48429272323846817, Test Loss: 0.47748633496689075, Inverse Test Loss: 4.40711269234166, Train R2: 0.7583840150724758, Test R2: 0.7524466514587402, Inverse Test R2: 0.7524466514587402 
2026-02-26 14:42:16,495 INFO: ---> Saved new best model weights to log/txt_log\logs_2026_2_26_HS_RMSE_melting/FTTransformer_lr0.001_6P\best_FTTransformer_HS_weights.pth 
2026-02-26 14:42:18,357 INFO: Epoch 15, Train Loss: 0.4922342377178597, Test Loss: 0.48266672817143524, Inverse Test Loss: 4.454926671403827, Train R2: 0.7490280040285804, Test R2: 0.746411144733429, Inverse Test R2: 0.7464110851287842 
2026-02-26 14:42:20,209 INFO: Epoch 16, Train Loss: 0.4883935618581194, Test Loss: 0.4825312278487466, Inverse Test Loss: 4.45367610093319, Train R2: 0.7535971972075376, Test R2: 0.7455357313156128, Inverse Test R2: 0.7455357313156128 
2026-02-26 14:42:22,041 INFO: Epoch 17, Train Loss: 0.48536162304155755, Test Loss: 0.4837517702218258, Inverse Test Loss: 4.464941508842237, Train R2: 0.7570386885693579, Test R2: 0.7459331750869751, Inverse Test R2: 0.7459331750869751 
2026-02-26 14:42:23,905 INFO: Epoch 18, Train Loss: 0.4827508982835394, Test Loss: 0.462747669581211, Inverse Test Loss: 4.271077430609501, Train R2: 0.7598041381799814, Test R2: 0.766828715801239, Inverse Test R2: 0.766828715801239 
2026-02-26 14:42:23,916 INFO: ---> Saved new best model weights to log/txt_log\logs_2026_2_26_HS_RMSE_melting/FTTransformer_lr0.001_6P\best_FTTransformer_HS_weights.pth 
2026-02-26 14:42:25,751 INFO: Epoch 19, Train Loss: 0.4836473266283671, Test Loss: 0.4775991900400682, Inverse Test Loss: 4.408154314214533, Train R2: 0.7594716544404174, Test R2: 0.7495236992835999, Inverse Test R2: 0.7495236396789551 
2026-02-26 14:42:27,589 INFO: Epoch 20, Train Loss: 0.48665590110150253, Test Loss: 0.46981938860633154, Inverse Test Loss: 4.336348107366851, Train R2: 0.7561190313462055, Test R2: 0.7602484226226807, Inverse Test R2: 0.7602484226226807 
2026-02-26 14:42:27,589 INFO: Best Epoch 18, Best Test Loss: 0.462747669581211, Inv Test Loss: 4.271077430609501, Best Test R2: 0.766828715801239 
2026-02-26 14:42:29,438 INFO: Epoch 21, Train Loss: 0.478997601704164, Test Loss: 0.4518305469642986, Inverse Test Loss: 4.170314340880423, Train R2: 0.7638184640443686, Test R2: 0.7786765098571777, Inverse Test R2: 0.7786765098571777 
2026-02-26 14:42:29,448 INFO: ---> Saved new best model weights to log/txt_log\logs_2026_2_26_HS_RMSE_melting/FTTransformer_lr0.001_6P\best_FTTransformer_HS_weights.pth 
2026-02-26 14:42:31,296 INFO: Epoch 22, Train Loss: 0.48550639482158603, Test Loss: 0.4682994286219279, Inverse Test Loss: 4.322319175257827, Train R2: 0.7566803621523308, Test R2: 0.7617436051368713, Inverse Test R2: 0.7617436051368713 
2026-02-26 14:42:33,129 INFO: Epoch 23, Train Loss: 0.47875523228536954, Test Loss: 0.4664439595106876, Inverse Test Loss: 4.305193482023297, Train R2: 0.7633912667180552, Test R2: 0.7626744508743286, Inverse Test R2: 0.7626744508743286 
2026-02-26 14:42:34,982 INFO: Epoch 24, Train Loss: 0.4784905163176132, Test Loss: 0.4627024946790753, Inverse Test Loss: 4.270660458189068, Train R2: 0.7643691396171396, Test R2: 0.7672805190086365, Inverse Test R2: 0.7672805190086365 
2026-02-26 14:42:36,837 INFO: Epoch 25, Train Loss: 0.47477505243185797, Test Loss: 0.45270556392091693, Inverse Test Loss: 4.1783906329761855, Train R2: 0.7672088633884083, Test R2: 0.7778713703155518, Inverse Test R2: 0.7778713703155518 
2026-02-26 14:42:38,683 INFO: Epoch 26, Train Loss: 0.47669313486778375, Test Loss: 0.4607536386359822, Inverse Test Loss: 4.252672867341475, Train R2: 0.7662030706803004, Test R2: 0.766294538974762, Inverse Test R2: 0.7662944793701172 
2026-02-26 14:42:40,528 INFO: Epoch 27, Train Loss: 0.47426495159214194, Test Loss: 0.4577924067323858, Inverse Test Loss: 4.225341240564982, Train R2: 0.7679414451122284, Test R2: 0.7720932364463806, Inverse Test R2: 0.7720932364463806 
2026-02-26 14:42:42,369 INFO: Epoch 28, Train Loss: 0.46874741984136176, Test Loss: 0.456887502561916, Inverse Test Loss: 4.216989155971643, Train R2: 0.7733883401661208, Test R2: 0.7735586762428284, Inverse Test R2: 0.7735586166381836 
2026-02-26 14:42:44,217 INFO: Epoch 29, Train Loss: 0.4730320380944194, Test Loss: 0.4453584678245313, Inverse Test Loss: 4.1105781901966445, Train R2: 0.7682308667536938, Test R2: 0.7856169939041138, Inverse Test R2: 0.7856169939041138 
2026-02-26 14:42:44,228 INFO: ---> Saved new best model weights to log/txt_log\logs_2026_2_26_HS_RMSE_melting/FTTransformer_lr0.001_6P\best_FTTransformer_HS_weights.pth 
2026-02-26 14:42:46,093 INFO: Epoch 30, Train Loss: 0.46413988597465283, Test Loss: 0.4485133543159022, Inverse Test Loss: 4.139697241060661, Train R2: 0.7775543923630859, Test R2: 0.7821050882339478, Inverse Test R2: 0.7821050882339478 
2026-02-26 14:42:46,093 INFO: Best Epoch 29, Best Test Loss: 0.4453584678245313, Inv Test Loss: 4.1105781901966445, Best Test R2: 0.7856169939041138 
2026-02-26 14:42:47,941 INFO: Epoch 31, Train Loss: 0.4674109118905934, Test Loss: 0.4564971381967718, Inverse Test Loss: 4.2133860949314, Train R2: 0.7749326798048887, Test R2: 0.7737191915512085, Inverse Test R2: 0.7737191915512085 
2026-02-26 14:42:49,800 INFO: Epoch 32, Train Loss: 0.4681204363252177, Test Loss: 0.44531316648830066, Inverse Test Loss: 4.110160054582538, Train R2: 0.7735077553626263, Test R2: 0.7852915525436401, Inverse Test R2: 0.7852915525436401 
2026-02-26 14:42:49,811 INFO: ---> Saved new best model weights to log/txt_log\logs_2026_2_26_HS_RMSE_melting/FTTransformer_lr0.001_6P\best_FTTransformer_HS_weights.pth 
2026-02-26 14:42:51,646 INFO: Epoch 33, Train Loss: 0.46954647812879446, Test Loss: 0.4537162085374196, Inverse Test Loss: 4.187718644286647, Train R2: 0.7723329283974387, Test R2: 0.776445746421814, Inverse Test R2: 0.776445746421814 
2026-02-26 14:42:53,499 INFO: Epoch 34, Train Loss: 0.47192038708564005, Test Loss: 0.4496599246155132, Inverse Test Loss: 4.150279933756048, Train R2: 0.7683978740013007, Test R2: 0.7792187929153442, Inverse Test R2: 0.7792187929153442 
2026-02-26 14:42:55,345 INFO: Epoch 35, Train Loss: 0.4672323962052663, Test Loss: 0.44905665878093604, Inverse Test Loss: 4.144711747313991, Train R2: 0.7757280753417448, Test R2: 0.7803182601928711, Inverse Test R2: 0.7803182601928711 
2026-02-26 14:42:57,198 INFO: Epoch 36, Train Loss: 0.4651110355149616, Test Loss: 0.45901696158177924, Inverse Test Loss: 4.236643632253011, Train R2: 0.7760011409268235, Test R2: 0.7719434499740601, Inverse Test R2: 0.7719434499740601 
2026-02-26 14:42:59,032 INFO: Epoch 37, Train Loss: 0.46907036119338236, Test Loss: 0.45386605912988837, Inverse Test Loss: 4.189101724913626, Train R2: 0.7721229629083113, Test R2: 0.775640606880188, Inverse Test R2: 0.7756405472755432 
2026-02-26 14:43:00,872 INFO: Epoch 38, Train Loss: 0.4742066742795886, Test Loss: 0.49134423877253675, Inverse Test Loss: 4.535018574107777, Train R2: 0.7685476555065676, Test R2: 0.7356821298599243, Inverse Test R2: 0.7356820702552795 
2026-02-26 14:43:02,724 INFO: Epoch 39, Train Loss: 0.47515878239364334, Test Loss: 0.47542672446279816, Inverse Test Loss: 4.388102827650128, Train R2: 0.7664474312103156, Test R2: 0.7548562288284302, Inverse Test R2: 0.7548562288284302 
2026-02-26 14:43:04,575 INFO: Epoch 40, Train Loss: 0.4727860501769817, Test Loss: 0.44401978543310455, Inverse Test Loss: 4.098222364078868, Train R2: 0.7693273501865792, Test R2: 0.7845721244812012, Inverse Test R2: 0.7845721244812012 
2026-02-26 14:43:04,585 INFO: ---> Saved new best model weights to log/txt_log\logs_2026_2_26_HS_RMSE_melting/FTTransformer_lr0.001_6P\best_FTTransformer_HS_weights.pth 
2026-02-26 14:43:04,585 INFO: Best Epoch 40, Best Test Loss: 0.44401978543310455, Inv Test Loss: 4.098222364078868, Best Test R2: 0.7845721244812012 
2026-02-26 14:43:06,416 INFO: Epoch 41, Train Loss: 0.46855623749169434, Test Loss: 0.44447677334149677, Inverse Test Loss: 4.102440443905917, Train R2: 0.7739206457679922, Test R2: 0.7849024534225464, Inverse Test R2: 0.7849024534225464 
2026-02-26 14:43:08,273 INFO: Epoch 42, Train Loss: 0.4691737149700974, Test Loss: 0.4430502878897118, Inverse Test Loss: 4.089274095766472, Train R2: 0.772104562683539, Test R2: 0.7864288091659546, Inverse Test R2: 0.7864288091659546 
2026-02-26 14:43:08,283 INFO: ---> Saved new best model weights to log/txt_log\logs_2026_2_26_HS_RMSE_melting/FTTransformer_lr0.001_6P\best_FTTransformer_HS_weights.pth 
2026-02-26 14:43:10,144 INFO: Epoch 43, Train Loss: 0.4678458718187881, Test Loss: 0.44170398784406256, Inverse Test Loss: 4.076848066214359, Train R2: 0.7735460432189883, Test R2: 0.7882217168807983, Inverse Test R2: 0.7882217168807983 
2026-02-26 14:43:10,154 INFO: ---> Saved new best model weights to log/txt_log\logs_2026_2_26_HS_RMSE_melting/FTTransformer_lr0.001_6P\best_FTTransformer_HS_weights.pth 
2026-02-26 14:43:12,038 INFO: Epoch 44, Train Loss: 0.4711907650485183, Test Loss: 0.4617696052247828, Inverse Test Loss: 4.26205004345287, Train R2: 0.7705202134269656, Test R2: 0.767736554145813, Inverse Test R2: 0.7677364945411682 
2026-02-26 14:43:13,897 INFO: Epoch 45, Train Loss: 0.4687056518865354, Test Loss: 0.4510131631836747, Inverse Test Loss: 4.162770061781912, Train R2: 0.7716473259709098, Test R2: 0.7785894870758057, Inverse Test R2: 0.7785894870758057 
2026-02-26 14:43:15,756 INFO: Epoch 46, Train Loss: 0.46574150996677804, Test Loss: 0.45090578270680975, Inverse Test Loss: 4.16177891962456, Train R2: 0.775440773729122, Test R2: 0.7790066003799438, Inverse Test R2: 0.7790066003799438 
2026-02-26 14:43:17,612 INFO: Epoch 47, Train Loss: 0.46694183710849646, Test Loss: 0.4637144749814814, Inverse Test Loss: 4.280000881715254, Train R2: 0.7756324396892027, Test R2: 0.7653814554214478, Inverse Test R2: 0.7653814554214478 
2026-02-26 14:43:19,468 INFO: Epoch 48, Train Loss: 0.4630326454838117, Test Loss: 0.4413972153808131, Inverse Test Loss: 4.074016549370506, Train R2: 0.7778603773225438, Test R2: 0.7873122692108154, Inverse Test R2: 0.7873122096061707 
2026-02-26 14:43:19,480 INFO: ---> Saved new best model weights to log/txt_log\logs_2026_2_26_HS_RMSE_melting/FTTransformer_lr0.001_6P\best_FTTransformer_HS_weights.pth 
2026-02-26 14:43:21,319 INFO: Epoch 49, Train Loss: 0.4644415778192607, Test Loss: 0.47423251740860217, Inverse Test Loss: 4.37708044052124, Train R2: 0.7758440867517934, Test R2: 0.7551380395889282, Inverse Test R2: 0.7551380395889282 
2026-02-26 14:43:23,187 INFO: Epoch 50, Train Loss: 0.46720042847322696, Test Loss: 0.46656667824947473, Inverse Test Loss: 4.306326172568581, Train R2: 0.7743627528349558, Test R2: 0.7612712979316711, Inverse Test R2: 0.7612712979316711 
2026-02-26 14:43:23,187 INFO: Best Epoch 48, Best Test Loss: 0.4413972153808131, Inv Test Loss: 4.074016549370506, Best Test R2: 0.7873122692108154 
2026-02-26 14:43:25,051 INFO: Epoch 51, Train Loss: 0.45955306720553024, Test Loss: 0.4400304844885161, Inverse Test Loss: 4.06140187292388, Train R2: 0.781196032058109, Test R2: 0.7891790270805359, Inverse Test R2: 0.7891790270805359 
2026-02-26 14:43:25,062 INFO: ---> Saved new best model weights to log/txt_log\logs_2026_2_26_HS_RMSE_melting/FTTransformer_lr0.001_6P\best_FTTransformer_HS_weights.pth 
2026-02-26 14:43:26,905 INFO: Epoch 52, Train Loss: 0.4578232950333393, Test Loss: 0.45053507071552856, Inverse Test Loss: 4.158357266223792, Train R2: 0.7839319426001925, Test R2: 0.7780330181121826, Inverse Test R2: 0.7780330181121826 
2026-02-26 14:43:28,758 INFO: Epoch 53, Train Loss: 0.4590198551163529, Test Loss: 0.4451237384117011, Inverse Test Loss: 4.10841170946757, Train R2: 0.7835682576352899, Test R2: 0.784421980381012, Inverse Test R2: 0.7844219207763672 
2026-02-26 14:43:30,632 INFO: Epoch 54, Train Loss: 0.47210783579132776, Test Loss: 0.4514058151028373, Inverse Test Loss: 4.166394110881921, Train R2: 0.7688737168456569, Test R2: 0.7782721519470215, Inverse Test R2: 0.7782721519470215 
2026-02-26 14:43:32,506 INFO: Epoch 55, Train Loss: 0.4636308964003216, Test Loss: 0.46674651810617157, Inverse Test Loss: 4.307985999367454, Train R2: 0.7775706192760756, Test R2: 0.7616532444953918, Inverse Test R2: 0.7616533041000366 
2026-02-26 14:43:34,374 INFO: Epoch 56, Train Loss: 0.45921846230824787, Test Loss: 0.4421757730570706, Inverse Test Loss: 4.081202600941514, Train R2: 0.7816247768474348, Test R2: 0.7871242165565491, Inverse Test R2: 0.7871241569519043 
2026-02-26 14:43:36,228 INFO: Epoch 57, Train Loss: 0.46347408199852164, Test Loss: 0.4504026517723546, Inverse Test Loss: 4.157135103688096, Train R2: 0.7774669582193549, Test R2: 0.7799798846244812, Inverse Test R2: 0.7799798250198364 
2026-02-26 14:43:38,084 INFO: Epoch 58, Train Loss: 0.4749685230128693, Test Loss: 0.4682487195188349, Inverse Test Loss: 4.321851058439775, Train R2: 0.7673159905455329, Test R2: 0.7616512179374695, Inverse Test R2: 0.7616512179374695 
2026-02-26 14:43:39,951 INFO: Epoch 59, Train Loss: 0.47023122757673264, Test Loss: 0.44836733828891406, Inverse Test Loss: 4.138349554755471, Train R2: 0.7738561228369222, Test R2: 0.7810330986976624, Inverse Test R2: 0.7810330390930176 
2026-02-26 14:43:41,825 INFO: Epoch 60, Train Loss: 0.4750225015661933, Test Loss: 0.4611458922877456, Inverse Test Loss: 4.256293282364354, Train R2: 0.766754790689006, Test R2: 0.7682972550392151, Inverse Test R2: 0.7682971954345703 
2026-02-26 14:43:41,825 INFO: Best Epoch 51, Best Test Loss: 0.4400304844885161, Inv Test Loss: 4.06140187292388, Best Test R2: 0.7891790270805359 
2026-02-26 14:43:43,693 INFO: Epoch 61, Train Loss: 0.46774692065788037, Test Loss: 0.43885747049794055, Inverse Test Loss: 4.050575111851548, Train R2: 0.774125826178175, Test R2: 0.7894585132598877, Inverse Test R2: 0.7894585132598877 
2026-02-26 14:43:43,704 INFO: ---> Saved new best model weights to log/txt_log\logs_2026_2_26_HS_RMSE_melting/FTTransformer_lr0.001_6P\best_FTTransformer_HS_weights.pth 
2026-02-26 14:43:45,586 INFO: Epoch 62, Train Loss: 0.46754375596841175, Test Loss: 0.4572430912292365, Inverse Test Loss: 4.220271168333111, Train R2: 0.7749667790803042, Test R2: 0.7713899612426758, Inverse Test R2: 0.7713899612426758 
2026-02-26 14:43:47,445 INFO: Epoch 63, Train Loss: 0.46923356954798556, Test Loss: 0.4515513777732849, Inverse Test Loss: 4.167737729621656, Train R2: 0.7736077931794253, Test R2: 0.7765737771987915, Inverse Test R2: 0.7765737771987915 
2026-02-26 14:43:49,306 INFO: Epoch 64, Train Loss: 0.46269546765269653, Test Loss: 0.4516628520055251, Inverse Test Loss: 4.168766498565674, Train R2: 0.7784254970875654, Test R2: 0.7767143249511719, Inverse Test R2: 0.7767142653465271 
2026-02-26 14:43:51,176 INFO: Epoch 65, Train Loss: 0.4638002176176418, Test Loss: 0.45398112499352655, Inverse Test Loss: 4.190163792985858, Train R2: 0.7780798669114257, Test R2: 0.7746405601501465, Inverse Test R2: 0.7746405601501465 
2026-02-26 14:43:53,053 INFO: Epoch 66, Train Loss: 0.45603234298301465, Test Loss: 0.44422200683391455, Inverse Test Loss: 4.100088892561017, Train R2: 0.7847032416047472, Test R2: 0.7853622436523438, Inverse Test R2: 0.7853622436523438 
2026-02-26 14:43:54,938 INFO: Epoch 67, Train Loss: 0.468423956497149, Test Loss: 0.4485772369485913, Inverse Test Loss: 4.140286908005223, Train R2: 0.7736759664434375, Test R2: 0.7812667489051819, Inverse Test R2: 0.7812667489051819 
2026-02-26 14:43:56,831 INFO: Epoch 68, Train Loss: 0.46042563675931003, Test Loss: 0.4506625027367563, Inverse Test Loss: 4.159533478996971, Train R2: 0.7804566057342471, Test R2: 0.7784023284912109, Inverse Test R2: 0.7784023284912109 
2026-02-26 14:43:58,706 INFO: Epoch 69, Train Loss: 0.4611021720550277, Test Loss: 0.4478127017165675, Inverse Test Loss: 4.133230339397084, Train R2: 0.7799147841605273, Test R2: 0.7823026776313782, Inverse Test R2: 0.7823026776313782 
2026-02-26 14:44:00,590 INFO: Epoch 70, Train Loss: 0.46149420602755115, Test Loss: 0.4443125210025094, Inverse Test Loss: 4.100924361835826, Train R2: 0.7801999779361667, Test R2: 0.7848371863365173, Inverse Test R2: 0.7848371863365173 
2026-02-26 14:44:00,590 INFO: Best Epoch 61, Best Test Loss: 0.43885747049794055, Inv Test Loss: 4.050575111851548, Best Test R2: 0.7894585132598877 
2026-02-26 14:44:02,464 INFO: Epoch 71, Train Loss: 0.4544696044741255, Test Loss: 0.4466680748896165, Inverse Test Loss: 4.122665730389682, Train R2: 0.7875682652899714, Test R2: 0.7821908593177795, Inverse Test R2: 0.7821907997131348 
2026-02-26 14:44:04,347 INFO: Epoch 72, Train Loss: 0.4600233340805227, Test Loss: 0.4605040902441198, Inverse Test Loss: 4.2503695704720235, Train R2: 0.7822531655882344, Test R2: 0.7703114748001099, Inverse Test R2: 0.7703114748001099 
2026-02-26 14:44:06,220 INFO: Epoch 73, Train Loss: 0.46623641681490524, Test Loss: 0.44565193490548566, Inverse Test Loss: 4.113286863673817, Train R2: 0.7754715491424907, Test R2: 0.7847998738288879, Inverse Test R2: 0.7847998738288879 
2026-02-26 14:44:08,108 INFO: Epoch 74, Train Loss: 0.46007580716501584, Test Loss: 0.4462726694164854, Inverse Test Loss: 4.119016156052098, Train R2: 0.7816450595855713, Test R2: 0.7824088931083679, Inverse Test R2: 0.7824088931083679 
2026-02-26 14:44:09,981 INFO: Epoch 75, Train Loss: 0.4580603081620101, Test Loss: 0.4477635251753258, Inverse Test Loss: 4.132776440996112, Train R2: 0.7838615915088942, Test R2: 0.7816016674041748, Inverse Test R2: 0.78160160779953 
2026-02-26 14:44:11,857 INFO: Epoch 76, Train Loss: 0.4538663135785045, Test Loss: 0.43616517113916803, Inverse Test Loss: 4.025725776498968, Train R2: 0.787404735883077, Test R2: 0.7921558618545532, Inverse Test R2: 0.7921558618545532 
2026-02-26 14:44:11,868 INFO: ---> Saved new best model weights to log/txt_log\logs_2026_2_26_HS_RMSE_melting/FTTransformer_lr0.001_6P\best_FTTransformer_HS_weights.pth 
2026-02-26 14:44:13,735 INFO: Epoch 77, Train Loss: 0.45581007184404315, Test Loss: 0.4716789045117118, Inverse Test Loss: 4.353511030023748, Train R2: 0.7857217052669236, Test R2: 0.7569307684898376, Inverse Test R2: 0.7569307684898376 
2026-02-26 14:44:15,613 INFO: Epoch 78, Train Loss: 0.455532418281743, Test Loss: 0.4516303918578408, Inverse Test Loss: 4.168467023155906, Train R2: 0.7863363099820686, Test R2: 0.7764206528663635, Inverse Test R2: 0.7764207124710083 
2026-02-26 14:44:17,482 INFO: Epoch 79, Train Loss: 0.45812004533681, Test Loss: 0.4569131876483108, Inverse Test Loss: 4.217226266860962, Train R2: 0.7835687105402802, Test R2: 0.7725673913955688, Inverse Test R2: 0.7725673317909241 
2026-02-26 14:44:19,338 INFO: Epoch 80, Train Loss: 0.45806509978843457, Test Loss: 0.4813924323428761, Inverse Test Loss: 4.443165143330892, Train R2: 0.7842293995799441, Test R2: 0.747032880783081, Inverse Test R2: 0.747032880783081 
2026-02-26 14:44:19,338 INFO: Best Epoch 76, Best Test Loss: 0.43616517113916803, Inv Test Loss: 4.025725776498968, Best Test R2: 0.7921558618545532 
2026-02-26 14:44:21,196 INFO: Epoch 81, Train Loss: 0.4630162819768443, Test Loss: 0.437298239180536, Inverse Test Loss: 4.0361837979519, Train R2: 0.7787235446951606, Test R2: 0.7917571067810059, Inverse Test R2: 0.7917571067810059 
2026-02-26 14:44:23,063 INFO: Epoch 82, Train Loss: 0.46337133375081146, Test Loss: 0.45016698584412085, Inverse Test Loss: 4.154959989316536, Train R2: 0.7773927070877769, Test R2: 0.7788274884223938, Inverse Test R2: 0.7788274884223938 
2026-02-26 14:44:24,917 INFO: Epoch 83, Train Loss: 0.4618152655435331, Test Loss: 0.4402425776828419, Inverse Test Loss: 4.0633594917528555, Train R2: 0.7805441405737039, Test R2: 0.7876816987991333, Inverse Test R2: 0.7876816987991333 
2026-02-26 14:44:26,773 INFO: Epoch 84, Train Loss: 0.45614669810641895, Test Loss: 0.45982551755327167, Inverse Test Loss: 4.2441064010966905, Train R2: 0.7831453915798303, Test R2: 0.7685157656669617, Inverse Test R2: 0.7685157060623169 
2026-02-26 14:44:28,648 INFO: Epoch 85, Train Loss: 0.45805026161851303, Test Loss: 0.46284946076797717, Inverse Test Loss: 4.272016908183242, Train R2: 0.7838953313502398, Test R2: 0.7650318145751953, Inverse Test R2: 0.7650317549705505 
2026-02-26 14:44:30,496 INFO: Epoch 86, Train Loss: 0.4601400711319663, Test Loss: 0.44596277674039203, Inverse Test Loss: 4.116155848358616, Train R2: 0.7809105194879301, Test R2: 0.7827255725860596, Inverse Test R2: 0.7827255725860596 
2026-02-26 14:44:32,359 INFO: Epoch 87, Train Loss: 0.45204151196010184, Test Loss: 0.4341049718134331, Inverse Test Loss: 4.006710457079338, Train R2: 0.789244456724687, Test R2: 0.7945526838302612, Inverse Test R2: 0.7945526242256165 
2026-02-26 14:44:32,370 INFO: ---> Saved new best model weights to log/txt_log\logs_2026_2_26_HS_RMSE_melting/FTTransformer_lr0.001_6P\best_FTTransformer_HS_weights.pth 
2026-02-26 14:44:34,246 INFO: Epoch 88, Train Loss: 0.45792727827122715, Test Loss: 0.45136349670814746, Inverse Test Loss: 4.166003595698964, Train R2: 0.7841567451303656, Test R2: 0.7777011394500732, Inverse Test R2: 0.7777011394500732 
2026-02-26 14:44:36,114 INFO: Epoch 89, Train Loss: 0.4534760474255591, Test Loss: 0.43108775128017773, Inverse Test Loss: 3.9788621338930996, Train R2: 0.7869681598562183, Test R2: 0.7978392243385315, Inverse Test R2: 0.7978392243385315 
2026-02-26 14:44:36,124 INFO: ---> Saved new best model weights to log/txt_log\logs_2026_2_26_HS_RMSE_melting/FTTransformer_lr0.001_6P\best_FTTransformer_HS_weights.pth 
2026-02-26 14:44:37,990 INFO: Epoch 90, Train Loss: 0.45155276854832965, Test Loss: 0.4523873609123808, Inverse Test Loss: 4.175453633973093, Train R2: 0.7903884969877474, Test R2: 0.7768703699111938, Inverse Test R2: 0.7768703699111938 
2026-02-26 14:44:37,990 INFO: Best Epoch 89, Best Test Loss: 0.43108775128017773, Inv Test Loss: 3.9788621338930996, Best Test R2: 0.7978392243385315 
2026-02-26 14:44:39,850 INFO: Epoch 91, Train Loss: 0.4540000499197931, Test Loss: 0.43500170743826666, Inverse Test Loss: 4.014987208626487, Train R2: 0.7870676824540803, Test R2: 0.7932095527648926, Inverse Test R2: 0.7932095527648926 
2026-02-26 14:44:41,728 INFO: Epoch 92, Train Loss: 0.45121424238790164, Test Loss: 0.4437267816427982, Inverse Test Loss: 4.095518068833784, Train R2: 0.7897431791731806, Test R2: 0.7864413261413574, Inverse Test R2: 0.7864412665367126 
2026-02-26 14:44:43,572 INFO: Epoch 93, Train Loss: 0.4519768533381549, Test Loss: 0.4427614925485669, Inverse Test Loss: 4.086608604951338, Train R2: 0.7890410644538475, Test R2: 0.7858679294586182, Inverse Test R2: 0.7858679294586182 
2026-02-26 14:44:45,465 INFO: Epoch 94, Train Loss: 0.4543532688509334, Test Loss: 0.4662681790915402, Inverse Test Loss: 4.303571058042122, Train R2: 0.7865875309163873, Test R2: 0.7632672786712646, Inverse Test R2: 0.7632672190666199 
2026-02-26 14:44:47,329 INFO: Epoch 95, Train Loss: 0.46763846029837924, Test Loss: 0.44132314577247156, Inverse Test Loss: 4.073332844358502, Train R2: 0.7731424073378245, Test R2: 0.7879054546356201, Inverse Test R2: 0.7879053950309753 
2026-02-26 14:44:49,184 INFO: Epoch 96, Train Loss: 0.4619142848885421, Test Loss: 0.45113658092238684, Inverse Test Loss: 4.163909167954416, Train R2: 0.7809738263939366, Test R2: 0.7776638865470886, Inverse Test R2: 0.7776638865470886 
2026-02-26 14:44:51,035 INFO: Epoch 97, Train Loss: 0.45865774899721146, Test Loss: 0.44395246559923346, Inverse Test Loss: 4.0976010886105625, Train R2: 0.7828878191384402, Test R2: 0.7870959639549255, Inverse Test R2: 0.7870959639549255 
2026-02-26 14:44:52,902 INFO: Epoch 98, Train Loss: 0.45275945193839795, Test Loss: 0.46133730267033435, Inverse Test Loss: 4.258060014609135, Train R2: 0.7879913386070367, Test R2: 0.7690083980560303, Inverse Test R2: 0.7690083384513855 
2026-02-26 14:44:54,764 INFO: Epoch 99, Train Loss: 0.45762103841160284, Test Loss: 0.4498424141696005, Inverse Test Loss: 4.151964173172459, Train R2: 0.7825248142083486, Test R2: 0.7794302105903625, Inverse Test R2: 0.7794301509857178 
2026-02-26 14:44:56,622 INFO: Epoch 100, Train Loss: 0.4509992680766366, Test Loss: 0.4437133958845427, Inverse Test Loss: 4.095394466862534, Train R2: 0.7895375128948328, Test R2: 0.7851014137268066, Inverse Test R2: 0.7851014137268066 
2026-02-26 14:44:56,622 INFO: Best Epoch 89, Best Test Loss: 0.43108775128017773, Inv Test Loss: 3.9788621338930996, Best Test R2: 0.7978392243385315 
2026-02-26 14:44:58,493 INFO: Epoch 101, Train Loss: 0.4525480013002049, Test Loss: 0.44590688383940497, Inverse Test Loss: 4.115639946677468, Train R2: 0.788504292567571, Test R2: 0.7808840274810791, Inverse Test R2: 0.7808839678764343 
2026-02-26 14:45:00,356 INFO: Epoch 102, Train Loss: 0.44703954548546765, Test Loss: 0.4620019694169362, Inverse Test Loss: 4.264194748618386, Train R2: 0.7943419245156375, Test R2: 0.7674411535263062, Inverse Test R2: 0.7674411535263062 
2026-02-26 14:45:02,212 INFO: Epoch 103, Train Loss: 0.44862388255018176, Test Loss: 0.45024561972329114, Inverse Test Loss: 4.155685742696126, Train R2: 0.7903302158370162, Test R2: 0.7776436805725098, Inverse Test R2: 0.7776436805725098 
2026-02-26 14:45:04,064 INFO: Epoch 104, Train Loss: 0.45071814073757693, Test Loss: 0.4406154444723418, Inverse Test Loss: 4.0668010422677705, Train R2: 0.7898327265724991, Test R2: 0.7873516082763672, Inverse Test R2: 0.7873515486717224 
2026-02-26 14:45:05,918 INFO: Epoch 105, Train Loss: 0.4523959369821982, Test Loss: 0.43487757354071643, Inverse Test Loss: 4.013841448408185, Train R2: 0.7894342035958262, Test R2: 0.7949212193489075, Inverse Test R2: 0.7949212193489075 
2026-02-26 14:45:07,778 INFO: Epoch 106, Train Loss: 0.44856942986900156, Test Loss: 0.47488182963746967, Inverse Test Loss: 4.383073503320867, Train R2: 0.7919283450552912, Test R2: 0.7546987533569336, Inverse Test R2: 0.7546986937522888 
2026-02-26 14:45:09,642 INFO: Epoch 107, Train Loss: 0.4504008482802998, Test Loss: 0.44270748261249426, Inverse Test Loss: 4.086110021128799, Train R2: 0.7909734845161438, Test R2: 0.785886824131012, Inverse Test R2: 0.7858867645263672 
2026-02-26 14:45:11,489 INFO: Epoch 108, Train Loss: 0.4593705293355566, Test Loss: 0.44270137945810956, Inverse Test Loss: 4.0860537182201035, Train R2: 0.7805514186620712, Test R2: 0.7858628630638123, Inverse Test R2: 0.7858628630638123 
2026-02-26 14:45:13,372 INFO: Epoch 109, Train Loss: 0.45296650379896164, Test Loss: 0.4397390096476584, Inverse Test Loss: 4.058711666049379, Train R2: 0.787834367517269, Test R2: 0.789236307144165, Inverse Test R2: 0.789236307144165 
2026-02-26 14:45:15,257 INFO: Epoch 110, Train Loss: 0.45403463370872266, Test Loss: 0.43703234015089093, Inverse Test Loss: 4.033729495424213, Train R2: 0.7861458234714739, Test R2: 0.7923933863639832, Inverse Test R2: 0.7923933863639832 
2026-02-26 14:45:15,257 INFO: Best Epoch 89, Best Test Loss: 0.43108775128017773, Inv Test Loss: 3.9788621338930996, Best Test R2: 0.7978392243385315 
2026-02-26 14:45:17,142 INFO: Epoch 111, Train Loss: 0.45725357600233774, Test Loss: 0.45804059505462646, Inverse Test Loss: 4.227631973497795, Train R2: 0.7843805474765373, Test R2: 0.7711135149002075, Inverse Test R2: 0.7711135149002075 
2026-02-26 14:45:19,029 INFO: Epoch 112, Train Loss: 0.45256310385285003, Test Loss: 0.4428561709143899, Inverse Test Loss: 4.087482466842189, Train R2: 0.7881913821805607, Test R2: 0.7848162651062012, Inverse Test R2: 0.7848162651062012 
2026-02-26 14:45:20,908 INFO: Epoch 113, Train Loss: 0.44402161421197833, Test Loss: 0.44223246610525885, Inverse Test Loss: 4.08172582135056, Train R2: 0.7966135397101893, Test R2: 0.7866369485855103, Inverse Test R2: 0.7866369485855103 
2026-02-26 14:45:22,790 INFO: Epoch 114, Train Loss: 0.44889621707526123, Test Loss: 0.4382247473254348, Inverse Test Loss: 4.044735301624645, Train R2: 0.7915536251031992, Test R2: 0.7910163402557373, Inverse Test R2: 0.7910162806510925 
2026-02-26 14:45:24,659 INFO: Epoch 115, Train Loss: 0.4513489032785098, Test Loss: 0.4531525057373625, Inverse Test Loss: 4.182515780131022, Train R2: 0.790203846765287, Test R2: 0.7750639319419861, Inverse Test R2: 0.7750638723373413 
2026-02-26 14:45:26,528 INFO: Epoch 116, Train Loss: 0.46028073380390805, Test Loss: 0.4466729200247562, Inverse Test Loss: 4.122710329113585, Train R2: 0.7811371431206212, Test R2: 0.781302809715271, Inverse Test R2: 0.7813027501106262 
2026-02-26 14:45:28,403 INFO: Epoch 117, Train Loss: 0.4530654425422351, Test Loss: 0.44152661887082184, Inverse Test Loss: 4.075210910854918, Train R2: 0.7862317381483136, Test R2: 0.7876731157302856, Inverse Test R2: 0.7876731157302856 
2026-02-26 14:45:30,272 INFO: Epoch 118, Train Loss: 0.4569250855481986, Test Loss: 0.43799979758985114, Inverse Test Loss: 4.04265900814172, Train R2: 0.7844569276679646, Test R2: 0.794402003288269, Inverse Test R2: 0.794402003288269 
2026-02-26 14:45:32,142 INFO: Epoch 119, Train Loss: 0.4486188809528495, Test Loss: 0.4558670593030525, Inverse Test Loss: 4.2075705383763164, Train R2: 0.7920404333959926, Test R2: 0.7736712694168091, Inverse Test R2: 0.7736712098121643 
2026-02-26 14:45:34,039 INFO: Epoch 120, Train Loss: 0.4522298104835279, Test Loss: 0.44655233892527496, Inverse Test Loss: 4.121597477884004, Train R2: 0.7883779262051438, Test R2: 0.7828744053840637, Inverse Test R2: 0.782874345779419 
2026-02-26 14:45:34,040 INFO: Best Epoch 89, Best Test Loss: 0.43108775128017773, Inv Test Loss: 3.9788621338930996, Best Test R2: 0.7978392243385315 
2026-02-26 14:45:35,899 INFO: Epoch 121, Train Loss: 0.44743504600994516, Test Loss: 0.42352638280752936, Inverse Test Loss: 3.9090720306743276, Train R2: 0.7942475315296289, Test R2: 0.8049959540367126, Inverse Test R2: 0.8049958944320679 
2026-02-26 14:45:35,910 INFO: ---> Saved new best model weights to log/txt_log\logs_2026_2_26_HS_RMSE_melting/FTTransformer_lr0.001_6P\best_FTTransformer_HS_weights.pth 
2026-02-26 14:45:37,784 INFO: Epoch 122, Train Loss: 0.45667698256897205, Test Loss: 0.4430672869537816, Inverse Test Loss: 4.089430989641132, Train R2: 0.7858052944595163, Test R2: 0.7855167388916016, Inverse Test R2: 0.7855167388916016 
2026-02-26 14:45:39,652 INFO: Epoch 123, Train Loss: 0.45350514849026996, Test Loss: 0.4400792428941438, Inverse Test Loss: 4.061851920503559, Train R2: 0.7873712665203846, Test R2: 0.7883672714233398, Inverse Test R2: 0.7883672714233398 
2026-02-26 14:45:41,512 INFO: Epoch 124, Train Loss: 0.457280974948045, Test Loss: 0.46808998241569055, Inverse Test Loss: 4.320385976271196, Train R2: 0.7835600172931497, Test R2: 0.7588832378387451, Inverse Test R2: 0.7588831782341003 
2026-02-26 14:45:43,392 INFO: Epoch 125, Train Loss: 0.4544083963740956, Test Loss: 0.4337305390473568, Inverse Test Loss: 4.003254485852791, Train R2: 0.7866339746749762, Test R2: 0.7945629358291626, Inverse Test R2: 0.7945629358291626 
2026-02-26 14:45:45,245 INFO: Epoch 126, Train Loss: 0.448836757829695, Test Loss: 0.44191013050801825, Inverse Test Loss: 4.078750776522087, Train R2: 0.7925899548060966, Test R2: 0.786426305770874, Inverse Test R2: 0.786426305770874 
2026-02-26 14:45:47,119 INFO: Epoch 127, Train Loss: 0.4451732159112439, Test Loss: 0.44486928528005426, Inverse Test Loss: 4.1060631636417275, Train R2: 0.7952439491495942, Test R2: 0.7849135994911194, Inverse Test R2: 0.7849135398864746 
2026-02-26 14:45:48,989 INFO: Epoch 128, Train Loss: 0.44305005376086093, Test Loss: 0.4418886421304761, Inverse Test Loss: 4.07855240503947, Train R2: 0.7972650821461822, Test R2: 0.7854565382003784, Inverse Test R2: 0.7854565382003784 
2026-02-26 14:45:50,860 INFO: Epoch 129, Train Loss: 0.448617723403555, Test Loss: 0.42953675895026233, Inverse Test Loss: 3.964546723799272, Train R2: 0.7922665463252501, Test R2: 0.7986568212509155, Inverse Test R2: 0.7986568212509155 
2026-02-26 14:45:52,728 INFO: Epoch 130, Train Loss: 0.4511753528407126, Test Loss: 0.44781746105714276, Inverse Test Loss: 4.13327431678772, Train R2: 0.7887347010952054, Test R2: 0.7806775569915771, Inverse Test R2: 0.7806775569915771 
2026-02-26 14:45:52,728 INFO: Best Epoch 121, Best Test Loss: 0.42352638280752936, Inv Test Loss: 3.9090720306743276, Best Test R2: 0.8049959540367126 
2026-02-26 14:45:54,601 INFO: Epoch 131, Train Loss: 0.4494850780024673, Test Loss: 0.4465497208364082, Inverse Test Loss: 4.121573332584266, Train R2: 0.7907630959243486, Test R2: 0.7811282873153687, Inverse Test R2: 0.7811282873153687 
2026-02-26 14:45:56,471 INFO: Epoch 132, Train Loss: 0.45496852831407025, Test Loss: 0.4527915824543346, Inverse Test Loss: 4.179184494596539, Train R2: 0.7855587145595839, Test R2: 0.7758892178535461, Inverse Test R2: 0.7758892178535461 
2026-02-26 14:45:58,331 INFO: Epoch 133, Train Loss: 0.4675820609836867, Test Loss: 0.4686098270344012, Inverse Test Loss: 4.325184034578728, Train R2: 0.7735123986547644, Test R2: 0.7606262564659119, Inverse Test R2: 0.7606262564659119 
2026-02-26 14:46:00,197 INFO: Epoch 134, Train Loss: 0.4566688551144166, Test Loss: 0.43889426643198187, Inverse Test Loss: 4.05091482220274, Train R2: 0.783531181288488, Test R2: 0.78950434923172, Inverse Test R2: 0.78950434923172 
2026-02-26 14:46:02,060 INFO: Epoch 135, Train Loss: 0.4509123640530037, Test Loss: 0.44745133501110657, Inverse Test Loss: 4.129895000746756, Train R2: 0.7902079174915949, Test R2: 0.7808908820152283, Inverse Test R2: 0.7808908820152283 
2026-02-26 14:46:03,935 INFO: Epoch 136, Train Loss: 0.4420537587368127, Test Loss: 0.42877702098904236, Inverse Test Loss: 3.9575345371708726, Train R2: 0.7992538922663891, Test R2: 0.7997360229492188, Inverse Test R2: 0.7997360229492188 
2026-02-26 14:46:05,797 INFO: Epoch 137, Train Loss: 0.4519716663794084, Test Loss: 0.4360898326743733, Inverse Test Loss: 4.025030331178145, Train R2: 0.7882918589042894, Test R2: 0.7939519882202148, Inverse Test R2: 0.7939519882202148 
2026-02-26 14:46:07,677 INFO: Epoch 138, Train Loss: 0.4515996658892343, Test Loss: 0.4398963017897172, Inverse Test Loss: 4.060163497924805, Train R2: 0.7897752916271036, Test R2: 0.7911890745162964, Inverse Test R2: 0.7911890745162964 
2026-02-26 14:46:09,542 INFO: Epoch 139, Train Loss: 0.4487793768445651, Test Loss: 0.43159992947722925, Inverse Test Loss: 3.983589432456277, Train R2: 0.7915945649147034, Test R2: 0.7962843775749207, Inverse Test R2: 0.7962843775749207 
2026-02-26 14:46:11,419 INFO: Epoch 140, Train Loss: 0.4411801289428364, Test Loss: 0.4346780162869078, Inverse Test Loss: 4.011999614310987, Train R2: 0.7983592387401697, Test R2: 0.7956012487411499, Inverse Test R2: 0.7956012487411499 
2026-02-26 14:46:11,419 INFO: Best Epoch 121, Best Test Loss: 0.42352638280752936, Inv Test Loss: 3.9090720306743276, Best Test R2: 0.8049959540367126 
2026-02-26 14:46:13,303 INFO: Epoch 141, Train Loss: 0.44179542069182254, Test Loss: 0.4386290537588524, Inverse Test Loss: 4.048466870279023, Train R2: 0.797273393833276, Test R2: 0.7890912294387817, Inverse Test R2: 0.789091169834137 
2026-02-26 14:46:15,182 INFO: Epoch 142, Train Loss: 0.440024029350642, Test Loss: 0.4758353693918748, Inverse Test Loss: 4.39187453732346, Train R2: 0.7998416130289887, Test R2: 0.7498250603675842, Inverse Test R2: 0.7498250603675842 
2026-02-26 14:46:17,062 INFO: Epoch 143, Train Loss: 0.44167997846097656, Test Loss: 0.463961146997683, Inverse Test Loss: 4.2822775696263164, Train R2: 0.796903751113198, Test R2: 0.7640891671180725, Inverse Test R2: 0.7640891075134277 
2026-02-26 14:46:18,934 INFO: Epoch 144, Train Loss: 0.4608306943467169, Test Loss: 0.4389060220935128, Inverse Test Loss: 4.051023259307399, Train R2: 0.7792249936046023, Test R2: 0.7919629812240601, Inverse Test R2: 0.7919629216194153 
2026-02-26 14:46:20,807 INFO: Epoch 145, Train Loss: 0.4592319659211419, Test Loss: 0.43877498760367883, Inverse Test Loss: 4.049813863002893, Train R2: 0.7823710373856805, Test R2: 0.7901126146316528, Inverse Test R2: 0.7901125550270081 
2026-02-26 14:46:22,695 INFO: Epoch 146, Train Loss: 0.4488477171822028, Test Loss: 0.44068371617432794, Inverse Test Loss: 4.067431074200255, Train R2: 0.7909728153185411, Test R2: 0.7886852025985718, Inverse Test R2: 0.7886852025985718 
2026-02-26 14:46:24,565 INFO: Epoch 147, Train Loss: 0.4511471465229988, Test Loss: 0.4436797048106338, Inverse Test Loss: 4.095083518461748, Train R2: 0.788593469244061, Test R2: 0.786029040813446, Inverse Test R2: 0.786029040813446 
2026-02-26 14:46:26,455 INFO: Epoch 148, Train Loss: 0.43959884322953946, Test Loss: 0.4343164364496867, Inverse Test Loss: 4.008662281614361, Train R2: 0.8000741799672445, Test R2: 0.7950071096420288, Inverse Test R2: 0.7950071096420288 
2026-02-26 14:46:28,328 INFO: Epoch 149, Train Loss: 0.4396573600895477, Test Loss: 0.4328622483845913, Inverse Test Loss: 3.995240406556563, Train R2: 0.798328932036053, Test R2: 0.7961804866790771, Inverse Test R2: 0.7961804866790771 
2026-02-26 14:46:30,202 INFO: Epoch 150, Train Loss: 0.44052127026247256, Test Loss: 0.4395527216521176, Inverse Test Loss: 4.056992292404175, Train R2: 0.7998279762087446, Test R2: 0.7888534665107727, Inverse Test R2: 0.7888534665107727 
2026-02-26 14:46:30,202 INFO: Best Epoch 121, Best Test Loss: 0.42352638280752936, Inv Test Loss: 3.9090720306743276, Best Test R2: 0.8049959540367126 
