2026-01-27 14:38:39,949 INFO: log_path:/logs_2026_1_27_HS_RMSE/AMFormer_simple_MLP_dim32_depth2_heads4_dropout0.4_fusion0.45_0.55_lr0.001_5P 
2026-01-27 14:38:39,950 INFO: Model:namespace(attn_dropout=0.4, categories=[], cluster=3, depth=2, dim=32, ff_dropout=0.4, groups=[54, 54, 54], heads=4, name='AMFormer_simple_MLP_dim32_depth2_heads4_dropout0.4_fusion0.45_0.55', num_cate=0, num_cont=20, num_special_tokens=1, out_dim=1, predictor='simple_MLP', prod_num_per_group=[6, 6, 6], qk_relu=False, static_fusion={'kan_weight': 0.45, 'trans_weight': 0.55}, sum_num_per_group=[32, 16, 8], target_mode='regression', token_descent=False, use_cls_token=True, use_prod=True, use_row_col_attention=True, use_sigmoid=True) 
2026-01-27 14:38:39,951 INFO: lr:0.001, loss:RMSE 
2026-01-27 14:38:39,951 INFO: Dataset:HS, Target:['metal5_Peak'] 
2026-01-27 14:38:39,951 INFO: ------Begin Training Model------ 
2026-01-27 14:38:56,902 INFO: Epoch 1, Train Loss: 0.6227528845722025, Test Loss: 0.5410665255604368, Inverse Test Loss: 1.4859405792120732, Train R2: 0.5961317225839152, Test R2: 0.70058673620224, Inverse Test R2: 0.7005867958068848 
2026-01-27 14:39:06,697 INFO: Epoch 2, Train Loss: 0.5120032312292041, Test Loss: 0.48896898374413, Inverse Test Loss: 1.342864170218959, Train R2: 0.731303177096627, Test R2: 0.7554614543914795, Inverse Test R2: 0.7554614543914795 
2026-01-27 14:39:18,232 INFO: Epoch 3, Train Loss: 0.4695427307125294, Test Loss: 0.42825846057949646, Inverse Test Loss: 1.1761337916056316, Train R2: 0.7743070902246417, Test R2: 0.8114646077156067, Inverse Test R2: 0.8114646077156067 
2026-01-27 14:39:30,250 INFO: Epoch 4, Train Loss: 0.4423842423341491, Test Loss: 0.40457040974588104, Inverse Test Loss: 1.1110788944995764, Train R2: 0.7997270967021133, Test R2: 0.8318121433258057, Inverse Test R2: 0.8318121433258057 
2026-01-27 14:39:42,283 INFO: Epoch 5, Train Loss: 0.41951725496487186, Test Loss: 0.38941056258750684, Inverse Test Loss: 1.0694451241782217, Train R2: 0.819455848498778, Test R2: 0.8438190221786499, Inverse Test R2: 0.8438190817832947 
2026-01-27 14:39:54,364 INFO: Epoch 6, Train Loss: 0.406211255626245, Test Loss: 0.37718720147103973, Inverse Test Loss: 1.0358758821631924, Train R2: 0.8301628683552598, Test R2: 0.8532894849777222, Inverse Test R2: 0.8532894849777222 
2026-01-27 14:40:06,510 INFO: Epoch 7, Train Loss: 0.3947239199822599, Test Loss: 0.37208966143203503, Inverse Test Loss: 1.0218764254541108, Train R2: 0.8388573870514379, Test R2: 0.8567172288894653, Inverse Test R2: 0.8567172288894653 
2026-01-27 14:40:18,547 INFO: Epoch 8, Train Loss: 0.3821651350819703, Test Loss: 0.37258674249504553, Inverse Test Loss: 1.0232415668892139, Train R2: 0.8496378276384238, Test R2: 0.8571211695671082, Inverse Test R2: 0.8571212291717529 
2026-01-27 14:40:30,350 INFO: Epoch 9, Train Loss: 0.3777773344155514, Test Loss: 0.35846447944641113, Inverse Test Loss: 0.9844573501384619, Train R2: 0.8531316180120815, Test R2: 0.8672500252723694, Inverse Test R2: 0.8672500848770142 
2026-01-27 14:40:42,457 INFO: Epoch 10, Train Loss: 0.36957790341341135, Test Loss: 0.3684515411203558, Inverse Test Loss: 1.0118849981914868, Train R2: 0.8590053423787608, Test R2: 0.8599924445152283, Inverse Test R2: 0.8599924445152283 
2026-01-27 14:40:42,458 INFO: Best Epoch 9, Best Test Loss: 0.35846447944641113, Inv Test Loss: 0.9844573501384619, Best Test R2: 0.8672500252723694 
2026-01-27 14:40:54,364 INFO: Epoch 11, Train Loss: 0.36225661770863965, Test Loss: 0.34972691806879913, Inverse Test Loss: 0.960461235407627, Train R2: 0.8653992978912411, Test R2: 0.8733649253845215, Inverse Test R2: 0.8733649849891663 
2026-01-27 14:41:05,955 INFO: Epoch 12, Train Loss: 0.3585543447371685, Test Loss: 0.3442441306330941, Inverse Test Loss: 0.9454037565173525, Train R2: 0.8681243951573516, Test R2: 0.8773483633995056, Inverse Test R2: 0.8773483633995056 
2026-01-27 14:41:17,606 INFO: Epoch 13, Train Loss: 0.3538958544306683, Test Loss: 0.33919290069377783, Inverse Test Loss: 0.9315314654147986, Train R2: 0.8712817173112523, Test R2: 0.880947470664978, Inverse Test R2: 0.880947470664978 
2026-01-27 14:41:29,247 INFO: Epoch 14, Train Loss: 0.35195771943439136, Test Loss: 0.344988561037815, Inverse Test Loss: 0.9474482012517524, Train R2: 0.8720880046938405, Test R2: 0.8767390251159668, Inverse Test R2: 0.8767390251159668 
2026-01-27 14:41:40,867 INFO: Epoch 15, Train Loss: 0.34897264860796207, Test Loss: 0.33501133638800995, Inverse Test Loss: 0.9200475739710259, Train R2: 0.8738033410274622, Test R2: 0.8836714625358582, Inverse Test R2: 0.8836715221405029 
2026-01-27 14:41:52,751 INFO: Epoch 16, Train Loss: 0.3438247446760987, Test Loss: 0.3367778920766079, Inverse Test Loss: 0.9248990777767065, Train R2: 0.8784309435974468, Test R2: 0.8823217749595642, Inverse Test R2: 0.8823217749595642 
2026-01-27 14:42:04,553 INFO: Epoch 17, Train Loss: 0.3394701404101921, Test Loss: 0.3433099885781606, Inverse Test Loss: 0.9428383021643667, Train R2: 0.881489124713522, Test R2: 0.8781763911247253, Inverse Test R2: 0.8781763911247253 
2026-01-27 14:42:16,415 INFO: Epoch 18, Train Loss: 0.33823249489068985, Test Loss: 0.3375156819820404, Inverse Test Loss: 0.9269252997456174, Train R2: 0.881890161019383, Test R2: 0.8816283941268921, Inverse Test R2: 0.8816283941268921 
2026-01-27 14:42:27,998 INFO: Epoch 19, Train Loss: 0.33556457157387876, Test Loss: 0.3271789884928501, Inverse Test Loss: 0.8985374515706842, Train R2: 0.8840636949647557, Test R2: 0.8889390826225281, Inverse Test R2: 0.8889391422271729 
2026-01-27 14:42:39,804 INFO: Epoch 20, Train Loss: 0.332463609224016, Test Loss: 0.325419289596153, Inverse Test Loss: 0.8937047557397322, Train R2: 0.8862808924732786, Test R2: 0.8901050686836243, Inverse Test R2: 0.8901050686836243 
2026-01-27 14:42:39,804 INFO: Best Epoch 20, Best Test Loss: 0.325419289596153, Inv Test Loss: 0.8937047557397322, Best Test R2: 0.8901050686836243 
2026-01-27 14:42:51,328 INFO: Epoch 21, Train Loss: 0.328466766259887, Test Loss: 0.3316575659043861, Inverse Test Loss: 0.9108370434154164, Train R2: 0.8887861154296182, Test R2: 0.8858418464660645, Inverse Test R2: 0.8858419060707092 
2026-01-27 14:43:02,841 INFO: Epoch 22, Train Loss: 0.32985218185367005, Test Loss: 0.32202256628961273, Inverse Test Loss: 0.8843762675921122, Train R2: 0.8878017393025485, Test R2: 0.8920864462852478, Inverse Test R2: 0.8920864462852478 
2026-01-27 14:43:14,380 INFO: Epoch 23, Train Loss: 0.3242812350843892, Test Loss: 0.3219745506842931, Inverse Test Loss: 0.8842444148930636, Train R2: 0.891085350152218, Test R2: 0.8921890258789062, Inverse Test R2: 0.8921890258789062 
2026-01-27 14:43:25,887 INFO: Epoch 24, Train Loss: 0.3190902205127658, Test Loss: 0.321086509661241, Inverse Test Loss: 0.8818055662241849, Train R2: 0.8946034628333468, Test R2: 0.893074095249176, Inverse Test R2: 0.893074095249176 
2026-01-27 14:43:37,451 INFO: Epoch 25, Train Loss: 0.3170170212785403, Test Loss: 0.32802530626455945, Inverse Test Loss: 0.9008616985696735, Train R2: 0.8962785109426036, Test R2: 0.8882689476013184, Inverse Test R2: 0.8882689476013184 
2026-01-27 14:43:48,892 INFO: Epoch 26, Train Loss: 0.3160142553123561, Test Loss: 0.322651719956687, Inverse Test Loss: 0.8861041285774924, Train R2: 0.896286048672416, Test R2: 0.8920440673828125, Inverse Test R2: 0.8920440673828125 
2026-01-27 14:44:00,410 INFO: Epoch 27, Train Loss: 0.3170725724688082, Test Loss: 0.3257649703459306, Inverse Test Loss: 0.8946541168472983, Train R2: 0.8960087908939882, Test R2: 0.8897982239723206, Inverse Test R2: 0.8897982239723206 
2026-01-27 14:44:11,954 INFO: Epoch 28, Train Loss: 0.31152728301557625, Test Loss: 0.3214536796916615, Inverse Test Loss: 0.8828139359300787, Train R2: 0.8995277452649493, Test R2: 0.8923987746238708, Inverse Test R2: 0.8923987746238708 
2026-01-27 14:44:23,497 INFO: Epoch 29, Train Loss: 0.3131526666834499, Test Loss: 0.31436782307697064, Inverse Test Loss: 0.8633539333488002, Train R2: 0.8987806836764017, Test R2: 0.8974523544311523, Inverse Test R2: 0.8974523544311523 
2026-01-27 14:44:35,144 INFO: Epoch 30, Train Loss: 0.3123257068747824, Test Loss: 0.31557377856789215, Inverse Test Loss: 0.8666658672419462, Train R2: 0.898957298560576, Test R2: 0.8968124389648438, Inverse Test R2: 0.8968124389648438 
2026-01-27 14:44:35,144 INFO: Best Epoch 29, Best Test Loss: 0.31436782307697064, Inv Test Loss: 0.8633539333488002, Best Test R2: 0.8974523544311523 
2026-01-27 14:44:46,662 INFO: Epoch 31, Train Loss: 0.3064438516669201, Test Loss: 0.3149123661445849, Inverse Test Loss: 0.864849410273812, Train R2: 0.9025522547237801, Test R2: 0.897212028503418, Inverse Test R2: 0.8972120881080627 
2026-01-27 14:44:58,179 INFO: Epoch 32, Train Loss: 0.3094383053707354, Test Loss: 0.32455699055483844, Inverse Test Loss: 0.891336618047772, Train R2: 0.9008660673192053, Test R2: 0.8905905485153198, Inverse Test R2: 0.8905905485153198 
2026-01-27 14:45:09,743 INFO: Epoch 33, Train Loss: 0.3033963492648168, Test Loss: 0.31013726059234503, Inverse Test Loss: 0.8517354510047219, Train R2: 0.9046628895131025, Test R2: 0.899996817111969, Inverse Test R2: 0.899996817111969 
2026-01-27 14:45:21,401 INFO: Epoch 34, Train Loss: 0.3048930246044289, Test Loss: 0.30894529322783154, Inverse Test Loss: 0.8484619295958317, Train R2: 0.9035994649836512, Test R2: 0.9005616903305054, Inverse Test R2: 0.9005616903305054 
2026-01-27 14:45:32,987 INFO: Epoch 35, Train Loss: 0.30538623825167166, Test Loss: 0.31848915417989093, Inverse Test Loss: 0.8746724092599117, Train R2: 0.9038425345312465, Test R2: 0.8947920203208923, Inverse Test R2: 0.8947920203208923 
2026-01-27 14:45:44,567 INFO: Epoch 36, Train Loss: 0.30196277661757037, Test Loss: 0.3151932909633174, Inverse Test Loss: 0.8656209327957847, Train R2: 0.9059403994769761, Test R2: 0.8968014717102051, Inverse Test R2: 0.8968014717102051 
2026-01-27 14:45:56,099 INFO: Epoch 37, Train Loss: 0.299066494247227, Test Loss: 0.30929349543470325, Inverse Test Loss: 0.8494182048421918, Train R2: 0.9074995675773332, Test R2: 0.9006041288375854, Inverse Test R2: 0.9006041288375854 
2026-01-27 14:46:07,546 INFO: Epoch 38, Train Loss: 0.29891598303661204, Test Loss: 0.30980816799582855, Inverse Test Loss: 0.8508316495201804, Train R2: 0.9079305931474223, Test R2: 0.9002193212509155, Inverse Test R2: 0.9002193212509155 
2026-01-27 14:46:19,127 INFO: Epoch 39, Train Loss: 0.29754820680527977, Test Loss: 0.31274703099872125, Inverse Test Loss: 0.8589027271126256, Train R2: 0.9082933944283109, Test R2: 0.8982577919960022, Inverse Test R2: 0.8982577919960022 
2026-01-27 14:46:30,625 INFO: Epoch 40, Train Loss: 0.2981959756350879, Test Loss: 0.3138484060764313, Inverse Test Loss: 0.861927431641203, Train R2: 0.9075432781017188, Test R2: 0.898051381111145, Inverse Test R2: 0.898051381111145 
2026-01-27 14:46:30,625 INFO: Best Epoch 34, Best Test Loss: 0.30894529322783154, Inv Test Loss: 0.8484619295958317, Best Test R2: 0.9005616903305054 
2026-01-27 14:46:42,248 INFO: Epoch 41, Train Loss: 0.29408107810851297, Test Loss: 0.3078024834394455, Inverse Test Loss: 0.8453234072887537, Train R2: 0.9102713790806857, Test R2: 0.9017621278762817, Inverse Test R2: 0.9017621278762817 
2026-01-27 14:46:53,851 INFO: Epoch 42, Train Loss: 0.29486121000214055, Test Loss: 0.3085654301173759, Inverse Test Loss: 0.8474187056223551, Train R2: 0.9100382761521773, Test R2: 0.9013664126396179, Inverse Test R2: 0.9013664126396179 
2026-01-27 14:47:05,410 INFO: Epoch 43, Train Loss: 0.2929065015279885, Test Loss: 0.3095773381717277, Inverse Test Loss: 0.8501977288361752, Train R2: 0.9110631382826603, Test R2: 0.9003736972808838, Inverse Test R2: 0.9003736972808838 
2026-01-27 14:47:16,995 INFO: Epoch 44, Train Loss: 0.2921432878709201, Test Loss: 0.31036467534123047, Inverse Test Loss: 0.8523600101470947, Train R2: 0.9116773894338897, Test R2: 0.8997755646705627, Inverse Test R2: 0.8997755646705627 
2026-01-27 14:47:28,518 INFO: Epoch 45, Train Loss: 0.28994743390516803, Test Loss: 0.309103448734139, Inverse Test Loss: 0.8488962794795181, Train R2: 0.9126650451710729, Test R2: 0.9005059003829956, Inverse Test R2: 0.9005059003829956 
2026-01-27 14:47:40,219 INFO: Epoch 46, Train Loss: 0.2887258687705705, Test Loss: 0.30526959444537305, Inverse Test Loss: 0.8383673014062824, Train R2: 0.9132328539183645, Test R2: 0.9031513929367065, Inverse Test R2: 0.9031513929367065 
2026-01-27 14:47:51,776 INFO: Epoch 47, Train Loss: 0.2865560481494123, Test Loss: 0.3049415187402205, Inverse Test Loss: 0.8374662850842332, Train R2: 0.9150048674959125, Test R2: 0.9031209349632263, Inverse Test R2: 0.9031209349632263 
2026-01-27 14:48:03,318 INFO: Epoch 48, Train Loss: 0.2869714939910354, Test Loss: 0.308521136189952, Inverse Test Loss: 0.8472970706043821, Train R2: 0.9150345348047487, Test R2: 0.9011145234107971, Inverse Test R2: 0.9011145234107971 
2026-01-27 14:48:14,911 INFO: Epoch 49, Train Loss: 0.28566773438995535, Test Loss: 0.3063917688348077, Inverse Test Loss: 0.8414491505333872, Train R2: 0.9150491365880677, Test R2: 0.9022457003593445, Inverse Test R2: 0.9022457599639893 
2026-01-27 14:48:26,518 INFO: Epoch 50, Train Loss: 0.28468264786131453, Test Loss: 0.30918796360492706, Inverse Test Loss: 0.8491283799662734, Train R2: 0.9162111440391252, Test R2: 0.90050208568573, Inverse Test R2: 0.90050208568573 
2026-01-27 14:48:26,519 INFO: Best Epoch 47, Best Test Loss: 0.3049415187402205, Inv Test Loss: 0.8374662850842332, Best Test R2: 0.9031209349632263 
2026-01-27 14:48:38,109 INFO: Epoch 51, Train Loss: 0.2845823567247752, Test Loss: 0.3041974039691867, Inverse Test Loss: 0.835422725388498, Train R2: 0.9164534211158752, Test R2: 0.9038160443305969, Inverse Test R2: 0.9038161039352417 
2026-01-27 14:48:49,746 INFO: Epoch 52, Train Loss: 0.28229169750755484, Test Loss: 0.30189792450630304, Inverse Test Loss: 0.829107611468344, Train R2: 0.9177502018935753, Test R2: 0.9052175283432007, Inverse Test R2: 0.9052175283432007 
2026-01-27 14:49:01,386 INFO: Epoch 53, Train Loss: 0.2799562719283682, Test Loss: 0.3073412667621266, Inverse Test Loss: 0.8440567670446454, Train R2: 0.9184552363374017, Test R2: 0.9015170931816101, Inverse Test R2: 0.9015170931816101 
2026-01-27 14:49:12,902 INFO: Epoch 54, Train Loss: 0.2804662607836001, Test Loss: 0.30175694913575146, Inverse Test Loss: 0.828720439564098, Train R2: 0.9175762583812078, Test R2: 0.9053488969802856, Inverse Test R2: 0.9053488969802856 
2026-01-27 14:49:24,526 INFO: Epoch 55, Train Loss: 0.2812265739070647, Test Loss: 0.29954758105856, Inverse Test Loss: 0.8226528258034678, Train R2: 0.9177253571423617, Test R2: 0.9066379070281982, Inverse Test R2: 0.9066379070281982 
2026-01-27 14:49:36,047 INFO: Epoch 56, Train Loss: 0.2778369307969556, Test Loss: 0.29824569369807385, Inverse Test Loss: 0.8190774339618105, Train R2: 0.9197532972603133, Test R2: 0.9072851538658142, Inverse Test R2: 0.9072851538658142 
2026-01-27 14:49:47,636 INFO: Epoch 57, Train Loss: 0.2768093796842026, Test Loss: 0.3030207780274478, Inverse Test Loss: 0.8321913318200544, Train R2: 0.9202142204299117, Test R2: 0.9041517972946167, Inverse Test R2: 0.9041517972946167 
2026-01-27 14:49:59,206 INFO: Epoch 58, Train Loss: 0.2795091515237635, Test Loss: 0.3074922570676515, Inverse Test Loss: 0.8444714221087369, Train R2: 0.9187413869482098, Test R2: 0.9017085433006287, Inverse Test R2: 0.9017085433006287 
2026-01-27 14:50:10,767 INFO: Epoch 59, Train Loss: 0.27497861206983076, Test Loss: 0.3057737418196418, Inverse Test Loss: 0.8397518613121726, Train R2: 0.921573001778487, Test R2: 0.9024618268013, Inverse Test R2: 0.9024618864059448 
2026-01-27 14:50:22,263 INFO: Epoch 60, Train Loss: 0.27514733385407564, Test Loss: 0.3009011334542072, Inverse Test Loss: 0.8263701164361202, Train R2: 0.9217617389830676, Test R2: 0.9055846929550171, Inverse Test R2: 0.9055846929550171 
2026-01-27 14:50:22,264 INFO: Best Epoch 56, Best Test Loss: 0.29824569369807385, Inv Test Loss: 0.8190774339618105, Best Test R2: 0.9072851538658142 
2026-01-27 14:50:33,845 INFO: Epoch 61, Train Loss: 0.2736205141426939, Test Loss: 0.3029680626861977, Inverse Test Loss: 0.8320465611689019, Train R2: 0.9218501995007197, Test R2: 0.9046452045440674, Inverse Test R2: 0.9046452045440674 
2026-01-27 14:50:45,330 INFO: Epoch 62, Train Loss: 0.27373759380795737, Test Loss: 0.29961693738446094, Inverse Test Loss: 0.822843307798559, Train R2: 0.9218631251291796, Test R2: 0.9060365557670593, Inverse Test R2: 0.9060365557670593 
2026-01-27 14:50:56,923 INFO: Epoch 63, Train Loss: 0.2724065338120316, Test Loss: 0.2983741417075648, Inverse Test Loss: 0.8194301850867994, Train R2: 0.9230955256657167, Test R2: 0.906906247138977, Inverse Test R2: 0.906906247138977 
2026-01-27 14:51:08,571 INFO: Epoch 64, Train Loss: 0.2722179224771081, Test Loss: 0.3002553257075223, Inverse Test Loss: 0.8245965115951769, Train R2: 0.9229367714036595, Test R2: 0.9058539867401123, Inverse Test R2: 0.9058539867401123 
2026-01-27 14:51:20,016 INFO: Epoch 65, Train Loss: 0.2689194649909482, Test Loss: 0.3014097737543511, Inverse Test Loss: 0.827767014503479, Train R2: 0.9252505329522219, Test R2: 0.905418336391449, Inverse Test R2: 0.9054183959960938 
2026-01-27 14:51:31,644 INFO: Epoch 66, Train Loss: 0.2722839792117928, Test Loss: 0.29428399376796954, Inverse Test Loss: 0.8081973393758138, Train R2: 0.9230561527338895, Test R2: 0.9098672270774841, Inverse Test R2: 0.9098672270774841 
2026-01-27 14:51:43,213 INFO: Epoch 67, Train Loss: 0.2690904208204963, Test Loss: 0.30323835439754254, Inverse Test Loss: 0.8327888756087332, Train R2: 0.925055489395604, Test R2: 0.9045736789703369, Inverse Test R2: 0.9045736789703369 
2026-01-27 14:51:54,767 INFO: Epoch 68, Train Loss: 0.272189068861983, Test Loss: 0.29478539978012896, Inverse Test Loss: 0.8095743674220461, Train R2: 0.9234106576803959, Test R2: 0.9093401432037354, Inverse Test R2: 0.9093401432037354 
2026-01-27 14:52:06,303 INFO: Epoch 69, Train Loss: 0.26644459581284813, Test Loss: 0.30006490873567987, Inverse Test Loss: 0.8240735855969515, Train R2: 0.9261051000970782, Test R2: 0.9064900875091553, Inverse Test R2: 0.9064901471138 
2026-01-27 14:52:17,806 INFO: Epoch 70, Train Loss: 0.26506630636074324, Test Loss: 0.299168075575973, Inverse Test Loss: 0.8216105789849253, Train R2: 0.9269545927192225, Test R2: 0.9068375825881958, Inverse Test R2: 0.9068375825881958 
2026-01-27 14:52:17,806 INFO: Best Epoch 66, Best Test Loss: 0.29428399376796954, Inv Test Loss: 0.8081973393758138, Best Test R2: 0.9098672270774841 
2026-01-27 14:52:29,337 INFO: Epoch 71, Train Loss: 0.26670796446727985, Test Loss: 0.3089616903752992, Inverse Test Loss: 0.8485069654204629, Train R2: 0.9256437759507786, Test R2: 0.9005208015441895, Inverse Test R2: 0.9005208015441895 
2026-01-27 14:52:40,886 INFO: Epoch 72, Train Loss: 0.2651972078690023, Test Loss: 0.29949195005676965, Inverse Test Loss: 0.8225000338120894, Train R2: 0.9265839719411099, Test R2: 0.9067184329032898, Inverse Test R2: 0.9067184329032898 
2026-01-27 14:52:52,453 INFO: Epoch 73, Train Loss: 0.2653698541901328, Test Loss: 0.3057743545734521, Inverse Test Loss: 0.8397535266298236, Train R2: 0.9269426582437573, Test R2: 0.9023559093475342, Inverse Test R2: 0.9023559093475342 
2026-01-27 14:53:04,002 INFO: Epoch 74, Train Loss: 0.26562070790113823, Test Loss: 0.29677359308257245, Inverse Test Loss: 0.8150345773407908, Train R2: 0.9266738385865183, Test R2: 0.9081507921218872, Inverse Test R2: 0.9081507921218872 
2026-01-27 14:53:15,588 INFO: Epoch 75, Train Loss: 0.262954544840437, Test Loss: 0.2953285872936249, Inverse Test Loss: 0.8110661271846655, Train R2: 0.9282933708393213, Test R2: 0.9090434312820435, Inverse Test R2: 0.9090434312820435 
2026-01-27 14:53:27,115 INFO: Epoch 76, Train Loss: 0.2639634217502493, Test Loss: 0.3011260682886297, Inverse Test Loss: 0.8269878607807737, Train R2: 0.9276380814386137, Test R2: 0.9056535959243774, Inverse Test R2: 0.9056535959243774 
2026-01-27 14:53:38,736 INFO: Epoch 77, Train Loss: 0.2642129992671085, Test Loss: 0.29572897562474915, Inverse Test Loss: 0.8121657299272942, Train R2: 0.9279880347577009, Test R2: 0.9090625643730164, Inverse Test R2: 0.9090625643730164 
2026-01-27 14:53:50,355 INFO: Epoch 78, Train Loss: 0.2623741861545678, Test Loss: 0.30208659172058105, Inverse Test Loss: 0.829625767288786, Train R2: 0.9280263664144458, Test R2: 0.9049298167228699, Inverse Test R2: 0.9049298167228699 
2026-01-27 14:54:01,868 INFO: Epoch 79, Train Loss: 0.25934373779278813, Test Loss: 0.3017280300458272, Inverse Test Loss: 0.8286410479834585, Train R2: 0.9296962880727017, Test R2: 0.9052643775939941, Inverse Test R2: 0.9052643775939941 
2026-01-27 14:54:13,497 INFO: Epoch 80, Train Loss: 0.26019157322518754, Test Loss: 0.2993743315790639, Inverse Test Loss: 0.8221770235986421, Train R2: 0.930099723465515, Test R2: 0.9066612124443054, Inverse Test R2: 0.9066612124443054 
2026-01-27 14:54:13,498 INFO: Best Epoch 66, Best Test Loss: 0.29428399376796954, Inv Test Loss: 0.8081973393758138, Best Test R2: 0.9098672270774841 
2026-01-27 14:54:25,175 INFO: Epoch 81, Train Loss: 0.25805637804847775, Test Loss: 0.30202590109723987, Inverse Test Loss: 0.8294590765779669, Train R2: 0.9306781689325968, Test R2: 0.9049400091171265, Inverse Test R2: 0.9049400687217712 
2026-01-27 14:54:36,871 INFO: Epoch 82, Train Loss: 0.2591857590684385, Test Loss: 0.3039250902154229, Inverse Test Loss: 0.8346748586856958, Train R2: 0.9300170197631373, Test R2: 0.9039410948753357, Inverse Test R2: 0.9039410948753357 
2026-01-27 14:54:48,471 INFO: Epoch 83, Train Loss: 0.255727412574219, Test Loss: 0.3013064441355792, Inverse Test Loss: 0.8274832259524952, Train R2: 0.9320157116109674, Test R2: 0.9051639437675476, Inverse Test R2: 0.9051639437675476 
2026-01-27 14:55:00,157 INFO: Epoch 84, Train Loss: 0.25830060988664627, Test Loss: 0.2999017789508357, Inverse Test Loss: 0.8236255645751953, Train R2: 0.9308973948160807, Test R2: 0.9057918787002563, Inverse Test R2: 0.9057918787002563 
2026-01-27 14:55:11,793 INFO: Epoch 85, Train Loss: 0.25648643494103895, Test Loss: 0.3168271161390073, Inverse Test Loss: 0.8701079162684354, Train R2: 0.9319862438873812, Test R2: 0.8956826329231262, Inverse Test R2: 0.8956826329231262 
2026-01-27 14:55:23,417 INFO: Epoch 86, Train Loss: 0.2560140842741186, Test Loss: 0.30042889894861163, Inverse Test Loss: 0.8250732060634729, Train R2: 0.9315244311636145, Test R2: 0.9058452248573303, Inverse Test R2: 0.9058452248573303 
2026-01-27 14:55:34,975 INFO: Epoch 87, Train Loss: 0.25538663227449765, Test Loss: 0.299402220231114, Inverse Test Loss: 0.822253613760977, Train R2: 0.9321408542719755, Test R2: 0.9065552353858948, Inverse Test R2: 0.9065552353858948 
2026-01-27 14:55:46,526 INFO: Epoch 88, Train Loss: 0.25762391925761197, Test Loss: 0.3010237140185905, Inverse Test Loss: 0.8267067670822144, Train R2: 0.9306381832469593, Test R2: 0.9055264592170715, Inverse Test R2: 0.9055265188217163 
2026-01-27 14:55:58,142 INFO: Epoch 89, Train Loss: 0.2566021039630427, Test Loss: 0.29954335770823737, Inverse Test Loss: 0.8226412245721528, Train R2: 0.9315357474666653, Test R2: 0.9066019654273987, Inverse Test R2: 0.9066019654273987 
2026-01-27 14:56:09,677 INFO: Epoch 90, Train Loss: 0.25163744604497246, Test Loss: 0.30237140438773413, Inverse Test Loss: 0.8304079536235693, Train R2: 0.9337881184888609, Test R2: 0.9045075178146362, Inverse Test R2: 0.9045075178146362 
2026-01-27 14:56:09,678 INFO: Best Epoch 66, Best Test Loss: 0.29428399376796954, Inv Test Loss: 0.8081973393758138, Best Test R2: 0.9098672270774841 
2026-01-27 14:56:21,208 INFO: Epoch 91, Train Loss: 0.25445849617773836, Test Loss: 0.29713848549308197, Inverse Test Loss: 0.8160366704969695, Train R2: 0.9328864605137797, Test R2: 0.908304750919342, Inverse Test R2: 0.9083048105239868 
2026-01-27 14:56:32,855 INFO: Epoch 92, Train Loss: 0.25179908243995724, Test Loss: 0.2970334892020081, Inverse Test Loss: 0.8157483285123651, Train R2: 0.933527432607882, Test R2: 0.9080767631530762, Inverse Test R2: 0.9080767631530762 
2026-01-27 14:56:44,576 INFO: Epoch 93, Train Loss: 0.25218920387101895, Test Loss: 0.3034679840008418, Inverse Test Loss: 0.833419503587665, Train R2: 0.934183647686785, Test R2: 0.9039229154586792, Inverse Test R2: 0.9039229154586792 
2026-01-27 14:56:56,234 INFO: Epoch 94, Train Loss: 0.2506883314838915, Test Loss: 0.29427805001085455, Inverse Test Loss: 0.8081810149279508, Train R2: 0.9342590127930497, Test R2: 0.9098323583602905, Inverse Test R2: 0.9098323583602905 
2026-01-27 14:57:07,895 INFO: Epoch 95, Train Loss: 0.24865716989293243, Test Loss: 0.2951305833729831, Inverse Test Loss: 0.8105223485917756, Train R2: 0.9354399298176621, Test R2: 0.9092683792114258, Inverse Test R2: 0.9092683792114258 
2026-01-27 14:57:19,516 INFO: Epoch 96, Train Loss: 0.2502523615504756, Test Loss: 0.30255735101121844, Inverse Test Loss: 0.8309186173207832, Train R2: 0.9349362764394644, Test R2: 0.90427565574646, Inverse Test R2: 0.9042757153511047 
2026-01-27 14:57:31,049 INFO: Epoch 97, Train Loss: 0.24691352609432105, Test Loss: 0.29764773990168714, Inverse Test Loss: 0.8174352555563955, Train R2: 0.9367694768941763, Test R2: 0.9075750708580017, Inverse Test R2: 0.9075750708580017 
2026-01-27 14:57:42,577 INFO: Epoch 98, Train Loss: 0.24670514464378357, Test Loss: 0.2937346543326522, Inverse Test Loss: 0.8066886880181052, Train R2: 0.9369090935497573, Test R2: 0.9103059768676758, Inverse Test R2: 0.9103059768676758 
2026-01-27 14:57:54,215 INFO: Epoch 99, Train Loss: 0.24736819754947315, Test Loss: 0.3012875368197759, Inverse Test Loss: 0.8274312994696877, Train R2: 0.9363713399930433, Test R2: 0.90555739402771, Inverse Test R2: 0.90555739402771 
2026-01-27 14:58:05,748 INFO: Epoch 100, Train Loss: 0.2455383733366475, Test Loss: 0.30026768373720575, Inverse Test Loss: 0.8246304537310745, Train R2: 0.9371063302863728, Test R2: 0.9061368107795715, Inverse Test R2: 0.9061368107795715 
2026-01-27 14:58:05,749 INFO: Best Epoch 98, Best Test Loss: 0.2937346543326522, Inv Test Loss: 0.8066886880181052, Best Test R2: 0.9103059768676758 
2026-01-27 14:58:17,334 INFO: Epoch 101, Train Loss: 0.2473603801971132, Test Loss: 0.29957429297042615, Inverse Test Loss: 0.8227262045397903, Train R2: 0.9357681712417891, Test R2: 0.9061649441719055, Inverse Test R2: 0.9061649441719055 
2026-01-27 14:58:28,850 INFO: Epoch 102, Train Loss: 0.24520188389402447, Test Loss: 0.2965553276466601, Inverse Test Loss: 0.8144351605213049, Train R2: 0.9370050200007178, Test R2: 0.9084105491638184, Inverse Test R2: 0.9084105491638184 
2026-01-27 14:58:40,450 INFO: Epoch 103, Train Loss: 0.24856214755863854, Test Loss: 0.29929510526584857, Inverse Test Loss: 0.8219594503893997, Train R2: 0.9360076654137988, Test R2: 0.9066981077194214, Inverse Test R2: 0.9066981077194214 
2026-01-27 14:58:51,920 INFO: Epoch 104, Train Loss: 0.24545053855487795, Test Loss: 0.2968429543755271, Inverse Test Loss: 0.8152250629482847, Train R2: 0.9373566300579996, Test R2: 0.9083225131034851, Inverse Test R2: 0.9083225131034851 
2026-01-27 14:59:03,540 INFO: Epoch 105, Train Loss: 0.24527091882897145, Test Loss: 0.2967077069210284, Inverse Test Loss: 0.8148536357012662, Train R2: 0.9374257578994288, Test R2: 0.9082888960838318, Inverse Test R2: 0.9082888960838318 
2026-01-27 14:59:15,033 INFO: Epoch 106, Train Loss: 0.24531434363487994, Test Loss: 0.3026835074027379, Inverse Test Loss: 0.8312650846712517, Train R2: 0.9366497410969301, Test R2: 0.9048064351081848, Inverse Test R2: 0.9048064351081848 
2026-01-27 14:59:26,531 INFO: Epoch 107, Train Loss: 0.24358213410684557, Test Loss: 0.2982149656974908, Inverse Test Loss: 0.8189930608778289, Train R2: 0.9380492193229271, Test R2: 0.9069460034370422, Inverse Test R2: 0.9069460034370422 
2026-01-27 14:59:38,111 INFO: Epoch 108, Train Loss: 0.24373357020544284, Test Loss: 0.29889997162602167, Inverse Test Loss: 0.8208742900328203, Train R2: 0.9377896988933737, Test R2: 0.9069387912750244, Inverse Test R2: 0.9069387912750244 
2026-01-27 14:59:49,652 INFO: Epoch 109, Train Loss: 0.24268564706047377, Test Loss: 0.30166460122122907, Inverse Test Loss: 0.828466843474995, Train R2: 0.9386052525404728, Test R2: 0.9050747156143188, Inverse Test R2: 0.9050747156143188 
2026-01-27 15:00:01,170 INFO: Epoch 110, Train Loss: 0.23957609859379855, Test Loss: 0.3004687035625631, Inverse Test Loss: 0.8251825191757896, Train R2: 0.9402697172128793, Test R2: 0.9058693051338196, Inverse Test R2: 0.9058693051338196 
2026-01-27 15:00:01,171 INFO: Best Epoch 98, Best Test Loss: 0.2937346543326522, Inv Test Loss: 0.8066886880181052, Best Test R2: 0.9103059768676758 
2026-01-27 15:00:12,697 INFO: Epoch 111, Train Loss: 0.24150747128508307, Test Loss: 0.29895674008311646, Inverse Test Loss: 0.8210301778533242, Train R2: 0.9396141356591022, Test R2: 0.9066291451454163, Inverse Test R2: 0.9066291451454163 
2026-01-27 15:00:24,239 INFO: Epoch 112, Train Loss: 0.24153813685883174, Test Loss: 0.3005191841811845, Inverse Test Loss: 0.8253211523547317, Train R2: 0.9390732379573764, Test R2: 0.9057755470275879, Inverse Test R2: 0.9057755470275879 
2026-01-27 15:00:35,780 INFO: Epoch 113, Train Loss: 0.24099093969121124, Test Loss: 0.2989397202477311, Inverse Test Loss: 0.8209834460056189, Train R2: 0.939718255942518, Test R2: 0.9068145155906677, Inverse Test R2: 0.9068145751953125 
2026-01-27 15:00:47,264 INFO: Epoch 114, Train Loss: 0.2430832182819193, Test Loss: 0.2997167408466339, Inverse Test Loss: 0.8231173898234512, Train R2: 0.9388010894710367, Test R2: 0.90634685754776, Inverse Test R2: 0.90634685754776 
2026-01-27 15:00:58,794 INFO: Epoch 115, Train Loss: 0.2388880235904997, Test Loss: 0.30030573362653906, Inverse Test Loss: 0.8247349497043726, Train R2: 0.9405187219381332, Test R2: 0.9058161973953247, Inverse Test R2: 0.9058161973953247 
2026-01-27 15:01:10,358 INFO: Epoch 116, Train Loss: 0.23817624004952836, Test Loss: 0.3014714744958011, Inverse Test Loss: 0.8279364596713673, Train R2: 0.9409443257432996, Test R2: 0.9053829908370972, Inverse Test R2: 0.9053829908370972 
2026-01-27 15:01:21,800 INFO: Epoch 117, Train Loss: 0.23791949112306943, Test Loss: 0.30185148210236523, Inverse Test Loss: 0.8289800647533301, Train R2: 0.9409957225575591, Test R2: 0.904992938041687, Inverse Test R2: 0.904992938041687 
2026-01-27 15:01:33,379 INFO: Epoch 118, Train Loss: 0.23718141403162118, Test Loss: 0.3032539595257152, Inverse Test Loss: 0.8328317187049172, Train R2: 0.9411820489348788, Test R2: 0.9041980504989624, Inverse Test R2: 0.9041980504989624 
2026-01-27 15:01:44,980 INFO: Epoch 119, Train Loss: 0.23735686165816855, Test Loss: 0.30245959758758545, Inverse Test Loss: 0.8306501724503257, Train R2: 0.9413671479983763, Test R2: 0.9046541452407837, Inverse Test R2: 0.9046541452407837 
2026-01-27 15:01:56,527 INFO: Epoch 120, Train Loss: 0.23791584022568935, Test Loss: 0.3015967079184272, Inverse Test Loss: 0.8282803947275336, Train R2: 0.9412168210202997, Test R2: 0.9051287770271301, Inverse Test R2: 0.9051287770271301 
2026-01-27 15:01:56,527 INFO: Best Epoch 98, Best Test Loss: 0.2937346543326522, Inv Test Loss: 0.8066886880181052, Best Test R2: 0.9103059768676758 
2026-01-27 15:02:08,043 INFO: Epoch 121, Train Loss: 0.23960750662919247, Test Loss: 0.2994174076752229, Inverse Test Loss: 0.822295322562709, Train R2: 0.9397845950090524, Test R2: 0.9067675471305847, Inverse Test R2: 0.9067675471305847 
2026-01-27 15:02:19,575 INFO: Epoch 122, Train Loss: 0.2371883112372774, Test Loss: 0.30567188335187506, Inverse Test Loss: 0.8394721060088186, Train R2: 0.9413586543364958, Test R2: 0.9029955863952637, Inverse Test R2: 0.9029956459999084 
2026-01-27 15:02:31,053 INFO: Epoch 123, Train Loss: 0.23841059975551837, Test Loss: 0.30488598482175305, Inverse Test Loss: 0.8373137911160787, Train R2: 0.9410188274853157, Test R2: 0.9033947587013245, Inverse Test R2: 0.9033947587013245 
2026-01-27 15:02:42,525 INFO: Epoch 124, Train Loss: 0.23518465809298283, Test Loss: 0.2994440956549211, Inverse Test Loss: 0.8223686200199705, Train R2: 0.9420274450923457, Test R2: 0.9066394567489624, Inverse Test R2: 0.9066394567489624 
2026-01-27 15:02:54,223 INFO: Epoch 125, Train Loss: 0.2338807965544137, Test Loss: 0.2986120744185014, Inverse Test Loss: 0.8200836290012706, Train R2: 0.9429905635840965, Test R2: 0.9070224165916443, Inverse Test R2: 0.9070224165916443 
2026-01-27 15:03:05,746 INFO: Epoch 126, Train Loss: 0.2352830855683847, Test Loss: 0.2982588663245692, Inverse Test Loss: 0.8191135995315783, Train R2: 0.9421249826749166, Test R2: 0.9071038365364075, Inverse Test R2: 0.9071038365364075 
2026-01-27 15:03:17,327 INFO: Epoch 127, Train Loss: 0.23397394540635022, Test Loss: 0.2988624188936118, Inverse Test Loss: 0.8207711559353452, Train R2: 0.9424257928674872, Test R2: 0.907008171081543, Inverse Test R2: 0.9070082306861877 
2026-01-27 15:03:28,824 INFO: Epoch 128, Train Loss: 0.23459253561767665, Test Loss: 0.3047654664877689, Inverse Test Loss: 0.8369827956864329, Train R2: 0.9424229896429813, Test R2: 0.9030445218086243, Inverse Test R2: 0.903044581413269 
2026-01-27 15:03:40,297 INFO: Epoch 129, Train Loss: 0.23313772949305447, Test Loss: 0.3025232404470444, Inverse Test Loss: 0.8308249314626058, Train R2: 0.9432678674206589, Test R2: 0.9046774506568909, Inverse Test R2: 0.9046774506568909 
2026-01-27 15:03:51,851 INFO: Epoch 130, Train Loss: 0.23137218821229358, Test Loss: 0.30470746258894604, Inverse Test Loss: 0.8368235013701699, Train R2: 0.9442825746355634, Test R2: 0.903318464756012, Inverse Test R2: 0.903318464756012 
2026-01-27 15:03:51,851 INFO: Best Epoch 98, Best Test Loss: 0.2937346543326522, Inv Test Loss: 0.8066886880181052, Best Test R2: 0.9103059768676758 
2026-01-27 15:04:03,498 INFO: Epoch 131, Train Loss: 0.23207631154042302, Test Loss: 0.3028064884922721, Inverse Test Loss: 0.831602829875368, Train R2: 0.944040392835935, Test R2: 0.9043569564819336, Inverse Test R2: 0.9043569564819336 
2026-01-27 15:04:15,040 INFO: Epoch 132, Train Loss: 0.23086308258952518, Test Loss: 0.30433155731721356, Inverse Test Loss: 0.8357911362792506, Train R2: 0.9445192077846238, Test R2: 0.9034243226051331, Inverse Test R2: 0.9034243226051331 
2026-01-27 15:04:26,642 INFO: Epoch 133, Train Loss: 0.232301349554098, Test Loss: 0.3006970038016637, Inverse Test Loss: 0.8258095094651887, Train R2: 0.9440249638123945, Test R2: 0.9056563973426819, Inverse Test R2: 0.9056563973426819 
2026-01-27 15:04:38,196 INFO: Epoch 134, Train Loss: 0.23044849672552312, Test Loss: 0.2985764890909195, Inverse Test Loss: 0.819985897252054, Train R2: 0.9446138044198354, Test R2: 0.9069119095802307, Inverse Test R2: 0.9069119095802307 
2026-01-27 15:04:49,687 INFO: Epoch 135, Train Loss: 0.23126367931113098, Test Loss: 0.30302330670934735, Inverse Test Loss: 0.8321982838890769, Train R2: 0.9441709337812482, Test R2: 0.9045994281768799, Inverse Test R2: 0.9045994281768799 
2026-01-27 15:05:01,185 INFO: Epoch 136, Train Loss: 0.23057829148390077, Test Loss: 0.3031759645902749, Inverse Test Loss: 0.8326175303170176, Train R2: 0.9441496567292647, Test R2: 0.9045395255088806, Inverse Test R2: 0.9045395255088806 
2026-01-27 15:05:12,754 INFO: Epoch 137, Train Loss: 0.23239033556345737, Test Loss: 0.3006325264771779, Inverse Test Loss: 0.8256324330965678, Train R2: 0.9432055349602844, Test R2: 0.9059741497039795, Inverse Test R2: 0.9059741497039795 
2026-01-27 15:05:24,256 INFO: Epoch 138, Train Loss: 0.22787147421728482, Test Loss: 0.3019472974719423, Inverse Test Loss: 0.8292432030042013, Train R2: 0.9457755915143273, Test R2: 0.9050929546356201, Inverse Test R2: 0.9050929546356201 
2026-01-27 15:05:35,802 INFO: Epoch 139, Train Loss: 0.22914625151139317, Test Loss: 0.3081945212501468, Inverse Test Loss: 0.8464000748865532, Train R2: 0.9452853509874055, Test R2: 0.9010151624679565, Inverse Test R2: 0.9010151624679565 
2026-01-27 15:05:47,398 INFO: Epoch 140, Train Loss: 0.22674974302450815, Test Loss: 0.30549282016176166, Inverse Test Loss: 0.8389803297591932, Train R2: 0.9463665593754161, Test R2: 0.9025473594665527, Inverse Test R2: 0.9025473594665527 
2026-01-27 15:05:47,398 INFO: Best Epoch 98, Best Test Loss: 0.2937346543326522, Inv Test Loss: 0.8066886880181052, Best Test R2: 0.9103059768676758 
2026-01-27 15:05:58,957 INFO: Epoch 141, Train Loss: 0.22659671001813628, Test Loss: 0.3030821509433515, Inverse Test Loss: 0.8323598774996671, Train R2: 0.9463824155655775, Test R2: 0.904085636138916, Inverse Test R2: 0.904085636138916 
2026-01-27 15:06:09,840 INFO: Epoch 142, Train Loss: 0.22545683812914472, Test Loss: 0.3039905099254666, Inverse Test Loss: 0.8348545106974515, Train R2: 0.9466700770638206, Test R2: 0.9036757349967957, Inverse Test R2: 0.9036757349967957 
2026-01-27 15:06:17,567 INFO: Epoch 143, Train Loss: 0.225132330461885, Test Loss: 0.3028203930818673, Inverse Test Loss: 0.8316410093596487, Train R2: 0.9469384514924252, Test R2: 0.9042338132858276, Inverse Test R2: 0.9042338132858276 
2026-01-27 15:06:25,256 INFO: Epoch 144, Train Loss: 0.22687921074755263, Test Loss: 0.30255183487227466, Inverse Test Loss: 0.8309034632913994, Train R2: 0.9458162807153933, Test R2: 0.9047499895095825, Inverse Test R2: 0.9047499895095825 
2026-01-27 15:06:32,908 INFO: Epoch 145, Train Loss: 0.22669160625699794, Test Loss: 0.3014632160916473, Inverse Test Loss: 0.8279137701699228, Train R2: 0.9463548998941075, Test R2: 0.9053205251693726, Inverse Test R2: 0.9053205251693726 
2026-01-27 15:06:40,525 INFO: Epoch 146, Train Loss: 0.22643495960669083, Test Loss: 0.30344680945078534, Inverse Test Loss: 0.8333613312605656, Train R2: 0.9467568564595599, Test R2: 0.9039828181266785, Inverse Test R2: 0.9039828181266785 
2026-01-27 15:06:48,088 INFO: Epoch 147, Train Loss: 0.22549144020586304, Test Loss: 0.3020040853457017, Inverse Test Loss: 0.8293991829409744, Train R2: 0.9467082100384163, Test R2: 0.9047759771347046, Inverse Test R2: 0.9047759771347046 
2026-01-27 15:06:55,845 INFO: Epoch 148, Train Loss: 0.2237283026404453, Test Loss: 0.300522198731249, Inverse Test Loss: 0.8253294337879528, Train R2: 0.9478502923792059, Test R2: 0.9058734178543091, Inverse Test R2: 0.9058734178543091 
2026-01-27 15:07:03,539 INFO: Epoch 149, Train Loss: 0.22289875002973009, Test Loss: 0.29978485676375305, Inverse Test Loss: 0.823304458097978, Train R2: 0.9481545813155897, Test R2: 0.9061902165412903, Inverse Test R2: 0.9061902165412903 
2026-01-27 15:07:11,169 INFO: Epoch 150, Train Loss: 0.22225374694574962, Test Loss: 0.30728703059933404, Inverse Test Loss: 0.8439078204559557, Train R2: 0.948414735270269, Test R2: 0.9013318419456482, Inverse Test R2: 0.9013318419456482 
2026-01-27 15:07:11,170 INFO: Best Epoch 98, Best Test Loss: 0.2937346543326522, Inv Test Loss: 0.8066886880181052, Best Test R2: 0.9103059768676758 
