2026-02-26 14:23:27,601 INFO: log_path:logs_2026_2_26_HS_RMSE/AMFormer_simple_KAN_dim32_depth2_heads4_dropout0.4_fusion0.45_0.55_lr0.001_6P 
2026-02-26 14:23:27,601 INFO: Model:namespace(attn_dropout=0.4, categories=[], cluster=3, depth=2, dim=32, ff_dropout=0.4, groups=[54, 54, 54], heads=4, name='AMFormer_simple_KAN_dim32_depth2_heads4_dropout0.4_fusion0.45_0.55', num_cate=0, num_cont=20, num_special_tokens=1, out_dim=1, predictor='simple_KAN', prod_num_per_group=[6, 6, 6], qk_relu=False, static_fusion={'kan_weight': 0.45, 'trans_weight': 0.55}, sum_num_per_group=[32, 16, 8], target_mode='regression', token_descent=False, use_KAN_path=False, use_cls_token=True, use_prod=True, use_row_col_attention=False, use_sigmoid=True) 
2026-02-26 14:23:27,601 INFO: lr:0.001, loss:RMSE 
2026-02-26 14:23:27,601 INFO: Dataset:HS, Target:['metal6_Peak'] 
2026-02-26 14:23:27,601 INFO: ------Begin Training Model------ 
2026-02-26 14:23:33,402 INFO: Epoch 1, Train Loss: 0.8307885870789037, Test Loss: 0.7107589660268842, Inverse Test Loss: 6.560176806016401, Train R2: 0.28620629148049787, Test R2: 0.4612147808074951, Inverse Test R2: 0.4612147808074951 
2026-02-26 14:23:33,413 INFO: ---> Saved new best model weights to log/txt_log\logs_2026_2_26_HS_RMSE/AMFormer_simple_KAN_dim32_depth2_heads4_dropout0.4_fusion0.45_0.55_lr0.001_6P\best_AMFormer_HS_weights.pth 
2026-02-26 14:23:35,740 INFO: Epoch 2, Train Loss: 0.7023305314959902, Test Loss: 0.6415072643395626, Inverse Test Loss: 5.920996131318988, Train R2: 0.49575703929771076, Test R2: 0.5582209825515747, Inverse Test R2: 0.5582209229469299 
2026-02-26 14:23:35,748 INFO: ---> Saved new best model weights to log/txt_log\logs_2026_2_26_HS_RMSE/AMFormer_simple_KAN_dim32_depth2_heads4_dropout0.4_fusion0.45_0.55_lr0.001_6P\best_AMFormer_HS_weights.pth 
2026-02-26 14:23:38,081 INFO: Epoch 3, Train Loss: 0.649216252746004, Test Loss: 0.6078841884930929, Inverse Test Loss: 5.6106611887613935, Train R2: 0.5675397312099283, Test R2: 0.604276180267334, Inverse Test R2: 0.604276180267334 
2026-02-26 14:23:38,090 INFO: ---> Saved new best model weights to log/txt_log\logs_2026_2_26_HS_RMSE/AMFormer_simple_KAN_dim32_depth2_heads4_dropout0.4_fusion0.45_0.55_lr0.001_6P\best_AMFormer_HS_weights.pth 
2026-02-26 14:23:40,416 INFO: Epoch 4, Train Loss: 0.6182089267355023, Test Loss: 0.5900771554672357, Inverse Test Loss: 5.446305578405207, Train R2: 0.6091796484860507, Test R2: 0.6279732584953308, Inverse Test R2: 0.6279732584953308 
2026-02-26 14:23:40,426 INFO: ---> Saved new best model weights to log/txt_log\logs_2026_2_26_HS_RMSE/AMFormer_simple_KAN_dim32_depth2_heads4_dropout0.4_fusion0.45_0.55_lr0.001_6P\best_AMFormer_HS_weights.pth 
2026-02-26 14:23:42,781 INFO: Epoch 5, Train Loss: 0.6007931584661658, Test Loss: 0.5477347382993409, Inverse Test Loss: 5.055492747913707, Train R2: 0.629217728972435, Test R2: 0.6762998104095459, Inverse Test R2: 0.6762998104095459 
2026-02-26 14:23:42,789 INFO: ---> Saved new best model weights to log/txt_log\logs_2026_2_26_HS_RMSE/AMFormer_simple_KAN_dim32_depth2_heads4_dropout0.4_fusion0.45_0.55_lr0.001_6P\best_AMFormer_HS_weights.pth 
2026-02-26 14:23:45,138 INFO: Epoch 6, Train Loss: 0.5788351396719614, Test Loss: 0.5311907692389055, Inverse Test Loss: 4.902794852401271, Train R2: 0.6547941633246162, Test R2: 0.6943343281745911, Inverse Test R2: 0.6943342685699463 
2026-02-26 14:23:45,146 INFO: ---> Saved new best model weights to log/txt_log\logs_2026_2_26_HS_RMSE/AMFormer_simple_KAN_dim32_depth2_heads4_dropout0.4_fusion0.45_0.55_lr0.001_6P\best_AMFormer_HS_weights.pth 
2026-02-26 14:23:47,512 INFO: Epoch 7, Train Loss: 0.5621181674527399, Test Loss: 0.5381839058615945, Inverse Test Loss: 4.967340223716967, Train R2: 0.6749708810538957, Test R2: 0.6862484216690063, Inverse Test R2: 0.6862483620643616 
2026-02-26 14:23:49,870 INFO: Epoch 8, Train Loss: 0.5491056938966116, Test Loss: 0.5171396849733411, Inverse Test Loss: 4.773105838082054, Train R2: 0.6902571176037644, Test R2: 0.7100395560264587, Inverse Test R2: 0.7100395560264587 
2026-02-26 14:23:49,879 INFO: ---> Saved new best model weights to log/txt_log\logs_2026_2_26_HS_RMSE/AMFormer_simple_KAN_dim32_depth2_heads4_dropout0.4_fusion0.45_0.55_lr0.001_6P\best_AMFormer_HS_weights.pth 
2026-02-26 14:23:52,237 INFO: Epoch 9, Train Loss: 0.5441713310552366, Test Loss: 0.5042376843365756, Inverse Test Loss: 4.654022773106893, Train R2: 0.6962165042306437, Test R2: 0.7246886491775513, Inverse Test R2: 0.7246886491775513 
2026-02-26 14:23:52,246 INFO: ---> Saved new best model weights to log/txt_log\logs_2026_2_26_HS_RMSE/AMFormer_simple_KAN_dim32_depth2_heads4_dropout0.4_fusion0.45_0.55_lr0.001_6P\best_AMFormer_HS_weights.pth 
2026-02-26 14:23:54,595 INFO: Epoch 10, Train Loss: 0.5319038778543472, Test Loss: 0.4975303926251151, Inverse Test Loss: 4.592115676764286, Train R2: 0.7084607206510775, Test R2: 0.7319563627243042, Inverse Test R2: 0.7319563627243042 
2026-02-26 14:23:54,604 INFO: ---> Saved new best model weights to log/txt_log\logs_2026_2_26_HS_RMSE/AMFormer_simple_KAN_dim32_depth2_heads4_dropout0.4_fusion0.45_0.55_lr0.001_6P\best_AMFormer_HS_weights.pth 
2026-02-26 14:23:54,604 INFO: Best Epoch 10, Best Test Loss: 0.4975303926251151, Inv Test Loss: 4.592115676764286, Best Test R2: 0.7319563627243042 
2026-02-26 14:23:56,962 INFO: Epoch 11, Train Loss: 0.530258187290394, Test Loss: 0.49246880773342017, Inverse Test Loss: 4.5453981124993525, Train R2: 0.711041320905541, Test R2: 0.7360290884971619, Inverse Test R2: 0.7360290288925171 
2026-02-26 14:23:56,970 INFO: ---> Saved new best model weights to log/txt_log\logs_2026_2_26_HS_RMSE/AMFormer_simple_KAN_dim32_depth2_heads4_dropout0.4_fusion0.45_0.55_lr0.001_6P\best_AMFormer_HS_weights.pth 
2026-02-26 14:23:59,313 INFO: Epoch 12, Train Loss: 0.5279734267881422, Test Loss: 0.4817845342737256, Inverse Test Loss: 4.446784257888794, Train R2: 0.7132293180082784, Test R2: 0.7485408782958984, Inverse Test R2: 0.7485408782958984 
2026-02-26 14:23:59,321 INFO: ---> Saved new best model weights to log/txt_log\logs_2026_2_26_HS_RMSE/AMFormer_simple_KAN_dim32_depth2_heads4_dropout0.4_fusion0.45_0.55_lr0.001_6P\best_AMFormer_HS_weights.pth 
2026-02-26 14:24:01,686 INFO: Epoch 13, Train Loss: 0.5185888292211475, Test Loss: 0.4796942454395872, Inverse Test Loss: 4.427491231398149, Train R2: 0.7240788205103441, Test R2: 0.7505958080291748, Inverse Test R2: 0.75059574842453 
2026-02-26 14:24:01,694 INFO: ---> Saved new best model weights to log/txt_log\logs_2026_2_26_HS_RMSE/AMFormer_simple_KAN_dim32_depth2_heads4_dropout0.4_fusion0.45_0.55_lr0.001_6P\best_AMFormer_HS_weights.pth 
2026-02-26 14:24:04,046 INFO: Epoch 14, Train Loss: 0.5121375927419374, Test Loss: 0.4881587127844493, Inverse Test Loss: 4.505616729909724, Train R2: 0.7312642521027363, Test R2: 0.7425469160079956, Inverse Test R2: 0.7425468564033508 
2026-02-26 14:24:06,400 INFO: Epoch 15, Train Loss: 0.5085466422817924, Test Loss: 0.466449162273696, Inverse Test Loss: 4.305241469180945, Train R2: 0.734533173568321, Test R2: 0.7642593383789062, Inverse Test R2: 0.7642593383789062 
2026-02-26 14:24:06,408 INFO: ---> Saved new best model weights to log/txt_log\logs_2026_2_26_HS_RMSE/AMFormer_simple_KAN_dim32_depth2_heads4_dropout0.4_fusion0.45_0.55_lr0.001_6P\best_AMFormer_HS_weights.pth 
2026-02-26 14:24:08,755 INFO: Epoch 16, Train Loss: 0.5070868956320214, Test Loss: 0.47513636404817755, Inverse Test Loss: 4.385422786076863, Train R2: 0.734622778766083, Test R2: 0.7562754154205322, Inverse Test R2: 0.7562754154205322 
2026-02-26 14:24:11,108 INFO: Epoch 17, Train Loss: 0.4991055835377086, Test Loss: 0.4623933443517396, Inverse Test Loss: 4.267807035735159, Train R2: 0.7428407307827112, Test R2: 0.76717209815979, Inverse Test R2: 0.76717209815979 
2026-02-26 14:24:11,117 INFO: ---> Saved new best model weights to log/txt_log\logs_2026_2_26_HS_RMSE/AMFormer_simple_KAN_dim32_depth2_heads4_dropout0.4_fusion0.45_0.55_lr0.001_6P\best_AMFormer_HS_weights.pth 
2026-02-26 14:24:13,468 INFO: Epoch 18, Train Loss: 0.5038700758507757, Test Loss: 0.45763555349725665, Inverse Test Loss: 4.223893497929429, Train R2: 0.7393249241691647, Test R2: 0.772538423538208, Inverse Test R2: 0.772538423538208 
2026-02-26 14:24:13,477 INFO: ---> Saved new best model weights to log/txt_log\logs_2026_2_26_HS_RMSE/AMFormer_simple_KAN_dim32_depth2_heads4_dropout0.4_fusion0.45_0.55_lr0.001_6P\best_AMFormer_HS_weights.pth 
2026-02-26 14:24:15,851 INFO: Epoch 19, Train Loss: 0.495480594987219, Test Loss: 0.47683597152883356, Inverse Test Loss: 4.4011098688299, Train R2: 0.7478142827749252, Test R2: 0.7552639245986938, Inverse Test R2: 0.7552639245986938 
2026-02-26 14:24:18,218 INFO: Epoch 20, Train Loss: 0.4950357594273307, Test Loss: 0.45839800256671326, Inverse Test Loss: 4.230930732958244, Train R2: 0.7482298472614, Test R2: 0.7714194655418396, Inverse Test R2: 0.7714194655418396 
2026-02-26 14:24:18,218 INFO: Best Epoch 18, Best Test Loss: 0.45763555349725665, Inv Test Loss: 4.223893497929429, Best Test R2: 0.772538423538208 
2026-02-26 14:24:20,594 INFO: Epoch 21, Train Loss: 0.4877087979605704, Test Loss: 0.45256749788920086, Inverse Test Loss: 4.177116206198027, Train R2: 0.755966526540843, Test R2: 0.7778233885765076, Inverse Test R2: 0.7778233885765076 
2026-02-26 14:24:20,603 INFO: ---> Saved new best model weights to log/txt_log\logs_2026_2_26_HS_RMSE/AMFormer_simple_KAN_dim32_depth2_heads4_dropout0.4_fusion0.45_0.55_lr0.001_6P\best_AMFormer_HS_weights.pth 
2026-02-26 14:24:22,952 INFO: Epoch 22, Train Loss: 0.4849631833759221, Test Loss: 0.46278366356184986, Inverse Test Loss: 4.2714096994111035, Train R2: 0.7585408777901621, Test R2: 0.7690792083740234, Inverse Test R2: 0.7690792083740234 
2026-02-26 14:24:25,310 INFO: Epoch 23, Train Loss: 0.4879538538781079, Test Loss: 0.4596720545580893, Inverse Test Loss: 4.242690108039162, Train R2: 0.7550274928410848, Test R2: 0.7693031430244446, Inverse Test R2: 0.7693030834197998 
2026-02-26 14:24:27,689 INFO: Epoch 24, Train Loss: 0.48860189905672363, Test Loss: 0.45955570990389044, Inverse Test Loss: 4.241616241859667, Train R2: 0.7541216133218823, Test R2: 0.7717589139938354, Inverse Test R2: 0.7717589139938354 
2026-02-26 14:24:30,082 INFO: Epoch 25, Train Loss: 0.4825452674518932, Test Loss: 0.4531313217047489, Inverse Test Loss: 4.182320219097716, Train R2: 0.759661030588728, Test R2: 0.776989221572876, Inverse Test R2: 0.7769891619682312 
2026-02-26 14:24:32,482 INFO: Epoch 26, Train Loss: 0.48161728115695895, Test Loss: 0.4474421567989118, Inverse Test Loss: 4.129810224879872, Train R2: 0.7619757891604395, Test R2: 0.782340407371521, Inverse Test R2: 0.7823403477668762 
2026-02-26 14:24:32,490 INFO: ---> Saved new best model weights to log/txt_log\logs_2026_2_26_HS_RMSE/AMFormer_simple_KAN_dim32_depth2_heads4_dropout0.4_fusion0.45_0.55_lr0.001_6P\best_AMFormer_HS_weights.pth 
2026-02-26 14:24:34,871 INFO: Epoch 27, Train Loss: 0.4803397328113065, Test Loss: 0.4517390682841792, Inverse Test Loss: 4.169470013994159, Train R2: 0.7633450410582803, Test R2: 0.7791503667831421, Inverse Test R2: 0.7791503071784973 
2026-02-26 14:24:37,231 INFO: Epoch 28, Train Loss: 0.47856737876480276, Test Loss: 0.4498397238326795, Inverse Test Loss: 4.151939370415428, Train R2: 0.7640922074065064, Test R2: 0.7794840931892395, Inverse Test R2: 0.7794840931892395 
2026-02-26 14:24:39,603 INFO: Epoch 29, Train Loss: 0.4790487138159347, Test Loss: 0.45279195272561273, Inverse Test Loss: 4.179187969727949, Train R2: 0.7641023103937958, Test R2: 0.7779896855354309, Inverse Test R2: 0.7779896855354309 
2026-02-26 14:24:41,964 INFO: Epoch 30, Train Loss: 0.4767363252061786, Test Loss: 0.4611479766441114, Inverse Test Loss: 4.25631248589718, Train R2: 0.7651031030849977, Test R2: 0.7669129371643066, Inverse Test R2: 0.7669129371643066 
2026-02-26 14:24:41,964 INFO: Best Epoch 26, Best Test Loss: 0.4474421567989118, Inv Test Loss: 4.129810224879872, Best Test R2: 0.782340407371521 
2026-02-26 14:24:44,345 INFO: Epoch 31, Train Loss: 0.4752326569322384, Test Loss: 0.4524439473946889, Inverse Test Loss: 4.175975886258212, Train R2: 0.7655516858353759, Test R2: 0.7753583788871765, Inverse Test R2: 0.7753584384918213 
2026-02-26 14:24:46,731 INFO: Epoch 32, Train Loss: 0.470702036086357, Test Loss: 0.4432252148787181, Inverse Test Loss: 4.090888724182591, Train R2: 0.7713039860580907, Test R2: 0.7861334085464478, Inverse Test R2: 0.7861334085464478 
2026-02-26 14:24:46,739 INFO: ---> Saved new best model weights to log/txt_log\logs_2026_2_26_HS_RMSE/AMFormer_simple_KAN_dim32_depth2_heads4_dropout0.4_fusion0.45_0.55_lr0.001_6P\best_AMFormer_HS_weights.pth 
2026-02-26 14:24:49,095 INFO: Epoch 33, Train Loss: 0.4665368899251475, Test Loss: 0.45963631705804303, Inverse Test Loss: 4.242360252322572, Train R2: 0.7760281020944769, Test R2: 0.7714475393295288, Inverse Test R2: 0.7714475393295288 
2026-02-26 14:24:51,475 INFO: Epoch 34, Train Loss: 0.4700184879880963, Test Loss: 0.44218186808354926, Inverse Test Loss: 4.081258766578905, Train R2: 0.7729092732523427, Test R2: 0.7861965298652649, Inverse Test R2: 0.7861964702606201 
2026-02-26 14:24:51,483 INFO: ---> Saved new best model weights to log/txt_log\logs_2026_2_26_HS_RMSE/AMFormer_simple_KAN_dim32_depth2_heads4_dropout0.4_fusion0.45_0.55_lr0.001_6P\best_AMFormer_HS_weights.pth 
2026-02-26 14:24:53,851 INFO: Epoch 35, Train Loss: 0.4672339425394029, Test Loss: 0.4380331509041064, Inverse Test Loss: 4.042966799302534, Train R2: 0.7758190695083502, Test R2: 0.7912536859512329, Inverse Test R2: 0.7912536859512329 
2026-02-26 14:24:53,861 INFO: ---> Saved new best model weights to log/txt_log\logs_2026_2_26_HS_RMSE/AMFormer_simple_KAN_dim32_depth2_heads4_dropout0.4_fusion0.45_0.55_lr0.001_6P\best_AMFormer_HS_weights.pth 
2026-02-26 14:24:56,237 INFO: Epoch 36, Train Loss: 0.4613528551928925, Test Loss: 0.4320827532898296, Inverse Test Loss: 3.98804573579268, Train R2: 0.780412089192506, Test R2: 0.7979623675346375, Inverse Test R2: 0.7979623675346375 
2026-02-26 14:24:56,245 INFO: ---> Saved new best model weights to log/txt_log\logs_2026_2_26_HS_RMSE/AMFormer_simple_KAN_dim32_depth2_heads4_dropout0.4_fusion0.45_0.55_lr0.001_6P\best_AMFormer_HS_weights.pth 
2026-02-26 14:24:58,618 INFO: Epoch 37, Train Loss: 0.4695394739057078, Test Loss: 0.4436358231486696, Inverse Test Loss: 4.094678481419881, Train R2: 0.7723160363507994, Test R2: 0.7864736318588257, Inverse Test R2: 0.7864736318588257 
2026-02-26 14:25:00,999 INFO: Epoch 38, Train Loss: 0.4662663620529753, Test Loss: 0.4369330568747087, Inverse Test Loss: 4.03281307220459, Train R2: 0.778715405048746, Test R2: 0.7928210496902466, Inverse Test R2: 0.7928210496902466 
2026-02-26 14:25:03,361 INFO: Epoch 39, Train Loss: 0.46354994471326016, Test Loss: 0.4363628707148812, Inverse Test Loss: 4.027550473357692, Train R2: 0.7772147858684714, Test R2: 0.7940537929534912, Inverse Test R2: 0.7940537929534912 
2026-02-26 14:25:05,722 INFO: Epoch 40, Train Loss: 0.4624529126467127, Test Loss: 0.43086144508737506, Inverse Test Loss: 3.976773312597564, Train R2: 0.7798792719841003, Test R2: 0.7985369563102722, Inverse Test R2: 0.7985368967056274 
2026-02-26 14:25:05,731 INFO: ---> Saved new best model weights to log/txt_log\logs_2026_2_26_HS_RMSE/AMFormer_simple_KAN_dim32_depth2_heads4_dropout0.4_fusion0.45_0.55_lr0.001_6P\best_AMFormer_HS_weights.pth 
2026-02-26 14:25:05,731 INFO: Best Epoch 40, Best Test Loss: 0.43086144508737506, Inv Test Loss: 3.976773312597564, Best Test R2: 0.7985369563102722 
2026-02-26 14:25:08,092 INFO: Epoch 41, Train Loss: 0.45995245693307935, Test Loss: 0.43437017726175714, Inverse Test Loss: 4.009158250057336, Train R2: 0.7824384940393043, Test R2: 0.7943720817565918, Inverse Test R2: 0.7943720817565918 
2026-02-26 14:25:10,476 INFO: Epoch 42, Train Loss: 0.4566444151780822, Test Loss: 0.4409144746534752, Inverse Test Loss: 4.069560982964256, Train R2: 0.7853526202115145, Test R2: 0.7888327240943909, Inverse Test R2: 0.7888327240943909 
2026-02-26 14:25:12,857 INFO: Epoch 43, Train Loss: 0.46062727159622946, Test Loss: 0.4426274344776616, Inverse Test Loss: 4.085371255874634, Train R2: 0.782432708324808, Test R2: 0.7863315939903259, Inverse Test R2: 0.7863315939903259 
2026-02-26 14:25:15,242 INFO: Epoch 44, Train Loss: 0.45882517099380493, Test Loss: 0.4401717420780297, Inverse Test Loss: 4.062705704660127, Train R2: 0.7836831740357659, Test R2: 0.7885794043540955, Inverse Test R2: 0.7885793447494507 
2026-02-26 14:25:17,640 INFO: Epoch 45, Train Loss: 0.4562394203561725, Test Loss: 0.43443454305330914, Inverse Test Loss: 4.009752389156457, Train R2: 0.7849702202912533, Test R2: 0.7949856519699097, Inverse Test R2: 0.7949856519699097 
2026-02-26 14:25:19,998 INFO: Epoch 46, Train Loss: 0.4599695524031466, Test Loss: 0.4316887142080249, Inverse Test Loss: 3.984408884337454, Train R2: 0.7825174024610808, Test R2: 0.7981598377227783, Inverse Test R2: 0.7981598377227783 
2026-02-26 14:25:22,367 INFO: Epoch 47, Train Loss: 0.4537228451985301, Test Loss: 0.43110880887869635, Inverse Test Loss: 3.9790564161358457, Train R2: 0.7866144139658321, Test R2: 0.7991386651992798, Inverse Test R2: 0.7991386651992798 
2026-02-26 14:25:24,715 INFO: Epoch 48, Train Loss: 0.46085286140441895, Test Loss: 0.4314959238875996, Inverse Test Loss: 3.9826294581095376, Train R2: 0.7811407622965899, Test R2: 0.7979940176010132, Inverse Test R2: 0.7979940176010132 
2026-02-26 14:25:27,078 INFO: Epoch 49, Train Loss: 0.4546984948895194, Test Loss: 0.42895716519066784, Inverse Test Loss: 3.9591971455198345, Train R2: 0.7871600217891462, Test R2: 0.8001970052719116, Inverse Test R2: 0.8001969456672668 
2026-02-26 14:25:27,087 INFO: ---> Saved new best model weights to log/txt_log\logs_2026_2_26_HS_RMSE/AMFormer_simple_KAN_dim32_depth2_heads4_dropout0.4_fusion0.45_0.55_lr0.001_6P\best_AMFormer_HS_weights.pth 
2026-02-26 14:25:29,460 INFO: Epoch 50, Train Loss: 0.4500556608492678, Test Loss: 0.4510598878065745, Inverse Test Loss: 4.163201252619426, Train R2: 0.7912160821936347, Test R2: 0.7770598530769348, Inverse Test R2: 0.7770598530769348 
2026-02-26 14:25:29,460 INFO: Best Epoch 49, Best Test Loss: 0.42895716519066784, Inv Test Loss: 3.9591971455198345, Best Test R2: 0.8001970052719116 
2026-02-26 14:25:31,856 INFO: Epoch 51, Train Loss: 0.4488668202450781, Test Loss: 0.42920027899019647, Inverse Test Loss: 3.961441083387895, Train R2: 0.7916666675697673, Test R2: 0.8000376224517822, Inverse Test R2: 0.8000375628471375 
2026-02-26 14:25:34,247 INFO: Epoch 52, Train Loss: 0.4556433115944718, Test Loss: 0.4301119049390157, Inverse Test Loss: 3.969855156811801, Train R2: 0.7845483602899493, Test R2: 0.7986965775489807, Inverse Test R2: 0.7986965775489807 
2026-02-26 14:25:36,633 INFO: Epoch 53, Train Loss: 0.4477436115795916, Test Loss: 0.4360142323103818, Inverse Test Loss: 4.024332581144391, Train R2: 0.7928998407089349, Test R2: 0.7948309779167175, Inverse Test R2: 0.7948309183120728 
2026-02-26 14:25:39,026 INFO: Epoch 54, Train Loss: 0.4503057323621981, Test Loss: 0.43307873516371753, Inverse Test Loss: 3.99723853486957, Train R2: 0.7896684191443704, Test R2: 0.7947996854782104, Inverse Test R2: 0.7947996854782104 
2026-02-26 14:25:41,440 INFO: Epoch 55, Train Loss: 0.44655707455945737, Test Loss: 0.43430978601629083, Inverse Test Loss: 4.008600921341867, Train R2: 0.7942965206774798, Test R2: 0.7940992712974548, Inverse Test R2: 0.7940992116928101 
2026-02-26 14:25:43,816 INFO: Epoch 56, Train Loss: 0.44949653112527094, Test Loss: 0.4381712765404672, Inverse Test Loss: 4.044241739041878, Train R2: 0.791427651589567, Test R2: 0.7896205186843872, Inverse Test R2: 0.789620578289032 
2026-02-26 14:25:46,189 INFO: Epoch 57, Train Loss: 0.4427462990085284, Test Loss: 0.43437450221090607, Inverse Test Loss: 4.009198210456154, Train R2: 0.7984398215106039, Test R2: 0.7942503690719604, Inverse Test R2: 0.7942503690719604 
2026-02-26 14:25:48,565 INFO: Epoch 58, Train Loss: 0.4515633047981696, Test Loss: 0.4283322068777951, Inverse Test Loss: 3.953428889765884, Train R2: 0.7893773272182002, Test R2: 0.7996816635131836, Inverse Test R2: 0.7996816635131836 
2026-02-26 14:25:48,573 INFO: ---> Saved new best model weights to log/txt_log\logs_2026_2_26_HS_RMSE/AMFormer_simple_KAN_dim32_depth2_heads4_dropout0.4_fusion0.45_0.55_lr0.001_6P\best_AMFormer_HS_weights.pth 
2026-02-26 14:25:50,952 INFO: Epoch 59, Train Loss: 0.4399312064051628, Test Loss: 0.43919897892258386, Inverse Test Loss: 4.053727193312212, Train R2: 0.8009864976911834, Test R2: 0.7896689772605896, Inverse Test R2: 0.7896689176559448 
2026-02-26 14:25:53,333 INFO: Epoch 60, Train Loss: 0.44777192333430954, Test Loss: 0.429806958545338, Inverse Test Loss: 3.967040611035896, Train R2: 0.7932413143642021, Test R2: 0.7997593879699707, Inverse Test R2: 0.7997593879699707 
2026-02-26 14:25:53,334 INFO: Best Epoch 58, Best Test Loss: 0.4283322068777951, Inv Test Loss: 3.953428889765884, Best Test R2: 0.7996816635131836 
2026-02-26 14:25:55,699 INFO: Epoch 61, Train Loss: 0.4404928300416831, Test Loss: 0.43040056842746155, Inverse Test Loss: 3.9725194916580664, Train R2: 0.7986794461806616, Test R2: 0.7995327115058899, Inverse Test R2: 0.7995327115058899 
2026-02-26 14:25:58,090 INFO: Epoch 62, Train Loss: 0.4493547883449179, Test Loss: 0.43081363042195636, Inverse Test Loss: 3.9763319709084253, Train R2: 0.7916023234526316, Test R2: 0.7975113987922668, Inverse Test R2: 0.7975113987922668 
2026-02-26 14:26:00,476 INFO: Epoch 63, Train Loss: 0.4380487038782149, Test Loss: 0.4279887829766129, Inverse Test Loss: 3.950259158105561, Train R2: 0.8003617890856483, Test R2: 0.8013924956321716, Inverse Test R2: 0.8013924956321716 
2026-02-26 14:26:00,484 INFO: ---> Saved new best model weights to log/txt_log\logs_2026_2_26_HS_RMSE/AMFormer_simple_KAN_dim32_depth2_heads4_dropout0.4_fusion0.45_0.55_lr0.001_6P\best_AMFormer_HS_weights.pth 
2026-02-26 14:26:02,890 INFO: Epoch 64, Train Loss: 0.44092285926594876, Test Loss: 0.42775355324600683, Inverse Test Loss: 3.948088031826597, Train R2: 0.7994815910404379, Test R2: 0.8000562191009521, Inverse Test R2: 0.8000562191009521 
2026-02-26 14:26:02,898 INFO: ---> Saved new best model weights to log/txt_log\logs_2026_2_26_HS_RMSE/AMFormer_simple_KAN_dim32_depth2_heads4_dropout0.4_fusion0.45_0.55_lr0.001_6P\best_AMFormer_HS_weights.pth 
2026-02-26 14:26:05,289 INFO: Epoch 65, Train Loss: 0.44212154299020767, Test Loss: 0.4417196719935446, Inverse Test Loss: 4.076992822415901, Train R2: 0.7984424924308603, Test R2: 0.7891079187393188, Inverse Test R2: 0.7891079187393188 
2026-02-26 14:26:07,670 INFO: Epoch 66, Train Loss: 0.4424240334015904, Test Loss: 0.4311017854647203, Inverse Test Loss: 3.9789915735071357, Train R2: 0.7975248459613684, Test R2: 0.7979633212089539, Inverse Test R2: 0.7979633808135986 
2026-02-26 14:26:10,069 INFO: Epoch 67, Train Loss: 0.4400461544141625, Test Loss: 0.42514791271903296, Inverse Test Loss: 3.924038388512351, Train R2: 0.799215117187211, Test R2: 0.8036141991615295, Inverse Test R2: 0.8036141991615295 
2026-02-26 14:26:10,078 INFO: ---> Saved new best model weights to log/txt_log\logs_2026_2_26_HS_RMSE/AMFormer_simple_KAN_dim32_depth2_heads4_dropout0.4_fusion0.45_0.55_lr0.001_6P\best_AMFormer_HS_weights.pth 
2026-02-26 14:26:12,461 INFO: Epoch 68, Train Loss: 0.4271768457961805, Test Loss: 0.4653923917900432, Inverse Test Loss: 4.295487685637041, Train R2: 0.8115625336314692, Test R2: 0.7629920244216919, Inverse Test R2: 0.7629920244216919 
2026-02-26 14:26:14,846 INFO: Epoch 69, Train Loss: 0.44467292658307334, Test Loss: 0.43547321810866846, Inverse Test Loss: 4.019339236346158, Train R2: 0.7957526508605841, Test R2: 0.7924282550811768, Inverse Test R2: 0.792428195476532 
2026-02-26 14:26:17,242 INFO: Epoch 70, Train Loss: 0.44013499739495193, Test Loss: 0.42810571464625274, Inverse Test Loss: 3.9513384067650996, Train R2: 0.7987749197266318, Test R2: 0.7994454503059387, Inverse Test R2: 0.7994454503059387 
2026-02-26 14:26:17,242 INFO: Best Epoch 67, Best Test Loss: 0.42514791271903296, Inv Test Loss: 3.924038388512351, Best Test R2: 0.8036141991615295 
2026-02-26 14:26:19,639 INFO: Epoch 71, Train Loss: 0.4303394425095934, Test Loss: 0.4431702124349999, Inverse Test Loss: 4.0903809793067705, Train R2: 0.8084190289179484, Test R2: 0.7850931882858276, Inverse Test R2: 0.7850931882858276 
2026-02-26 14:26:22,031 INFO: Epoch 72, Train Loss: 0.43777560284643463, Test Loss: 0.4266722455169215, Inverse Test Loss: 3.938107714508519, Train R2: 0.8008331972541232, Test R2: 0.8019495010375977, Inverse Test R2: 0.8019495010375977 
2026-02-26 14:26:24,428 INFO: Epoch 73, Train Loss: 0.4305680859269518, Test Loss: 0.44173169858527905, Inverse Test Loss: 4.077103788202459, Train R2: 0.808503989017371, Test R2: 0.786688506603241, Inverse Test R2: 0.786688506603241 
2026-02-26 14:26:26,817 INFO: Epoch 74, Train Loss: 0.43455661246270844, Test Loss: 0.4335027418353341, Inverse Test Loss: 4.001152038574219, Train R2: 0.8055497873010058, Test R2: 0.7959721088409424, Inverse Test R2: 0.7959721088409424 
2026-02-26 14:26:29,219 INFO: Epoch 75, Train Loss: 0.4235333994482503, Test Loss: 0.4347967008749644, Inverse Test Loss: 4.013095039309877, Train R2: 0.8125424059954557, Test R2: 0.7919754385948181, Inverse Test R2: 0.7919753789901733 
2026-02-26 14:26:31,605 INFO: Epoch 76, Train Loss: 0.4338690889152614, Test Loss: 0.4422347012794379, Inverse Test Loss: 4.08174636147239, Train R2: 0.8061795234680176, Test R2: 0.7844266891479492, Inverse Test R2: 0.7844266891479492 
2026-02-26 14:26:33,995 INFO: Epoch 77, Train Loss: 0.4311521694515691, Test Loss: 0.430836763345834, Inverse Test Loss: 3.9765455144824404, Train R2: 0.8069862204067635, Test R2: 0.7971848249435425, Inverse Test R2: 0.7971848249435425 
2026-02-26 14:26:36,397 INFO: Epoch 78, Train Loss: 0.42712381504701846, Test Loss: 0.43320153518156573, Inverse Test Loss: 3.998371933445786, Train R2: 0.809785375992457, Test R2: 0.7943985462188721, Inverse Test R2: 0.7943985462188721 
2026-02-26 14:26:38,802 INFO: Epoch 79, Train Loss: 0.43327303298495035, Test Loss: 0.4381865046241067, Inverse Test Loss: 4.0443823048562715, Train R2: 0.8060416926940283, Test R2: 0.7912832498550415, Inverse Test R2: 0.7912832498550415 
2026-02-26 14:26:41,187 INFO: Epoch 80, Train Loss: 0.42872730416781973, Test Loss: 0.43704119414994214, Inverse Test Loss: 4.03381128022165, Train R2: 0.8083205850738467, Test R2: 0.7926807403564453, Inverse Test R2: 0.7926806807518005 
2026-02-26 14:26:41,187 INFO: Best Epoch 67, Best Test Loss: 0.42514791271903296, Inv Test Loss: 3.924038388512351, Best Test R2: 0.8036141991615295 
2026-02-26 14:26:43,563 INFO: Epoch 81, Train Loss: 0.43010341534108826, Test Loss: 0.432042506608096, Inverse Test Loss: 3.9876742507472183, Train R2: 0.8087601557825551, Test R2: 0.7954058647155762, Inverse Test R2: 0.7954058647155762 
2026-02-26 14:26:45,938 INFO: Epoch 82, Train Loss: 0.43069818074052985, Test Loss: 0.4228813449541728, Inverse Test Loss: 3.9031184658859717, Train R2: 0.8075866496021097, Test R2: 0.8063474893569946, Inverse Test R2: 0.8063474893569946 
2026-02-26 14:26:45,946 INFO: ---> Saved new best model weights to log/txt_log\logs_2026_2_26_HS_RMSE/AMFormer_simple_KAN_dim32_depth2_heads4_dropout0.4_fusion0.45_0.55_lr0.001_6P\best_AMFormer_HS_weights.pth 
2026-02-26 14:26:48,335 INFO: Epoch 83, Train Loss: 0.4288787322513985, Test Loss: 0.4245327566609238, Inverse Test Loss: 3.9183606884696265, Train R2: 0.8086152600519585, Test R2: 0.8058233261108398, Inverse Test R2: 0.8058233261108398 
2026-02-26 14:26:50,723 INFO: Epoch 84, Train Loss: 0.4265554962736188, Test Loss: 0.4261014542796395, Inverse Test Loss: 3.9328394225149443, Train R2: 0.8124794950990966, Test R2: 0.8013917207717896, Inverse Test R2: 0.8013917207717896 
2026-02-26 14:26:53,100 INFO: Epoch 85, Train Loss: 0.420467707695383, Test Loss: 0.44148856130513275, Inverse Test Loss: 4.074859633590236, Train R2: 0.8159928809512745, Test R2: 0.7886192202568054, Inverse Test R2: 0.7886192202568054 
2026-02-26 14:26:55,470 INFO: Epoch 86, Train Loss: 0.4314917199539416, Test Loss: 0.4159097427671606, Inverse Test Loss: 3.8387718128435537, Train R2: 0.8071285423004266, Test R2: 0.8119050860404968, Inverse Test R2: 0.811905026435852 
2026-02-26 14:26:55,481 INFO: ---> Saved new best model weights to log/txt_log\logs_2026_2_26_HS_RMSE/AMFormer_simple_KAN_dim32_depth2_heads4_dropout0.4_fusion0.45_0.55_lr0.001_6P\best_AMFormer_HS_weights.pth 
2026-02-26 14:26:57,866 INFO: Epoch 87, Train Loss: 0.4271448864178224, Test Loss: 0.42661800799947797, Inverse Test Loss: 3.9376071655389033, Train R2: 0.810444893710541, Test R2: 0.8016606569290161, Inverse Test R2: 0.8016605973243713 
2026-02-26 14:27:00,317 INFO: Epoch 88, Train Loss: 0.42656787304264127, Test Loss: 0.4343702531222141, Inverse Test Loss: 4.009159015886711, Train R2: 0.8105308788292336, Test R2: 0.7943836450576782, Inverse Test R2: 0.7943836450576782 
2026-02-26 14:27:02,708 INFO: Epoch 89, Train Loss: 0.4231423442110871, Test Loss: 0.42472217751271796, Inverse Test Loss: 3.9201089830109566, Train R2: 0.8130686617258823, Test R2: 0.801733672618866, Inverse Test R2: 0.801733672618866 
2026-02-26 14:27:05,089 INFO: Epoch 90, Train Loss: 0.4163213728955298, Test Loss: 0.4551139645504229, Inverse Test Loss: 4.2006196831211895, Train R2: 0.8196845108812506, Test R2: 0.7723469138145447, Inverse Test R2: 0.7723468542098999 
2026-02-26 14:27:05,089 INFO: Best Epoch 86, Best Test Loss: 0.4159097427671606, Inv Test Loss: 3.8387718128435537, Best Test R2: 0.8119050860404968 
2026-02-26 14:27:07,481 INFO: Epoch 91, Train Loss: 0.42668024879513367, Test Loss: 0.42685348879207263, Inverse Test Loss: 3.939780618205215, Train R2: 0.8112414235418494, Test R2: 0.8011780977249146, Inverse Test R2: 0.8011780977249146 
2026-02-26 14:27:09,877 INFO: Epoch 92, Train Loss: 0.4237222626353755, Test Loss: 0.4270852497129729, Inverse Test Loss: 3.941919724146525, Train R2: 0.8126957624247579, Test R2: 0.8016163110733032, Inverse Test R2: 0.8016163110733032 
2026-02-26 14:27:12,310 INFO: Epoch 93, Train Loss: 0.42443027166706143, Test Loss: 0.43096446178176184, Inverse Test Loss: 3.9777241692398535, Train R2: 0.8127499827832887, Test R2: 0.7977659702301025, Inverse Test R2: 0.7977659702301025 
2026-02-26 14:27:14,711 INFO: Epoch 94, Train Loss: 0.42263811059070355, Test Loss: 0.42732307134252606, Inverse Test Loss: 3.9441147067330102, Train R2: 0.813615854490887, Test R2: 0.7996314764022827, Inverse Test R2: 0.7996314764022827 
2026-02-26 14:27:17,087 INFO: Epoch 95, Train Loss: 0.4198026679682009, Test Loss: 0.4402387837568919, Inverse Test Loss: 4.063324538144198, Train R2: 0.8158568771499576, Test R2: 0.7878028750419617, Inverse Test R2: 0.7878028750419617 
2026-02-26 14:27:19,485 INFO: Epoch 96, Train Loss: 0.42049290736516315, Test Loss: 0.4486075061740297, Inverse Test Loss: 4.140566269556682, Train R2: 0.8153150736382513, Test R2: 0.7795228362083435, Inverse Test R2: 0.7795228362083435 
2026-02-26 14:27:21,907 INFO: Epoch 97, Train Loss: 0.4303929672548265, Test Loss: 0.43543454282211536, Inverse Test Loss: 4.0189821647875235, Train R2: 0.8079739944501356, Test R2: 0.7907592058181763, Inverse Test R2: 0.7907591462135315 
2026-02-26 14:27:24,286 INFO: Epoch 98, Train Loss: 0.4244642576033419, Test Loss: 0.4318218131860097, Inverse Test Loss: 3.9856373685778994, Train R2: 0.813002246798891, Test R2: 0.7970921993255615, Inverse Test R2: 0.7970921397209167 
2026-02-26 14:27:26,661 INFO: Epoch 99, Train Loss: 0.4175395197940595, Test Loss: 0.4428629802935051, Inverse Test Loss: 4.087545351548628, Train R2: 0.8170198179555662, Test R2: 0.7864404320716858, Inverse Test R2: 0.7864404320716858 
2026-02-26 14:27:29,052 INFO: Epoch 100, Train Loss: 0.423042826806054, Test Loss: 0.43853266762964654, Inverse Test Loss: 4.047577301661174, Train R2: 0.8135540309277448, Test R2: 0.7875157594680786, Inverse Test R2: 0.7875157594680786 
2026-02-26 14:27:29,052 INFO: Best Epoch 86, Best Test Loss: 0.4159097427671606, Inv Test Loss: 3.8387718128435537, Best Test R2: 0.8119050860404968 
2026-02-26 14:27:31,443 INFO: Epoch 101, Train Loss: 0.42800035124475305, Test Loss: 0.43014168378078577, Inverse Test Loss: 3.970130002859867, Train R2: 0.8089421034762354, Test R2: 0.7979686260223389, Inverse Test R2: 0.7979685664176941 
2026-02-26 14:27:33,846 INFO: Epoch 102, Train Loss: 0.41849826456922473, Test Loss: 0.4355858266353607, Inverse Test Loss: 4.020378517382072, Train R2: 0.8185094048579534, Test R2: 0.793463408946991, Inverse Test R2: 0.7934633493423462 
2026-02-26 14:27:36,234 INFO: Epoch 103, Train Loss: 0.4209282680442839, Test Loss: 0.42997721379453485, Inverse Test Loss: 3.9686120062163384, Train R2: 0.8163273447390759, Test R2: 0.7981799840927124, Inverse Test R2: 0.7981799840927124 
2026-02-26 14:27:38,597 INFO: Epoch 104, Train Loss: 0.422899024165941, Test Loss: 0.4262713067459338, Inverse Test Loss: 3.934407205292673, Train R2: 0.8143930710626371, Test R2: 0.8005340099334717, Inverse Test R2: 0.8005340099334717 
2026-02-26 14:27:40,988 INFO: Epoch 105, Train Loss: 0.41953657115950727, Test Loss: 0.4345456488204725, Inverse Test Loss: 4.0107778563643945, Train R2: 0.8185170848261226, Test R2: 0.7927953004837036, Inverse Test R2: 0.7927953004837036 
2026-02-26 14:27:43,369 INFO: Epoch 106, Train Loss: 0.4218115569515662, Test Loss: 0.43758103341767285, Inverse Test Loss: 4.038793910633434, Train R2: 0.8137291742093635, Test R2: 0.7905991077423096, Inverse Test R2: 0.7905991077423096 
2026-02-26 14:27:45,745 INFO: Epoch 107, Train Loss: 0.41430287221164414, Test Loss: 0.43788251280784607, Inverse Test Loss: 4.04157642884688, Train R2: 0.8215423330213084, Test R2: 0.7893519401550293, Inverse Test R2: 0.7893519401550293 
2026-02-26 14:27:48,115 INFO: Epoch 108, Train Loss: 0.4125333313237537, Test Loss: 0.4409286126945958, Inverse Test Loss: 4.069691448500662, Train R2: 0.8235164442748735, Test R2: 0.7867143154144287, Inverse Test R2: 0.7867143154144287 
2026-02-26 14:27:50,503 INFO: Epoch 109, Train Loss: 0.4084794918696086, Test Loss: 0.43382806218031683, Inverse Test Loss: 4.004154696609035, Train R2: 0.8265668275681409, Test R2: 0.7923452854156494, Inverse Test R2: 0.7923452854156494 
2026-02-26 14:27:52,920 INFO: Epoch 110, Train Loss: 0.41298379681327124, Test Loss: 0.43210875717076386, Inverse Test Loss: 3.988285779953003, Train R2: 0.8222588350375494, Test R2: 0.7954397201538086, Inverse Test R2: 0.7954397201538086 
2026-02-26 14:27:52,920 INFO: Best Epoch 86, Best Test Loss: 0.4159097427671606, Inv Test Loss: 3.8387718128435537, Best Test R2: 0.8119050860404968 
2026-02-26 14:27:55,308 INFO: Epoch 111, Train Loss: 0.41894623253381613, Test Loss: 0.4297300802938866, Inverse Test Loss: 3.966331026770852, Train R2: 0.817721584981138, Test R2: 0.7966151237487793, Inverse Test R2: 0.7966151237487793 
2026-02-26 14:27:57,693 INFO: Epoch 112, Train Loss: 0.4092675707105434, Test Loss: 0.43405474496610236, Inverse Test Loss: 4.006246855764678, Train R2: 0.825876998630437, Test R2: 0.7932209968566895, Inverse Test R2: 0.7932209968566895 
2026-02-26 14:28:00,089 INFO: Epoch 113, Train Loss: 0.4130103391679851, Test Loss: 0.4226894893429496, Inverse Test Loss: 3.90134765885093, Train R2: 0.822031140779004, Test R2: 0.803713321685791, Inverse Test R2: 0.803713321685791 
2026-02-26 14:28:02,497 INFO: Epoch 114, Train Loss: 0.4107602992744157, Test Loss: 0.4411718375755079, Inverse Test Loss: 4.071936397841482, Train R2: 0.8244285479639516, Test R2: 0.7852749228477478, Inverse Test R2: 0.7852749228477478 
2026-02-26 14:28:04,891 INFO: Epoch 115, Train Loss: 0.4130966929775296, Test Loss: 0.42153329560250946, Inverse Test Loss: 3.8906761516224253, Train R2: 0.8217117501930757, Test R2: 0.805251955986023, Inverse Test R2: 0.8052518963813782 
2026-02-26 14:28:07,275 INFO: Epoch 116, Train Loss: 0.41597102785652335, Test Loss: 0.41468554373943445, Inverse Test Loss: 3.8274726650931616, Train R2: 0.8193796335747747, Test R2: 0.8130688667297363, Inverse Test R2: 0.8130688071250916 
2026-02-26 14:28:07,284 INFO: ---> Saved new best model weights to log/txt_log\logs_2026_2_26_HS_RMSE/AMFormer_simple_KAN_dim32_depth2_heads4_dropout0.4_fusion0.45_0.55_lr0.001_6P\best_AMFormer_HS_weights.pth 
2026-02-26 14:28:09,648 INFO: Epoch 117, Train Loss: 0.41520289218786993, Test Loss: 0.4269623377106406, Inverse Test Loss: 3.9407852201750786, Train R2: 0.8204233528989734, Test R2: 0.801140308380127, Inverse Test R2: 0.8011403679847717 
2026-02-26 14:28:12,072 INFO: Epoch 118, Train Loss: 0.41061843570434686, Test Loss: 0.4330432722062776, Inverse Test Loss: 3.996911200610074, Train R2: 0.8247611992286913, Test R2: 0.7943248748779297, Inverse Test R2: 0.7943248748779297 
2026-02-26 14:28:14,453 INFO: Epoch 119, Train Loss: 0.40083125865820685, Test Loss: 0.42461763548128534, Inverse Test Loss: 3.919144131920554, Train R2: 0.8328529370553566, Test R2: 0.8023126721382141, Inverse Test R2: 0.8023126721382141 
2026-02-26 14:28:16,836 INFO: Epoch 120, Train Loss: 0.41086770887627744, Test Loss: 0.43906161911559827, Inverse Test Loss: 4.052459435029463, Train R2: 0.822512555754546, Test R2: 0.7881777286529541, Inverse Test R2: 0.7881777286529541 
2026-02-26 14:28:16,836 INFO: Best Epoch 116, Best Test Loss: 0.41468554373943445, Inv Test Loss: 3.8274726650931616, Best Test R2: 0.8130688667297363 
2026-02-26 14:28:19,223 INFO: Epoch 121, Train Loss: 0.4099060394095652, Test Loss: 0.4327554955626979, Inverse Test Loss: 3.9942550803675796, Train R2: 0.8243147347009543, Test R2: 0.7954991459846497, Inverse Test R2: 0.7954990863800049 
2026-02-26 14:28:21,619 INFO: Epoch 122, Train Loss: 0.40560425659923843, Test Loss: 0.426743950807687, Inverse Test Loss: 3.9387695211352725, Train R2: 0.8272598909609246, Test R2: 0.8014506101608276, Inverse Test R2: 0.8014505505561829 
2026-02-26 14:28:24,016 INFO: Epoch 123, Train Loss: 0.4109548276120966, Test Loss: 0.426108821774974, Inverse Test Loss: 3.9329074946316807, Train R2: 0.8243796626726786, Test R2: 0.8024027943611145, Inverse Test R2: 0.8024027943611145 
2026-02-26 14:28:26,403 INFO: Epoch 124, Train Loss: 0.4003712586832769, Test Loss: 0.43923149686871155, Inverse Test Loss: 4.054027449000966, Train R2: 0.8325912920814572, Test R2: 0.7887797951698303, Inverse Test R2: 0.7887797355651855 
2026-02-26 14:28:28,783 INFO: Epoch 125, Train Loss: 0.40381047942421655, Test Loss: 0.4273647837566607, Inverse Test Loss: 3.944499723839037, Train R2: 0.8288072875954888, Test R2: 0.8015203475952148, Inverse Test R2: 0.8015203475952148 
2026-02-26 14:28:31,171 INFO: Epoch 126, Train Loss: 0.40269044041633606, Test Loss: 0.4450816810131073, Inverse Test Loss: 4.108023556795987, Train R2: 0.8312237777493217, Test R2: 0.7825270295143127, Inverse Test R2: 0.7825270295143127 
2026-02-26 14:28:33,572 INFO: Epoch 127, Train Loss: 0.4091962921348485, Test Loss: 0.4315901850209092, Inverse Test Loss: 3.9834994908535117, Train R2: 0.8233545688968716, Test R2: 0.7963957190513611, Inverse Test R2: 0.7963956594467163 
2026-02-26 14:28:35,953 INFO: Epoch 128, Train Loss: 0.4064066116556977, Test Loss: 0.4547117496981765, Inverse Test Loss: 4.196907354123665, Train R2: 0.8286430469968102, Test R2: 0.7698991298675537, Inverse Test R2: 0.7698991298675537 
2026-02-26 14:28:38,354 INFO: Epoch 129, Train Loss: 0.4156357858217124, Test Loss: 0.4416866492141377, Inverse Test Loss: 4.076688080122977, Train R2: 0.8212932546933492, Test R2: 0.7853013277053833, Inverse Test R2: 0.7853013277053833 
2026-02-26 14:28:40,744 INFO: Epoch 130, Train Loss: 0.40498774724476266, Test Loss: 0.43462528243209375, Inverse Test Loss: 4.011512843045321, Train R2: 0.8291403845404134, Test R2: 0.7917435765266418, Inverse Test R2: 0.7917435765266418 
2026-02-26 14:28:40,744 INFO: Best Epoch 116, Best Test Loss: 0.41468554373943445, Inv Test Loss: 3.8274726650931616, Best Test R2: 0.8130688667297363 
2026-02-26 14:28:43,144 INFO: Epoch 131, Train Loss: 0.4006677017067418, Test Loss: 0.42936500816634204, Inverse Test Loss: 3.962961500341242, Train R2: 0.8325564572305391, Test R2: 0.7982378602027893, Inverse Test R2: 0.7982378602027893 
2026-02-26 14:28:45,518 INFO: Epoch 132, Train Loss: 0.40237427706068213, Test Loss: 0.4302246796362328, Inverse Test Loss: 3.9708961429017964, Train R2: 0.830918699502945, Test R2: 0.7979214191436768, Inverse Test R2: 0.7979214191436768 
2026-02-26 14:28:47,898 INFO: Epoch 133, Train Loss: 0.4028526379755049, Test Loss: 0.43260003942431824, Inverse Test Loss: 3.992820299032963, Train R2: 0.8320201594721187, Test R2: 0.7947112917900085, Inverse Test R2: 0.7947112321853638 
2026-02-26 14:28:50,267 INFO: Epoch 134, Train Loss: 0.40254419274402387, Test Loss: 0.4362451099988186, Inverse Test Loss: 4.026463515830763, Train R2: 0.8298239188663887, Test R2: 0.7905899882316589, Inverse Test R2: 0.7905899286270142 
2026-02-26 14:28:52,656 INFO: Epoch 135, Train Loss: 0.4010897305878726, Test Loss: 0.4243583724354253, Inverse Test Loss: 3.9167511318669175, Train R2: 0.8315868111270847, Test R2: 0.803357720375061, Inverse Test R2: 0.803357720375061 
2026-02-26 14:28:55,040 INFO: Epoch 136, Train Loss: 0.3990118212320588, Test Loss: 0.4236815490505912, Inverse Test Loss: 3.9105042110789907, Train R2: 0.8318478334130663, Test R2: 0.8036285042762756, Inverse Test R2: 0.8036285042762756 
2026-02-26 14:28:57,402 INFO: Epoch 137, Train Loss: 0.4017206635890585, Test Loss: 0.4290488497777419, Inverse Test Loss: 3.9600433869795366, Train R2: 0.8320734365419908, Test R2: 0.7990981340408325, Inverse Test R2: 0.7990981340408325 
2026-02-26 14:28:59,771 INFO: Epoch 138, Train Loss: 0.39577796219876316, Test Loss: 0.43289230086586694, Inverse Test Loss: 3.995517752387307, Train R2: 0.8365711854262785, Test R2: 0.7938969731330872, Inverse Test R2: 0.7938969135284424 
2026-02-26 14:29:02,155 INFO: Epoch 139, Train Loss: 0.39574850192575745, Test Loss: 0.43686953999779443, Inverse Test Loss: 4.032226938189882, Train R2: 0.8358416038029122, Test R2: 0.7908601760864258, Inverse Test R2: 0.7908601760864258 
2026-02-26 14:29:04,547 INFO: Epoch 140, Train Loss: 0.3957302574858521, Test Loss: 0.4354814959294868, Inverse Test Loss: 4.019415551965887, Train R2: 0.837193256074732, Test R2: 0.7933319807052612, Inverse Test R2: 0.7933319807052612 
2026-02-26 14:29:04,547 INFO: Best Epoch 116, Best Test Loss: 0.41468554373943445, Inv Test Loss: 3.8274726650931616, Best Test R2: 0.8130688667297363 
2026-02-26 14:29:06,905 INFO: Epoch 141, Train Loss: 0.3993335361733581, Test Loss: 0.43250162222168664, Inverse Test Loss: 3.9919118736729478, Train R2: 0.833403048641754, Test R2: 0.7952046394348145, Inverse Test R2: 0.7952046394348145 
2026-02-26 14:29:09,279 INFO: Epoch 142, Train Loss: 0.40775385905395856, Test Loss: 0.4321441785855727, Inverse Test Loss: 3.9886127746466435, Train R2: 0.826399080229528, Test R2: 0.793890655040741, Inverse Test R2: 0.793890655040741 
2026-02-26 14:29:11,663 INFO: Epoch 143, Train Loss: 0.4054257707162337, Test Loss: 0.4347764587763584, Inverse Test Loss: 4.012908220291138, Train R2: 0.8263404825420091, Test R2: 0.7938279509544373, Inverse Test R2: 0.7938279509544373 
2026-02-26 14:29:14,059 INFO: Epoch 144, Train Loss: 0.4007738465161035, Test Loss: 0.4354807508714271, Inverse Test Loss: 4.0194086667263145, Train R2: 0.8323679128379533, Test R2: 0.7922608256340027, Inverse Test R2: 0.7922608256340027 
2026-02-26 14:29:16,443 INFO: Epoch 145, Train Loss: 0.4044004665179686, Test Loss: 0.42822387001731177, Inverse Test Loss: 3.9524289839195483, Train R2: 0.8282144927617275, Test R2: 0.7994580268859863, Inverse Test R2: 0.7994580268859863 
2026-02-26 14:29:18,843 INFO: Epoch 146, Train Loss: 0.39847396539919305, Test Loss: 0.4246920229810657, Inverse Test Loss: 3.9198306329322583, Train R2: 0.832981324557102, Test R2: 0.8032053709030151, Inverse Test R2: 0.8032053709030151 
2026-02-26 14:29:21,237 INFO: Epoch 147, Train Loss: 0.39550702702818497, Test Loss: 0.43527135343262646, Inverse Test Loss: 4.017476031274507, Train R2: 0.8371616200064168, Test R2: 0.7928822040557861, Inverse Test R2: 0.7928822040557861 
2026-02-26 14:29:23,655 INFO: Epoch 148, Train Loss: 0.3966526909533775, Test Loss: 0.4344779984517531, Inverse Test Loss: 4.010153430880922, Train R2: 0.835965910192692, Test R2: 0.7934812903404236, Inverse Test R2: 0.7934812903404236 
2026-02-26 14:29:26,052 INFO: Epoch 149, Train Loss: 0.39975596354766324, Test Loss: 0.4333950470794331, Inverse Test Loss: 4.000157948696252, Train R2: 0.8322882440054056, Test R2: 0.7938838005065918, Inverse Test R2: 0.7938838005065918 
2026-02-26 14:29:28,449 INFO: Epoch 150, Train Loss: 0.3966966474598104, Test Loss: 0.4314060030561505, Inverse Test Loss: 3.9817994435628257, Train R2: 0.8338997964606141, Test R2: 0.7955352067947388, Inverse Test R2: 0.7955352067947388 
2026-02-26 14:29:28,450 INFO: Best Epoch 116, Best Test Loss: 0.41468554373943445, Inv Test Loss: 3.8274726650931616, Best Test R2: 0.8130688667297363 
