2026-01-27 14:38:55,029 INFO: log_path:/logs_2026_1_27_HS_RMSE/AMFormer_simple_MLP_dim32_depth2_heads4_dropout0.4_fusion0.45_0.55_lr0.001_6P 
2026-01-27 14:38:55,029 INFO: Model:namespace(attn_dropout=0.4, categories=[], cluster=3, depth=2, dim=32, ff_dropout=0.4, groups=[54, 54, 54], heads=4, name='AMFormer_simple_MLP_dim32_depth2_heads4_dropout0.4_fusion0.45_0.55', num_cate=0, num_cont=20, num_special_tokens=1, out_dim=1, predictor='simple_MLP', prod_num_per_group=[6, 6, 6], qk_relu=False, static_fusion={'kan_weight': 0.45, 'trans_weight': 0.55}, sum_num_per_group=[32, 16, 8], target_mode='regression', token_descent=False, use_cls_token=True, use_prod=True, use_row_col_attention=True, use_sigmoid=True) 
2026-01-27 14:38:55,029 INFO: lr:0.001, loss:RMSE 
2026-01-27 14:38:55,029 INFO: Dataset:HS, Target:['metal6_Peak'] 
2026-01-27 14:38:55,029 INFO: ------Begin Training Model------ 
2026-01-27 14:39:21,705 INFO: Epoch 1, Train Loss: 0.7746572927995161, Test Loss: 0.6786153226187734, Inverse Test Loss: 6.263496760166053, Train R2: 0.3851527960011453, Test R2: 0.5100924968719482, Inverse Test R2: 0.5100924372673035 
2026-01-27 14:39:34,431 INFO: Epoch 2, Train Loss: 0.6548447520895437, Test Loss: 0.5985301931699117, Inverse Test Loss: 5.524325529734294, Train R2: 0.5589484870433807, Test R2: 0.6152564883232117, Inverse Test R2: 0.6152565479278564 
2026-01-27 14:39:47,125 INFO: Epoch 3, Train Loss: 0.5922020773092905, Test Loss: 0.5461727579434713, Inverse Test Loss: 5.041075923226097, Train R2: 0.6413813838453004, Test R2: 0.6766328811645508, Inverse Test R2: 0.6766328811645508 
2026-01-27 14:40:00,151 INFO: Epoch 4, Train Loss: 0.5558964853936975, Test Loss: 0.5274424959312786, Inverse Test Loss: 4.86819897998463, Train R2: 0.6826580153270201, Test R2: 0.7003576159477234, Inverse Test R2: 0.7003575563430786 
2026-01-27 14:40:12,979 INFO: Epoch 5, Train Loss: 0.5429879365996881, Test Loss: 0.5179267679200028, Inverse Test Loss: 4.780370531660138, Train R2: 0.6981741320906263, Test R2: 0.7093420028686523, Inverse Test R2: 0.7093420028686523 
2026-01-27 14:40:25,597 INFO: Epoch 6, Train Loss: 0.5245153791073597, Test Loss: 0.5015403492884203, Inverse Test Loss: 4.629126758286447, Train R2: 0.7167991295908437, Test R2: 0.7281160354614258, Inverse Test R2: 0.728115975856781 
2026-01-27 14:40:38,138 INFO: Epoch 7, Train Loss: 0.5162192616950382, Test Loss: 0.4844277934594588, Inverse Test Loss: 4.4711809808557685, Train R2: 0.7253690939961057, Test R2: 0.7455532550811768, Inverse Test R2: 0.745553195476532 
2026-01-27 14:40:51,119 INFO: Epoch 8, Train Loss: 0.5085521464546522, Test Loss: 0.4856248949513291, Inverse Test Loss: 4.482230056415904, Train R2: 0.7330224500461058, Test R2: 0.7430230975151062, Inverse Test R2: 0.7430230379104614 
2026-01-27 14:41:03,412 INFO: Epoch 9, Train Loss: 0.4998764677932768, Test Loss: 0.4786084935520635, Inverse Test Loss: 4.417469920534076, Train R2: 0.7436091669581153, Test R2: 0.751043438911438, Inverse Test R2: 0.7510433793067932 
2026-01-27 14:41:15,670 INFO: Epoch 10, Train Loss: 0.488649395153378, Test Loss: 0.4677981598810716, Inverse Test Loss: 4.317692518234253, Train R2: 0.7537509600321451, Test R2: 0.7615662813186646, Inverse Test R2: 0.7615662813186646 
2026-01-27 14:41:15,671 INFO: Best Epoch 10, Best Test Loss: 0.4677981598810716, Inv Test Loss: 4.317692518234253, Best Test R2: 0.7615662813186646 
2026-01-27 14:41:27,868 INFO: Epoch 11, Train Loss: 0.48258240949926956, Test Loss: 0.46670527078888635, Inverse Test Loss: 4.307605331594294, Train R2: 0.7605805618293358, Test R2: 0.7624908089637756, Inverse Test R2: 0.7624908089637756 
2026-01-27 14:41:40,121 INFO: Epoch 12, Train Loss: 0.48815765367312863, Test Loss: 0.4585045196793296, Inverse Test Loss: 4.231913862806378, Train R2: 0.7549329503919139, Test R2: 0.7701455354690552, Inverse Test R2: 0.7701455354690552 
2026-01-27 14:41:52,583 INFO: Epoch 13, Train Loss: 0.4741023573460001, Test Loss: 0.4556603792941932, Inverse Test Loss: 4.2056629585497305, Train R2: 0.7678757540204308, Test R2: 0.7741337418556213, Inverse Test R2: 0.7741337418556213 
2026-01-27 14:42:04,923 INFO: Epoch 14, Train Loss: 0.47633697295730765, Test Loss: 0.4840297545447494, Inverse Test Loss: 4.467507152846365, Train R2: 0.766127734021707, Test R2: 0.7469525337219238, Inverse Test R2: 0.746952474117279 
2026-01-27 14:42:17,425 INFO: Epoch 15, Train Loss: 0.4648560667128274, Test Loss: 0.45429771596735175, Inverse Test Loss: 4.193085937788992, Train R2: 0.7771066368529291, Test R2: 0.7730731964111328, Inverse Test R2: 0.7730731964111328 
2026-01-27 14:42:29,585 INFO: Epoch 16, Train Loss: 0.46251842018329736, Test Loss: 0.44563833872477215, Inverse Test Loss: 4.113161368803545, Train R2: 0.7798897736903393, Test R2: 0.7819534540176392, Inverse Test R2: 0.7819534540176392 
2026-01-27 14:42:41,976 INFO: Epoch 17, Train Loss: 0.4566510687723304, Test Loss: 0.44159407416979474, Inverse Test Loss: 4.075833609609893, Train R2: 0.7847609705094135, Test R2: 0.7881681323051453, Inverse Test R2: 0.7881680727005005 
2026-01-27 14:42:54,159 INFO: Epoch 18, Train Loss: 0.4580252703392144, Test Loss: 0.4464369398174864, Inverse Test Loss: 4.120532310370243, Train R2: 0.7829042099642031, Test R2: 0.7828587293624878, Inverse Test R2: 0.7828587293624878 
2026-01-27 14:43:06,294 INFO: Epoch 19, Train Loss: 0.4506949902032361, Test Loss: 0.4543392062187195, Inverse Test Loss: 4.193468845251835, Train R2: 0.789570074189793, Test R2: 0.7757827043533325, Inverse Test R2: 0.7757827043533325 
2026-01-27 14:43:18,374 INFO: Epoch 20, Train Loss: 0.45214815934499103, Test Loss: 0.4370876902883703, Inverse Test Loss: 4.034240484237671, Train R2: 0.7883560756842295, Test R2: 0.7929693460464478, Inverse Test R2: 0.792969286441803 
2026-01-27 14:43:18,374 INFO: Best Epoch 20, Best Test Loss: 0.4370876902883703, Inv Test Loss: 4.034240484237671, Best Test R2: 0.7929693460464478 
2026-01-27 14:43:30,491 INFO: Epoch 21, Train Loss: 0.4460174147829865, Test Loss: 0.43090303377671674, Inverse Test Loss: 3.9771572026339443, Train R2: 0.7927778534816973, Test R2: 0.7982223033905029, Inverse Test R2: 0.7982223033905029 
2026-01-27 14:43:42,603 INFO: Epoch 22, Train Loss: 0.44223135551719955, Test Loss: 0.4292844759695458, Inverse Test Loss: 3.9622182340332954, Train R2: 0.7983080609278246, Test R2: 0.7981055974960327, Inverse Test R2: 0.7981055974960327 
2026-01-27 14:43:54,686 INFO: Epoch 23, Train Loss: 0.44179967655376956, Test Loss: 0.41770870125654974, Inverse Test Loss: 3.8553758462270102, Train R2: 0.7980505110639514, Test R2: 0.809043824672699, Inverse Test R2: 0.809043824672699 
2026-01-27 14:44:06,886 INFO: Epoch 24, Train Loss: 0.4383377692464626, Test Loss: 0.4261040696592042, Inverse Test Loss: 3.9328636039387095, Train R2: 0.8008593745303877, Test R2: 0.8016407489776611, Inverse Test R2: 0.8016407489776611 
2026-01-27 14:44:19,009 INFO: Epoch 25, Train Loss: 0.4371237348426472, Test Loss: 0.4219921041618694, Inverse Test Loss: 3.8949108412771514, Train R2: 0.8014593490145423, Test R2: 0.8047657608985901, Inverse Test R2: 0.8047657608985901 
2026-01-27 14:44:31,146 INFO: Epoch 26, Train Loss: 0.4333229078487916, Test Loss: 0.41920097307725385, Inverse Test Loss: 3.8691492080688477, Train R2: 0.8061333668954445, Test R2: 0.8088880777359009, Inverse Test R2: 0.8088880777359009 
2026-01-27 14:44:43,326 INFO: Epoch 27, Train Loss: 0.42955555270115536, Test Loss: 0.4206148503404675, Inverse Test Loss: 3.8821990562207773, Train R2: 0.8087591515346007, Test R2: 0.8061163425445557, Inverse Test R2: 0.8061163425445557 
2026-01-27 14:44:55,602 INFO: Epoch 28, Train Loss: 0.4269829223101789, Test Loss: 0.4177491944847685, Inverse Test Loss: 3.8557496215357925, Train R2: 0.8116860963178404, Test R2: 0.8086125254631042, Inverse Test R2: 0.8086124658584595 
2026-01-27 14:45:07,804 INFO: Epoch 29, Train Loss: 0.4283392968954462, Test Loss: 0.4117482394883127, Inverse Test Loss: 3.800361900618582, Train R2: 0.8099143437363885, Test R2: 0.8148342370986938, Inverse Test R2: 0.8148342370986938 
2026-01-27 14:45:19,964 INFO: Epoch 30, Train Loss: 0.43118424555568985, Test Loss: 0.41530686345967377, Inverse Test Loss: 3.8332074121995405, Train R2: 0.8070408607071097, Test R2: 0.8111838102340698, Inverse Test R2: 0.811183750629425 
2026-01-27 14:45:19,964 INFO: Best Epoch 29, Best Test Loss: 0.4117482394883127, Inv Test Loss: 3.800361900618582, Best Test R2: 0.8148342370986938 
2026-01-27 14:45:32,144 INFO: Epoch 31, Train Loss: 0.4245505759661848, Test Loss: 0.4174034469055407, Inverse Test Loss: 3.8525583960793237, Train R2: 0.8138480990222006, Test R2: 0.8091590404510498, Inverse Test R2: 0.8091590404510498 
2026-01-27 14:45:44,297 INFO: Epoch 32, Train Loss: 0.42193073463259323, Test Loss: 0.4225404677969037, Inverse Test Loss: 3.8999721498200386, Train R2: 0.814630339994575, Test R2: 0.8039492964744568, Inverse Test R2: 0.8039492964744568 
2026-01-27 14:45:56,542 INFO: Epoch 33, Train Loss: 0.42038421761808975, Test Loss: 0.4233395385019707, Inverse Test Loss: 3.907347462394021, Train R2: 0.8156987112579923, Test R2: 0.8053968548774719, Inverse Test R2: 0.8053968548774719 
2026-01-27 14:46:08,540 INFO: Epoch 34, Train Loss: 0.42144987348354224, Test Loss: 0.4197285500439731, Inverse Test Loss: 3.8740187775004995, Train R2: 0.8165757046504454, Test R2: 0.8080900311470032, Inverse Test R2: 0.8080900311470032 
2026-01-27 14:46:20,748 INFO: Epoch 35, Train Loss: 0.41801026486086124, Test Loss: 0.41736014954971545, Inverse Test Loss: 3.8521588209903603, Train R2: 0.8194385139328061, Test R2: 0.8112639784812927, Inverse Test R2: 0.8112639784812927 
2026-01-27 14:46:32,797 INFO: Epoch 36, Train Loss: 0.4194841491002025, Test Loss: 0.4113069908185439, Inverse Test Loss: 3.7962892200007583, Train R2: 0.8171504401799404, Test R2: 0.8151136636734009, Inverse Test R2: 0.8151136636734009 
2026-01-27 14:46:44,918 INFO: Epoch 37, Train Loss: 0.41209512745792215, Test Loss: 0.4277900005831863, Inverse Test Loss: 3.9484244910153476, Train R2: 0.8234332330299147, Test R2: 0.8006303906440735, Inverse Test R2: 0.8006303906440735 
2026-01-27 14:46:57,103 INFO: Epoch 38, Train Loss: 0.4130614537632827, Test Loss: 0.4123692647977309, Inverse Test Loss: 3.8060939022988984, Train R2: 0.8222846722964084, Test R2: 0.8155184388160706, Inverse Test R2: 0.8155184388160706 
2026-01-27 14:47:09,203 INFO: Epoch 39, Train Loss: 0.41303714229301974, Test Loss: 0.40823841185280774, Inverse Test Loss: 3.7679667978575737, Train R2: 0.8227981234138663, Test R2: 0.8179529905319214, Inverse Test R2: 0.8179529905319214 
2026-01-27 14:47:21,262 INFO: Epoch 40, Train Loss: 0.41013159489992895, Test Loss: 0.41224881013234455, Inverse Test Loss: 3.804982076991688, Train R2: 0.8242503169811133, Test R2: 0.8143628835678101, Inverse Test R2: 0.8143628239631653 
2026-01-27 14:47:21,262 INFO: Best Epoch 39, Best Test Loss: 0.40823841185280774, Inv Test Loss: 3.7679667978575737, Best Test R2: 0.8179529905319214 
2026-01-27 14:47:33,433 INFO: Epoch 41, Train Loss: 0.4119760412158388, Test Loss: 0.41071989319541236, Inverse Test Loss: 3.7908703919613, Train R2: 0.8221654174002734, Test R2: 0.8155018091201782, Inverse Test R2: 0.8155018091201782 
2026-01-27 14:47:45,589 INFO: Epoch 42, Train Loss: 0.41019966363003757, Test Loss: 0.40364829608888336, Inverse Test Loss: 3.7256008422735967, Train R2: 0.8254972100257874, Test R2: 0.8217726349830627, Inverse Test R2: 0.8217726349830627 
2026-01-27 14:47:57,783 INFO: Epoch 43, Train Loss: 0.4074318955341975, Test Loss: 0.4264472578511094, Inverse Test Loss: 3.936031211506237, Train R2: 0.826725750710025, Test R2: 0.7985422611236572, Inverse Test R2: 0.7985422611236572 
2026-01-27 14:48:09,902 INFO: Epoch 44, Train Loss: 0.40982382157535263, Test Loss: 0.41038460352204065, Inverse Test Loss: 3.7877757693781997, Train R2: 0.8262622929883726, Test R2: 0.8159478902816772, Inverse Test R2: 0.8159478902816772 
2026-01-27 14:48:22,049 INFO: Epoch 45, Train Loss: 0.4013027609749274, Test Loss: 0.4125139830690442, Inverse Test Loss: 3.8074295448534414, Train R2: 0.8319779499010607, Test R2: 0.8146790862083435, Inverse Test R2: 0.8146790862083435 
2026-01-27 14:48:34,253 INFO: Epoch 46, Train Loss: 0.4054834741083058, Test Loss: 0.4183689364881227, Inverse Test Loss: 3.861469687837543, Train R2: 0.8279407484964891, Test R2: 0.8079937696456909, Inverse Test R2: 0.8079937696456909 
2026-01-27 14:48:46,466 INFO: Epoch 47, Train Loss: 0.4062516271616473, Test Loss: 0.4126507757288037, Inverse Test Loss: 3.80869215184992, Train R2: 0.8283715749328787, Test R2: 0.8149071931838989, Inverse Test R2: 0.8149071931838989 
2026-01-27 14:48:58,695 INFO: Epoch 48, Train Loss: 0.4018185380281824, Test Loss: 0.40655595696333685, Inverse Test Loss: 3.752438090064309, Train R2: 0.832565091324575, Test R2: 0.8188313245773315, Inverse Test R2: 0.8188313245773315 
2026-01-27 14:49:10,762 INFO: Epoch 49, Train Loss: 0.40282221161054843, Test Loss: 0.40620393644679675, Inverse Test Loss: 3.749189015590783, Train R2: 0.8310721652074293, Test R2: 0.8199517130851746, Inverse Test R2: 0.8199517130851746 
2026-01-27 14:49:22,903 INFO: Epoch 50, Train Loss: 0.40175024781263236, Test Loss: 0.40357399889917084, Inverse Test Loss: 3.7249151143160733, Train R2: 0.8325865137757678, Test R2: 0.8219958543777466, Inverse Test R2: 0.8219958543777466 
2026-01-27 14:49:22,903 INFO: Best Epoch 50, Best Test Loss: 0.40357399889917084, Inv Test Loss: 3.7249151143160733, Best Test R2: 0.8219958543777466 
2026-01-27 14:49:35,008 INFO: Epoch 51, Train Loss: 0.3933412274627974, Test Loss: 0.42493207707549585, Inverse Test Loss: 3.922046336260709, Train R2: 0.8385073104591081, Test R2: 0.804213285446167, Inverse Test R2: 0.804213285446167 
2026-01-27 14:49:47,186 INFO: Epoch 52, Train Loss: 0.39673617707960535, Test Loss: 0.41314110611424304, Inverse Test Loss: 3.813217798868815, Train R2: 0.8359633237123489, Test R2: 0.8140168190002441, Inverse Test R2: 0.8140168190002441 
2026-01-27 14:49:59,451 INFO: Epoch 53, Train Loss: 0.39569273139491223, Test Loss: 0.408042898683837, Inverse Test Loss: 3.7661622582059917, Train R2: 0.8371793370355259, Test R2: 0.8180111646652222, Inverse Test R2: 0.8180111646652222 
2026-01-27 14:50:11,555 INFO: Epoch 54, Train Loss: 0.3983564372315551, Test Loss: 0.4125073525038632, Inverse Test Loss: 3.807368350751472, Train R2: 0.8354267328977585, Test R2: 0.814192533493042, Inverse Test R2: 0.8141924738883972 
2026-01-27 14:50:23,749 INFO: Epoch 55, Train Loss: 0.3898170958414222, Test Loss: 0.41328302477345324, Inverse Test Loss: 3.8145276633175937, Train R2: 0.8420263009540963, Test R2: 0.8142204284667969, Inverse Test R2: 0.8142204284667969 
2026-01-27 14:50:35,839 INFO: Epoch 56, Train Loss: 0.39520174772901967, Test Loss: 0.41410637534025946, Inverse Test Loss: 3.8221270098830713, Train R2: 0.8375705868908854, Test R2: 0.8117822408676147, Inverse Test R2: 0.8117822408676147 
2026-01-27 14:50:47,960 INFO: Epoch 57, Train Loss: 0.3963534263047305, Test Loss: 0.4123139056292447, Inverse Test Loss: 3.8055828990358296, Train R2: 0.8371608063127055, Test R2: 0.8146865367889404, Inverse Test R2: 0.8146864771842957 
2026-01-27 14:51:00,167 INFO: Epoch 58, Train Loss: 0.39269363609227265, Test Loss: 0.4200063402002508, Inverse Test Loss: 3.8765827309001577, Train R2: 0.8396585601748843, Test R2: 0.8079056739807129, Inverse Test R2: 0.8079056739807129 
2026-01-27 14:51:12,324 INFO: Epoch 59, Train Loss: 0.3919874192638831, Test Loss: 0.4111107885837555, Inverse Test Loss: 3.794478351419622, Train R2: 0.8396396844676046, Test R2: 0.8157406449317932, Inverse Test R2: 0.8157406449317932 
2026-01-27 14:51:24,489 INFO: Epoch 60, Train Loss: 0.3881257151563962, Test Loss: 0.4098832914323518, Inverse Test Loss: 3.783148765563965, Train R2: 0.8431498986302, Test R2: 0.8162333369255066, Inverse Test R2: 0.8162332773208618 
2026-01-27 14:51:24,489 INFO: Best Epoch 50, Best Test Loss: 0.40357399889917084, Inv Test Loss: 3.7249151143160733, Best Test R2: 0.8219958543777466 
2026-01-27 14:51:36,614 INFO: Epoch 61, Train Loss: 0.38601593707095494, Test Loss: 0.4069720750505274, Inverse Test Loss: 3.756278803854278, Train R2: 0.8444923993312952, Test R2: 0.8180428147315979, Inverse Test R2: 0.8180428147315979 
2026-01-27 14:51:48,784 INFO: Epoch 62, Train Loss: 0.38547535342249, Test Loss: 0.41670954408067645, Inverse Test Loss: 3.8461537650137236, Train R2: 0.8441510363058611, Test R2: 0.8089542388916016, Inverse Test R2: 0.8089542388916016 
2026-01-27 14:52:00,931 INFO: Epoch 63, Train Loss: 0.3864639400306976, Test Loss: 0.4116335926633893, Inverse Test Loss: 3.799303726716475, Train R2: 0.8459652106870305, Test R2: 0.814297616481781, Inverse Test R2: 0.8142976760864258 
2026-01-27 14:52:12,967 INFO: Epoch 64, Train Loss: 0.3840475725856694, Test Loss: 0.408328245083491, Inverse Test Loss: 3.7687959454276343, Train R2: 0.844822654669935, Test R2: 0.8185132741928101, Inverse Test R2: 0.8185132145881653 
2026-01-27 14:52:25,088 INFO: Epoch 65, Train Loss: 0.38576621494509955, Test Loss: 0.40333502581625275, Inverse Test Loss: 3.722709410118334, Train R2: 0.8454304983218511, Test R2: 0.8219885230064392, Inverse Test R2: 0.8219885230064392 
2026-01-27 14:52:37,229 INFO: Epoch 66, Train Loss: 0.3867736059156331, Test Loss: 0.41234612103664514, Inverse Test Loss: 3.8058802142287744, Train R2: 0.8439014296640049, Test R2: 0.8116726875305176, Inverse Test R2: 0.8116726875305176 
2026-01-27 14:52:49,373 INFO: Epoch 67, Train Loss: 0.3882158963066159, Test Loss: 0.4321402952526555, Inverse Test Loss: 3.988576939611724, Train R2: 0.8425117871074965, Test R2: 0.7968344688415527, Inverse Test R2: 0.7968344688415527 
2026-01-27 14:53:01,578 INFO: Epoch 68, Train Loss: 0.38595056827321195, Test Loss: 0.4103196145910205, Inverse Test Loss: 3.787175922682791, Train R2: 0.8442932489243421, Test R2: 0.816242516040802, Inverse Test R2: 0.8162424564361572 
2026-01-27 14:53:13,741 INFO: Epoch 69, Train Loss: 0.38276155202677753, Test Loss: 0.4174772826108066, Inverse Test Loss: 3.8532399408745044, Train R2: 0.8473923712065725, Test R2: 0.8098276257514954, Inverse Test R2: 0.8098276257514954 
2026-01-27 14:53:25,890 INFO: Epoch 70, Train Loss: 0.3846129111268304, Test Loss: 0.4266325921723337, Inverse Test Loss: 3.93774177088882, Train R2: 0.8451529203942327, Test R2: 0.8006066679954529, Inverse Test R2: 0.8006066679954529 
2026-01-27 14:53:25,891 INFO: Best Epoch 65, Best Test Loss: 0.40333502581625275, Inv Test Loss: 3.722709410118334, Best Test R2: 0.8219885230064392 
2026-01-27 14:53:38,129 INFO: Epoch 71, Train Loss: 0.3802612130389069, Test Loss: 0.4118490020434062, Inverse Test Loss: 3.8012918703483813, Train R2: 0.8489640964703127, Test R2: 0.8146896362304688, Inverse Test R2: 0.8146896362304688 
2026-01-27 14:53:50,374 INFO: Epoch 72, Train Loss: 0.3794739671954603, Test Loss: 0.4157877103848891, Inverse Test Loss: 3.837645436778213, Train R2: 0.8497685731360407, Test R2: 0.8107285499572754, Inverse Test R2: 0.8107285499572754 
2026-01-27 14:54:02,508 INFO: Epoch 73, Train Loss: 0.38212897086685355, Test Loss: 0.4091177086035411, Inverse Test Loss: 3.776082486817331, Train R2: 0.8465449728749015, Test R2: 0.8160231113433838, Inverse Test R2: 0.8160231113433838 
2026-01-27 14:54:14,788 INFO: Epoch 74, Train Loss: 0.37801952502041153, Test Loss: 0.42967251936594647, Inverse Test Loss: 3.9657997290293374, Train R2: 0.8518379208716479, Test R2: 0.7978755235671997, Inverse Test R2: 0.7978755235671997 
2026-01-27 14:54:27,093 INFO: Epoch 75, Train Loss: 0.3738377062660275, Test Loss: 0.4186711690642617, Inverse Test Loss: 3.864259315259529, Train R2: 0.8531076433983716, Test R2: 0.8085174560546875, Inverse Test R2: 0.8085173964500427 
2026-01-27 14:54:39,315 INFO: Epoch 76, Train Loss: 0.37222616826042987, Test Loss: 0.4328054126464959, Inverse Test Loss: 3.994715741186431, Train R2: 0.8556479116280874, Test R2: 0.7941362857818604, Inverse Test R2: 0.7941362261772156 
2026-01-27 14:54:51,532 INFO: Epoch 77, Train Loss: 0.3764040077274496, Test Loss: 0.41192950443788007, Inverse Test Loss: 3.8020350355090518, Train R2: 0.8531788411465558, Test R2: 0.8149687647819519, Inverse Test R2: 0.8149687647819519 
2026-01-27 14:55:03,878 INFO: Epoch 78, Train Loss: 0.3751327967779203, Test Loss: 0.4207104507720832, Inverse Test Loss: 3.8830815011804756, Train R2: 0.85164613886313, Test R2: 0.8065314888954163, Inverse Test R2: 0.806531548500061 
2026-01-27 14:55:16,073 INFO: Epoch 79, Train Loss: 0.3733872555647836, Test Loss: 0.4249161463795286, Inverse Test Loss: 3.921899325919874, Train R2: 0.8536132501833367, Test R2: 0.8028485178947449, Inverse Test R2: 0.8028484582901001 
2026-01-27 14:55:28,421 INFO: Epoch 80, Train Loss: 0.3735786805098707, Test Loss: 0.41378171335567127, Inverse Test Loss: 3.819130478483258, Train R2: 0.8535922607689193, Test R2: 0.8113048076629639, Inverse Test R2: 0.8113048076629639 
2026-01-27 14:55:28,421 INFO: Best Epoch 65, Best Test Loss: 0.40333502581625275, Inv Test Loss: 3.722709410118334, Best Test R2: 0.8219885230064392 
2026-01-27 14:55:40,634 INFO: Epoch 81, Train Loss: 0.3718661747195504, Test Loss: 0.42212664539163763, Inverse Test Loss: 3.8961526986324424, Train R2: 0.8562773836381508, Test R2: 0.8054206371307373, Inverse Test R2: 0.8054206371307373 
2026-01-27 14:55:52,851 INFO: Epoch 82, Train Loss: 0.3658465834503824, Test Loss: 0.41792273702043475, Inverse Test Loss: 3.857351353674224, Train R2: 0.8597723742326101, Test R2: 0.8077529668807983, Inverse Test R2: 0.8077529072761536 
2026-01-27 14:56:05,121 INFO: Epoch 83, Train Loss: 0.3754135844382373, Test Loss: 0.41970709508115595, Inverse Test Loss: 3.8738207166845147, Train R2: 0.8531461276791312, Test R2: 0.8058915138244629, Inverse Test R2: 0.8058914542198181 
2026-01-27 14:56:17,286 INFO: Epoch 84, Train Loss: 0.3648085314216036, Test Loss: 0.4135550359884898, Inverse Test Loss: 3.817038304878004, Train R2: 0.8610727452870571, Test R2: 0.8124793171882629, Inverse Test R2: 0.8124793171882629 
2026-01-27 14:56:29,523 INFO: Epoch 85, Train Loss: 0.3643235633093299, Test Loss: 0.425868545517777, Inverse Test Loss: 3.930689797256932, Train R2: 0.8627849767605463, Test R2: 0.802426815032959, Inverse Test R2: 0.802426815032959 
2026-01-27 14:56:41,874 INFO: Epoch 86, Train Loss: 0.3766686756050948, Test Loss: 0.42636306538726343, Inverse Test Loss: 3.9352540680856416, Train R2: 0.8508007363839583, Test R2: 0.8006538152694702, Inverse Test R2: 0.8006537556648254 
2026-01-27 14:56:54,202 INFO: Epoch 87, Train Loss: 0.368608245343873, Test Loss: 0.42478222287062445, Inverse Test Loss: 3.920663270083341, Train R2: 0.8567577221176841, Test R2: 0.8022421598434448, Inverse Test R2: 0.8022421598434448 
2026-01-27 14:57:06,439 INFO: Epoch 88, Train Loss: 0.3707724184249387, Test Loss: 0.4148785824125463, Inverse Test Loss: 3.8292543960340097, Train R2: 0.8560637511087187, Test R2: 0.8112242817878723, Inverse Test R2: 0.8112242817878723 
2026-01-27 14:57:18,630 INFO: Epoch 89, Train Loss: 0.36119866145379614, Test Loss: 0.4227125346660614, Inverse Test Loss: 3.9015603571227104, Train R2: 0.8635527581879587, Test R2: 0.8041298389434814, Inverse Test R2: 0.8041298389434814 
2026-01-27 14:57:30,778 INFO: Epoch 90, Train Loss: 0.3581097398066159, Test Loss: 0.4294915921760328, Inverse Test Loss: 3.964129838076505, Train R2: 0.8657045368895386, Test R2: 0.7951768636703491, Inverse Test R2: 0.7951768636703491 
2026-01-27 14:57:30,779 INFO: Best Epoch 65, Best Test Loss: 0.40333502581625275, Inv Test Loss: 3.722709410118334, Best Test R2: 0.8219885230064392 
2026-01-27 14:57:42,929 INFO: Epoch 91, Train Loss: 0.3694779723882675, Test Loss: 0.41463524193474743, Inverse Test Loss: 3.8270084063212075, Train R2: 0.8555962447867249, Test R2: 0.8114923238754272, Inverse Test R2: 0.8114923238754272 
2026-01-27 14:57:55,162 INFO: Epoch 92, Train Loss: 0.3674244456218951, Test Loss: 0.4073361935037555, Inverse Test Loss: 3.759639516021266, Train R2: 0.8586446462255536, Test R2: 0.8171039819717407, Inverse Test R2: 0.8171039819717407 
2026-01-27 14:58:07,333 INFO: Epoch 93, Train Loss: 0.36332658226742887, Test Loss: 0.40302641464002203, Inverse Test Loss: 3.719861008904197, Train R2: 0.8614680229714422, Test R2: 0.8217465877532959, Inverse Test R2: 0.8217465877532959 
2026-01-27 14:58:19,534 INFO: Epoch 94, Train Loss: 0.36237971236308414, Test Loss: 0.4141409794489543, Inverse Test Loss: 3.822446483554262, Train R2: 0.8618542515870297, Test R2: 0.8116158246994019, Inverse Test R2: 0.8116158246994019 
2026-01-27 14:58:31,681 INFO: Epoch 95, Train Loss: 0.3596475867159439, Test Loss: 0.41537471160744177, Inverse Test Loss: 3.8338335427370938, Train R2: 0.8645960959521207, Test R2: 0.8092435002326965, Inverse Test R2: 0.8092435002326965 
2026-01-27 14:58:43,842 INFO: Epoch 96, Train Loss: 0.36212901613025955, Test Loss: 0.4111460934985768, Inverse Test Loss: 3.7948042118188106, Train R2: 0.8623975759202783, Test R2: 0.8127983808517456, Inverse Test R2: 0.8127983212471008 
2026-01-27 14:58:56,001 INFO: Epoch 97, Train Loss: 0.3614244738763029, Test Loss: 0.40902277375712537, Inverse Test Loss: 3.7752062407406894, Train R2: 0.8624029141483884, Test R2: 0.8153290748596191, Inverse Test R2: 0.8153290748596191 
2026-01-27 14:59:08,131 INFO: Epoch 98, Train Loss: 0.3639429353854873, Test Loss: 0.41665324478438404, Inverse Test Loss: 3.845634265379472, Train R2: 0.8597584628697598, Test R2: 0.8082974553108215, Inverse Test R2: 0.8082973957061768 
2026-01-27 14:59:20,272 INFO: Epoch 99, Train Loss: 0.35992276036378107, Test Loss: 0.42142048478126526, Inverse Test Loss: 3.8896349921370996, Train R2: 0.8636863606445717, Test R2: 0.8054488301277161, Inverse Test R2: 0.8054488301277161 
2026-01-27 14:59:32,422 INFO: Epoch 100, Train Loss: 0.3572124178436669, Test Loss: 0.41233262510010693, Inverse Test Loss: 3.80575570193204, Train R2: 0.864847891258471, Test R2: 0.8125888109207153, Inverse Test R2: 0.8125888109207153 
2026-01-27 14:59:32,423 INFO: Best Epoch 93, Best Test Loss: 0.40302641464002203, Inv Test Loss: 3.719861008904197, Best Test R2: 0.8217465877532959 
2026-01-27 14:59:44,627 INFO: Epoch 101, Train Loss: 0.348127236420458, Test Loss: 0.41566458344459534, Inverse Test Loss: 3.836509018233328, Train R2: 0.8721055578101765, Test R2: 0.8111081123352051, Inverse Test R2: 0.8111081123352051 
2026-01-27 14:59:56,715 INFO: Epoch 102, Train Loss: 0.35507564201499475, Test Loss: 0.4208557226441123, Inverse Test Loss: 3.8844223166957046, Train R2: 0.8688233381871021, Test R2: 0.8046711087226868, Inverse Test R2: 0.8046711087226868 
2026-01-27 15:00:08,884 INFO: Epoch 103, Train Loss: 0.3518773996920297, Test Loss: 0.41084808020880725, Inverse Test Loss: 3.7920535911213267, Train R2: 0.8699614121155306, Test R2: 0.8138935565948486, Inverse Test R2: 0.8138935565948486 
2026-01-27 15:00:20,995 INFO: Epoch 104, Train Loss: 0.35169900818304584, Test Loss: 0.4235472326928919, Inverse Test Loss: 3.9092644705916895, Train R2: 0.8702142346989025, Test R2: 0.8016454577445984, Inverse Test R2: 0.8016454577445984 
2026-01-27 15:00:33,123 INFO: Epoch 105, Train Loss: 0.35995591296391055, Test Loss: 0.42361856319687585, Inverse Test Loss: 3.909922780412616, Train R2: 0.8630520340168115, Test R2: 0.8007925748825073, Inverse Test R2: 0.8007925748825073 
2026-01-27 15:00:45,195 INFO: Epoch 106, Train Loss: 0.35188688507134264, Test Loss: 0.4096040256095655, Inverse Test Loss: 3.780571121158022, Train R2: 0.8699056248773228, Test R2: 0.815407931804657, Inverse Test R2: 0.815407931804657 
2026-01-27 15:00:57,272 INFO: Epoch 107, Train Loss: 0.34968498891050165, Test Loss: 0.43121406616586627, Inverse Test Loss: 3.9800278995976304, Train R2: 0.8716385337439451, Test R2: 0.7918961644172668, Inverse Test R2: 0.7918961644172668 
2026-01-27 15:01:09,407 INFO: Epoch 108, Train Loss: 0.35342265315579646, Test Loss: 0.42728012348666333, Inverse Test Loss: 3.9437183250080454, Train R2: 0.869315582242879, Test R2: 0.7975330352783203, Inverse Test R2: 0.7975330352783203 
2026-01-27 15:01:21,448 INFO: Epoch 109, Train Loss: 0.34998099155949824, Test Loss: 0.4177120409228585, Inverse Test Loss: 3.8554067250454063, Train R2: 0.8723036068858523, Test R2: 0.8079254031181335, Inverse Test R2: 0.8079254031181335 
2026-01-27 15:01:33,606 INFO: Epoch 110, Train Loss: 0.3424083606311769, Test Loss: 0.42774694254904083, Inverse Test Loss: 3.948027025569569, Train R2: 0.8769209859046069, Test R2: 0.7980039715766907, Inverse Test R2: 0.7980039119720459 
2026-01-27 15:01:33,607 INFO: Best Epoch 93, Best Test Loss: 0.40302641464002203, Inv Test Loss: 3.719861008904197, Best Test R2: 0.8217465877532959 
2026-01-27 15:01:45,785 INFO: Epoch 111, Train Loss: 0.3450015257253791, Test Loss: 0.42366060253345605, Inverse Test Loss: 3.910310831936923, Train R2: 0.8740307246193741, Test R2: 0.8019464015960693, Inverse Test R2: 0.8019464015960693 
2026-01-27 15:01:57,851 INFO: Epoch 112, Train Loss: 0.3464780008476792, Test Loss: 0.4161071939901872, Inverse Test Loss: 3.8405942700125952, Train R2: 0.8742001535314502, Test R2: 0.8086575865745544, Inverse Test R2: 0.8086575269699097 
2026-01-27 15:02:09,971 INFO: Epoch 113, Train Loss: 0.35275852206078445, Test Loss: 0.43405167081139306, Inverse Test Loss: 4.00621857065143, Train R2: 0.8678690804676576, Test R2: 0.7919844388961792, Inverse Test R2: 0.7919844388961792 
2026-01-27 15:02:22,150 INFO: Epoch 114, Train Loss: 0.3416462028116891, Test Loss: 0.4290897114710374, Inverse Test Loss: 3.9604205579468696, Train R2: 0.8774878766500589, Test R2: 0.798528790473938, Inverse Test R2: 0.798528790473938 
2026-01-27 15:02:34,239 INFO: Epoch 115, Train Loss: 0.3444441112153458, Test Loss: 0.41800424456596375, Inverse Test Loss: 3.8581036509889546, Train R2: 0.8752194024396666, Test R2: 0.8065104484558105, Inverse Test R2: 0.8065104484558105 
2026-01-27 15:02:46,381 INFO: Epoch 116, Train Loss: 0.34323131168882054, Test Loss: 0.416114633733576, Inverse Test Loss: 3.840662891214544, Train R2: 0.875222206567273, Test R2: 0.8094578981399536, Inverse Test R2: 0.8094578981399536 
2026-01-27 15:02:58,645 INFO: Epoch 117, Train Loss: 0.35178449738657835, Test Loss: 0.4175031916661696, Inverse Test Loss: 3.8534790169109, Train R2: 0.8698947908300342, Test R2: 0.8089803457260132, Inverse Test R2: 0.8089803457260132 
2026-01-27 15:03:10,821 INFO: Epoch 118, Train Loss: 0.3458051047090328, Test Loss: 0.4187835066607504, Inverse Test Loss: 3.8652961759856255, Train R2: 0.8747466143333551, Test R2: 0.8054845333099365, Inverse Test R2: 0.8054845333099365 
2026-01-27 15:03:23,006 INFO: Epoch 119, Train Loss: 0.33708473904566333, Test Loss: 0.4303562297965541, Inverse Test Loss: 3.9721102570042466, Train R2: 0.8807664120739157, Test R2: 0.7962137460708618, Inverse Test R2: 0.7962137460708618 
2026-01-27 15:03:35,070 INFO: Epoch 120, Train Loss: 0.33340111939292966, Test Loss: 0.4306045183629701, Inverse Test Loss: 3.974401972510598, Train R2: 0.8829625411467119, Test R2: 0.7955033779144287, Inverse Test R2: 0.7955033183097839 
2026-01-27 15:03:35,071 INFO: Best Epoch 93, Best Test Loss: 0.40302641464002203, Inv Test Loss: 3.719861008904197, Best Test R2: 0.8217465877532959 
2026-01-27 15:03:47,231 INFO: Epoch 121, Train Loss: 0.336135199349938, Test Loss: 0.42032388304219104, Inverse Test Loss: 3.8795135960434424, Train R2: 0.880673736333847, Test R2: 0.805855393409729, Inverse Test R2: 0.805855393409729 
2026-01-27 15:03:59,538 INFO: Epoch 122, Train Loss: 0.3375934333060727, Test Loss: 0.42366229765342944, Inverse Test Loss: 3.910326451966257, Train R2: 0.8815164791815209, Test R2: 0.8018638491630554, Inverse Test R2: 0.8018638491630554 
2026-01-27 15:04:11,657 INFO: Epoch 123, Train Loss: 0.3380456318457921, Test Loss: 0.44265869801694696, Inverse Test Loss: 4.08565978570418, Train R2: 0.8791997351429679, Test R2: 0.7823936939239502, Inverse Test R2: 0.7823936939239502 
2026-01-27 15:04:23,869 INFO: Epoch 124, Train Loss: 0.3318036244899938, Test Loss: 0.42566808155088715, Inverse Test Loss: 3.9288395390366064, Train R2: 0.8827942009225036, Test R2: 0.8007866740226746, Inverse Test R2: 0.8007866144180298 
2026-01-27 15:04:36,070 INFO: Epoch 125, Train Loss: 0.33883870686545514, Test Loss: 0.4200745053363569, Inverse Test Loss: 3.8772117874839087, Train R2: 0.8796142113931251, Test R2: 0.8072042465209961, Inverse Test R2: 0.8072041869163513 
2026-01-27 15:04:48,158 INFO: Epoch 126, Train Loss: 0.3339357680895112, Test Loss: 0.41723955941922736, Inverse Test Loss: 3.8510457963654487, Train R2: 0.8813536158113768, Test R2: 0.8090222477912903, Inverse Test R2: 0.8090221881866455 
2026-01-27 15:05:00,290 INFO: Epoch 127, Train Loss: 0.3367595144293525, Test Loss: 0.41545936465263367, Inverse Test Loss: 3.834614883769642, Train R2: 0.8807970407334241, Test R2: 0.8089975118637085, Inverse Test R2: 0.8089975118637085 
2026-01-27 15:05:12,404 INFO: Epoch 128, Train Loss: 0.3415721422343543, Test Loss: 0.42864636128598993, Inverse Test Loss: 3.9563284859512793, Train R2: 0.876664601040609, Test R2: 0.7990421056747437, Inverse Test R2: 0.7990421056747437 
2026-01-27 15:05:24,479 INFO: Epoch 129, Train Loss: 0.34119794811263227, Test Loss: 0.4253668568351052, Inverse Test Loss: 3.926059274962454, Train R2: 0.8784665722738613, Test R2: 0.800084114074707, Inverse Test R2: 0.800084114074707 
2026-01-27 15:05:36,648 INFO: Epoch 130, Train Loss: 0.3344039691217018, Test Loss: 0.4178252662673141, Inverse Test Loss: 3.856451720902414, Train R2: 0.8820491875662948, Test R2: 0.8090013265609741, Inverse Test R2: 0.8090012669563293 
2026-01-27 15:05:36,648 INFO: Best Epoch 93, Best Test Loss: 0.40302641464002203, Inv Test Loss: 3.719861008904197, Best Test R2: 0.8217465877532959 
2026-01-27 15:05:48,881 INFO: Epoch 131, Train Loss: 0.3266730143716841, Test Loss: 0.4228350944591291, Inverse Test Loss: 3.9026915738076875, Train R2: 0.8887959786436774, Test R2: 0.8035082817077637, Inverse Test R2: 0.8035082817077637 
2026-01-27 15:06:00,933 INFO: Epoch 132, Train Loss: 0.3380173334118092, Test Loss: 0.43685505697221466, Inverse Test Loss: 4.032093351537531, Train R2: 0.8792371537649271, Test R2: 0.788908839225769, Inverse Test R2: 0.788908839225769 
2026-01-27 15:06:11,496 INFO: Epoch 133, Train Loss: 0.33338698090025876, Test Loss: 0.43356871063059027, Inverse Test Loss: 4.001760851253163, Train R2: 0.8830364409721259, Test R2: 0.7913326025009155, Inverse Test R2: 0.7913325428962708 
2026-01-27 15:06:19,322 INFO: Epoch 134, Train Loss: 0.3275172614464254, Test Loss: 0.4278333439971461, Inverse Test Loss: 3.948824506817442, Train R2: 0.8870430412617597, Test R2: 0.7991282939910889, Inverse Test R2: 0.7991282939910889 
2026-01-27 15:06:27,121 INFO: Epoch 135, Train Loss: 0.33805238128159987, Test Loss: 0.42506203777862317, Inverse Test Loss: 3.9232458707058067, Train R2: 0.8793057442614527, Test R2: 0.8012435436248779, Inverse Test R2: 0.8012435436248779 
2026-01-27 15:06:34,807 INFO: Epoch 136, Train Loss: 0.3290169456917228, Test Loss: 0.4361780881881714, Inverse Test Loss: 4.02584500023813, Train R2: 0.8864791135896336, Test R2: 0.7897663116455078, Inverse Test R2: 0.7897663116455078 
2026-01-27 15:06:42,532 INFO: Epoch 137, Train Loss: 0.32709107356089534, Test Loss: 0.420670003601999, Inverse Test Loss: 3.8827081593600186, Train R2: 0.887485404809316, Test R2: 0.8056644201278687, Inverse Test R2: 0.8056644201278687 
2026-01-27 15:06:50,244 INFO: Epoch 138, Train Loss: 0.3304943884863998, Test Loss: 0.4282275149316499, Inverse Test Loss: 3.9524627020864775, Train R2: 0.8852595989451264, Test R2: 0.7992857694625854, Inverse Test R2: 0.7992857098579407 
2026-01-27 15:06:58,068 INFO: Epoch 139, Train Loss: 0.32877511474670784, Test Loss: 0.42801644495039276, Inverse Test Loss: 3.950514489954168, Train R2: 0.8864080472425981, Test R2: 0.7973059415817261, Inverse Test R2: 0.7973058819770813 
2026-01-27 15:07:05,837 INFO: Epoch 140, Train Loss: 0.32250572741031647, Test Loss: 0.4251047670841217, Inverse Test Loss: 3.9236401789116138, Train R2: 0.8893459240595499, Test R2: 0.8000884056091309, Inverse Test R2: 0.8000884056091309 
2026-01-27 15:07:05,838 INFO: Best Epoch 93, Best Test Loss: 0.40302641464002203, Inv Test Loss: 3.719861008904197, Best Test R2: 0.8217465877532959 
2026-01-27 15:07:12,534 INFO: Epoch 141, Train Loss: 0.3241206503501444, Test Loss: 0.4241357680523034, Inverse Test Loss: 3.9146965489243017, Train R2: 0.8887931392951445, Test R2: 0.8018672466278076, Inverse Test R2: 0.8018672466278076 
2026-01-27 15:07:16,805 INFO: Epoch 142, Train Loss: 0.33249126318277733, Test Loss: 0.42275937940135144, Inverse Test Loss: 3.901992768952341, Train R2: 0.8820745741779153, Test R2: 0.8043350577354431, Inverse Test R2: 0.8043350577354431 
2026-01-27 15:07:20,889 INFO: Epoch 143, Train Loss: 0.32811419157819316, Test Loss: 0.439364672610254, Inverse Test Loss: 4.055256532900261, Train R2: 0.8856232766852234, Test R2: 0.7856824398040771, Inverse Test R2: 0.7856824398040771 
2026-01-27 15:07:24,959 INFO: Epoch 144, Train Loss: 0.32120132288246445, Test Loss: 0.41887583515860816, Inverse Test Loss: 3.866148276762529, Train R2: 0.8917668759822845, Test R2: 0.8070032596588135, Inverse Test R2: 0.8070032596588135 
2026-01-27 15:07:29,014 INFO: Epoch 145, Train Loss: 0.3237786132729415, Test Loss: 0.4259752215761127, Inverse Test Loss: 3.93167435761654, Train R2: 0.8897098239624139, Test R2: 0.8015760779380798, Inverse Test R2: 0.8015760779380798 
2026-01-27 15:07:33,066 INFO: Epoch 146, Train Loss: 0.3251548068541469, Test Loss: 0.4356230009685863, Inverse Test Loss: 4.020721587267789, Train R2: 0.8888184333389456, Test R2: 0.7903836369514465, Inverse Test R2: 0.7903835773468018 
2026-01-27 15:07:37,116 INFO: Epoch 147, Train Loss: 0.32505001071276085, Test Loss: 0.41720629912434204, Inverse Test Loss: 3.8507387854836206, Train R2: 0.8886758242592667, Test R2: 0.8092157244682312, Inverse Test R2: 0.8092157244682312 
2026-01-27 15:07:41,154 INFO: Epoch 148, Train Loss: 0.31740605131243216, Test Loss: 0.4161946520660863, Inverse Test Loss: 3.841401483073379, Train R2: 0.8940831635034445, Test R2: 0.8093225955963135, Inverse Test R2: 0.8093225359916687 
2026-01-27 15:07:45,222 INFO: Epoch 149, Train Loss: 0.32776583313490404, Test Loss: 0.4393025745045055, Inverse Test Loss: 4.054683446884155, Train R2: 0.8855299764510357, Test R2: 0.787732720375061, Inverse Test R2: 0.7877326607704163 
2026-01-27 15:07:49,267 INFO: Epoch 150, Train Loss: 0.324913286124215, Test Loss: 0.43408137198650476, Inverse Test Loss: 4.006492686994148, Train R2: 0.8877329925696055, Test R2: 0.7919761538505554, Inverse Test R2: 0.7919761538505554 
2026-01-27 15:07:49,267 INFO: Best Epoch 93, Best Test Loss: 0.40302641464002203, Inv Test Loss: 3.719861008904197, Best Test R2: 0.8217465877532959 
