2026-01-27 14:38:27,551 INFO: log_path:/logs_2026_1_27_HS_RMSE/AMFormer_simple_MLP_dim32_depth2_heads4_dropout0.4_fusion0.45_0.55_lr0.001_4P 
2026-01-27 14:38:27,552 INFO: Model:namespace(attn_dropout=0.4, categories=[], cluster=3, depth=2, dim=32, ff_dropout=0.4, groups=[54, 54, 54], heads=4, name='AMFormer_simple_MLP_dim32_depth2_heads4_dropout0.4_fusion0.45_0.55', num_cate=0, num_cont=20, num_special_tokens=1, out_dim=1, predictor='simple_MLP', prod_num_per_group=[6, 6, 6], qk_relu=False, static_fusion={'kan_weight': 0.45, 'trans_weight': 0.55}, sum_num_per_group=[32, 16, 8], target_mode='regression', token_descent=False, use_cls_token=True, use_prod=True, use_row_col_attention=True, use_sigmoid=True) 
2026-01-27 14:38:27,552 INFO: lr:0.001, loss:RMSE 
2026-01-27 14:38:27,552 INFO: Dataset:HS, Target:['metal4_Peak'] 
2026-01-27 14:38:27,552 INFO: ------Begin Training Model------ 
2026-01-27 14:38:38,774 INFO: Epoch 1, Train Loss: 0.49820344398419064, Test Loss: 0.3756515654650601, Inverse Test Loss: 0.6082210396275376, Train R2: 0.7301497766465852, Test R2: 0.8591873049736023, Inverse Test R2: 0.8591873049736023 
2026-01-27 14:38:44,344 INFO: Epoch 2, Train Loss: 0.3670432712092544, Test Loss: 0.33099195632067596, Inverse Test Loss: 0.5359122310623978, Train R2: 0.8613756705414165, Test R2: 0.8909514546394348, Inverse Test R2: 0.8909514546394348 
2026-01-27 14:38:51,087 INFO: Epoch 3, Train Loss: 0.3139942700438427, Test Loss: 0.305735297275312, Inverse Test Loss: 0.4950189301461885, Train R2: 0.8992408875263098, Test R2: 0.9068024754524231, Inverse Test R2: 0.9068024754524231 
2026-01-27 14:39:00,207 INFO: Epoch 4, Train Loss: 0.29576625189546385, Test Loss: 0.2771299526546941, Inverse Test Loss: 0.4487037505164291, Train R2: 0.9105028586857247, Test R2: 0.9231923818588257, Inverse Test R2: 0.9231923818588257 
2026-01-27 14:39:09,930 INFO: Epoch 5, Train Loss: 0.2828166000545025, Test Loss: 0.27488751393375976, Inverse Test Loss: 0.4450729922814803, Train R2: 0.918451854225361, Test R2: 0.9245452880859375, Inverse Test R2: 0.9245452880859375 
2026-01-27 14:39:21,314 INFO: Epoch 6, Train Loss: 0.2755350840814186, Test Loss: 0.269027853102395, Inverse Test Loss: 0.43558555209275446, Train R2: 0.9221411053881501, Test R2: 0.9276391863822937, Inverse Test R2: 0.9276391863822937 
2026-01-27 14:39:32,699 INFO: Epoch 7, Train Loss: 0.2699230413771037, Test Loss: 0.27094455108498083, Inverse Test Loss: 0.43868890495011303, Train R2: 0.9252468762975751, Test R2: 0.9266232848167419, Inverse Test R2: 0.9266232848167419 
2026-01-27 14:39:44,198 INFO: Epoch 8, Train Loss: 0.2682117942833539, Test Loss: 0.26505393918716547, Inverse Test Loss: 0.4291513589295474, Train R2: 0.9262529403874369, Test R2: 0.9296482801437378, Inverse Test R2: 0.9296482801437378 
2026-01-27 14:39:55,865 INFO: Epoch 9, Train Loss: 0.26437025912331813, Test Loss: 0.2668295362682054, Inverse Test Loss: 0.4320262417648778, Train R2: 0.9283430178960165, Test R2: 0.9286548495292664, Inverse Test R2: 0.9286548495292664 
2026-01-27 14:40:07,534 INFO: Epoch 10, Train Loss: 0.2609616652356856, Test Loss: 0.2656704440261378, Inverse Test Loss: 0.4301495479814934, Train R2: 0.9303262640129436, Test R2: 0.9293695688247681, Inverse Test R2: 0.9293695688247681 
2026-01-27 14:40:07,534 INFO: Best Epoch 8, Best Test Loss: 0.26505393918716547, Inv Test Loss: 0.4291513589295474, Best Test R2: 0.9296482801437378 
2026-01-27 14:40:19,125 INFO: Epoch 11, Train Loss: 0.25880582653211825, Test Loss: 0.2613409468621919, Inverse Test Loss: 0.42313961458928656, Train R2: 0.9314929883588444, Test R2: 0.9316262602806091, Inverse Test R2: 0.9316262602806091 
2026-01-27 14:40:30,418 INFO: Epoch 12, Train Loss: 0.2593631302994309, Test Loss: 0.2649135381886453, Inverse Test Loss: 0.42892403223297815, Train R2: 0.9308752918785269, Test R2: 0.9296320676803589, Inverse Test R2: 0.9296320676803589 
2026-01-27 14:40:42,069 INFO: Epoch 13, Train Loss: 0.25543911834106303, Test Loss: 0.26153112360925385, Inverse Test Loss: 0.4234475312810956, Train R2: 0.9327450457847479, Test R2: 0.9315825700759888, Inverse Test R2: 0.9315825700759888 
2026-01-27 14:40:53,905 INFO: Epoch 14, Train Loss: 0.2547909716765086, Test Loss: 0.26172371931148297, Inverse Test Loss: 0.4237593647205468, Train R2: 0.9332088412660541, Test R2: 0.9313753843307495, Inverse Test R2: 0.9313753843307495 
2026-01-27 14:41:05,258 INFO: Epoch 15, Train Loss: 0.2544077714961587, Test Loss: 0.26042205275911273, Inverse Test Loss: 0.42165182666345075, Train R2: 0.9336052695007035, Test R2: 0.9320101737976074, Inverse Test R2: 0.9320101737976074 
2026-01-27 14:41:16,705 INFO: Epoch 16, Train Loss: 0.25256025904055796, Test Loss: 0.270909744681734, Inverse Test Loss: 0.43863254966157855, Train R2: 0.9345726465637033, Test R2: 0.9264837503433228, Inverse Test R2: 0.9264837503433228 
2026-01-27 14:41:27,995 INFO: Epoch 17, Train Loss: 0.25069734996015375, Test Loss: 0.26043474042054376, Inverse Test Loss: 0.4216723622697772, Train R2: 0.9353633179809108, Test R2: 0.9319194555282593, Inverse Test R2: 0.9319194555282593 
2026-01-27 14:41:39,332 INFO: Epoch 18, Train Loss: 0.24844006290941528, Test Loss: 0.25233945882681647, Inverse Test Loss: 0.40856522050770844, Train R2: 0.9363962028062705, Test R2: 0.9361571073532104, Inverse Test R2: 0.9361571073532104 
2026-01-27 14:41:51,073 INFO: Epoch 19, Train Loss: 0.24759021051453822, Test Loss: 0.2606710317459973, Inverse Test Loss: 0.4220549536473823, Train R2: 0.9369747060717959, Test R2: 0.9320178627967834, Inverse Test R2: 0.9320178627967834 
2026-01-27 14:42:02,769 INFO: Epoch 20, Train Loss: 0.2450095581060106, Test Loss: 0.2610826812910311, Inverse Test Loss: 0.42272146091316687, Train R2: 0.9383615675297651, Test R2: 0.9315841794013977, Inverse Test R2: 0.9315841794013977 
2026-01-27 14:42:02,769 INFO: Best Epoch 18, Best Test Loss: 0.25233945882681647, Inv Test Loss: 0.40856522050770844, Best Test R2: 0.9361571073532104 
2026-01-27 14:42:14,624 INFO: Epoch 21, Train Loss: 0.24407633314981605, Test Loss: 0.2537012511130535, Inverse Test Loss: 0.4107701110117363, Train R2: 0.9387954021945144, Test R2: 0.9354820847511292, Inverse Test R2: 0.9354820847511292 
2026-01-27 14:42:26,124 INFO: Epoch 22, Train Loss: 0.24136473340066997, Test Loss: 0.25432729946844507, Inverse Test Loss: 0.41178375482559204, Train R2: 0.9399405604962147, Test R2: 0.9350650310516357, Inverse Test R2: 0.9350650310516357 
2026-01-27 14:42:37,855 INFO: Epoch 23, Train Loss: 0.24136313852487187, Test Loss: 0.2564886487794645, Inverse Test Loss: 0.41528321757461084, Train R2: 0.9400465190410614, Test R2: 0.9340521097183228, Inverse Test R2: 0.9340521097183228 
2026-01-27 14:42:48,983 INFO: Epoch 24, Train Loss: 0.2404607135915395, Test Loss: 0.2551283700899644, Inverse Test Loss: 0.41308076544241473, Train R2: 0.9401685911597628, Test R2: 0.9347253441810608, Inverse Test R2: 0.9347254037857056 
2026-01-27 14:42:59,934 INFO: Epoch 25, Train Loss: 0.23979539141962022, Test Loss: 0.25794965435158124, Inverse Test Loss: 0.4176487507242145, Train R2: 0.9409072484933969, Test R2: 0.9333957433700562, Inverse Test R2: 0.9333957433700562 
2026-01-27 14:43:10,906 INFO: Epoch 26, Train Loss: 0.23948402951161066, Test Loss: 0.25181115170319873, Inverse Test Loss: 0.4077098342505368, Train R2: 0.9410328950845834, Test R2: 0.9364397525787354, Inverse Test R2: 0.9364397525787354 
2026-01-27 14:43:21,822 INFO: Epoch 27, Train Loss: 0.23726400642684012, Test Loss: 0.25553666055202484, Inverse Test Loss: 0.41374184236381994, Train R2: 0.9420725820642529, Test R2: 0.9343699812889099, Inverse Test R2: 0.9343699812889099 
2026-01-27 14:43:32,824 INFO: Epoch 28, Train Loss: 0.23642636079228285, Test Loss: 0.25229706141081726, Inverse Test Loss: 0.40849657582514215, Train R2: 0.9423112508022424, Test R2: 0.9361926317214966, Inverse Test R2: 0.9361926317214966 
2026-01-27 14:43:44,031 INFO: Epoch 29, Train Loss: 0.235936257310889, Test Loss: 0.251724715034167, Inverse Test Loss: 0.4075698870601076, Train R2: 0.9428463167313373, Test R2: 0.9363622069358826, Inverse Test R2: 0.9363622069358826 
2026-01-27 14:43:55,028 INFO: Epoch 30, Train Loss: 0.23732019080357117, Test Loss: 0.25527528154127527, Inverse Test Loss: 0.41331863764560584, Train R2: 0.9418410044727903, Test R2: 0.9345766305923462, Inverse Test R2: 0.9345766305923462 
2026-01-27 14:43:55,028 INFO: Best Epoch 29, Best Test Loss: 0.251724715034167, Inv Test Loss: 0.4075698870601076, Best Test R2: 0.9363622069358826 
2026-01-27 14:44:06,150 INFO: Epoch 31, Train Loss: 0.2330924519761042, Test Loss: 0.2482619168180408, Inverse Test Loss: 0.4019632294322505, Train R2: 0.9439013162345598, Test R2: 0.938087522983551, Inverse Test R2: 0.938087522983551 
2026-01-27 14:44:17,130 INFO: Epoch 32, Train Loss: 0.23340509967370468, Test Loss: 0.25615868017529, Inverse Test Loss: 0.41474896217837476, Train R2: 0.9438290970795082, Test R2: 0.9342615604400635, Inverse Test R2: 0.9342615604400635 
2026-01-27 14:44:28,233 INFO: Epoch 33, Train Loss: 0.23323552039536563, Test Loss: 0.24942683947808814, Inverse Test Loss: 0.4038493741642345, Train R2: 0.9438139647245407, Test R2: 0.9375567436218262, Inverse Test R2: 0.9375567436218262 
2026-01-27 14:44:39,427 INFO: Epoch 34, Train Loss: 0.2332302084700628, Test Loss: 0.24971869949138525, Inverse Test Loss: 0.40432192881902057, Train R2: 0.9439586942846124, Test R2: 0.9374316334724426, Inverse Test R2: 0.9374316334724426 
2026-01-27 14:44:50,573 INFO: Epoch 35, Train Loss: 0.23293756592002782, Test Loss: 0.24876774621732306, Inverse Test Loss: 0.4027822189258807, Train R2: 0.9442573203281923, Test R2: 0.9378808736801147, Inverse Test R2: 0.9378808736801147 
2026-01-27 14:45:01,728 INFO: Epoch 36, Train Loss: 0.2318291567040212, Test Loss: 0.2497087423548554, Inverse Test Loss: 0.4043057985378034, Train R2: 0.9444944136070482, Test R2: 0.9373543858528137, Inverse Test R2: 0.9373543858528137 
2026-01-27 14:45:12,890 INFO: Epoch 37, Train Loss: 0.22970011073983077, Test Loss: 0.25034268651947833, Inverse Test Loss: 0.4053322329665675, Train R2: 0.9452454885750106, Test R2: 0.9370498657226562, Inverse Test R2: 0.9370498657226562 
2026-01-27 14:45:24,010 INFO: Epoch 38, Train Loss: 0.23189789711525946, Test Loss: 0.254042028929248, Inverse Test Loss: 0.41132186849912006, Train R2: 0.9447261162779548, Test R2: 0.9350955486297607, Inverse Test R2: 0.9350955486297607 
2026-01-27 14:45:35,041 INFO: Epoch 39, Train Loss: 0.23083956133235584, Test Loss: 0.2504234512646993, Inverse Test Loss: 0.40546299742929864, Train R2: 0.9450265259453745, Test R2: 0.9370568990707397, Inverse Test R2: 0.9370568990707397 
2026-01-27 14:45:46,236 INFO: Epoch 40, Train Loss: 0.23104103936841994, Test Loss: 0.2509508530298869, Inverse Test Loss: 0.40631691524476715, Train R2: 0.9449822541439172, Test R2: 0.9367621541023254, Inverse Test R2: 0.9367621541023254 
2026-01-27 14:45:46,237 INFO: Best Epoch 31, Best Test Loss: 0.2482619168180408, Inv Test Loss: 0.4019632294322505, Best Test R2: 0.938087522983551 
2026-01-27 14:45:57,401 INFO: Epoch 41, Train Loss: 0.23001116186831938, Test Loss: 0.24775660173459488, Inverse Test Loss: 0.40114507259744586, Train R2: 0.9455267746340145, Test R2: 0.9382782578468323, Inverse Test R2: 0.9382782578468323 
2026-01-27 14:46:08,347 INFO: Epoch 42, Train Loss: 0.22899088444131793, Test Loss: 0.25088256778139056, Inverse Test Loss: 0.40620635404731287, Train R2: 0.9456538932793068, Test R2: 0.9369281530380249, Inverse Test R2: 0.9369281530380249 
2026-01-27 14:46:19,421 INFO: Epoch 43, Train Loss: 0.22812816241022313, Test Loss: 0.24955888905308463, Inverse Test Loss: 0.40406317692814453, Train R2: 0.9461786372191978, Test R2: 0.9374836087226868, Inverse Test R2: 0.9374836087226868 
2026-01-27 14:46:30,460 INFO: Epoch 44, Train Loss: 0.2272254399052172, Test Loss: 0.25251128140724066, Inverse Test Loss: 0.4088434242840969, Train R2: 0.9468035797278086, Test R2: 0.9358451962471008, Inverse Test R2: 0.9358451962471008 
2026-01-27 14:46:41,631 INFO: Epoch 45, Train Loss: 0.22727185747388637, Test Loss: 0.24993092047445703, Inverse Test Loss: 0.40466553243723785, Train R2: 0.9464769155690165, Test R2: 0.9373270869255066, Inverse Test R2: 0.9373270869255066 
2026-01-27 14:46:52,788 INFO: Epoch 46, Train Loss: 0.22695811070276029, Test Loss: 0.24824744643587054, Inverse Test Loss: 0.4019398002913504, Train R2: 0.9467950671008138, Test R2: 0.9380267858505249, Inverse Test R2: 0.9380267858505249 
2026-01-27 14:47:03,852 INFO: Epoch 47, Train Loss: 0.22572337892470937, Test Loss: 0.24862879875934485, Inverse Test Loss: 0.40255724932208203, Train R2: 0.9473518386031642, Test R2: 0.9378476142883301, Inverse Test R2: 0.9378476142883301 
2026-01-27 14:47:14,960 INFO: Epoch 48, Train Loss: 0.2262850371048306, Test Loss: 0.24878304158196304, Inverse Test Loss: 0.4028069927836909, Train R2: 0.9471333975141699, Test R2: 0.9375149011611938, Inverse Test R2: 0.9375149011611938 
2026-01-27 14:47:25,951 INFO: Epoch 49, Train Loss: 0.2244570038535378, Test Loss: 0.24618086038213788, Inverse Test Loss: 0.398593777959997, Train R2: 0.9478606486862357, Test R2: 0.9389923810958862, Inverse Test R2: 0.9389923810958862 
2026-01-27 14:47:37,078 INFO: Epoch 50, Train Loss: 0.22469469521081809, Test Loss: 0.24967007926016144, Inverse Test Loss: 0.40424320011427906, Train R2: 0.9477752948349173, Test R2: 0.9371918439865112, Inverse Test R2: 0.9371918439865112 
2026-01-27 14:47:37,078 INFO: Best Epoch 49, Best Test Loss: 0.24618086038213788, Inv Test Loss: 0.398593777959997, Best Test R2: 0.9389923810958862 
2026-01-27 14:47:48,267 INFO: Epoch 51, Train Loss: 0.22452356248642458, Test Loss: 0.24909399178895084, Inverse Test Loss: 0.4033104452219876, Train R2: 0.9481540787400622, Test R2: 0.9374538660049438, Inverse Test R2: 0.9374538660049438 
2026-01-27 14:47:59,358 INFO: Epoch 52, Train Loss: 0.22464278949932617, Test Loss: 0.24971087096315442, Inverse Test Loss: 0.40430924928549566, Train R2: 0.9477844044114604, Test R2: 0.937117338180542, Inverse Test R2: 0.937117338180542 
2026-01-27 14:48:10,472 INFO: Epoch 53, Train Loss: 0.22328035793069637, Test Loss: 0.24893008669217428, Inverse Test Loss: 0.40304507089383673, Train R2: 0.9482782993352774, Test R2: 0.9374043345451355, Inverse Test R2: 0.9374043345451355 
2026-01-27 14:48:21,605 INFO: Epoch 54, Train Loss: 0.223021948427865, Test Loss: 0.250359600240534, Inverse Test Loss: 0.405359609560533, Train R2: 0.9484088624065573, Test R2: 0.936845064163208, Inverse Test R2: 0.936845064163208 
2026-01-27 14:48:32,783 INFO: Epoch 55, Train Loss: 0.22196080061522397, Test Loss: 0.24708082097949405, Inverse Test Loss: 0.40005091193950537, Train R2: 0.9492760887651732, Test R2: 0.9386850595474243, Inverse Test R2: 0.9386850595474243 
2026-01-27 14:48:43,933 INFO: Epoch 56, Train Loss: 0.22137367747949832, Test Loss: 0.2523321829962008, Inverse Test Loss: 0.40855343414075446, Train R2: 0.9491305875055718, Test R2: 0.9360862374305725, Inverse Test R2: 0.9360862374305725 
2026-01-27 14:48:55,123 INFO: Epoch 57, Train Loss: 0.22151118200836759, Test Loss: 0.246501881516341, Inverse Test Loss: 0.39911353859034454, Train R2: 0.9492619087298712, Test R2: 0.9387384057044983, Inverse Test R2: 0.9387384057044983 
2026-01-27 14:49:06,203 INFO: Epoch 58, Train Loss: 0.22179957276040857, Test Loss: 0.2505332561153354, Inverse Test Loss: 0.40564078092575073, Train R2: 0.949167065096624, Test R2: 0.9369674324989319, Inverse Test R2: 0.9369674324989319 
2026-01-27 14:49:17,319 INFO: Epoch 59, Train Loss: 0.2220160814397263, Test Loss: 0.249142766901941, Inverse Test Loss: 0.4033894267949191, Train R2: 0.9488008550622247, Test R2: 0.9373937845230103, Inverse Test R2: 0.9373937845230103 
2026-01-27 14:49:28,426 INFO: Epoch 60, Train Loss: 0.21995315836234527, Test Loss: 0.24750690523422125, Inverse Test Loss: 0.40074078422604187, Train R2: 0.9499788482983907, Test R2: 0.938430905342102, Inverse Test R2: 0.938430905342102 
2026-01-27 14:49:28,446 INFO: Best Epoch 49, Best Test Loss: 0.24618086038213788, Inv Test Loss: 0.398593777959997, Best Test R2: 0.9389923810958862 
2026-01-27 14:49:39,626 INFO: Epoch 61, Train Loss: 0.22080348217577644, Test Loss: 0.24867436334942328, Inverse Test Loss: 0.40263103264750855, Train R2: 0.9495598849925128, Test R2: 0.9377623796463013, Inverse Test R2: 0.9377623796463013 
2026-01-27 14:49:50,811 INFO: Epoch 62, Train Loss: 0.21977450043866129, Test Loss: 0.2499037701072115, Inverse Test Loss: 0.4046215812365214, Train R2: 0.9500440711324866, Test R2: 0.9371853470802307, Inverse Test R2: 0.9371853470802307 
2026-01-27 14:50:01,972 INFO: Epoch 63, Train Loss: 0.22021275544256874, Test Loss: 0.2521165929960482, Inverse Test Loss: 0.4082043667634328, Train R2: 0.949776676568118, Test R2: 0.9362208843231201, Inverse Test R2: 0.9362208843231201 
2026-01-27 14:50:13,095 INFO: Epoch 64, Train Loss: 0.2185990884900093, Test Loss: 0.24741368989149728, Inverse Test Loss: 0.40058986074996716, Train R2: 0.9505085132338784, Test R2: 0.9382877945899963, Inverse Test R2: 0.9382877945899963 
2026-01-27 14:50:24,151 INFO: Epoch 65, Train Loss: 0.2192507188654307, Test Loss: 0.25069176067005505, Inverse Test Loss: 0.40589741775483795, Train R2: 0.9505065932418361, Test R2: 0.9367992281913757, Inverse Test R2: 0.9367992281913757 
2026-01-27 14:50:35,231 INFO: Epoch 66, Train Loss: 0.2189713018861684, Test Loss: 0.24845294970454593, Inverse Test Loss: 0.4022725423177083, Train R2: 0.9502603262662888, Test R2: 0.9378220438957214, Inverse Test R2: 0.9378220438957214 
2026-01-27 14:50:46,339 INFO: Epoch 67, Train Loss: 0.21687457642771982, Test Loss: 0.25194323378981964, Inverse Test Loss: 0.4079236893942862, Train R2: 0.9513749006119642, Test R2: 0.936097264289856, Inverse Test R2: 0.936097264289856 
2026-01-27 14:50:57,377 INFO: Epoch 68, Train Loss: 0.21862946834528085, Test Loss: 0.24889064422159485, Inverse Test Loss: 0.40298121083866467, Train R2: 0.9506727705399195, Test R2: 0.9378111362457275, Inverse Test R2: 0.9378111362457275 
2026-01-27 14:51:08,633 INFO: Epoch 69, Train Loss: 0.2152907865291292, Test Loss: 0.24808321125579602, Inverse Test Loss: 0.4016738877151952, Train R2: 0.951791526241736, Test R2: 0.9380258917808533, Inverse Test R2: 0.9380258917808533 
2026-01-27 14:51:19,621 INFO: Epoch 70, Train Loss: 0.21587570767962572, Test Loss: 0.24702653604926486, Inverse Test Loss: 0.3999630140535759, Train R2: 0.9515898268331181, Test R2: 0.9384909272193909, Inverse Test R2: 0.9384909272193909 
2026-01-27 14:51:19,621 INFO: Best Epoch 49, Best Test Loss: 0.24618086038213788, Inv Test Loss: 0.398593777959997, Best Test R2: 0.9389923810958862 
2026-01-27 14:51:30,836 INFO: Epoch 71, Train Loss: 0.21702098180398796, Test Loss: 0.2509049150076779, Inverse Test Loss: 0.4062425322604902, Train R2: 0.9514636081276517, Test R2: 0.9365575313568115, Inverse Test R2: 0.9365575313568115 
2026-01-27 14:51:42,005 INFO: Epoch 72, Train Loss: 0.21656941069346486, Test Loss: 0.24799329268209863, Inverse Test Loss: 0.4015283033703313, Train R2: 0.9514120848792972, Test R2: 0.9380379319190979, Inverse Test R2: 0.9380379319190979 
2026-01-27 14:51:53,152 INFO: Epoch 73, Train Loss: 0.215268145343571, Test Loss: 0.2480830726298419, Inverse Test Loss: 0.40167366103692487, Train R2: 0.9519813692930973, Test R2: 0.9379656314849854, Inverse Test R2: 0.9379656314849854 
2026-01-27 14:52:04,211 INFO: Epoch 74, Train Loss: 0.21406090936877512, Test Loss: 0.2510748040495497, Inverse Test Loss: 0.4065175959558198, Train R2: 0.9525653814727609, Test R2: 0.9363807439804077, Inverse Test R2: 0.9363807439804077 
2026-01-27 14:52:15,199 INFO: Epoch 75, Train Loss: 0.21603272505330318, Test Loss: 0.25166275374817126, Inverse Test Loss: 0.40746955438093707, Train R2: 0.9517196927106741, Test R2: 0.936195969581604, Inverse Test R2: 0.936195969581604 
2026-01-27 14:52:26,170 INFO: Epoch 76, Train Loss: 0.2129854881627993, Test Loss: 0.25170841903397534, Inverse Test Loss: 0.40754349755518365, Train R2: 0.9532509595155716, Test R2: 0.9361986517906189, Inverse Test R2: 0.9361986517906189 
2026-01-27 14:52:37,182 INFO: Epoch 77, Train Loss: 0.21417017789049583, Test Loss: 0.24728577516295694, Inverse Test Loss: 0.4003827544775876, Train R2: 0.9523691909782814, Test R2: 0.9385331869125366, Inverse Test R2: 0.9385332465171814 
2026-01-27 14:52:48,130 INFO: Epoch 78, Train Loss: 0.2135861779026913, Test Loss: 0.24790418735056213, Inverse Test Loss: 0.4013840375524579, Train R2: 0.9525146674026143, Test R2: 0.9382590651512146, Inverse Test R2: 0.9382590651512146 
2026-01-27 14:52:59,228 INFO: Epoch 79, Train Loss: 0.21256443271131226, Test Loss: 0.2501924814599933, Inverse Test Loss: 0.4050890225352663, Train R2: 0.9530830780665079, Test R2: 0.9370087385177612, Inverse Test R2: 0.9370087385177612 
2026-01-27 14:53:10,225 INFO: Epoch 80, Train Loss: 0.2120059116207289, Test Loss: 0.2536398714238947, Inverse Test Loss: 0.41067073020068084, Train R2: 0.9533397912076025, Test R2: 0.93532395362854, Inverse Test R2: 0.93532395362854 
2026-01-27 14:53:10,226 INFO: Best Epoch 49, Best Test Loss: 0.24618086038213788, Inv Test Loss: 0.398593777959997, Best Test R2: 0.9389923810958862 
2026-01-27 14:53:21,339 INFO: Epoch 81, Train Loss: 0.21491982945890137, Test Loss: 0.2515949715267528, Inverse Test Loss: 0.4073598059740933, Train R2: 0.9523302894650083, Test R2: 0.9361791610717773, Inverse Test R2: 0.9361791610717773 
2026-01-27 14:53:32,498 INFO: Epoch 82, Train Loss: 0.2117224568218896, Test Loss: 0.254075211557475, Inverse Test Loss: 0.41137559215227765, Train R2: 0.9535682147199457, Test R2: 0.935067892074585, Inverse Test R2: 0.935067892074585 
2026-01-27 14:53:43,696 INFO: Epoch 83, Train Loss: 0.21226642992008815, Test Loss: 0.2499901516871019, Inverse Test Loss: 0.40476143179517804, Train R2: 0.9534309736706994, Test R2: 0.9372687935829163, Inverse Test R2: 0.9372687935829163 
2026-01-27 14:53:54,878 INFO: Epoch 84, Train Loss: 0.21144828369671648, Test Loss: 0.25269851585229236, Inverse Test Loss: 0.40914656537951843, Train R2: 0.9541569139921304, Test R2: 0.9357873201370239, Inverse Test R2: 0.9357873201370239 
2026-01-27 14:54:06,046 INFO: Epoch 85, Train Loss: 0.21221276316227336, Test Loss: 0.2523563928676374, Inverse Test Loss: 0.40859263774120447, Train R2: 0.9536106017502871, Test R2: 0.9360049962997437, Inverse Test R2: 0.9360049962997437 
2026-01-27 14:54:17,236 INFO: Epoch 86, Train Loss: 0.21031933052070212, Test Loss: 0.2564296532760967, Inverse Test Loss: 0.415187682166244, Train R2: 0.9541837816888635, Test R2: 0.9338777661323547, Inverse Test R2: 0.9338777661323547 
2026-01-27 14:54:28,482 INFO: Epoch 87, Train Loss: 0.21069853007793427, Test Loss: 0.2502160763198679, Inverse Test Loss: 0.40512722730636597, Train R2: 0.9539214810638716, Test R2: 0.9369380474090576, Inverse Test R2: 0.9369380474090576 
2026-01-27 14:54:39,629 INFO: Epoch 88, Train Loss: 0.2088880737622579, Test Loss: 0.25230749267520325, Inverse Test Loss: 0.40851346651713055, Train R2: 0.9547632643670747, Test R2: 0.9360712766647339, Inverse Test R2: 0.9360712766647339 
2026-01-27 14:54:50,779 INFO: Epoch 89, Train Loss: 0.20833428113749533, Test Loss: 0.2522936991669915, Inverse Test Loss: 0.408491131031152, Train R2: 0.9553171378193479, Test R2: 0.9358535408973694, Inverse Test R2: 0.9358535408973694 
2026-01-27 14:55:01,981 INFO: Epoch 90, Train Loss: 0.20902539800965425, Test Loss: 0.25285584727923077, Inverse Test Loss: 0.40940131292198645, Train R2: 0.9547036186312184, Test R2: 0.9357482194900513, Inverse Test R2: 0.9357482194900513 
2026-01-27 14:55:01,981 INFO: Best Epoch 49, Best Test Loss: 0.24618086038213788, Inv Test Loss: 0.398593777959997, Best Test R2: 0.9389923810958862 
2026-01-27 14:55:13,180 INFO: Epoch 91, Train Loss: 0.2101369614176678, Test Loss: 0.25279210823954956, Inverse Test Loss: 0.4092981092857592, Train R2: 0.9544135639161775, Test R2: 0.9358310699462891, Inverse Test R2: 0.9358310699462891 
2026-01-27 14:55:24,570 INFO: Epoch 92, Train Loss: 0.2079675059878465, Test Loss: 0.254745524037968, Inverse Test Loss: 0.4124609006173683, Train R2: 0.9551659754731439, Test R2: 0.9346975684165955, Inverse Test R2: 0.9346975684165955 
2026-01-27 14:55:35,618 INFO: Epoch 93, Train Loss: 0.20814688740806145, Test Loss: 0.25203791667114606, Inverse Test Loss: 0.4080769925406485, Train R2: 0.9553964535395304, Test R2: 0.9361352324485779, Inverse Test R2: 0.9361352324485779 
2026-01-27 14:55:46,787 INFO: Epoch 94, Train Loss: 0.2073868727593711, Test Loss: 0.25753928675796045, Inverse Test Loss: 0.41698430975278217, Train R2: 0.955446693481821, Test R2: 0.9330844879150391, Inverse Test R2: 0.9330844879150391 
2026-01-27 14:55:57,885 INFO: Epoch 95, Train Loss: 0.20728526196696542, Test Loss: 0.2569585848938335, Inverse Test Loss: 0.416044095248887, Train R2: 0.9555582471869208, Test R2: 0.9337517023086548, Inverse Test R2: 0.9337517023086548 
2026-01-27 14:56:09,054 INFO: Epoch 96, Train Loss: 0.20610473869424878, Test Loss: 0.2548138097380147, Inverse Test Loss: 0.41257146813652734, Train R2: 0.9558673510045717, Test R2: 0.9346989393234253, Inverse Test R2: 0.9346989393234253 
2026-01-27 14:56:20,032 INFO: Epoch 97, Train Loss: 0.20515639233318242, Test Loss: 0.25345564475565246, Inverse Test Loss: 0.41037244959311053, Train R2: 0.956365289110126, Test R2: 0.9352380037307739, Inverse Test R2: 0.9352380037307739 
2026-01-27 14:56:31,187 INFO: Epoch 98, Train Loss: 0.20540889059052322, Test Loss: 0.25828020951964636, Inverse Test Loss: 0.4181839462482568, Train R2: 0.9562125657543992, Test R2: 0.9329751133918762, Inverse Test R2: 0.9329751133918762 
2026-01-27 14:56:42,416 INFO: Epoch 99, Train Loss: 0.20645645503519158, Test Loss: 0.25716899741779675, Inverse Test Loss: 0.4163847737240069, Train R2: 0.9558071426369927, Test R2: 0.9336201548576355, Inverse Test R2: 0.9336202144622803 
2026-01-27 14:56:53,558 INFO: Epoch 100, Train Loss: 0.20580311492085457, Test Loss: 0.25483082912184973, Inverse Test Loss: 0.412599015416521, Train R2: 0.9561286848602872, Test R2: 0.9344545602798462, Inverse Test R2: 0.9344545602798462 
2026-01-27 14:56:53,558 INFO: Best Epoch 49, Best Test Loss: 0.24618086038213788, Inv Test Loss: 0.398593777959997, Best Test R2: 0.9389923810958862 
2026-01-27 14:57:04,814 INFO: Epoch 101, Train Loss: 0.206414895414403, Test Loss: 0.25448559811621, Inverse Test Loss: 0.412040061119831, Train R2: 0.9560150020953381, Test R2: 0.9348698854446411, Inverse Test R2: 0.9348698854446411 
2026-01-27 14:57:15,951 INFO: Epoch 102, Train Loss: 0.20566702126102013, Test Loss: 0.2559513427091367, Inverse Test Loss: 0.4144132507569862, Train R2: 0.9560084482937148, Test R2: 0.9338997006416321, Inverse Test R2: 0.9338997006416321 
2026-01-27 14:57:26,929 INFO: Epoch 103, Train Loss: 0.2039964652874253, Test Loss: 0.25570469643130445, Inverse Test Loss: 0.414013916795904, Train R2: 0.9564933704607415, Test R2: 0.9342259764671326, Inverse Test R2: 0.9342259764671326 
2026-01-27 14:57:38,132 INFO: Epoch 104, Train Loss: 0.20410556142980402, Test Loss: 0.25058844911329675, Inverse Test Loss: 0.4057301499626853, Train R2: 0.9568790757294857, Test R2: 0.9368505477905273, Inverse Test R2: 0.9368505477905273 
2026-01-27 14:57:49,243 INFO: Epoch 105, Train Loss: 0.20261358164928175, Test Loss: 0.25379462585304724, Inverse Test Loss: 0.4109212936777057, Train R2: 0.9574641467946948, Test R2: 0.9353505969047546, Inverse Test R2: 0.9353505969047546 
2026-01-27 14:58:00,427 INFO: Epoch 106, Train Loss: 0.20268782724936804, Test Loss: 0.254981336720062, Inverse Test Loss: 0.4128427062973832, Train R2: 0.9570073345393846, Test R2: 0.9345464110374451, Inverse Test R2: 0.9345464110374451 
2026-01-27 14:58:11,547 INFO: Epoch 107, Train Loss: 0.20286590470509094, Test Loss: 0.254520266345053, Inverse Test Loss: 0.41209618521459174, Train R2: 0.9572742536212459, Test R2: 0.9347728490829468, Inverse Test R2: 0.9347728490829468 
2026-01-27 14:58:22,700 INFO: Epoch 108, Train Loss: 0.20194392978693498, Test Loss: 0.24917956148133133, Inverse Test Loss: 0.4034489971218687, Train R2: 0.9576927378322139, Test R2: 0.9375343918800354, Inverse Test R2: 0.9375343918800354 
2026-01-27 14:58:33,663 INFO: Epoch 109, Train Loss: 0.2021747569017338, Test Loss: 0.2614715270923846, Inverse Test Loss: 0.4233510367798083, Train R2: 0.9575947270248876, Test R2: 0.9311063885688782, Inverse Test R2: 0.9311063885688782 
2026-01-27 14:58:44,713 INFO: Epoch 110, Train Loss: 0.20200824071512077, Test Loss: 0.2534750740636479, Inverse Test Loss: 0.41040390278353833, Train R2: 0.95751847958926, Test R2: 0.9355712532997131, Inverse Test R2: 0.9355712532997131 
2026-01-27 14:58:44,713 INFO: Best Epoch 49, Best Test Loss: 0.24618086038213788, Inv Test Loss: 0.398593777959997, Best Test R2: 0.9389923810958862 
2026-01-27 14:58:55,809 INFO: Epoch 111, Train Loss: 0.20126567713238977, Test Loss: 0.2576380990671389, Inverse Test Loss: 0.41714430035966815, Train R2: 0.9578636762770739, Test R2: 0.9333661198616028, Inverse Test R2: 0.9333661198616028 
2026-01-27 14:59:06,762 INFO: Epoch 112, Train Loss: 0.20124938293839945, Test Loss: 0.2512194419449026, Inverse Test Loss: 0.4067517907330484, Train R2: 0.9581736529415305, Test R2: 0.9364500641822815, Inverse Test R2: 0.9364500641822815 
2026-01-27 14:59:17,820 INFO: Epoch 113, Train Loss: 0.20237535464041162, Test Loss: 0.2524631470441818, Inverse Test Loss: 0.40876548488934833, Train R2: 0.9579000757499174, Test R2: 0.9359176754951477, Inverse Test R2: 0.9359176754951477 
2026-01-27 14:59:28,843 INFO: Epoch 114, Train Loss: 0.19916391214638046, Test Loss: 0.25226537431731366, Inverse Test Loss: 0.4084452652569973, Train R2: 0.9587914275400566, Test R2: 0.9360817670822144, Inverse Test R2: 0.9360817670822144 
2026-01-27 14:59:39,884 INFO: Epoch 115, Train Loss: 0.19862780166846333, Test Loss: 0.25468283304662415, Inverse Test Loss: 0.4123593975197185, Train R2: 0.9588436032786514, Test R2: 0.9348186254501343, Inverse Test R2: 0.9348186254501343 
2026-01-27 14:59:51,050 INFO: Epoch 116, Train Loss: 0.19943384058547742, Test Loss: 0.2527679128177238, Inverse Test Loss: 0.4092589327783296, Train R2: 0.9585999309113531, Test R2: 0.9356443285942078, Inverse Test R2: 0.9356443285942078 
2026-01-27 15:00:01,981 INFO: Epoch 117, Train Loss: 0.19999218032215582, Test Loss: 0.24972165263060367, Inverse Test Loss: 0.404326701706106, Train R2: 0.958495072794683, Test R2: 0.9373135566711426, Inverse Test R2: 0.9373135566711426 
2026-01-27 15:00:12,936 INFO: Epoch 118, Train Loss: 0.19919827134546006, Test Loss: 0.25791244931293256, Inverse Test Loss: 0.4175885057810581, Train R2: 0.9585906316836675, Test R2: 0.9332322478294373, Inverse Test R2: 0.9332322478294373 
2026-01-27 15:00:23,943 INFO: Epoch 119, Train Loss: 0.19948499965848346, Test Loss: 0.2528621884006442, Inverse Test Loss: 0.40941157485499524, Train R2: 0.9588950741471667, Test R2: 0.9357306957244873, Inverse Test R2: 0.9357306957244873 
2026-01-27 15:00:35,163 INFO: Epoch 120, Train Loss: 0.19702801537333112, Test Loss: 0.25435864654454315, Inverse Test Loss: 0.4118345072775176, Train R2: 0.9595741331577301, Test R2: 0.9349315166473389, Inverse Test R2: 0.9349315166473389 
2026-01-27 15:00:35,163 INFO: Best Epoch 49, Best Test Loss: 0.24618086038213788, Inv Test Loss: 0.398593777959997, Best Test R2: 0.9389923810958862 
2026-01-27 15:00:46,281 INFO: Epoch 121, Train Loss: 0.19737023002270496, Test Loss: 0.25438993898305023, Inverse Test Loss: 0.41188517212867737, Train R2: 0.9597468263272083, Test R2: 0.9348725080490112, Inverse Test R2: 0.9348725080490112 
2026-01-27 15:00:57,253 INFO: Epoch 122, Train Loss: 0.19517008717538734, Test Loss: 0.25227578887433716, Inverse Test Loss: 0.4084621315652674, Train R2: 0.9600703770464117, Test R2: 0.9359362125396729, Inverse Test R2: 0.9359362125396729 
2026-01-27 15:01:08,203 INFO: Epoch 123, Train Loss: 0.19723286310380156, Test Loss: 0.25702054437362787, Inverse Test Loss: 0.4161444161877488, Train R2: 0.9596581919626757, Test R2: 0.9335631132125854, Inverse Test R2: 0.9335631132125854 
2026-01-27 15:01:19,316 INFO: Epoch 124, Train Loss: 0.19918196366140337, Test Loss: 0.2563443603840741, Inverse Test Loss: 0.41504959175080963, Train R2: 0.9587116566571322, Test R2: 0.9336890578269958, Inverse Test R2: 0.9336890578269958 
2026-01-27 15:01:30,416 INFO: Epoch 125, Train Loss: 0.19559290384252867, Test Loss: 0.25693582630518713, Inverse Test Loss: 0.41600724603190564, Train R2: 0.9602083785064293, Test R2: 0.9337862133979797, Inverse Test R2: 0.9337862133979797 
2026-01-27 15:01:41,472 INFO: Epoch 126, Train Loss: 0.19827841448061395, Test Loss: 0.2595429872021531, Inverse Test Loss: 0.4202285201260538, Train R2: 0.9592931880192324, Test R2: 0.9322500824928284, Inverse Test R2: 0.9322501420974731 
2026-01-27 15:01:52,642 INFO: Epoch 127, Train Loss: 0.19446680931882424, Test Loss: 0.25724832713603973, Inverse Test Loss: 0.4165132154117931, Train R2: 0.9605974080887708, Test R2: 0.9335013031959534, Inverse Test R2: 0.9335013031959534 
2026-01-27 15:02:03,622 INFO: Epoch 128, Train Loss: 0.19537849633982687, Test Loss: 0.258908439766277, Inverse Test Loss: 0.4192011229919665, Train R2: 0.9604529043038686, Test R2: 0.9325552582740784, Inverse Test R2: 0.9325552582740784 
2026-01-27 15:02:14,809 INFO: Epoch 129, Train Loss: 0.19545108791102062, Test Loss: 0.2595570602200248, Inverse Test Loss: 0.42025130806547223, Train R2: 0.960287659908786, Test R2: 0.9322951436042786, Inverse Test R2: 0.9322951436042786 
2026-01-27 15:02:25,807 INFO: Epoch 130, Train Loss: 0.19443105511141545, Test Loss: 0.2504780780185353, Inverse Test Loss: 0.4055514462066419, Train R2: 0.9609290560086569, Test R2: 0.9368866682052612, Inverse Test R2: 0.9368866682052612 
2026-01-27 15:02:25,807 INFO: Best Epoch 49, Best Test Loss: 0.24618086038213788, Inv Test Loss: 0.398593777959997, Best Test R2: 0.9389923810958862 
2026-01-27 15:02:36,836 INFO: Epoch 131, Train Loss: 0.194426157709324, Test Loss: 0.2579285836581028, Inverse Test Loss: 0.417614631580584, Train R2: 0.9608515695188985, Test R2: 0.9332259297370911, Inverse Test R2: 0.9332259297370911 
2026-01-27 15:02:48,037 INFO: Epoch 132, Train Loss: 0.19408567215908656, Test Loss: 0.255981699535341, Inverse Test Loss: 0.41446240652691235, Train R2: 0.9609163155158361, Test R2: 0.9341950416564941, Inverse Test R2: 0.9341950416564941 
2026-01-27 15:02:59,249 INFO: Epoch 133, Train Loss: 0.19347510757771405, Test Loss: 0.2547215715502248, Inverse Test Loss: 0.4124221205711365, Train R2: 0.9611166521455302, Test R2: 0.9348260164260864, Inverse Test R2: 0.9348260760307312 
2026-01-27 15:03:10,259 INFO: Epoch 134, Train Loss: 0.19331450449923673, Test Loss: 0.25708530211087427, Inverse Test Loss: 0.41624925263000256, Train R2: 0.9611001335310213, Test R2: 0.9336474537849426, Inverse Test R2: 0.9336474537849426 
2026-01-27 15:03:21,365 INFO: Epoch 135, Train Loss: 0.1939648576080799, Test Loss: 0.25409708736520825, Inverse Test Loss: 0.4114110126639857, Train R2: 0.9606883896119667, Test R2: 0.9350645542144775, Inverse Test R2: 0.9350645542144775 
2026-01-27 15:03:32,445 INFO: Epoch 136, Train Loss: 0.19118187187070196, Test Loss: 0.25422731267683435, Inverse Test Loss: 0.4116218622886773, Train R2: 0.9619451241962838, Test R2: 0.9348912835121155, Inverse Test R2: 0.9348912835121155 
2026-01-27 15:03:43,521 INFO: Epoch 137, Train Loss: 0.1926257103455789, Test Loss: 0.2566594228600011, Inverse Test Loss: 0.41555971720001916, Train R2: 0.9610603018240496, Test R2: 0.9338834285736084, Inverse Test R2: 0.9338834285736084 
2026-01-27 15:03:54,661 INFO: Epoch 138, Train Loss: 0.1916997323207783, Test Loss: 0.25599719629143225, Inverse Test Loss: 0.41448749285755737, Train R2: 0.9618905340180253, Test R2: 0.9341570734977722, Inverse Test R2: 0.9341570734977722 
2026-01-27 15:04:05,831 INFO: Epoch 139, Train Loss: 0.19329566294045158, Test Loss: 0.2581253440091104, Inverse Test Loss: 0.4179331967324922, Train R2: 0.9611760608174584, Test R2: 0.9330918788909912, Inverse Test R2: 0.9330918788909912 
2026-01-27 15:04:16,881 INFO: Epoch 140, Train Loss: 0.18946146660230376, Test Loss: 0.25724315191760205, Inverse Test Loss: 0.4165048355405981, Train R2: 0.9627603879480651, Test R2: 0.9335538744926453, Inverse Test R2: 0.9335538744926453 
2026-01-27 15:04:16,882 INFO: Best Epoch 49, Best Test Loss: 0.24618086038213788, Inv Test Loss: 0.398593777959997, Best Test R2: 0.9389923810958862 
2026-01-27 15:04:28,175 INFO: Epoch 141, Train Loss: 0.19033164564858784, Test Loss: 0.25951483619935584, Inverse Test Loss: 0.4201829469565189, Train R2: 0.9621531864007314, Test R2: 0.9324054718017578, Inverse Test R2: 0.9324054718017578 
2026-01-27 15:04:39,335 INFO: Epoch 142, Train Loss: 0.19050871942079428, Test Loss: 0.25818099984616943, Inverse Test Loss: 0.4180233162460905, Train R2: 0.9620415184533957, Test R2: 0.9328768253326416, Inverse Test R2: 0.9328768253326416 
2026-01-27 15:04:50,413 INFO: Epoch 143, Train Loss: 0.18967479885076033, Test Loss: 0.2598930714708386, Inverse Test Loss: 0.42079534675135755, Train R2: 0.9625032503496517, Test R2: 0.9321828484535217, Inverse Test R2: 0.9321828484535217 
2026-01-27 15:05:01,483 INFO: Epoch 144, Train Loss: 0.19000930372964253, Test Loss: 0.2570390741933476, Inverse Test Loss: 0.4161744180953864, Train R2: 0.9624483237663904, Test R2: 0.9336448311805725, Inverse Test R2: 0.9336448311805725 
2026-01-27 15:05:12,688 INFO: Epoch 145, Train Loss: 0.1907757276838476, Test Loss: 0.2610044212955417, Inverse Test Loss: 0.42259474234147504, Train R2: 0.9621542705730959, Test R2: 0.9317660331726074, Inverse Test R2: 0.9317660331726074 
2026-01-27 15:05:23,753 INFO: Epoch 146, Train Loss: 0.19070621771794377, Test Loss: 0.25780344460949756, Inverse Test Loss: 0.4174120110092741, Train R2: 0.9619423602566575, Test R2: 0.9332235455513, Inverse Test R2: 0.9332235455513 
2026-01-27 15:05:34,863 INFO: Epoch 147, Train Loss: 0.1898476260178017, Test Loss: 0.25765689846241113, Inverse Test Loss: 0.41717473124012805, Train R2: 0.9624514385606303, Test R2: 0.9335044622421265, Inverse Test R2: 0.9335044622421265 
2026-01-27 15:05:45,933 INFO: Epoch 148, Train Loss: 0.18899098738576425, Test Loss: 0.26531713523648004, Inverse Test Loss: 0.4295774987249663, Train R2: 0.9627970086805748, Test R2: 0.929187536239624, Inverse Test R2: 0.929187536239624 
2026-01-27 15:05:56,957 INFO: Epoch 149, Train Loss: 0.19031409061316287, Test Loss: 0.259788223288276, Inverse Test Loss: 0.42062558730443317, Train R2: 0.9622430702050527, Test R2: 0.9323921203613281, Inverse Test R2: 0.9323921203613281 
2026-01-27 15:06:08,069 INFO: Epoch 150, Train Loss: 0.18800863059181155, Test Loss: 0.26034792535232776, Inverse Test Loss: 0.4215318045832894, Train R2: 0.9632797954660474, Test R2: 0.9319784641265869, Inverse Test R2: 0.9319784641265869 
2026-01-27 15:06:08,069 INFO: Best Epoch 49, Best Test Loss: 0.24618086038213788, Inv Test Loss: 0.398593777959997, Best Test R2: 0.9389923810958862 
