2026-02-26 16:37:52,327 INFO: log_path:logs_2026_2_26_HS_RMSE_fusion/AMFormer_simple_MLP_dim32_depth2_heads4_dropout0.4_fusion0.3_0.7_lr0.001_6P 
2026-02-26 16:37:52,327 INFO: Model:namespace(attn_dropout=0.4, categories=[], cluster=3, depth=2, dim=32, ff_dropout=0.4, fusion='static', groups=[54, 54, 54], heads=4, name='AMFormer_simple_MLP_dim32_depth2_heads4_dropout0.4_fusion0.3_0.7', num_cate=0, num_cont=20, num_special_tokens=1, out_dim=1, predictor='simple_MLP', prod_num_per_group=[6, 6, 6], qk_relu=False, static_fusion={'kan_weight': 0.3, 'trans_weight': 0.7}, sum_num_per_group=[32, 16, 8], target_mode='regression', token_descent=False, use_KAN_path=True, use_cls_token=True, use_prod=True, use_row_col_attention=True, use_sigmoid=True) 
2026-02-26 16:37:52,327 INFO: lr:0.001, loss:RMSE 
2026-02-26 16:37:52,327 INFO: Dataset:HS, Target:['metal6_Peak'] 
2026-02-26 16:37:52,328 INFO: ------Begin Training Model------ 
2026-02-26 16:37:59,812 INFO: Epoch 1, Train Loss: 0.7739565119598851, Test Loss: 0.6733861059853525, Inverse Test Loss: 6.2152321555397725, Train R2: 0.38618589260361413, Test R2: 0.5174149870872498, Inverse Test R2: 0.517414927482605 
2026-02-26 16:37:59,834 INFO: ---> Saved new best model weights to log/txt_log\logs_2026_2_26_HS_RMSE_fusion/AMFormer_simple_MLP_dim32_depth2_heads4_dropout0.4_fusion0.3_0.7_lr0.001_6P\best_AMFormer_HS_weights.pth 
2026-02-26 16:38:03,868 INFO: Epoch 2, Train Loss: 0.6552795162706664, Test Loss: 0.5954484930544188, Inverse Test Loss: 5.495882135449034, Train R2: 0.5583386181881933, Test R2: 0.6187994480133057, Inverse Test R2: 0.6187993884086609 
2026-02-26 16:38:03,879 INFO: ---> Saved new best model weights to log/txt_log\logs_2026_2_26_HS_RMSE_fusion/AMFormer_simple_MLP_dim32_depth2_heads4_dropout0.4_fusion0.3_0.7_lr0.001_6P\best_AMFormer_HS_weights.pth 
2026-02-26 16:38:07,910 INFO: Epoch 3, Train Loss: 0.5938972076683333, Test Loss: 0.5495502424962593, Inverse Test Loss: 5.0722494053118155, Train R2: 0.6394176934704636, Test R2: 0.6730953454971313, Inverse Test R2: 0.6730953454971313 
2026-02-26 16:38:07,921 INFO: ---> Saved new best model weights to log/txt_log\logs_2026_2_26_HS_RMSE_fusion/AMFormer_simple_MLP_dim32_depth2_heads4_dropout0.4_fusion0.3_0.7_lr0.001_6P\best_AMFormer_HS_weights.pth 
2026-02-26 16:38:11,926 INFO: Epoch 4, Train Loss: 0.5563148045630166, Test Loss: 0.5300340733744882, Inverse Test Loss: 4.892118699622877, Train R2: 0.682249083663478, Test R2: 0.6969533562660217, Inverse Test R2: 0.696953296661377 
2026-02-26 16:38:11,937 INFO: ---> Saved new best model weights to log/txt_log\logs_2026_2_26_HS_RMSE_fusion/AMFormer_simple_MLP_dim32_depth2_heads4_dropout0.4_fusion0.3_0.7_lr0.001_6P\best_AMFormer_HS_weights.pth 
2026-02-26 16:38:15,963 INFO: Epoch 5, Train Loss: 0.5442639803796103, Test Loss: 0.5182668991161116, Inverse Test Loss: 4.783509861339223, Train R2: 0.6968941255049272, Test R2: 0.7085813283920288, Inverse Test R2: 0.708581268787384 
2026-02-26 16:38:15,974 INFO: ---> Saved new best model weights to log/txt_log\logs_2026_2_26_HS_RMSE_fusion/AMFormer_simple_MLP_dim32_depth2_heads4_dropout0.4_fusion0.3_0.7_lr0.001_6P\best_AMFormer_HS_weights.pth 
2026-02-26 16:38:19,983 INFO: Epoch 6, Train Loss: 0.5283082299160234, Test Loss: 0.5056314089081504, Inverse Test Loss: 4.666886589743874, Train R2: 0.7127437699924816, Test R2: 0.7235358357429504, Inverse Test R2: 0.7235358357429504 
2026-02-26 16:38:19,994 INFO: ---> Saved new best model weights to log/txt_log\logs_2026_2_26_HS_RMSE_fusion/AMFormer_simple_MLP_dim32_depth2_heads4_dropout0.4_fusion0.3_0.7_lr0.001_6P\best_AMFormer_HS_weights.pth 
2026-02-26 16:38:24,021 INFO: Epoch 7, Train Loss: 0.5190130971146353, Test Loss: 0.488978003913706, Inverse Test Loss: 4.513178688107115, Train R2: 0.7224088419567455, Test R2: 0.7407123446464539, Inverse Test R2: 0.7407122850418091 
2026-02-26 16:38:24,034 INFO: ---> Saved new best model weights to log/txt_log\logs_2026_2_26_HS_RMSE_fusion/AMFormer_simple_MLP_dim32_depth2_heads4_dropout0.4_fusion0.3_0.7_lr0.001_6P\best_AMFormer_HS_weights.pth 
2026-02-26 16:38:28,057 INFO: Epoch 8, Train Loss: 0.5112342741904836, Test Loss: 0.5005739421555491, Inverse Test Loss: 4.620207085753933, Train R2: 0.7303385404926358, Test R2: 0.7267438173294067, Inverse Test R2: 0.7267438173294067 
2026-02-26 16:38:32,073 INFO: Epoch 9, Train Loss: 0.5010071742263708, Test Loss: 0.4806805135625781, Inverse Test Loss: 4.436594327290853, Train R2: 0.7425699333349863, Test R2: 0.7483758926391602, Inverse Test R2: 0.7483758926391602 
2026-02-26 16:38:32,085 INFO: ---> Saved new best model weights to log/txt_log\logs_2026_2_26_HS_RMSE_fusion/AMFormer_simple_MLP_dim32_depth2_heads4_dropout0.4_fusion0.3_0.7_lr0.001_6P\best_AMFormer_HS_weights.pth 
2026-02-26 16:38:36,110 INFO: Epoch 10, Train Loss: 0.489537557191921, Test Loss: 0.46949364380402997, Inverse Test Loss: 4.33334147568905, Train R2: 0.7529199692335996, Test R2: 0.7595397233963013, Inverse Test R2: 0.7595397233963013 
2026-02-26 16:38:36,122 INFO: ---> Saved new best model weights to log/txt_log\logs_2026_2_26_HS_RMSE_fusion/AMFormer_simple_MLP_dim32_depth2_heads4_dropout0.4_fusion0.3_0.7_lr0.001_6P\best_AMFormer_HS_weights.pth 
2026-02-26 16:38:36,122 INFO: Best Epoch 10, Best Test Loss: 0.46949364380402997, Inv Test Loss: 4.33334147568905, Best Test R2: 0.7595397233963013 
2026-02-26 16:38:40,135 INFO: Epoch 11, Train Loss: 0.48678533936088736, Test Loss: 0.46933457616603735, Inverse Test Loss: 4.331873431350246, Train R2: 0.7561757582606692, Test R2: 0.7596654891967773, Inverse Test R2: 0.7596654891967773 
2026-02-26 16:38:40,146 INFO: ---> Saved new best model weights to log/txt_log\logs_2026_2_26_HS_RMSE_fusion/AMFormer_simple_MLP_dim32_depth2_heads4_dropout0.4_fusion0.3_0.7_lr0.001_6P\best_AMFormer_HS_weights.pth 
2026-02-26 16:38:44,171 INFO: Epoch 12, Train Loss: 0.4901485989491145, Test Loss: 0.4615431753071872, Inverse Test Loss: 4.2599601817853525, Train R2: 0.7527325212052374, Test R2: 0.7671340703964233, Inverse Test R2: 0.7671340703964233 
2026-02-26 16:38:44,182 INFO: ---> Saved new best model weights to log/txt_log\logs_2026_2_26_HS_RMSE_fusion/AMFormer_simple_MLP_dim32_depth2_heads4_dropout0.4_fusion0.3_0.7_lr0.001_6P\best_AMFormer_HS_weights.pth 
2026-02-26 16:38:48,212 INFO: Epoch 13, Train Loss: 0.4760053868998181, Test Loss: 0.46475972912528296, Inverse Test Loss: 4.289648388371323, Train R2: 0.7661064718708848, Test R2: 0.7654955387115479, Inverse Test R2: 0.7654955387115479 
2026-02-26 16:38:52,243 INFO: Epoch 14, Train Loss: 0.48137560667413654, Test Loss: 0.5007273545770934, Inverse Test Loss: 4.6216230320208, Train R2: 0.7613275398810705, Test R2: 0.7291761636734009, Inverse Test R2: 0.7291761636734009 
2026-02-26 16:38:56,265 INFO: Epoch 15, Train Loss: 0.46733126699021366, Test Loss: 0.4598949876698581, Inverse Test Loss: 4.244747638702393, Train R2: 0.774720903598901, Test R2: 0.7683055996894836, Inverse Test R2: 0.7683055996894836 
2026-02-26 16:38:56,276 INFO: ---> Saved new best model weights to log/txt_log\logs_2026_2_26_HS_RMSE_fusion/AMFormer_simple_MLP_dim32_depth2_heads4_dropout0.4_fusion0.3_0.7_lr0.001_6P\best_AMFormer_HS_weights.pth 
2026-02-26 16:39:00,294 INFO: Epoch 16, Train Loss: 0.46671856917215115, Test Loss: 0.45175465760809, Inverse Test Loss: 4.1696138887694385, Train R2: 0.7757885212248022, Test R2: 0.7766732573509216, Inverse Test R2: 0.7766732573509216 
2026-02-26 16:39:00,305 INFO: ---> Saved new best model weights to log/txt_log\logs_2026_2_26_HS_RMSE_fusion/AMFormer_simple_MLP_dim32_depth2_heads4_dropout0.4_fusion0.3_0.7_lr0.001_6P\best_AMFormer_HS_weights.pth 
2026-02-26 16:39:04,329 INFO: Epoch 17, Train Loss: 0.4579166228120977, Test Loss: 0.4448137418790297, Inverse Test Loss: 4.105550505898216, Train R2: 0.7838424380981561, Test R2: 0.7848753333091736, Inverse Test R2: 0.7848753333091736 
2026-02-26 16:39:04,340 INFO: ---> Saved new best model weights to log/txt_log\logs_2026_2_26_HS_RMSE_fusion/AMFormer_simple_MLP_dim32_depth2_heads4_dropout0.4_fusion0.3_0.7_lr0.001_6P\best_AMFormer_HS_weights.pth 
2026-02-26 16:39:08,371 INFO: Epoch 18, Train Loss: 0.45905402686559793, Test Loss: 0.44817790750301245, Inverse Test Loss: 4.136601159066865, Train R2: 0.7818961464094393, Test R2: 0.7815183401107788, Inverse Test R2: 0.781518280506134 
2026-02-26 16:39:12,366 INFO: Epoch 19, Train Loss: 0.45709536450378824, Test Loss: 0.4600116294441801, Inverse Test Loss: 4.245824214183923, Train R2: 0.7837274638992368, Test R2: 0.7701113820075989, Inverse Test R2: 0.7701113820075989 
2026-02-26 16:39:16,393 INFO: Epoch 20, Train Loss: 0.45459730900598294, Test Loss: 0.4608505530790849, Inverse Test Loss: 4.253567291028572, Train R2: 0.7857280951557737, Test R2: 0.7700219750404358, Inverse Test R2: 0.770021915435791 
2026-02-26 16:39:16,393 INFO: Best Epoch 17, Best Test Loss: 0.4448137418790297, Inv Test Loss: 4.105550505898216, Best Test R2: 0.7848753333091736 
2026-02-26 16:39:20,423 INFO: Epoch 21, Train Loss: 0.4498748609965498, Test Loss: 0.4443588744510304, Inverse Test Loss: 4.101352214813232, Train R2: 0.7893743551138676, Test R2: 0.7863224744796753, Inverse Test R2: 0.7863224148750305 
2026-02-26 16:39:20,435 INFO: ---> Saved new best model weights to log/txt_log\logs_2026_2_26_HS_RMSE_fusion/AMFormer_simple_MLP_dim32_depth2_heads4_dropout0.4_fusion0.3_0.7_lr0.001_6P\best_AMFormer_HS_weights.pth 
2026-02-26 16:39:24,448 INFO: Epoch 22, Train Loss: 0.44473472485939664, Test Loss: 0.429749484315063, Inverse Test Loss: 3.966510129697395, Train R2: 0.7961958181677442, Test R2: 0.798191487789154, Inverse Test R2: 0.798191487789154 
2026-02-26 16:39:24,459 INFO: ---> Saved new best model weights to log/txt_log\logs_2026_2_26_HS_RMSE_fusion/AMFormer_simple_MLP_dim32_depth2_heads4_dropout0.4_fusion0.3_0.7_lr0.001_6P\best_AMFormer_HS_weights.pth 
2026-02-26 16:39:28,489 INFO: Epoch 23, Train Loss: 0.4449864648508303, Test Loss: 0.4304642686338136, Inverse Test Loss: 3.9731074607733525, Train R2: 0.7950204452781966, Test R2: 0.797859787940979, Inverse Test R2: 0.797859787940979 
2026-02-26 16:39:32,518 INFO: Epoch 24, Train Loss: 0.44103220308368857, Test Loss: 0.43094544248147443, Inverse Test Loss: 3.977548664266413, Train R2: 0.7985529592542937, Test R2: 0.7967051863670349, Inverse Test R2: 0.7967051267623901 
2026-02-26 16:39:36,552 INFO: Epoch 25, Train Loss: 0.44004187778089987, Test Loss: 0.4328674240545793, Inverse Test Loss: 3.995288104721994, Train R2: 0.7987775044007734, Test R2: 0.7954796552658081, Inverse Test R2: 0.7954796552658081 
2026-02-26 16:39:40,582 INFO: Epoch 26, Train Loss: 0.43447897538091196, Test Loss: 0.4350848721735405, Inverse Test Loss: 4.015754786404696, Train R2: 0.8053370384555875, Test R2: 0.7951081991195679, Inverse Test R2: 0.7951081991195679 
2026-02-26 16:39:44,585 INFO: Epoch 27, Train Loss: 0.4295363323480794, Test Loss: 0.4282838720263857, Inverse Test Loss: 3.9529827869299687, Train R2: 0.8089454363692891, Test R2: 0.7998056411743164, Inverse Test R2: 0.7998056411743164 
2026-02-26 16:39:44,596 INFO: ---> Saved new best model weights to log/txt_log\logs_2026_2_26_HS_RMSE_fusion/AMFormer_simple_MLP_dim32_depth2_heads4_dropout0.4_fusion0.3_0.7_lr0.001_6P\best_AMFormer_HS_weights.pth 
2026-02-26 16:39:48,645 INFO: Epoch 28, Train Loss: 0.4299229329282587, Test Loss: 0.4232920173442725, Inverse Test Loss: 3.9069088372317227, Train R2: 0.8092377081964955, Test R2: 0.8038823008537292, Inverse Test R2: 0.8038823008537292 
2026-02-26 16:39:48,656 INFO: ---> Saved new best model weights to log/txt_log\logs_2026_2_26_HS_RMSE_fusion/AMFormer_simple_MLP_dim32_depth2_heads4_dropout0.4_fusion0.3_0.7_lr0.001_6P\best_AMFormer_HS_weights.pth 
2026-02-26 16:39:52,707 INFO: Epoch 29, Train Loss: 0.431472380956014, Test Loss: 0.4159569875760512, Inverse Test Loss: 3.8392079237735635, Train R2: 0.8071199881308007, Test R2: 0.8116475939750671, Inverse Test R2: 0.8116475939750671 
2026-02-26 16:39:52,719 INFO: ---> Saved new best model weights to log/txt_log\logs_2026_2_26_HS_RMSE_fusion/AMFormer_simple_MLP_dim32_depth2_heads4_dropout0.4_fusion0.3_0.7_lr0.001_6P\best_AMFormer_HS_weights.pth 
2026-02-26 16:39:56,762 INFO: Epoch 30, Train Loss: 0.43441093396959884, Test Loss: 0.4255098953391566, Inverse Test Loss: 3.927379507007021, Train R2: 0.8038802169489138, Test R2: 0.8024616837501526, Inverse Test R2: 0.8024616241455078 
2026-02-26 16:39:56,762 INFO: Best Epoch 29, Best Test Loss: 0.4159569875760512, Inv Test Loss: 3.8392079237735635, Best Test R2: 0.8116475939750671 
2026-02-26 16:40:00,814 INFO: Epoch 31, Train Loss: 0.4261772619052367, Test Loss: 0.41884517669677734, Inverse Test Loss: 3.8658652955835517, Train R2: 0.8121548412424145, Test R2: 0.8074122667312622, Inverse Test R2: 0.8074122667312622 
2026-02-26 16:40:04,854 INFO: Epoch 32, Train Loss: 0.42461621354926715, Test Loss: 0.4274065006862987, Inverse Test Loss: 3.94488482764273, Train R2: 0.8119755920135614, Test R2: 0.8002357482910156, Inverse Test R2: 0.8002357482910156 
2026-02-26 16:40:08,885 INFO: Epoch 33, Train Loss: 0.42152114483443176, Test Loss: 0.42612271597891144, Inverse Test Loss: 3.933035742152821, Train R2: 0.8149540568843032, Test R2: 0.8028531074523926, Inverse Test R2: 0.8028530478477478 
2026-02-26 16:40:12,921 INFO: Epoch 34, Train Loss: 0.42499883247144293, Test Loss: 0.419434337904959, Inverse Test Loss: 3.871303160985311, Train R2: 0.8134141126365373, Test R2: 0.8087149262428284, Inverse Test R2: 0.8087149262428284 
2026-02-26 16:40:16,970 INFO: Epoch 35, Train Loss: 0.41860874900312134, Test Loss: 0.41736931150609796, Inverse Test Loss: 3.852243372888276, Train R2: 0.8188907779527433, Test R2: 0.8110165596008301, Inverse Test R2: 0.8110164999961853 
2026-02-26 16:40:21,031 INFO: Epoch 36, Train Loss: 0.4163854370514552, Test Loss: 0.41606016140995605, Inverse Test Loss: 3.84016025427616, Train R2: 0.8195769154664242, Test R2: 0.811812162399292, Inverse Test R2: 0.8118121027946472 
2026-02-26 16:40:25,049 INFO: Epoch 37, Train Loss: 0.4104578490510131, Test Loss: 0.4226849675178528, Inverse Test Loss: 3.901305885025949, Train R2: 0.824393454374689, Test R2: 0.8053547739982605, Inverse Test R2: 0.8053547739982605 
2026-02-26 16:40:29,076 INFO: Epoch 38, Train Loss: 0.4148623862049796, Test Loss: 0.41565855795686896, Inverse Test Loss: 3.8364534522547866, Train R2: 0.8206134036634908, Test R2: 0.8120917677879333, Inverse Test R2: 0.8120917677879333 
2026-02-26 16:40:29,088 INFO: ---> Saved new best model weights to log/txt_log\logs_2026_2_26_HS_RMSE_fusion/AMFormer_simple_MLP_dim32_depth2_heads4_dropout0.4_fusion0.3_0.7_lr0.001_6P\best_AMFormer_HS_weights.pth 
2026-02-26 16:40:33,128 INFO: Epoch 39, Train Loss: 0.41348294710571115, Test Loss: 0.41384967348792334, Inverse Test Loss: 3.819757772214485, Train R2: 0.8222228984038035, Test R2: 0.8134799003601074, Inverse Test R2: 0.8134799003601074 
2026-02-26 16:40:33,140 INFO: ---> Saved new best model weights to log/txt_log\logs_2026_2_26_HS_RMSE_fusion/AMFormer_simple_MLP_dim32_depth2_heads4_dropout0.4_fusion0.3_0.7_lr0.001_6P\best_AMFormer_HS_weights.pth 
2026-02-26 16:40:37,183 INFO: Epoch 40, Train Loss: 0.4100336236032573, Test Loss: 0.42131115541313635, Inverse Test Loss: 3.8886258963382607, Train R2: 0.8241075001882784, Test R2: 0.8068531155586243, Inverse Test R2: 0.8068531155586243 
2026-02-26 16:40:37,183 INFO: Best Epoch 39, Best Test Loss: 0.41384967348792334, Inv Test Loss: 3.819757772214485, Best Test R2: 0.8134799003601074 
2026-02-26 16:40:41,221 INFO: Epoch 41, Train Loss: 0.41098791473742685, Test Loss: 0.41078408468853345, Inverse Test Loss: 3.791462934378422, Train R2: 0.8230324970050291, Test R2: 0.8162217736244202, Inverse Test R2: 0.8162217736244202 
2026-02-26 16:40:41,232 INFO: ---> Saved new best model weights to log/txt_log\logs_2026_2_26_HS_RMSE_fusion/AMFormer_simple_MLP_dim32_depth2_heads4_dropout0.4_fusion0.3_0.7_lr0.001_6P\best_AMFormer_HS_weights.pth 
2026-02-26 16:40:45,259 INFO: Epoch 42, Train Loss: 0.41169796658284735, Test Loss: 0.4086423796234709, Inverse Test Loss: 3.771695411566532, Train R2: 0.8241237203280131, Test R2: 0.8181660175323486, Inverse Test R2: 0.8181659579277039 
2026-02-26 16:40:45,270 INFO: ---> Saved new best model weights to log/txt_log\logs_2026_2_26_HS_RMSE_fusion/AMFormer_simple_MLP_dim32_depth2_heads4_dropout0.4_fusion0.3_0.7_lr0.001_6P\best_AMFormer_HS_weights.pth 
2026-02-26 16:40:49,310 INFO: Epoch 43, Train Loss: 0.40612584600845975, Test Loss: 0.41660109433260833, Inverse Test Loss: 3.8451527682217685, Train R2: 0.8279915361693411, Test R2: 0.8105099201202393, Inverse Test R2: 0.8105099201202393 
2026-02-26 16:40:53,330 INFO: Epoch 44, Train Loss: 0.4076401101368846, Test Loss: 0.41561679406599566, Inverse Test Loss: 3.836067922187574, Train R2: 0.8279453362479354, Test R2: 0.8124634027481079, Inverse Test R2: 0.8124634027481079 
2026-02-26 16:40:57,375 INFO: Epoch 45, Train Loss: 0.4041754367450873, Test Loss: 0.41426804119890387, Inverse Test Loss: 3.823619235645641, Train R2: 0.82927984902353, Test R2: 0.813828706741333, Inverse Test R2: 0.813828706741333 
2026-02-26 16:41:01,392 INFO: Epoch 46, Train Loss: 0.4070682076342178, Test Loss: 0.4131200999924631, Inverse Test Loss: 3.8130239139903677, Train R2: 0.8265660549655105, Test R2: 0.8138298392295837, Inverse Test R2: 0.8138298392295837 
2026-02-26 16:41:05,425 INFO: Epoch 47, Train Loss: 0.40398193128181226, Test Loss: 0.41331247398347565, Inverse Test Loss: 3.8147994966217964, Train R2: 0.8295878939556353, Test R2: 0.8148077130317688, Inverse Test R2: 0.8148077130317688 
2026-02-26 16:41:09,454 INFO: Epoch 48, Train Loss: 0.39903273817264673, Test Loss: 0.41374755718491296, Inverse Test Loss: 3.8188152096488257, Train R2: 0.834796408812205, Test R2: 0.8132227063179016, Inverse Test R2: 0.8132227063179016 
2026-02-26 16:41:13,481 INFO: Epoch 49, Train Loss: 0.40244363857941196, Test Loss: 0.4093729384017713, Inverse Test Loss: 3.7784382502237954, Train R2: 0.8313472523833766, Test R2: 0.8172229528427124, Inverse Test R2: 0.8172229528427124 
2026-02-26 16:41:17,514 INFO: Epoch 50, Train Loss: 0.40093435166460095, Test Loss: 0.4099241892496745, Inverse Test Loss: 3.783526225523515, Train R2: 0.8331771926446394, Test R2: 0.8168051242828369, Inverse Test R2: 0.8168051242828369 
2026-02-26 16:41:17,514 INFO: Best Epoch 42, Best Test Loss: 0.4086423796234709, Inv Test Loss: 3.771695411566532, Best Test R2: 0.8181660175323486 
2026-02-26 16:41:21,551 INFO: Epoch 51, Train Loss: 0.39629426259886136, Test Loss: 0.4334113516590812, Inverse Test Loss: 4.000308513641357, Train R2: 0.8364133794199337, Test R2: 0.7962353825569153, Inverse Test R2: 0.7962353229522705 
2026-02-26 16:41:25,575 INFO: Epoch 52, Train Loss: 0.4001736132936044, Test Loss: 0.4219223820801937, Inverse Test Loss: 3.894267356756962, Train R2: 0.833863280487783, Test R2: 0.8065496683120728, Inverse Test R2: 0.8065496683120728 
2026-02-26 16:41:29,603 INFO: Epoch 53, Train Loss: 0.39742090914285544, Test Loss: 0.41912815787575464, Inverse Test Loss: 3.8684771566679985, Train R2: 0.8360767201943831, Test R2: 0.808358907699585, Inverse Test R2: 0.8083588480949402 
2026-02-26 16:41:33,650 INFO: Epoch 54, Train Loss: 0.39574196663769806, Test Loss: 0.4307564208001802, Inverse Test Loss: 3.9758039965774072, Train R2: 0.83771090074019, Test R2: 0.7976950407028198, Inverse Test R2: 0.7976950407028198 
2026-02-26 16:41:37,671 INFO: Epoch 55, Train Loss: 0.3941991852991509, Test Loss: 0.4108539043050824, Inverse Test Loss: 3.792107358123317, Train R2: 0.8380897325096708, Test R2: 0.8157208561897278, Inverse Test R2: 0.8157208561897278 
2026-02-26 16:41:41,715 INFO: Epoch 56, Train Loss: 0.3912018093873154, Test Loss: 0.42082480137998407, Inverse Test Loss: 3.8841369007572983, Train R2: 0.840482053883148, Test R2: 0.8051996827125549, Inverse Test R2: 0.8051996827125549 
2026-02-26 16:41:45,741 INFO: Epoch 57, Train Loss: 0.39368330122846545, Test Loss: 0.4170896555438186, Inverse Test Loss: 3.849662188327674, Train R2: 0.8387076597322117, Test R2: 0.8092659711837769, Inverse Test R2: 0.8092659711837769 
2026-02-26 16:41:49,780 INFO: Epoch 58, Train Loss: 0.3914759378090049, Test Loss: 0.4239294610240243, Inverse Test Loss: 3.9127923864306826, Train R2: 0.840368134505821, Test R2: 0.803676426410675, Inverse Test R2: 0.803676426410675 
2026-02-26 16:41:53,799 INFO: Epoch 59, Train Loss: 0.39325002524437325, Test Loss: 0.4242661080577157, Inverse Test Loss: 3.91589955850081, Train R2: 0.8376330141768311, Test R2: 0.8036141991615295, Inverse Test R2: 0.8036141991615295 
2026-02-26 16:41:57,832 INFO: Epoch 60, Train Loss: 0.3883826204321601, Test Loss: 0.4295237389477817, Inverse Test Loss: 3.9644265030369614, Train R2: 0.8432626588778063, Test R2: 0.7986337542533875, Inverse Test R2: 0.7986336946487427 
2026-02-26 16:41:57,832 INFO: Best Epoch 42, Best Test Loss: 0.4086423796234709, Inv Test Loss: 3.771695411566532, Best Test R2: 0.8181660175323486 
2026-02-26 16:42:01,857 INFO: Epoch 61, Train Loss: 0.38692843281861505, Test Loss: 0.40971533818678424, Inverse Test Loss: 3.781598575187452, Train R2: 0.843964492281278, Test R2: 0.816206693649292, Inverse Test R2: 0.816206693649292 
2026-02-26 16:42:05,898 INFO: Epoch 62, Train Loss: 0.386048273832509, Test Loss: 0.4164552769877694, Inverse Test Loss: 3.8438070326140434, Train R2: 0.8437560426466393, Test R2: 0.8105992078781128, Inverse Test R2: 0.8105992078781128 
2026-02-26 16:42:09,922 INFO: Epoch 63, Train Loss: 0.38784888646367827, Test Loss: 0.41555139061176416, Inverse Test Loss: 3.8354643041437324, Train R2: 0.8446918843370496, Test R2: 0.811797559261322, Inverse Test R2: 0.8117974996566772 
2026-02-26 16:42:13,956 INFO: Epoch 64, Train Loss: 0.38432674538908584, Test Loss: 0.41345932447549066, Inverse Test Loss: 3.8161548845695727, Train R2: 0.8438969651858012, Test R2: 0.8133548498153687, Inverse Test R2: 0.8133548498153687 
2026-02-26 16:42:17,970 INFO: Epoch 65, Train Loss: 0.38351583672743855, Test Loss: 0.41093551254633703, Inverse Test Loss: 3.792860580213142, Train R2: 0.8472205373373899, Test R2: 0.814112663269043, Inverse Test R2: 0.8141126036643982 
2026-02-26 16:42:22,032 INFO: Epoch 66, Train Loss: 0.3855689884812543, Test Loss: 0.4172085704225482, Inverse Test Loss: 3.8507597229697486, Train R2: 0.8452004704511527, Test R2: 0.8091498017311096, Inverse Test R2: 0.8091498017311096 
2026-02-26 16:42:26,065 INFO: Epoch 67, Train Loss: 0.3831972055362933, Test Loss: 0.4266001654393745, Inverse Test Loss: 3.9374424905487984, Train R2: 0.8467556734879812, Test R2: 0.8009036779403687, Inverse Test R2: 0.8009036779403687 
2026-02-26 16:42:30,087 INFO: Epoch 68, Train Loss: 0.3817248861446525, Test Loss: 0.4139605363210042, Inverse Test Loss: 3.8207809780583237, Train R2: 0.847674821362351, Test R2: 0.8128808736801147, Inverse Test R2: 0.81288081407547 
2026-02-26 16:42:34,130 INFO: Epoch 69, Train Loss: 0.38632235224499845, Test Loss: 0.4064914539004817, Inverse Test Loss: 3.7518427660970977, Train R2: 0.8442955486702196, Test R2: 0.8174960017204285, Inverse Test R2: 0.8174960017204285 
2026-02-26 16:42:34,142 INFO: ---> Saved new best model weights to log/txt_log\logs_2026_2_26_HS_RMSE_fusion/AMFormer_simple_MLP_dim32_depth2_heads4_dropout0.4_fusion0.3_0.7_lr0.001_6P\best_AMFormer_HS_weights.pth 
2026-02-26 16:42:38,171 INFO: Epoch 70, Train Loss: 0.37871497801759024, Test Loss: 0.4155149748831084, Inverse Test Loss: 3.835128184520837, Train R2: 0.8502202435876384, Test R2: 0.8101093769073486, Inverse Test R2: 0.8101093769073486 
2026-02-26 16:42:38,172 INFO: Best Epoch 69, Best Test Loss: 0.4064914539004817, Inv Test Loss: 3.7518427660970977, Best Test R2: 0.8174960017204285 
2026-02-26 16:42:42,199 INFO: Epoch 71, Train Loss: 0.3743818388743834, Test Loss: 0.4239048831390612, Inverse Test Loss: 3.9125655058658486, Train R2: 0.8535994331945073, Test R2: 0.8030176162719727, Inverse Test R2: 0.8030175566673279 
2026-02-26 16:42:46,239 INFO: Epoch 72, Train Loss: 0.382086829931447, Test Loss: 0.42482999870271393, Inverse Test Loss: 3.921104250532208, Train R2: 0.846986193096999, Test R2: 0.8032083511352539, Inverse Test R2: 0.8032082915306091 
2026-02-26 16:42:50,231 INFO: Epoch 73, Train Loss: 0.3761744074749224, Test Loss: 0.4107643727100257, Inverse Test Loss: 3.7912810065529565, Train R2: 0.8520305319265886, Test R2: 0.8155568838119507, Inverse Test R2: 0.8155568242073059 
2026-02-26 16:42:54,261 INFO: Epoch 74, Train Loss: 0.37981464059063885, Test Loss: 0.419474796815352, Inverse Test Loss: 3.8716765895034326, Train R2: 0.8503757548151594, Test R2: 0.8062120676040649, Inverse Test R2: 0.8062120676040649 
2026-02-26 16:42:58,276 INFO: Epoch 75, Train Loss: 0.37184126223578595, Test Loss: 0.4183632948181846, Inverse Test Loss: 3.8614176620136607, Train R2: 0.8560884007901857, Test R2: 0.808650016784668, Inverse Test R2: 0.8086499571800232 
2026-02-26 16:43:02,321 INFO: Epoch 76, Train Loss: 0.3707978395801602, Test Loss: 0.4203674549406225, Inverse Test Loss: 3.8799156781398887, Train R2: 0.8556096075159131, Test R2: 0.8074432611465454, Inverse Test R2: 0.8074432611465454 
2026-02-26 16:43:06,325 INFO: Epoch 77, Train Loss: 0.371068653057922, Test Loss: 0.4264439886266535, Inverse Test Loss: 3.9360010479435776, Train R2: 0.8566608519265146, Test R2: 0.7991160750389099, Inverse Test R2: 0.7991160750389099 
2026-02-26 16:43:10,308 INFO: Epoch 78, Train Loss: 0.3694732545903235, Test Loss: 0.4220613764994072, Inverse Test Loss: 3.895550200433442, Train R2: 0.8568648808833325, Test R2: 0.8049298524856567, Inverse Test R2: 0.8049298524856567 
2026-02-26 16:43:14,289 INFO: Epoch 79, Train Loss: 0.3733438054720561, Test Loss: 0.43411095937093097, Inverse Test Loss: 4.006765741290468, Train R2: 0.8544749301491361, Test R2: 0.7916995286941528, Inverse Test R2: 0.7916995286941528 
2026-02-26 16:43:18,283 INFO: Epoch 80, Train Loss: 0.3658687852774606, Test Loss: 0.41707774183966895, Inverse Test Loss: 3.8495522340138755, Train R2: 0.8607326998855128, Test R2: 0.8072755336761475, Inverse Test R2: 0.8072755336761475 
2026-02-26 16:43:18,283 INFO: Best Epoch 69, Best Test Loss: 0.4064914539004817, Inv Test Loss: 3.7518427660970977, Best Test R2: 0.8174960017204285 
2026-02-26 16:43:22,285 INFO: Epoch 81, Train Loss: 0.3714132009807861, Test Loss: 0.4166057227235852, Inverse Test Loss: 3.8451955462947036, Train R2: 0.8557160270936561, Test R2: 0.8095567226409912, Inverse Test R2: 0.8095567226409912 
2026-02-26 16:43:26,314 INFO: Epoch 82, Train Loss: 0.3646836192770438, Test Loss: 0.4205982784430186, Inverse Test Loss: 3.882046128764297, Train R2: 0.8606321269815619, Test R2: 0.8061000108718872, Inverse Test R2: 0.8061000108718872 
2026-02-26 16:43:30,294 INFO: Epoch 83, Train Loss: 0.3742736733772538, Test Loss: 0.4208577148842089, Inverse Test Loss: 3.8844406604766846, Train R2: 0.8535496466087572, Test R2: 0.8030639886856079, Inverse Test R2: 0.8030639886856079 
2026-02-26 16:43:34,296 INFO: Epoch 84, Train Loss: 0.36545504189350386, Test Loss: 0.4319502124280641, Inverse Test Loss: 3.9868224317377265, Train R2: 0.860352590228572, Test R2: 0.7941626310348511, Inverse Test R2: 0.7941625714302063 
2026-02-26 16:43:38,358 INFO: Epoch 85, Train Loss: 0.3678442650672161, Test Loss: 0.4314175844192505, Inverse Test Loss: 3.981906356233539, Train R2: 0.8595659601869006, Test R2: 0.7934046983718872, Inverse Test R2: 0.7934046387672424 
2026-02-26 16:43:42,340 INFO: Epoch 86, Train Loss: 0.37280092670610454, Test Loss: 0.4332620727293419, Inverse Test Loss: 3.9989307071223403, Train R2: 0.8537866522868475, Test R2: 0.7945879697799683, Inverse Test R2: 0.7945879697799683 
2026-02-26 16:43:46,346 INFO: Epoch 87, Train Loss: 0.36134186725724826, Test Loss: 0.43668565244385693, Inverse Test Loss: 4.0305297735965615, Train R2: 0.8631211966276169, Test R2: 0.7879907488822937, Inverse Test R2: 0.7879906892776489 
2026-02-26 16:43:50,356 INFO: Epoch 88, Train Loss: 0.3621490753509782, Test Loss: 0.43565815596869495, Inverse Test Loss: 4.021046147202, Train R2: 0.8625387441028248, Test R2: 0.7910536527633667, Inverse Test R2: 0.7910536527633667 
2026-02-26 16:43:54,351 INFO: Epoch 89, Train Loss: 0.3598447655412284, Test Loss: 0.4182755071105379, Inverse Test Loss: 3.8606073422865435, Train R2: 0.8637685324206497, Test R2: 0.8070164322853088, Inverse Test R2: 0.8070164322853088 
2026-02-26 16:43:58,436 INFO: Epoch 90, Train Loss: 0.3563263482893958, Test Loss: 0.4420055801218206, Inverse Test Loss: 4.079631689823035, Train R2: 0.8666301577380209, Test R2: 0.7818780541419983, Inverse Test R2: 0.7818779945373535 
2026-02-26 16:43:58,436 INFO: Best Epoch 69, Best Test Loss: 0.4064914539004817, Inv Test Loss: 3.7518427660970977, Best Test R2: 0.8174960017204285 
2026-02-26 16:44:02,470 INFO: Epoch 91, Train Loss: 0.3710195165917729, Test Loss: 0.4150114393595493, Inverse Test Loss: 3.830480633359967, Train R2: 0.8552297498240615, Test R2: 0.810895562171936, Inverse Test R2: 0.8108955025672913 
2026-02-26 16:44:06,491 INFO: Epoch 92, Train Loss: 0.3567727286029946, Test Loss: 0.42277073498928186, Inverse Test Loss: 3.9020975141814263, Train R2: 0.8669720517866539, Test R2: 0.8036319017410278, Inverse Test R2: 0.8036319017410278 
2026-02-26 16:44:10,500 INFO: Epoch 93, Train Loss: 0.355666406113993, Test Loss: 0.4234357945846789, Inverse Test Loss: 3.908235853368586, Train R2: 0.8677130499572465, Test R2: 0.8036878108978271, Inverse Test R2: 0.8036878108978271 
2026-02-26 16:44:14,513 INFO: Epoch 94, Train Loss: 0.35596683847181726, Test Loss: 0.4262216298869162, Inverse Test Loss: 3.933948697465839, Train R2: 0.8671437538031376, Test R2: 0.7998255491256714, Inverse Test R2: 0.7998255491256714 
2026-02-26 16:44:18,545 INFO: Epoch 95, Train Loss: 0.35330251626896136, Test Loss: 0.41707893844806787, Inverse Test Loss: 3.8495632807413735, Train R2: 0.868587698448788, Test R2: 0.8091816902160645, Inverse Test R2: 0.8091816902160645 
2026-02-26 16:44:22,552 INFO: Epoch 96, Train Loss: 0.35207871878237434, Test Loss: 0.42357503645347827, Inverse Test Loss: 3.909521095680468, Train R2: 0.8689589780388456, Test R2: 0.8009606599807739, Inverse Test R2: 0.8009606599807739 
2026-02-26 16:44:26,566 INFO: Epoch 97, Train Loss: 0.3538217841450012, Test Loss: 0.4175182788661032, Inverse Test Loss: 3.853618282260317, Train R2: 0.8686034060788878, Test R2: 0.8076436519622803, Inverse Test R2: 0.8076435923576355 
2026-02-26 16:44:30,583 INFO: Epoch 98, Train Loss: 0.3549287956998204, Test Loss: 0.422404560175809, Inverse Test Loss: 3.8987177935513584, Train R2: 0.8658674106453405, Test R2: 0.803922176361084, Inverse Test R2: 0.803922176361084 
2026-02-26 16:44:34,577 INFO: Epoch 99, Train Loss: 0.35577302945382666, Test Loss: 0.44085798570604035, Inverse Test Loss: 4.0690394820589, Train R2: 0.8667514012618498, Test R2: 0.7858776450157166, Inverse Test R2: 0.7858776450157166 
2026-02-26 16:44:38,597 INFO: Epoch 100, Train Loss: 0.3521424647081982, Test Loss: 0.4290058667009527, Inverse Test Loss: 3.959646730711966, Train R2: 0.8694110183101712, Test R2: 0.796689510345459, Inverse Test R2: 0.796689510345459 
2026-02-26 16:44:38,597 INFO: Best Epoch 69, Best Test Loss: 0.4064914539004817, Inv Test Loss: 3.7518427660970977, Best Test R2: 0.8174960017204285 
2026-02-26 16:44:42,621 INFO: Epoch 101, Train Loss: 0.35248406412023486, Test Loss: 0.43683621919516363, Inverse Test Loss: 4.031919421571674, Train R2: 0.8687181170239593, Test R2: 0.7893848419189453, Inverse Test R2: 0.7893848419189453 
2026-02-26 16:44:46,670 INFO: Epoch 102, Train Loss: 0.3460252411437757, Test Loss: 0.42246608300642535, Inverse Test Loss: 3.8992857066067783, Train R2: 0.8756742450323972, Test R2: 0.8024667501449585, Inverse Test R2: 0.8024666905403137 
2026-02-26 16:44:50,678 INFO: Epoch 103, Train Loss: 0.347747220347325, Test Loss: 0.41786998149120447, Inverse Test Loss: 3.856864409013228, Train R2: 0.8724307214671915, Test R2: 0.8083902597427368, Inverse Test R2: 0.8083902597427368 
2026-02-26 16:44:54,696 INFO: Epoch 104, Train Loss: 0.34646050677155005, Test Loss: 0.42760376857988763, Inverse Test Loss: 3.9467055147344414, Train R2: 0.8742512898011641, Test R2: 0.7978373765945435, Inverse Test R2: 0.7978373765945435 
2026-02-26 16:44:58,720 INFO: Epoch 105, Train Loss: 0.34748061498006183, Test Loss: 0.41876800313140405, Inverse Test Loss: 3.865153002016472, Train R2: 0.8729267847357374, Test R2: 0.8064467906951904, Inverse Test R2: 0.8064467310905457 
2026-02-26 16:45:02,714 INFO: Epoch 106, Train Loss: 0.3492900076689142, Test Loss: 0.41919376452763873, Inverse Test Loss: 3.869082732634111, Train R2: 0.8716226459452601, Test R2: 0.8064019680023193, Inverse Test R2: 0.8064019680023193 
2026-02-26 16:45:06,740 INFO: Epoch 107, Train Loss: 0.34573298692703247, Test Loss: 0.43174951004259515, Inverse Test Loss: 3.9849699410525234, Train R2: 0.8740276242747451, Test R2: 0.7946694493293762, Inverse Test R2: 0.7946693897247314 
2026-02-26 16:45:10,796 INFO: Epoch 108, Train Loss: 0.3509365141843305, Test Loss: 0.4253577436461593, Inverse Test Loss: 3.9259751637776694, Train R2: 0.8717286708680066, Test R2: 0.7995007038116455, Inverse Test R2: 0.7995007038116455 
2026-02-26 16:45:14,798 INFO: Epoch 109, Train Loss: 0.35098492015491833, Test Loss: 0.4271675303126826, Inverse Test Loss: 3.9426791595690176, Train R2: 0.8717683485963128, Test R2: 0.7991892099380493, Inverse Test R2: 0.7991891503334045 
2026-02-26 16:45:18,903 INFO: Epoch 110, Train Loss: 0.3505439461406433, Test Loss: 0.4385044231559291, Inverse Test Loss: 4.047316594557329, Train R2: 0.8706932135603644, Test R2: 0.7894880771636963, Inverse Test R2: 0.7894880771636963 
2026-02-26 16:45:18,903 INFO: Best Epoch 69, Best Test Loss: 0.4064914539004817, Inv Test Loss: 3.7518427660970977, Best Test R2: 0.8174960017204285 
2026-02-26 16:45:23,101 INFO: Epoch 111, Train Loss: 0.34436262681177165, Test Loss: 0.4291666123000058, Inverse Test Loss: 3.961130330056855, Train R2: 0.8751117907690279, Test R2: 0.7970868945121765, Inverse Test R2: 0.7970868945121765 
2026-02-26 16:45:27,250 INFO: Epoch 112, Train Loss: 0.342401520433751, Test Loss: 0.4270603196187453, Inverse Test Loss: 3.941689635768081, Train R2: 0.8768347551425298, Test R2: 0.7991237044334412, Inverse Test R2: 0.7991236448287964 
2026-02-26 16:45:31,287 INFO: Epoch 113, Train Loss: 0.35456791271766025, Test Loss: 0.43605972600705695, Inverse Test Loss: 4.0247525663086865, Train R2: 0.8678929449030848, Test R2: 0.7919806838035583, Inverse Test R2: 0.7919806838035583 
2026-02-26 16:45:35,317 INFO: Epoch 114, Train Loss: 0.3501375283707272, Test Loss: 0.42942027883096173, Inverse Test Loss: 3.963471658302076, Train R2: 0.8717818467906027, Test R2: 0.7982981204986572, Inverse Test R2: 0.7982981204986572 
2026-02-26 16:45:39,349 INFO: Epoch 115, Train Loss: 0.34042593227191403, Test Loss: 0.4404211270086693, Inverse Test Loss: 4.065007462646022, Train R2: 0.877679934555834, Test R2: 0.784875214099884, Inverse Test R2: 0.784875214099884 
2026-02-26 16:45:43,387 INFO: Epoch 116, Train Loss: 0.3401046815243634, Test Loss: 0.42274164792263147, Inverse Test Loss: 3.9018290982101904, Train R2: 0.877798900459752, Test R2: 0.8022721409797668, Inverse Test R2: 0.8022720813751221 
2026-02-26 16:45:47,430 INFO: Epoch 117, Train Loss: 0.3405802987064376, Test Loss: 0.4315499293081688, Inverse Test Loss: 3.9831278613119414, Train R2: 0.8782217466469967, Test R2: 0.7919280529022217, Inverse Test R2: 0.7919280529022217 
2026-02-26 16:45:51,467 INFO: Epoch 118, Train Loss: 0.3513607273273396, Test Loss: 0.4298774780649127, Inverse Test Loss: 3.967691500981649, Train R2: 0.8696565546772697, Test R2: 0.7955007553100586, Inverse Test R2: 0.7955007553100586 
2026-02-26 16:45:55,528 INFO: Epoch 119, Train Loss: 0.3389351364563812, Test Loss: 0.424990741592465, Inverse Test Loss: 3.9225877053809888, Train R2: 0.879698753808484, Test R2: 0.8003389835357666, Inverse Test R2: 0.8003389835357666 
2026-02-26 16:45:59,554 INFO: Epoch 120, Train Loss: 0.33877774045774434, Test Loss: 0.4367909413395506, Inverse Test Loss: 4.031501517151341, Train R2: 0.8796967322176154, Test R2: 0.7885511517524719, Inverse Test R2: 0.7885510921478271 
2026-02-26 16:45:59,554 INFO: Best Epoch 69, Best Test Loss: 0.4064914539004817, Inv Test Loss: 3.7518427660970977, Best Test R2: 0.8174960017204285 
2026-02-26 16:46:03,562 INFO: Epoch 121, Train Loss: 0.33523329471548396, Test Loss: 0.43624126369302924, Inverse Test Loss: 4.026428085384947, Train R2: 0.8815624813238779, Test R2: 0.7886200547218323, Inverse Test R2: 0.7886200547218323 
2026-02-26 16:46:07,579 INFO: Epoch 122, Train Loss: 0.33512986462676164, Test Loss: 0.4310612967520049, Inverse Test Loss: 3.978617884896018, Train R2: 0.8830443710991831, Test R2: 0.79352867603302, Inverse Test R2: 0.79352867603302 
2026-02-26 16:46:11,605 INFO: Epoch 123, Train Loss: 0.3370544405823404, Test Loss: 0.44141680363452795, Inverse Test Loss: 4.074197400699962, Train R2: 0.880279590234612, Test R2: 0.7851755023002625, Inverse Test R2: 0.7851755023002625 
2026-02-26 16:46:15,622 INFO: Epoch 124, Train Loss: 0.34103626091823436, Test Loss: 0.44941117998325464, Inverse Test Loss: 4.1479840134129375, Train R2: 0.8757732244152011, Test R2: 0.7728838920593262, Inverse Test R2: 0.7728838920593262 
2026-02-26 16:46:19,683 INFO: Epoch 125, Train Loss: 0.3561372553760355, Test Loss: 0.42495385986385925, Inverse Test Loss: 3.9222474748438056, Train R2: 0.867772361997402, Test R2: 0.8004029989242554, Inverse Test R2: 0.8004029393196106 
2026-02-26 16:46:23,707 INFO: Epoch 126, Train Loss: 0.3345334112192645, Test Loss: 0.4287376277374499, Inverse Test Loss: 3.9571708982641045, Train R2: 0.8810905913511912, Test R2: 0.7956659197807312, Inverse Test R2: 0.7956659197807312 
2026-02-26 16:46:27,742 INFO: Epoch 127, Train Loss: 0.33830244240887236, Test Loss: 0.42098038937106275, Inverse Test Loss: 3.885573011456114, Train R2: 0.8792577060786161, Test R2: 0.8030259609222412, Inverse Test R2: 0.8030259609222412 
2026-02-26 16:46:31,789 INFO: Epoch 128, Train Loss: 0.3384941780205929, Test Loss: 0.4267562347831148, Inverse Test Loss: 3.9388829867045083, Train R2: 0.8793154873631217, Test R2: 0.797278642654419, Inverse Test R2: 0.797278642654419 
2026-02-26 16:46:35,813 INFO: Epoch 129, Train Loss: 0.33105076206001366, Test Loss: 0.4267748494942983, Inverse Test Loss: 3.9390547781279595, Train R2: 0.8852663071769656, Test R2: 0.7986286282539368, Inverse Test R2: 0.798628568649292 
2026-02-26 16:46:39,843 INFO: Epoch 130, Train Loss: 0.3357893252237277, Test Loss: 0.43547729831753357, Inverse Test Loss: 4.019376798109575, Train R2: 0.8813487309398074, Test R2: 0.7906771898269653, Inverse Test R2: 0.7906771302223206 
2026-02-26 16:46:39,843 INFO: Best Epoch 69, Best Test Loss: 0.4064914539004817, Inv Test Loss: 3.7518427660970977, Best Test R2: 0.8174960017204285 
2026-02-26 16:46:43,869 INFO: Epoch 131, Train Loss: 0.334795440349615, Test Loss: 0.4212643847321019, Inverse Test Loss: 3.8881941564155347, Train R2: 0.8838127679897078, Test R2: 0.8042212724685669, Inverse Test R2: 0.8042212724685669 
2026-02-26 16:46:47,916 INFO: Epoch 132, Train Loss: 0.3322773062144265, Test Loss: 0.43084803675160266, Inverse Test Loss: 3.9766495805798154, Train R2: 0.8830993301940687, Test R2: 0.7935609817504883, Inverse Test R2: 0.7935609817504883 
2026-02-26 16:46:51,982 INFO: Epoch 133, Train Loss: 0.32754646241664886, Test Loss: 0.42678576798150036, Inverse Test Loss: 3.9391555569388648, Train R2: 0.8868991344264059, Test R2: 0.7984878420829773, Inverse Test R2: 0.7984878420829773 
2026-02-26 16:46:56,012 INFO: Epoch 134, Train Loss: 0.32453098193262564, Test Loss: 0.4256762880267519, Inverse Test Loss: 3.9289152260982627, Train R2: 0.8887598966107224, Test R2: 0.7998560667037964, Inverse Test R2: 0.7998560667037964 
2026-02-26 16:47:00,054 INFO: Epoch 135, Train Loss: 0.3254734841034268, Test Loss: 0.43209375124989136, Inverse Test Loss: 3.9881473021073774, Train R2: 0.8882663547992706, Test R2: 0.7945111393928528, Inverse Test R2: 0.7945111393928528 
2026-02-26 16:47:04,103 INFO: Epoch 136, Train Loss: 0.32365399610364076, Test Loss: 0.4364388079354257, Inverse Test Loss: 4.028251395081028, Train R2: 0.8901368298313834, Test R2: 0.7894668579101562, Inverse Test R2: 0.7894667983055115 
2026-02-26 16:47:08,125 INFO: Epoch 137, Train Loss: 0.3252486370955453, Test Loss: 0.4272192490823341, Inverse Test Loss: 3.943156516913212, Train R2: 0.8889791762286966, Test R2: 0.7982054948806763, Inverse Test R2: 0.7982054948806763 
2026-02-26 16:47:12,165 INFO: Epoch 138, Train Loss: 0.3237242854454301, Test Loss: 0.44043754266970087, Inverse Test Loss: 4.06515890901739, Train R2: 0.8892541387767503, Test R2: 0.7872353792190552, Inverse Test R2: 0.7872353196144104 
2026-02-26 16:47:16,184 INFO: Epoch 139, Train Loss: 0.32924327299450384, Test Loss: 0.44031220403584564, Inverse Test Loss: 4.064002080397173, Train R2: 0.886518113992431, Test R2: 0.7859302759170532, Inverse Test R2: 0.7859302759170532 
2026-02-26 16:47:20,221 INFO: Epoch 140, Train Loss: 0.3339215235953981, Test Loss: 0.4235258228851087, Inverse Test Loss: 3.909066836039225, Train R2: 0.8807764595205133, Test R2: 0.8029356002807617, Inverse Test R2: 0.8029356002807617 
2026-02-26 16:47:20,221 INFO: Best Epoch 69, Best Test Loss: 0.4064914539004817, Inv Test Loss: 3.7518427660970977, Best Test R2: 0.8174960017204285 
2026-02-26 16:47:24,264 INFO: Epoch 141, Train Loss: 0.33303032036532054, Test Loss: 0.42776576045787695, Inverse Test Loss: 3.9482007026672363, Train R2: 0.883030318852627, Test R2: 0.7981790900230408, Inverse Test R2: 0.7981790900230408 
2026-02-26 16:47:28,304 INFO: Epoch 142, Train Loss: 0.32601207415714406, Test Loss: 0.42207788427670795, Inverse Test Loss: 3.8957027160760127, Train R2: 0.8870245222792481, Test R2: 0.8037422895431519, Inverse Test R2: 0.8037422895431519 
2026-02-26 16:47:32,351 INFO: Epoch 143, Train Loss: 0.3170118470760909, Test Loss: 0.4396471841768785, Inverse Test Loss: 4.0578641385743115, Train R2: 0.8923440711064772, Test R2: 0.7853942513465881, Inverse Test R2: 0.7853941917419434 
2026-02-26 16:47:36,390 INFO: Epoch 144, Train Loss: 0.31860911868738406, Test Loss: 0.4306235954617009, Inverse Test Loss: 3.974578041018862, Train R2: 0.8929748426784169, Test R2: 0.7951412200927734, Inverse Test R2: 0.7951412200927734 
2026-02-26 16:47:40,439 INFO: Epoch 145, Train Loss: 0.32321238122654683, Test Loss: 0.4357093337810401, Inverse Test Loss: 4.021518418283174, Train R2: 0.889943618666042, Test R2: 0.7911339998245239, Inverse Test R2: 0.7911339998245239 
2026-02-26 16:47:44,463 INFO: Epoch 146, Train Loss: 0.3195621937964902, Test Loss: 0.4285402406345714, Inverse Test Loss: 3.95534898295547, Train R2: 0.8928954632896365, Test R2: 0.7964339852333069, Inverse Test R2: 0.7964339256286621 
2026-02-26 16:47:48,477 INFO: Epoch 147, Train Loss: 0.3271415006708015, Test Loss: 0.4437243712670875, Inverse Test Loss: 4.095495816433068, Train R2: 0.8873205311370619, Test R2: 0.7836292386054993, Inverse Test R2: 0.7836292386054993 
2026-02-26 16:47:52,536 INFO: Epoch 148, Train Loss: 0.3304519660093568, Test Loss: 0.4397379358609517, Inverse Test Loss: 4.058701703042695, Train R2: 0.8854272848728931, Test R2: 0.7849985361099243, Inverse Test R2: 0.7849985361099243 
2026-02-26 16:47:56,571 INFO: Epoch 149, Train Loss: 0.32801817910689296, Test Loss: 0.4419757705746275, Inverse Test Loss: 4.079356489759503, Train R2: 0.8857736212737632, Test R2: 0.7776922583580017, Inverse Test R2: 0.7776922583580017 
2026-02-26 16:48:00,619 INFO: Epoch 150, Train Loss: 0.3225615262759454, Test Loss: 0.43574492859117914, Inverse Test Loss: 4.0218469663099805, Train R2: 0.8903031376275149, Test R2: 0.7898578643798828, Inverse Test R2: 0.7898578643798828 
2026-02-26 16:48:00,619 INFO: Best Epoch 69, Best Test Loss: 0.4064914539004817, Inv Test Loss: 3.7518427660970977, Best Test R2: 0.8174960017204285 
