2026-02-26 16:26:11,603 INFO: log_path:logs_2026_2_26_HS_RMSE_fusion/AMFormer_simple_MLP_dim32_depth2_heads4_dropout0.4_fusion0.4_0.6_lr0.001_6P 
2026-02-26 16:26:11,603 INFO: Model:namespace(attn_dropout=0.4, categories=[], cluster=3, depth=2, dim=32, ff_dropout=0.4, fusion='static', groups=[54, 54, 54], heads=4, name='AMFormer_simple_MLP_dim32_depth2_heads4_dropout0.4_fusion0.4_0.6', num_cate=0, num_cont=20, num_special_tokens=1, out_dim=1, predictor='simple_MLP', prod_num_per_group=[6, 6, 6], qk_relu=False, static_fusion={'kan_weight': 0.4, 'trans_weight': 0.6}, sum_num_per_group=[32, 16, 8], target_mode='regression', token_descent=False, use_KAN_path=True, use_cls_token=True, use_prod=True, use_row_col_attention=True, use_sigmoid=True) 
2026-02-26 16:26:11,605 INFO: lr:0.001, loss:RMSE 
2026-02-26 16:26:11,605 INFO: Dataset:HS, Target:['metal6_Peak'] 
2026-02-26 16:26:11,605 INFO: ------Begin Training Model------ 
2026-02-26 16:26:19,069 INFO: Epoch 1, Train Loss: 0.7742202905091372, Test Loss: 0.6778072516123453, Inverse Test Loss: 6.256038506825765, Train R2: 0.3856690548586123, Test R2: 0.5114579796791077, Inverse Test R2: 0.5114579796791077 
2026-02-26 16:26:19,091 INFO: ---> Saved new best model weights to log/txt_log\logs_2026_2_26_HS_RMSE_fusion/AMFormer_simple_MLP_dim32_depth2_heads4_dropout0.4_fusion0.4_0.6_lr0.001_6P\best_AMFormer_HS_weights.pth 
2026-02-26 16:26:23,127 INFO: Epoch 2, Train Loss: 0.6568670006412448, Test Loss: 0.6051691617026473, Inverse Test Loss: 5.585602023384788, Train R2: 0.5561434545300223, Test R2: 0.6065185070037842, Inverse Test R2: 0.6065185070037842 
2026-02-26 16:26:23,137 INFO: ---> Saved new best model weights to log/txt_log\logs_2026_2_26_HS_RMSE_fusion/AMFormer_simple_MLP_dim32_depth2_heads4_dropout0.4_fusion0.4_0.6_lr0.001_6P\best_AMFormer_HS_weights.pth 
2026-02-26 16:26:27,162 INFO: Epoch 3, Train Loss: 0.594471032195019, Test Loss: 0.5477125680807865, Inverse Test Loss: 5.055288076400757, Train R2: 0.6386949302572192, Test R2: 0.6747345328330994, Inverse Test R2: 0.6747344732284546 
2026-02-26 16:26:27,174 INFO: ---> Saved new best model weights to log/txt_log\logs_2026_2_26_HS_RMSE_fusion/AMFormer_simple_MLP_dim32_depth2_heads4_dropout0.4_fusion0.4_0.6_lr0.001_6P\best_AMFormer_HS_weights.pth 
2026-02-26 16:26:31,197 INFO: Epoch 4, Train Loss: 0.5570821464061737, Test Loss: 0.5254604274576361, Inverse Test Loss: 4.849904891216394, Train R2: 0.6815555881370198, Test R2: 0.7017985582351685, Inverse Test R2: 0.7017985582351685 
2026-02-26 16:26:31,209 INFO: ---> Saved new best model weights to log/txt_log\logs_2026_2_26_HS_RMSE_fusion/AMFormer_simple_MLP_dim32_depth2_heads4_dropout0.4_fusion0.4_0.6_lr0.001_6P\best_AMFormer_HS_weights.pth 
2026-02-26 16:26:35,234 INFO: Epoch 5, Train Loss: 0.5427685054865751, Test Loss: 0.5160044233004252, Inverse Test Loss: 4.762627652197173, Train R2: 0.6983897658911619, Test R2: 0.7111234664916992, Inverse Test R2: 0.7111233472824097 
2026-02-26 16:26:35,245 INFO: ---> Saved new best model weights to log/txt_log\logs_2026_2_26_HS_RMSE_fusion/AMFormer_simple_MLP_dim32_depth2_heads4_dropout0.4_fusion0.4_0.6_lr0.001_6P\best_AMFormer_HS_weights.pth 
2026-02-26 16:26:39,282 INFO: Epoch 6, Train Loss: 0.5257911591818838, Test Loss: 0.5029182948849418, Inverse Test Loss: 4.64184494452043, Train R2: 0.7154002004500591, Test R2: 0.7267082929611206, Inverse Test R2: 0.7267082333564758 
2026-02-26 16:26:39,292 INFO: ---> Saved new best model weights to log/txt_log\logs_2026_2_26_HS_RMSE_fusion/AMFormer_simple_MLP_dim32_depth2_heads4_dropout0.4_fusion0.4_0.6_lr0.001_6P\best_AMFormer_HS_weights.pth 
2026-02-26 16:26:43,310 INFO: Epoch 7, Train Loss: 0.5179351791739464, Test Loss: 0.48832348982493085, Inverse Test Loss: 4.5071375803513964, Train R2: 0.7237316090049166, Test R2: 0.7413467168807983, Inverse Test R2: 0.7413466572761536 
2026-02-26 16:26:43,322 INFO: ---> Saved new best model weights to log/txt_log\logs_2026_2_26_HS_RMSE_fusion/AMFormer_simple_MLP_dim32_depth2_heads4_dropout0.4_fusion0.4_0.6_lr0.001_6P\best_AMFormer_HS_weights.pth 
2026-02-26 16:26:47,364 INFO: Epoch 8, Train Loss: 0.5117470861384363, Test Loss: 0.4944671925270196, Inverse Test Loss: 4.563842852910359, Train R2: 0.7296294005531253, Test R2: 0.733615517616272, Inverse Test R2: 0.733615517616272 
2026-02-26 16:26:51,377 INFO: Epoch 9, Train Loss: 0.5011058034318866, Test Loss: 0.4802294779907573, Inverse Test Loss: 4.4324313582796036, Train R2: 0.7424521839076822, Test R2: 0.7494315505027771, Inverse Test R2: 0.7494315505027771 
2026-02-26 16:26:51,388 INFO: ---> Saved new best model weights to log/txt_log\logs_2026_2_26_HS_RMSE_fusion/AMFormer_simple_MLP_dim32_depth2_heads4_dropout0.4_fusion0.4_0.6_lr0.001_6P\best_AMFormer_HS_weights.pth 
2026-02-26 16:26:55,407 INFO: Epoch 10, Train Loss: 0.48940009172215604, Test Loss: 0.4670179910732038, Inverse Test Loss: 4.3104916919361465, Train R2: 0.7530428821390326, Test R2: 0.7619930505752563, Inverse Test R2: 0.7619929909706116 
2026-02-26 16:26:55,418 INFO: ---> Saved new best model weights to log/txt_log\logs_2026_2_26_HS_RMSE_fusion/AMFormer_simple_MLP_dim32_depth2_heads4_dropout0.4_fusion0.4_0.6_lr0.001_6P\best_AMFormer_HS_weights.pth 
2026-02-26 16:26:55,418 INFO: Best Epoch 10, Best Test Loss: 0.4670179910732038, Inv Test Loss: 4.3104916919361465, Best Test R2: 0.7619930505752563 
2026-02-26 16:26:59,476 INFO: Epoch 11, Train Loss: 0.4862665179552454, Test Loss: 0.4630434747898217, Inverse Test Loss: 4.273807735154123, Train R2: 0.756712969956976, Test R2: 0.7660625576972961, Inverse Test R2: 0.7660624980926514 
2026-02-26 16:26:59,487 INFO: ---> Saved new best model weights to log/txt_log\logs_2026_2_26_HS_RMSE_fusion/AMFormer_simple_MLP_dim32_depth2_heads4_dropout0.4_fusion0.4_0.6_lr0.001_6P\best_AMFormer_HS_weights.pth 
2026-02-26 16:27:03,566 INFO: Epoch 12, Train Loss: 0.48738497495651245, Test Loss: 0.4610514568560051, Inverse Test Loss: 4.255421667387991, Train R2: 0.7556850273500789, Test R2: 0.7678766250610352, Inverse Test R2: 0.7678765654563904 
2026-02-26 16:27:03,579 INFO: ---> Saved new best model weights to log/txt_log\logs_2026_2_26_HS_RMSE_fusion/AMFormer_simple_MLP_dim32_depth2_heads4_dropout0.4_fusion0.4_0.6_lr0.001_6P\best_AMFormer_HS_weights.pth 
2026-02-26 16:27:07,633 INFO: Epoch 13, Train Loss: 0.4762253768064759, Test Loss: 0.4608113034205003, Inverse Test Loss: 4.253205068183668, Train R2: 0.7661094986128084, Test R2: 0.7692873477935791, Inverse Test R2: 0.7692873477935791 
2026-02-26 16:27:07,644 INFO: ---> Saved new best model weights to log/txt_log\logs_2026_2_26_HS_RMSE_fusion/AMFormer_simple_MLP_dim32_depth2_heads4_dropout0.4_fusion0.4_0.6_lr0.001_6P\best_AMFormer_HS_weights.pth 
2026-02-26 16:27:11,707 INFO: Epoch 14, Train Loss: 0.47986310607556143, Test Loss: 0.5071176245357051, Inverse Test Loss: 4.68060403881651, Train R2: 0.7625942889488104, Test R2: 0.72287917137146, Inverse Test R2: 0.72287917137146 
2026-02-26 16:27:15,740 INFO: Epoch 15, Train Loss: 0.46611261819348193, Test Loss: 0.45683571696281433, Inverse Test Loss: 4.216511170069377, Train R2: 0.7759220956852941, Test R2: 0.7712435722351074, Inverse Test R2: 0.7712435722351074 
2026-02-26 16:27:15,751 INFO: ---> Saved new best model weights to log/txt_log\logs_2026_2_26_HS_RMSE_fusion/AMFormer_simple_MLP_dim32_depth2_heads4_dropout0.4_fusion0.4_0.6_lr0.001_6P\best_AMFormer_HS_weights.pth 
2026-02-26 16:27:19,801 INFO: Epoch 16, Train Loss: 0.46447773255182034, Test Loss: 0.4509647822741306, Inverse Test Loss: 4.162323467659228, Train R2: 0.7781134618051124, Test R2: 0.7765450477600098, Inverse Test R2: 0.7765450477600098 
2026-02-26 16:27:19,812 INFO: ---> Saved new best model weights to log/txt_log\logs_2026_2_26_HS_RMSE_fusion/AMFormer_simple_MLP_dim32_depth2_heads4_dropout0.4_fusion0.4_0.6_lr0.001_6P\best_AMFormer_HS_weights.pth 
2026-02-26 16:27:23,850 INFO: Epoch 17, Train Loss: 0.4577518900235494, Test Loss: 0.4424787904276992, Inverse Test Loss: 4.083999236424764, Train R2: 0.7838592511234861, Test R2: 0.7868334054946899, Inverse Test R2: 0.7868334054946899 
2026-02-26 16:27:23,861 INFO: ---> Saved new best model weights to log/txt_log\logs_2026_2_26_HS_RMSE_fusion/AMFormer_simple_MLP_dim32_depth2_heads4_dropout0.4_fusion0.4_0.6_lr0.001_6P\best_AMFormer_HS_weights.pth 
2026-02-26 16:27:27,916 INFO: Epoch 18, Train Loss: 0.4604439100984371, Test Loss: 0.45106601173227484, Inverse Test Loss: 4.163257837295532, Train R2: 0.7805536023595117, Test R2: 0.7789337635040283, Inverse Test R2: 0.7789337635040283 
2026-02-26 16:27:31,950 INFO: Epoch 19, Train Loss: 0.45456766472621396, Test Loss: 0.4569252368175622, Inverse Test Loss: 4.217337377143629, Train R2: 0.7858876324061191, Test R2: 0.772951066493988, Inverse Test R2: 0.772951066493988 
2026-02-26 16:27:35,993 INFO: Epoch 20, Train Loss: 0.4527256865844582, Test Loss: 0.4405237336953481, Inverse Test Loss: 4.065954475691824, Train R2: 0.7874110575878259, Test R2: 0.7895359396934509, Inverse Test R2: 0.7895359992980957 
2026-02-26 16:27:36,004 INFO: ---> Saved new best model weights to log/txt_log\logs_2026_2_26_HS_RMSE_fusion/AMFormer_simple_MLP_dim32_depth2_heads4_dropout0.4_fusion0.4_0.6_lr0.001_6P\best_AMFormer_HS_weights.pth 
2026-02-26 16:27:36,005 INFO: Best Epoch 20, Best Test Loss: 0.4405237336953481, Inv Test Loss: 4.065954475691824, Best Test R2: 0.7895359396934509 
2026-02-26 16:27:40,067 INFO: Epoch 21, Train Loss: 0.4480915624986995, Test Loss: 0.4364702421607393, Inverse Test Loss: 4.028541485468547, Train R2: 0.7910273305394433, Test R2: 0.7928608655929565, Inverse Test R2: 0.7928608059883118 
2026-02-26 16:27:40,078 INFO: ---> Saved new best model weights to log/txt_log\logs_2026_2_26_HS_RMSE_fusion/AMFormer_simple_MLP_dim32_depth2_heads4_dropout0.4_fusion0.4_0.6_lr0.001_6P\best_AMFormer_HS_weights.pth 
2026-02-26 16:27:44,127 INFO: Epoch 22, Train Loss: 0.44211526102188864, Test Loss: 0.42300002231742395, Inverse Test Loss: 3.90421386198564, Train R2: 0.7983869476751848, Test R2: 0.8043613433837891, Inverse Test R2: 0.8043613433837891 
2026-02-26 16:27:44,138 INFO: ---> Saved new best model weights to log/txt_log\logs_2026_2_26_HS_RMSE_fusion/AMFormer_simple_MLP_dim32_depth2_heads4_dropout0.4_fusion0.4_0.6_lr0.001_6P\best_AMFormer_HS_weights.pth 
2026-02-26 16:27:48,212 INFO: Epoch 23, Train Loss: 0.4415009132388866, Test Loss: 0.4178581102327867, Inverse Test Loss: 3.8567548809629497, Train R2: 0.7981222655737039, Test R2: 0.8088692426681519, Inverse Test R2: 0.8088692426681519 
2026-02-26 16:27:48,223 INFO: ---> Saved new best model weights to log/txt_log\logs_2026_2_26_HS_RMSE_fusion/AMFormer_simple_MLP_dim32_depth2_heads4_dropout0.4_fusion0.4_0.6_lr0.001_6P\best_AMFormer_HS_weights.pth 
2026-02-26 16:27:52,279 INFO: Epoch 24, Train Loss: 0.4398073289882053, Test Loss: 0.424196978410085, Inverse Test Loss: 3.915261499809496, Train R2: 0.7995619877721324, Test R2: 0.8036220669746399, Inverse Test R2: 0.8036220073699951 
2026-02-26 16:27:56,331 INFO: Epoch 25, Train Loss: 0.43827941539612686, Test Loss: 0.42151818130955554, Inverse Test Loss: 3.8905366984280674, Train R2: 0.8003806507948673, Test R2: 0.8057260513305664, Inverse Test R2: 0.8057259917259216 
2026-02-26 16:28:00,403 INFO: Epoch 26, Train Loss: 0.43105752021074295, Test Loss: 0.42217041687531903, Inverse Test Loss: 3.896556760325576, Train R2: 0.8081531384677598, Test R2: 0.8062579035758972, Inverse Test R2: 0.8062578439712524 
2026-02-26 16:28:04,456 INFO: Epoch 27, Train Loss: 0.43014908649704675, Test Loss: 0.4262834344849442, Inverse Test Loss: 3.9345191247535474, Train R2: 0.8082600890687017, Test R2: 0.8013142943382263, Inverse Test R2: 0.8013142347335815 
2026-02-26 16:28:08,523 INFO: Epoch 28, Train Loss: 0.4316182599374742, Test Loss: 0.41921323086276197, Inverse Test Loss: 3.8692624135450884, Train R2: 0.8078388400150068, Test R2: 0.8077157139778137, Inverse Test R2: 0.8077157139778137 
2026-02-26 16:28:12,600 INFO: Epoch 29, Train Loss: 0.4291210583213604, Test Loss: 0.41638961163434113, Inverse Test Loss: 3.8432009292371347, Train R2: 0.8093302922718453, Test R2: 0.8110639452934265, Inverse Test R2: 0.8110639452934265 
2026-02-26 16:28:12,612 INFO: ---> Saved new best model weights to log/txt_log\logs_2026_2_26_HS_RMSE_fusion/AMFormer_simple_MLP_dim32_depth2_heads4_dropout0.4_fusion0.4_0.6_lr0.001_6P\best_AMFormer_HS_weights.pth 
2026-02-26 16:28:16,677 INFO: Epoch 30, Train Loss: 0.42880169392535183, Test Loss: 0.4169882382407333, Inverse Test Loss: 3.848726084738067, Train R2: 0.8091194598060666, Test R2: 0.8100336194038391, Inverse Test R2: 0.8100336194038391 
2026-02-26 16:28:16,677 INFO: Best Epoch 29, Best Test Loss: 0.41638961163434113, Inv Test Loss: 3.8432009292371347, Best Test R2: 0.8110639452934265 
2026-02-26 16:28:20,749 INFO: Epoch 31, Train Loss: 0.42441357988299744, Test Loss: 0.41507651498823456, Inverse Test Loss: 3.831081354256832, Train R2: 0.8139549701502828, Test R2: 0.8117327690124512, Inverse Test R2: 0.8117327690124512 
2026-02-26 16:28:20,760 INFO: ---> Saved new best model weights to log/txt_log\logs_2026_2_26_HS_RMSE_fusion/AMFormer_simple_MLP_dim32_depth2_heads4_dropout0.4_fusion0.4_0.6_lr0.001_6P\best_AMFormer_HS_weights.pth 
2026-02-26 16:28:24,812 INFO: Epoch 32, Train Loss: 0.42282064778335166, Test Loss: 0.4222953138929425, Inverse Test Loss: 3.897709521380338, Train R2: 0.8136519216226809, Test R2: 0.8056440949440002, Inverse Test R2: 0.8056440949440002 
2026-02-26 16:28:28,862 INFO: Epoch 33, Train Loss: 0.4202914440044851, Test Loss: 0.42022470542878815, Inverse Test Loss: 3.8785981626221626, Train R2: 0.8156250697193723, Test R2: 0.8080022931098938, Inverse Test R2: 0.8080022931098938 
2026-02-26 16:28:32,941 INFO: Epoch 34, Train Loss: 0.42259406862836896, Test Loss: 0.4224264612703612, Inverse Test Loss: 3.898919936382409, Train R2: 0.8154290332035585, Test R2: 0.8051905632019043, Inverse Test R2: 0.8051905632019043 
2026-02-26 16:28:37,008 INFO: Epoch 35, Train Loss: 0.4213326677228465, Test Loss: 0.41886922446164215, Inverse Test Loss: 3.866087299404722, Train R2: 0.8165627600568713, Test R2: 0.8092507123947144, Inverse Test R2: 0.8092507123947144 
2026-02-26 16:28:41,082 INFO: Epoch 36, Train Loss: 0.41489185708941834, Test Loss: 0.4104067493568767, Inverse Test Loss: 3.7879801085501006, Train R2: 0.8208164509498712, Test R2: 0.8170922994613647, Inverse Test R2: 0.8170922994613647 
2026-02-26 16:28:41,095 INFO: ---> Saved new best model weights to log/txt_log\logs_2026_2_26_HS_RMSE_fusion/AMFormer_simple_MLP_dim32_depth2_heads4_dropout0.4_fusion0.4_0.6_lr0.001_6P\best_AMFormer_HS_weights.pth 
2026-02-26 16:28:45,146 INFO: Epoch 37, Train Loss: 0.4112933939605048, Test Loss: 0.4291711910204454, Inverse Test Loss: 3.96117250847094, Train R2: 0.8238583988312519, Test R2: 0.7995628714561462, Inverse Test R2: 0.799562931060791 
2026-02-26 16:28:49,202 INFO: Epoch 38, Train Loss: 0.41359100761738693, Test Loss: 0.41237404039411835, Inverse Test Loss: 3.8061379663871997, Train R2: 0.8222490892265782, Test R2: 0.81584233045578, Inverse Test R2: 0.81584233045578 
2026-02-26 16:28:53,240 INFO: Epoch 39, Train Loss: 0.41350414220130804, Test Loss: 0.41714460922010016, Inverse Test Loss: 3.8501693552190606, Train R2: 0.8220959296732238, Test R2: 0.8100656270980835, Inverse Test R2: 0.8100656270980835 
2026-02-26 16:28:57,312 INFO: Epoch 40, Train Loss: 0.40922742969158926, Test Loss: 0.4168632816184651, Inverse Test Loss: 3.84757281072212, Train R2: 0.8250040150049961, Test R2: 0.810681164264679, Inverse Test R2: 0.8106811046600342 
2026-02-26 16:28:57,312 INFO: Best Epoch 36, Best Test Loss: 0.4104067493568767, Inv Test Loss: 3.7879801085501006, Best Test R2: 0.8170922994613647 
2026-02-26 16:29:01,395 INFO: Epoch 41, Train Loss: 0.41216041983077023, Test Loss: 0.40678735935326776, Inverse Test Loss: 3.754573937618371, Train R2: 0.8216743568579356, Test R2: 0.8194193840026855, Inverse Test R2: 0.8194193243980408 
2026-02-26 16:29:01,406 INFO: ---> Saved new best model weights to log/txt_log\logs_2026_2_26_HS_RMSE_fusion/AMFormer_simple_MLP_dim32_depth2_heads4_dropout0.4_fusion0.4_0.6_lr0.001_6P\best_AMFormer_HS_weights.pth 
2026-02-26 16:29:05,456 INFO: Epoch 42, Train Loss: 0.40946823990706244, Test Loss: 0.4062400008692886, Inverse Test Loss: 3.749521927400069, Train R2: 0.8260414848725001, Test R2: 0.8198232054710388, Inverse Test R2: 0.819823145866394 
2026-02-26 16:29:05,467 INFO: ---> Saved new best model weights to log/txt_log\logs_2026_2_26_HS_RMSE_fusion/AMFormer_simple_MLP_dim32_depth2_heads4_dropout0.4_fusion0.4_0.6_lr0.001_6P\best_AMFormer_HS_weights.pth 
2026-02-26 16:29:09,534 INFO: Epoch 43, Train Loss: 0.4067218102740519, Test Loss: 0.4081570054545547, Inverse Test Loss: 3.7672154180931323, Train R2: 0.8272229938796072, Test R2: 0.8178845643997192, Inverse Test R2: 0.8178845643997192 
2026-02-26 16:29:13,598 INFO: Epoch 44, Train Loss: 0.408617020556421, Test Loss: 0.4048705344850367, Inverse Test Loss: 3.736881855762366, Train R2: 0.8272859607682084, Test R2: 0.820772111415863, Inverse Test R2: 0.820772111415863 
2026-02-26 16:29:13,609 INFO: ---> Saved new best model weights to log/txt_log\logs_2026_2_26_HS_RMSE_fusion/AMFormer_simple_MLP_dim32_depth2_heads4_dropout0.4_fusion0.4_0.6_lr0.001_6P\best_AMFormer_HS_weights.pth 
2026-02-26 16:29:17,699 INFO: Epoch 45, Train Loss: 0.40343992603999196, Test Loss: 0.4035566792343602, Inverse Test Loss: 3.724755251046383, Train R2: 0.8304878884192669, Test R2: 0.8225355744361877, Inverse Test R2: 0.822535514831543 
2026-02-26 16:29:17,712 INFO: ---> Saved new best model weights to log/txt_log\logs_2026_2_26_HS_RMSE_fusion/AMFormer_simple_MLP_dim32_depth2_heads4_dropout0.4_fusion0.4_0.6_lr0.001_6P\best_AMFormer_HS_weights.pth 
2026-02-26 16:29:21,780 INFO: Epoch 46, Train Loss: 0.4024996561082927, Test Loss: 0.40928863937204535, Inverse Test Loss: 3.777660203702522, Train R2: 0.8306312068845286, Test R2: 0.8177278637886047, Inverse Test R2: 0.8177278637886047 
2026-02-26 16:29:25,837 INFO: Epoch 47, Train Loss: 0.4046636311845346, Test Loss: 0.4065376285350684, Inverse Test Loss: 3.7522688634467847, Train R2: 0.8289373647986036, Test R2: 0.8203665018081665, Inverse Test R2: 0.8203665018081665 
2026-02-26 16:29:29,890 INFO: Epoch 48, Train Loss: 0.40267039677410416, Test Loss: 0.40193417848962726, Inverse Test Loss: 3.7097799200000185, Train R2: 0.8316320465369658, Test R2: 0.8238340020179749, Inverse Test R2: 0.8238340020179749 
2026-02-26 16:29:29,901 INFO: ---> Saved new best model weights to log/txt_log\logs_2026_2_26_HS_RMSE_fusion/AMFormer_simple_MLP_dim32_depth2_heads4_dropout0.4_fusion0.4_0.6_lr0.001_6P\best_AMFormer_HS_weights.pth 
2026-02-26 16:29:33,956 INFO: Epoch 49, Train Loss: 0.399995919881445, Test Loss: 0.39807164217486524, Inverse Test Loss: 3.674129327138265, Train R2: 0.8336958090464274, Test R2: 0.826980710029602, Inverse Test R2: 0.826980710029602 
2026-02-26 16:29:33,967 INFO: ---> Saved new best model weights to log/txt_log\logs_2026_2_26_HS_RMSE_fusion/AMFormer_simple_MLP_dim32_depth2_heads4_dropout0.4_fusion0.4_0.6_lr0.001_6P\best_AMFormer_HS_weights.pth 
2026-02-26 16:29:38,028 INFO: Epoch 50, Train Loss: 0.4016832090688474, Test Loss: 0.4050397358157418, Inverse Test Loss: 3.738443627501979, Train R2: 0.83248216455633, Test R2: 0.8205471634864807, Inverse Test R2: 0.8205471038818359 
2026-02-26 16:29:38,028 INFO: Best Epoch 49, Best Test Loss: 0.39807164217486524, Inv Test Loss: 3.674129327138265, Best Test R2: 0.826980710029602 
2026-02-26 16:29:42,095 INFO: Epoch 51, Train Loss: 0.393114643340761, Test Loss: 0.4237907953334577, Inverse Test Loss: 3.9115124688004004, Train R2: 0.8390689591566721, Test R2: 0.8055844306945801, Inverse Test R2: 0.8055843710899353 
2026-02-26 16:29:46,147 INFO: Epoch 52, Train Loss: 0.39817247280117235, Test Loss: 0.42180677164684643, Inverse Test Loss: 3.893200346917817, Train R2: 0.8351261913776398, Test R2: 0.8062910437583923, Inverse Test R2: 0.8062910437583923 
2026-02-26 16:29:50,204 INFO: Epoch 53, Train Loss: 0.3944404475165136, Test Loss: 0.4042620478254376, Inverse Test Loss: 3.731265725511493, Train R2: 0.8384862609884955, Test R2: 0.8218048810958862, Inverse Test R2: 0.8218048810958862 
2026-02-26 16:29:54,282 INFO: Epoch 54, Train Loss: 0.39491341714606143, Test Loss: 0.4199395062345447, Inverse Test Loss: 3.8759657541910806, Train R2: 0.8386012708598917, Test R2: 0.8080362677574158, Inverse Test R2: 0.808036208152771 
2026-02-26 16:29:58,331 INFO: Epoch 55, Train Loss: 0.3951153362339193, Test Loss: 0.4072510103384654, Inverse Test Loss: 3.758853298245054, Train R2: 0.8374311648535006, Test R2: 0.81904137134552, Inverse Test R2: 0.81904137134552 
2026-02-26 16:30:02,373 INFO: Epoch 56, Train Loss: 0.38976658846844325, Test Loss: 0.428207845398874, Inverse Test Loss: 3.952281106602062, Train R2: 0.8414575602069045, Test R2: 0.7968112826347351, Inverse Test R2: 0.7968112826347351 
2026-02-26 16:30:06,429 INFO: Epoch 57, Train Loss: 0.3974837279229453, Test Loss: 0.40454688848871173, Inverse Test Loss: 3.7338947310592188, Train R2: 0.8364084606820886, Test R2: 0.8219131827354431, Inverse Test R2: 0.8219131231307983 
2026-02-26 16:30:10,523 INFO: Epoch 58, Train Loss: 0.3909144261569688, Test Loss: 0.41519257877812243, Inverse Test Loss: 3.8321524461110434, Train R2: 0.8405006979451035, Test R2: 0.8120654821395874, Inverse Test R2: 0.8120654225349426 
2026-02-26 16:30:14,796 INFO: Epoch 59, Train Loss: 0.388921804951899, Test Loss: 0.4091699710398009, Inverse Test Loss: 3.7765649448741567, Train R2: 0.8416035301757582, Test R2: 0.8175193071365356, Inverse Test R2: 0.8175193071365356 
2026-02-26 16:30:19,001 INFO: Epoch 60, Train Loss: 0.38980365363937436, Test Loss: 0.41144297339699487, Inverse Test Loss: 3.7975443131995923, Train R2: 0.8414648793863527, Test R2: 0.8145921230316162, Inverse Test R2: 0.8145921230316162 
2026-02-26 16:30:19,001 INFO: Best Epoch 49, Best Test Loss: 0.39807164217486524, Inv Test Loss: 3.674129327138265, Best Test R2: 0.826980710029602 
2026-02-26 16:30:23,075 INFO: Epoch 61, Train Loss: 0.3847302487402251, Test Loss: 0.4087612511533679, Inverse Test Loss: 3.772792592193141, Train R2: 0.8462940431905516, Test R2: 0.8164264559745789, Inverse Test R2: 0.8164264559745789 
2026-02-26 16:30:27,159 INFO: Epoch 62, Train Loss: 0.3874850119605209, Test Loss: 0.42161167751659046, Inverse Test Loss: 3.89139968698675, Train R2: 0.8431754071604122, Test R2: 0.8050755858421326, Inverse Test R2: 0.8050755858421326 
2026-02-26 16:30:31,244 INFO: Epoch 63, Train Loss: 0.3820233557260398, Test Loss: 0.4191045950759541, Inverse Test Loss: 3.8682597333734687, Train R2: 0.8493862982952234, Test R2: 0.8077939748764038, Inverse Test R2: 0.8077939748764038 
2026-02-26 16:30:35,316 INFO: Epoch 64, Train Loss: 0.3887766023928469, Test Loss: 0.40410077662178967, Inverse Test Loss: 3.7297771843996914, Train R2: 0.8406724875623529, Test R2: 0.8223848938941956, Inverse Test R2: 0.8223848938941956 
2026-02-26 16:30:39,388 INFO: Epoch 65, Train Loss: 0.37877629697322845, Test Loss: 0.4023013042681145, Inverse Test Loss: 3.7131683754198477, Train R2: 0.8508944628816663, Test R2: 0.82343590259552, Inverse Test R2: 0.8234358429908752 
2026-02-26 16:30:43,474 INFO: Epoch 66, Train Loss: 0.3886304039395217, Test Loss: 0.4068337209296949, Inverse Test Loss: 3.7550017833709717, Train R2: 0.8424037527857404, Test R2: 0.8182109594345093, Inverse Test R2: 0.8182109594345093 
2026-02-26 16:30:47,532 INFO: Epoch 67, Train Loss: 0.38399247192975244, Test Loss: 0.4327957910118681, Inverse Test Loss: 3.99462696277734, Train R2: 0.8461126567739429, Test R2: 0.7959244251251221, Inverse Test R2: 0.7959243655204773 
2026-02-26 16:30:51,577 INFO: Epoch 68, Train Loss: 0.3818432994638429, Test Loss: 0.4150251836487741, Inverse Test Loss: 3.830607508168076, Train R2: 0.8471230855493834, Test R2: 0.8107377290725708, Inverse Test R2: 0.810737669467926 
2026-02-26 16:30:55,617 INFO: Epoch 69, Train Loss: 0.38645957884463394, Test Loss: 0.4195754862192905, Inverse Test Loss: 3.8726059234503545, Train R2: 0.8436080768252864, Test R2: 0.8075432777404785, Inverse Test R2: 0.8075433373451233 
2026-02-26 16:30:59,826 INFO: Epoch 70, Train Loss: 0.3819860682794542, Test Loss: 0.41149120168252423, Inverse Test Loss: 3.797989505710024, Train R2: 0.8464482133135651, Test R2: 0.815723180770874, Inverse Test R2: 0.815723180770874 
2026-02-26 16:30:59,826 INFO: Best Epoch 49, Best Test Loss: 0.39807164217486524, Inv Test Loss: 3.674129327138265, Best Test R2: 0.826980710029602 
2026-02-26 16:31:03,884 INFO: Epoch 71, Train Loss: 0.37733875237631076, Test Loss: 0.4243357506665317, Inverse Test Loss: 3.9165423277652627, Train R2: 0.8515009794271353, Test R2: 0.8010580539703369, Inverse Test R2: 0.8010579943656921 
2026-02-26 16:31:07,930 INFO: Epoch 72, Train Loss: 0.38378030614870967, Test Loss: 0.40923508098631195, Inverse Test Loss: 3.7771659547632392, Train R2: 0.8454800501014247, Test R2: 0.8181323409080505, Inverse Test R2: 0.8181323409080505 
2026-02-26 16:31:11,995 INFO: Epoch 73, Train Loss: 0.37891413790710043, Test Loss: 0.40571441343336395, Inverse Test Loss: 3.744670773997451, Train R2: 0.849112969456297, Test R2: 0.8203561305999756, Inverse Test R2: 0.8203561305999756 
2026-02-26 16:31:16,047 INFO: Epoch 74, Train Loss: 0.3803188795167388, Test Loss: 0.4196288296670625, Inverse Test Loss: 3.8730983517386695, Train R2: 0.8499987265377333, Test R2: 0.8040156364440918, Inverse Test R2: 0.8040156364440918 
2026-02-26 16:31:20,133 INFO: Epoch 75, Train Loss: 0.3735466602851044, Test Loss: 0.4171787003676097, Inverse Test Loss: 3.8504840749682803, Train R2: 0.8536637235771526, Test R2: 0.8098017573356628, Inverse Test R2: 0.8098016977310181 
2026-02-26 16:31:24,380 INFO: Epoch 76, Train Loss: 0.37383817768458166, Test Loss: 0.4246381159984704, Inverse Test Loss: 3.919333067807284, Train R2: 0.854040954600681, Test R2: 0.8017498254776001, Inverse Test R2: 0.8017498254776001 
2026-02-26 16:31:28,578 INFO: Epoch 77, Train Loss: 0.37269063711617934, Test Loss: 0.4150825422821623, Inverse Test Loss: 3.831136876886541, Train R2: 0.8559821270632021, Test R2: 0.8116437196731567, Inverse Test R2: 0.8116437196731567 
2026-02-26 16:31:32,680 INFO: Epoch 78, Train Loss: 0.36979692124507646, Test Loss: 0.4292516356164759, Inverse Test Loss: 3.9619150739727598, Train R2: 0.8566915853457018, Test R2: 0.7952186465263367, Inverse Test R2: 0.7952185869216919 
2026-02-26 16:31:36,759 INFO: Epoch 79, Train Loss: 0.36750386587598105, Test Loss: 0.41718664223497565, Inverse Test Loss: 3.8505573489449243, Train R2: 0.8586852532444578, Test R2: 0.8104144334793091, Inverse Test R2: 0.8104144334793091 
2026-02-26 16:31:40,822 INFO: Epoch 80, Train Loss: 0.36944546640822384, Test Loss: 0.4314543767408891, Inverse Test Loss: 3.9822459509878447, Train R2: 0.8573717474937439, Test R2: 0.7916799783706665, Inverse Test R2: 0.7916799783706665 
2026-02-26 16:31:40,822 INFO: Best Epoch 49, Best Test Loss: 0.39807164217486524, Inv Test Loss: 3.674129327138265, Best Test R2: 0.826980710029602 
2026-02-26 16:31:44,949 INFO: Epoch 81, Train Loss: 0.3690315726580042, Test Loss: 0.4289234985004772, Inverse Test Loss: 3.9588863849639893, Train R2: 0.8572473679528092, Test R2: 0.7972539663314819, Inverse Test R2: 0.7972539663314819 
2026-02-26 16:31:49,082 INFO: Epoch 82, Train Loss: 0.3674928124881152, Test Loss: 0.41934464555798157, Inverse Test Loss: 3.870475299430616, Train R2: 0.8579162977861635, Test R2: 0.80589759349823, Inverse Test R2: 0.80589759349823 
2026-02-26 16:31:53,143 INFO: Epoch 83, Train Loss: 0.367027366928982, Test Loss: 0.4305137441013799, Inverse Test Loss: 3.973564133499608, Train R2: 0.8592749779874628, Test R2: 0.7924970984458923, Inverse Test R2: 0.7924970984458923 
2026-02-26 16:31:57,219 INFO: Epoch 84, Train Loss: 0.36141440825480403, Test Loss: 0.4252817287589564, Inverse Test Loss: 3.9252735918218438, Train R2: 0.8626245684695967, Test R2: 0.800714373588562, Inverse Test R2: 0.800714373588562 
2026-02-26 16:32:01,288 INFO: Epoch 85, Train Loss: 0.3593636310913346, Test Loss: 0.4268490699204532, Inverse Test Loss: 3.9397398269537725, Train R2: 0.8656583758014621, Test R2: 0.8001046180725098, Inverse Test R2: 0.8001046180725098 
2026-02-26 16:32:05,348 INFO: Epoch 86, Train Loss: 0.3667397136715325, Test Loss: 0.4255919610009049, Inverse Test Loss: 3.928136933933605, Train R2: 0.8589751472075781, Test R2: 0.7999780774116516, Inverse Test R2: 0.7999780774116516 
2026-02-26 16:32:09,455 INFO: Epoch 87, Train Loss: 0.3589403046803041, Test Loss: 0.4447280005975203, Inverse Test Loss: 4.104759129610929, Train R2: 0.864637546918609, Test R2: 0.7811866402626038, Inverse Test R2: 0.781186580657959 
2026-02-26 16:32:13,621 INFO: Epoch 88, Train Loss: 0.3669109441565745, Test Loss: 0.41455849824529706, Inverse Test Loss: 3.8263000936219185, Train R2: 0.858483202529676, Test R2: 0.8130686283111572, Inverse Test R2: 0.8130686283111572 
2026-02-26 16:32:17,711 INFO: Epoch 89, Train Loss: 0.3642091068128745, Test Loss: 0.42696062633485504, Inverse Test Loss: 3.940769491773663, Train R2: 0.860669425942681, Test R2: 0.7950116395950317, Inverse Test R2: 0.7950116395950317 
2026-02-26 16:32:21,766 INFO: Epoch 90, Train Loss: 0.3572922187546889, Test Loss: 0.4306131610364625, Inverse Test Loss: 3.9744817343625156, Train R2: 0.8661305556694666, Test R2: 0.794015645980835, Inverse Test R2: 0.794015645980835 
2026-02-26 16:32:21,766 INFO: Best Epoch 49, Best Test Loss: 0.39807164217486524, Inv Test Loss: 3.674129327138265, Best Test R2: 0.826980710029602 
2026-02-26 16:32:25,808 INFO: Epoch 91, Train Loss: 0.36091203129652777, Test Loss: 0.43175669420849194, Inverse Test Loss: 3.9850362864407627, Train R2: 0.8636408872676619, Test R2: 0.7905474901199341, Inverse Test R2: 0.7905474305152893 
2026-02-26 16:32:29,850 INFO: Epoch 92, Train Loss: 0.363948561928489, Test Loss: 0.44734236778634967, Inverse Test Loss: 4.128889271707246, Train R2: 0.860688205018188, Test R2: 0.7712055444717407, Inverse Test R2: 0.771205484867096 
2026-02-26 16:32:33,893 INFO: Epoch 93, Train Loss: 0.36381706030982913, Test Loss: 0.43051901730624115, Inverse Test Loss: 3.9736127130913013, Train R2: 0.8593714815197568, Test R2: 0.7974482774734497, Inverse Test R2: 0.7974482774734497 
2026-02-26 16:32:37,966 INFO: Epoch 94, Train Loss: 0.35716169779047824, Test Loss: 0.421295446879936, Inverse Test Loss: 3.8884809161677505, Train R2: 0.8657735802910544, Test R2: 0.8037942051887512, Inverse Test R2: 0.8037942051887512 
2026-02-26 16:32:42,036 INFO: Epoch 95, Train Loss: 0.3519907663717414, Test Loss: 0.4201702385237723, Inverse Test Loss: 3.878095359513254, Train R2: 0.8700471904241678, Test R2: 0.8066822290420532, Inverse Test R2: 0.8066822290420532 
2026-02-26 16:32:46,104 INFO: Epoch 96, Train Loss: 0.3527741475087224, Test Loss: 0.42915304411541333, Inverse Test Loss: 3.961005131403605, Train R2: 0.8692260772892924, Test R2: 0.793055534362793, Inverse Test R2: 0.793055534362793 
2026-02-26 16:32:50,159 INFO: Epoch 97, Train Loss: 0.3475169935687022, Test Loss: 0.42740206104336365, Inverse Test Loss: 3.944843877445568, Train R2: 0.8733376865134095, Test R2: 0.7959790229797363, Inverse Test R2: 0.7959790229797363 
2026-02-26 16:32:54,230 INFO: Epoch 98, Train Loss: 0.35346943173896184, Test Loss: 0.41956017143798596, Inverse Test Loss: 3.8724646279306123, Train R2: 0.8675812487349366, Test R2: 0.8063230514526367, Inverse Test R2: 0.8063230514526367 
2026-02-26 16:32:58,328 INFO: Epoch 99, Train Loss: 0.3587565600420489, Test Loss: 0.4316346997564489, Inverse Test Loss: 3.98391030773972, Train R2: 0.8653089706644868, Test R2: 0.7946528196334839, Inverse Test R2: 0.7946528196334839 
2026-02-26 16:33:02,374 INFO: Epoch 100, Train Loss: 0.35103663869879465, Test Loss: 0.42908754041700653, Inverse Test Loss: 3.9604005741350576, Train R2: 0.8693185859557354, Test R2: 0.794399619102478, Inverse Test R2: 0.794399619102478 
2026-02-26 16:33:02,374 INFO: Best Epoch 49, Best Test Loss: 0.39807164217486524, Inv Test Loss: 3.674129327138265, Best Test R2: 0.826980710029602 
2026-02-26 16:33:06,447 INFO: Epoch 101, Train Loss: 0.3477445178185449, Test Loss: 0.4327269909959851, Inverse Test Loss: 3.993991989077944, Train R2: 0.8723222875233853, Test R2: 0.7938240170478821, Inverse Test R2: 0.7938239574432373 
2026-02-26 16:33:10,509 INFO: Epoch 102, Train Loss: 0.34782204257719446, Test Loss: 0.4224708143508796, Inverse Test Loss: 3.8993293516563647, Train R2: 0.8742799338969317, Test R2: 0.7993616461753845, Inverse Test R2: 0.7993615865707397 
2026-02-26 16:33:14,583 INFO: Epoch 103, Train Loss: 0.3461726868920254, Test Loss: 0.42431550766482495, Inverse Test Loss: 3.9163555520953555, Train R2: 0.8735008966742139, Test R2: 0.8019064664840698, Inverse Test R2: 0.8019064664840698 
2026-02-26 16:33:18,669 INFO: Epoch 104, Train Loss: 0.3455195908970905, Test Loss: 0.4354028810154308, Inverse Test Loss: 4.018689892508767, Train R2: 0.8743739245515881, Test R2: 0.7913331389427185, Inverse Test R2: 0.7913331389427185 
2026-02-26 16:33:22,720 INFO: Epoch 105, Train Loss: 0.34562472400791716, Test Loss: 0.43894749518596765, Inverse Test Loss: 4.051406173995047, Train R2: 0.8737378030112295, Test R2: 0.7849467992782593, Inverse Test R2: 0.7849467992782593 
2026-02-26 16:33:26,785 INFO: Epoch 106, Train Loss: 0.3425110418236617, Test Loss: 0.42278823256492615, Inverse Test Loss: 3.902259060830781, Train R2: 0.8764509229045926, Test R2: 0.7989925146102905, Inverse Test R2: 0.7989925146102905 
2026-02-26 16:33:30,839 INFO: Epoch 107, Train Loss: 0.34261685903325223, Test Loss: 0.4411345873818253, Inverse Test Loss: 4.071592583800808, Train R2: 0.8759970281160239, Test R2: 0.7820708155632019, Inverse Test R2: 0.7820707559585571 
2026-02-26 16:33:34,886 INFO: Epoch 108, Train Loss: 0.34224279439359, Test Loss: 0.43097936113675434, Inverse Test Loss: 3.9778616572871353, Train R2: 0.8778196704207044, Test R2: 0.7936123609542847, Inverse Test R2: 0.7936123609542847 
2026-02-26 16:33:38,993 INFO: Epoch 109, Train Loss: 0.35023867384050833, Test Loss: 0.43300711566751654, Inverse Test Loss: 3.9965774723977754, Train R2: 0.8724359901565494, Test R2: 0.7947773933410645, Inverse Test R2: 0.7947773337364197 
2026-02-26 16:33:43,129 INFO: Epoch 110, Train Loss: 0.3515169277335658, Test Loss: 0.43801851164210925, Inverse Test Loss: 4.042831760464293, Train R2: 0.8700124657515323, Test R2: 0.788009762763977, Inverse Test R2: 0.788009762763977 
2026-02-26 16:33:43,129 INFO: Best Epoch 49, Best Test Loss: 0.39807164217486524, Inv Test Loss: 3.674129327138265, Best Test R2: 0.826980710029602 
2026-02-26 16:33:47,207 INFO: Epoch 111, Train Loss: 0.3398538926108317, Test Loss: 0.4392003435077089, Inverse Test Loss: 4.053739822272099, Train R2: 0.8778202217636686, Test R2: 0.787765383720398, Inverse Test R2: 0.7877653241157532 
2026-02-26 16:33:51,285 INFO: Epoch 112, Train Loss: 0.3469859419221228, Test Loss: 0.4362295522834315, Inverse Test Loss: 4.026319944497311, Train R2: 0.8735817855957783, Test R2: 0.7880030870437622, Inverse Test R2: 0.7880030274391174 
2026-02-26 16:33:55,338 INFO: Epoch 113, Train Loss: 0.34716492236563656, Test Loss: 0.42092623674508295, Inverse Test Loss: 3.885073112718987, Train R2: 0.8719827948194562, Test R2: 0.8016626834869385, Inverse Test R2: 0.8016626834869385 
2026-02-26 16:33:59,414 INFO: Epoch 114, Train Loss: 0.3380541737106713, Test Loss: 0.4383256697293484, Inverse Test Loss: 4.045666687416308, Train R2: 0.880010902430072, Test R2: 0.7850470542907715, Inverse Test R2: 0.7850470542907715 
2026-02-26 16:34:03,492 INFO: Epoch 115, Train Loss: 0.33935293261751986, Test Loss: 0.4291705615592725, Inverse Test Loss: 3.961166764750625, Train R2: 0.8786904951839736, Test R2: 0.7919842004776001, Inverse Test R2: 0.7919842004776001 
2026-02-26 16:34:07,551 INFO: Epoch 116, Train Loss: 0.3400979449577404, Test Loss: 0.4311557610829671, Inverse Test Loss: 3.97948981776382, Train R2: 0.8774230511802615, Test R2: 0.7952595353126526, Inverse Test R2: 0.7952594757080078 
2026-02-26 16:34:11,619 INFO: Epoch 117, Train Loss: 0.33621171511935466, Test Loss: 0.42401924006866687, Inverse Test Loss: 3.9136210427139746, Train R2: 0.8806432395270376, Test R2: 0.7992506623268127, Inverse Test R2: 0.799250602722168 
2026-02-26 16:34:15,691 INFO: Epoch 118, Train Loss: 0.33368049087849533, Test Loss: 0.42761874650463916, Inverse Test Loss: 3.9468437975103203, Train R2: 0.8828393595688271, Test R2: 0.7989093661308289, Inverse Test R2: 0.7989093661308289 
2026-02-26 16:34:19,785 INFO: Epoch 119, Train Loss: 0.3359482923917698, Test Loss: 0.4295569595062371, Inverse Test Loss: 3.964733109329686, Train R2: 0.8820246873479901, Test R2: 0.7965748310089111, Inverse Test R2: 0.7965748310089111 
2026-02-26 16:34:23,824 INFO: Epoch 120, Train Loss: 0.3322929325654651, Test Loss: 0.42886800567309064, Inverse Test Loss: 3.9583742546312735, Train R2: 0.8843683410774578, Test R2: 0.7981587052345276, Inverse Test R2: 0.7981587052345276 
2026-02-26 16:34:23,825 INFO: Best Epoch 49, Best Test Loss: 0.39807164217486524, Inv Test Loss: 3.674129327138265, Best Test R2: 0.826980710029602 
2026-02-26 16:34:27,862 INFO: Epoch 121, Train Loss: 0.32839098098603164, Test Loss: 0.43950769847089594, Inverse Test Loss: 4.056576649347941, Train R2: 0.8860826474247556, Test R2: 0.7860995531082153, Inverse Test R2: 0.7860994935035706 
2026-02-26 16:34:31,928 INFO: Epoch 122, Train Loss: 0.331577399350477, Test Loss: 0.43386721430402814, Inverse Test Loss: 4.004515994678844, Train R2: 0.8852411802067901, Test R2: 0.79119473695755, Inverse Test R2: 0.79119473695755 
2026-02-26 16:34:35,977 INFO: Epoch 123, Train Loss: 0.3289170883821719, Test Loss: 0.4447675040273955, Inverse Test Loss: 4.105123693292791, Train R2: 0.8852415996970553, Test R2: 0.7803929448127747, Inverse Test R2: 0.7803929448127747 
2026-02-26 16:34:40,041 INFO: Epoch 124, Train Loss: 0.3300695908114766, Test Loss: 0.4484931898839546, Inverse Test Loss: 4.1395111083984375, Train R2: 0.8836787257230643, Test R2: 0.7737380862236023, Inverse Test R2: 0.7737380862236023 
2026-02-26 16:34:44,102 INFO: Epoch 125, Train Loss: 0.3318383806582653, Test Loss: 0.4345803414330338, Inverse Test Loss: 4.011098045291322, Train R2: 0.884391159270749, Test R2: 0.7896412014961243, Inverse Test R2: 0.7896412014961243 
2026-02-26 16:34:48,176 INFO: Epoch 126, Train Loss: 0.32849497957663104, Test Loss: 0.43392237117796234, Inverse Test Loss: 4.005025112267696, Train R2: 0.8851842911857547, Test R2: 0.7885057926177979, Inverse Test R2: 0.7885057926177979 
2026-02-26 16:34:52,237 INFO: Epoch 127, Train Loss: 0.33467552528688405, Test Loss: 0.424283350055868, Inverse Test Loss: 3.9160586270419033, Train R2: 0.8820359133409731, Test R2: 0.8018697500228882, Inverse Test R2: 0.8018697500228882 
2026-02-26 16:34:56,283 INFO: Epoch 128, Train Loss: 0.3268624205480922, Test Loss: 0.43178083318652527, Inverse Test Loss: 3.9852590416416978, Train R2: 0.8871211910789664, Test R2: 0.790321946144104, Inverse Test R2: 0.790321946144104 
2026-02-26 16:35:00,341 INFO: Epoch 129, Train Loss: 0.3307718926984252, Test Loss: 0.4330544245965553, Inverse Test Loss: 3.9970140890641646, Train R2: 0.8856612466501467, Test R2: 0.7914570569992065, Inverse Test R2: 0.7914570569992065 
2026-02-26 16:35:04,391 INFO: Epoch 130, Train Loss: 0.32757472811323224, Test Loss: 0.4309928814570109, Inverse Test Loss: 3.9779864224520596, Train R2: 0.886339142015486, Test R2: 0.7948752045631409, Inverse Test R2: 0.7948752045631409 
2026-02-26 16:35:04,392 INFO: Best Epoch 49, Best Test Loss: 0.39807164217486524, Inv Test Loss: 3.674129327138265, Best Test R2: 0.826980710029602 
2026-02-26 16:35:08,464 INFO: Epoch 131, Train Loss: 0.3213150285635934, Test Loss: 0.4325513749411612, Inverse Test Loss: 3.9923710606314917, Train R2: 0.8920530473644083, Test R2: 0.7912886142730713, Inverse Test R2: 0.7912885546684265 
2026-02-26 16:35:12,531 INFO: Epoch 132, Train Loss: 0.3218531600679412, Test Loss: 0.43285795775326813, Inverse Test Loss: 3.9952008218476265, Train R2: 0.8899821661638491, Test R2: 0.7929688096046448, Inverse Test R2: 0.7929688096046448 
2026-02-26 16:35:16,565 INFO: Epoch 133, Train Loss: 0.32463246143677016, Test Loss: 0.4317964496034564, Inverse Test Loss: 3.9854031909595835, Train R2: 0.8888436880978671, Test R2: 0.7898491621017456, Inverse Test R2: 0.7898491621017456 
2026-02-26 16:35:20,612 INFO: Epoch 134, Train Loss: 0.3211559029013822, Test Loss: 0.43949775984793, Inverse Test Loss: 4.056484930443041, Train R2: 0.8910203300642244, Test R2: 0.7816401720046997, Inverse Test R2: 0.7816401124000549 
2026-02-26 16:35:24,663 INFO: Epoch 135, Train Loss: 0.31882925647677796, Test Loss: 0.4334893596894813, Inverse Test Loss: 4.001028537750244, Train R2: 0.8922375205791357, Test R2: 0.7914283871650696, Inverse Test R2: 0.7914283871650696 
2026-02-26 16:35:28,710 INFO: Epoch 136, Train Loss: 0.3292947366382136, Test Loss: 0.4350413643952572, Inverse Test Loss: 4.01535321004463, Train R2: 0.8856471352504961, Test R2: 0.7919437885284424, Inverse Test R2: 0.7919437885284424 
2026-02-26 16:35:32,792 INFO: Epoch 137, Train Loss: 0.3267793185783155, Test Loss: 0.4341028170152144, Inverse Test Loss: 4.006690632213246, Train R2: 0.8876246958971024, Test R2: 0.7894274592399597, Inverse Test R2: 0.7894274592399597 
2026-02-26 16:35:36,835 INFO: Epoch 138, Train Loss: 0.3287010502183076, Test Loss: 0.4435333979852272, Inverse Test Loss: 4.093733137304133, Train R2: 0.8864358979644198, Test R2: 0.783104419708252, Inverse Test R2: 0.783104419708252 
2026-02-26 16:35:40,879 INFO: Epoch 139, Train Loss: 0.3304236399179155, Test Loss: 0.43549609003645, Inverse Test Loss: 4.0195503162615225, Train R2: 0.8860319830251463, Test R2: 0.7868312001228333, Inverse Test R2: 0.7868311405181885 
2026-02-26 16:35:44,947 INFO: Epoch 140, Train Loss: 0.322101752640623, Test Loss: 0.43097288590489014, Inverse Test Loss: 3.977801872022224, Train R2: 0.8897235352884639, Test R2: 0.7899688482284546, Inverse Test R2: 0.7899688482284546 
2026-02-26 16:35:44,947 INFO: Best Epoch 49, Best Test Loss: 0.39807164217486524, Inv Test Loss: 3.674129327138265, Best Test R2: 0.826980710029602 
2026-02-26 16:35:49,006 INFO: Epoch 141, Train Loss: 0.31855034681432176, Test Loss: 0.42794892553127173, Inverse Test Loss: 3.949891285462813, Train R2: 0.8930315126975378, Test R2: 0.7956671714782715, Inverse Test R2: 0.7956671714782715 
2026-02-26 16:35:53,069 INFO: Epoch 142, Train Loss: 0.3180931300827951, Test Loss: 0.42370641592777136, Inverse Test Loss: 3.910733699798584, Train R2: 0.892843712459911, Test R2: 0.799889087677002, Inverse Test R2: 0.799889087677002 
2026-02-26 16:35:57,137 INFO: Epoch 143, Train Loss: 0.3183164018573183, Test Loss: 0.435991445274064, Inverse Test Loss: 4.024122295957623, Train R2: 0.8922438291889249, Test R2: 0.7858908772468567, Inverse Test R2: 0.7858908772468567 
2026-02-26 16:36:01,202 INFO: Epoch 144, Train Loss: 0.3158214867792346, Test Loss: 0.44275552485928393, Inverse Test Loss: 4.0865535302595655, Train R2: 0.894481699123527, Test R2: 0.7793471217155457, Inverse Test R2: 0.7793470621109009 
2026-02-26 16:36:05,272 INFO: Epoch 145, Train Loss: 0.3190896604774576, Test Loss: 0.44357016321384546, Inverse Test Loss: 4.094072399717389, Train R2: 0.8927119749061989, Test R2: 0.7786823511123657, Inverse Test R2: 0.7786823511123657 
2026-02-26 16:36:09,318 INFO: Epoch 146, Train Loss: 0.31583502008156344, Test Loss: 0.45703809279384033, Inverse Test Loss: 4.218379085714167, Train R2: 0.8943359603484472, Test R2: 0.7648582458496094, Inverse Test R2: 0.7648581862449646 
2026-02-26 16:36:13,376 INFO: Epoch 147, Train Loss: 0.3183019742595427, Test Loss: 0.43306594093640643, Inverse Test Loss: 3.9971204454248603, Train R2: 0.8935671796401342, Test R2: 0.7917258739471436, Inverse Test R2: 0.7917258143424988 
2026-02-26 16:36:17,443 INFO: Epoch 148, Train Loss: 0.32175692667563754, Test Loss: 0.4384250342845917, Inverse Test Loss: 4.046583927038944, Train R2: 0.8911242457953367, Test R2: 0.7805684208869934, Inverse Test R2: 0.7805684208869934 
2026-02-26 16:36:21,486 INFO: Epoch 149, Train Loss: 0.3198353328713865, Test Loss: 0.44097285469373065, Inverse Test Loss: 4.070099780053804, Train R2: 0.8903809158187924, Test R2: 0.7828335762023926, Inverse Test R2: 0.7828335762023926 
2026-02-26 16:36:25,543 INFO: Epoch 150, Train Loss: 0.30948780488335725, Test Loss: 0.43306873603300616, Inverse Test Loss: 3.997146295778679, Train R2: 0.8981481099670584, Test R2: 0.7926614880561829, Inverse Test R2: 0.7926615476608276 
2026-02-26 16:36:25,543 INFO: Best Epoch 49, Best Test Loss: 0.39807164217486524, Inv Test Loss: 3.674129327138265, Best Test R2: 0.826980710029602 
