2026-01-27 15:10:15,983 INFO: log_path:/logs_2026_1_27_HS_RMSE/AMFormer_simple_MLP_dim32_depth2_heads4_dropout0.4_fusion0.45_0.55_lr0.001_3A 
2026-01-27 15:10:15,983 INFO: Model:namespace(attn_dropout=0.4, categories=[], cluster=3, depth=2, dim=32, ff_dropout=0.4, groups=[54, 54, 54], heads=4, name='AMFormer_simple_MLP_dim32_depth2_heads4_dropout0.4_fusion0.45_0.55', num_cate=0, num_cont=20, num_special_tokens=1, out_dim=1, predictor='simple_MLP', prod_num_per_group=[6, 6, 6], qk_relu=False, static_fusion={'kan_weight': 0.45, 'trans_weight': 0.55}, sum_num_per_group=[32, 16, 8], target_mode='regression', token_descent=False, use_cls_token=True, use_prod=True, use_row_col_attention=True, use_sigmoid=True) 
2026-01-27 15:10:15,984 INFO: lr:0.001, loss:RMSE 
2026-01-27 15:10:15,984 INFO: Dataset:HS, Target:['metal3_Area'] 
2026-01-27 15:10:15,984 INFO: ------Begin Training Model------ 
2026-01-27 15:10:40,282 INFO: Epoch 1, Train Loss: 0.7412488765337251, Test Loss: 0.6120320206338709, Inverse Test Loss: 1177.188017874053, Train R2: 0.4305659668012099, Test R2: 0.5726017951965332, Inverse Test R2: 0.5726016759872437 
2026-01-27 15:10:52,426 INFO: Epoch 2, Train Loss: 0.6069492639014216, Test Loss: 0.5213920988819816, Inverse Test Loss: 1002.8503547437264, Train R2: 0.6157859979253827, Test R2: 0.6921385526657104, Inverse Test R2: 0.6921384334564209 
2026-01-27 15:11:04,339 INFO: Epoch 3, Train Loss: 0.5567719360644167, Test Loss: 0.49798896005659393, Inverse Test Loss: 957.8365275065104, Train R2: 0.6731777624650435, Test R2: 0.7221053838729858, Inverse Test R2: 0.7221053838729858 
2026-01-27 15:11:16,360 INFO: Epoch 4, Train Loss: 0.527738407254219, Test Loss: 0.49518204909382446, Inverse Test Loss: 952.437684955019, Train R2: 0.7029739049347964, Test R2: 0.7256292104721069, Inverse Test R2: 0.7256291508674622 
2026-01-27 15:11:28,293 INFO: Epoch 5, Train Loss: 0.5095414209998015, Test Loss: 0.46349639332655707, Inverse Test Loss: 891.4932047526041, Train R2: 0.7240954745899547, Test R2: 0.7589486241340637, Inverse Test R2: 0.7589486241340637 
2026-01-27 15:11:40,216 INFO: Epoch 6, Train Loss: 0.5007343804745963, Test Loss: 0.5335221137061263, Inverse Test Loss: 1026.1813151041667, Train R2: 0.7330822122819496, Test R2: 0.6643576622009277, Inverse Test R2: 0.6643576622009277 
2026-01-27 15:11:52,189 INFO: Epoch 7, Train Loss: 0.49255529339566373, Test Loss: 0.45548523646412475, Inverse Test Loss: 876.08447265625, Train R2: 0.7373298551097061, Test R2: 0.7658932209014893, Inverse Test R2: 0.7658932209014893 
2026-01-27 15:12:04,208 INFO: Epoch 8, Train Loss: 0.48655222514362045, Test Loss: 0.4830886378432765, Inverse Test Loss: 929.177099979285, Train R2: 0.7513280542510928, Test R2: 0.7310855388641357, Inverse Test R2: 0.731085479259491 
2026-01-27 15:12:16,146 INFO: Epoch 9, Train Loss: 0.4814088140247446, Test Loss: 0.4458196343797626, Inverse Test Loss: 857.4935792865175, Train R2: 0.7556025878046498, Test R2: 0.7744956016540527, Inverse Test R2: 0.7744956016540527 
2026-01-27 15:12:28,208 INFO: Epoch 10, Train Loss: 0.4682842730121179, Test Loss: 0.4547613470843344, Inverse Test Loss: 874.692138671875, Train R2: 0.7674149771531423, Test R2: 0.761474072933197, Inverse Test R2: 0.761474072933197 
2026-01-27 15:12:28,208 INFO: Best Epoch 9, Best Test Loss: 0.4458196343797626, Inv Test Loss: 857.4935792865175, Best Test R2: 0.7744956016540527 
2026-01-27 15:12:40,304 INFO: Epoch 11, Train Loss: 0.46864228266658203, Test Loss: 0.4457227506420829, Inverse Test Loss: 857.3072213837595, Train R2: 0.767262032086199, Test R2: 0.7755028009414673, Inverse Test R2: 0.7755028009414673 
2026-01-27 15:12:52,100 INFO: Epoch 12, Train Loss: 0.4680901372974569, Test Loss: 0.4533630997845621, Inverse Test Loss: 872.0027391838305, Train R2: 0.7669857469472018, Test R2: 0.7658487558364868, Inverse Test R2: 0.7658487558364868 
2026-01-27 15:13:03,939 INFO: Epoch 13, Train Loss: 0.4654377220254956, Test Loss: 0.44025884433226153, Inverse Test Loss: 846.7978848544034, Train R2: 0.7699728409449259, Test R2: 0.7810338735580444, Inverse Test R2: 0.7810338735580444 
2026-01-27 15:13:16,064 INFO: Epoch 14, Train Loss: 0.4589154828678478, Test Loss: 0.4422691852757425, Inverse Test Loss: 850.6646210641572, Train R2: 0.7741542860414042, Test R2: 0.7784538865089417, Inverse Test R2: 0.7784538269042969 
2026-01-27 15:13:28,220 INFO: Epoch 15, Train Loss: 0.45736022541920346, Test Loss: 0.44133734341823694, Inverse Test Loss: 848.8722867098721, Train R2: 0.7789267396385019, Test R2: 0.7781404852867126, Inverse Test R2: 0.7781404256820679 
2026-01-27 15:13:40,120 INFO: Epoch 16, Train Loss: 0.4560878721602035, Test Loss: 0.44327470208659314, Inverse Test Loss: 852.5986022949219, Train R2: 0.7802384816335909, Test R2: 0.7778233289718628, Inverse Test R2: 0.7778233289718628 
2026-01-27 15:13:52,036 INFO: Epoch 17, Train Loss: 0.4560790140971993, Test Loss: 0.44369819579702435, Inverse Test Loss: 853.4131710168087, Train R2: 0.7774273297100356, Test R2: 0.7781836986541748, Inverse Test R2: 0.77818363904953 
2026-01-27 15:14:04,127 INFO: Epoch 18, Train Loss: 0.45658455156918726, Test Loss: 0.45380402062878467, Inverse Test Loss: 872.8508051091975, Train R2: 0.7803862158096198, Test R2: 0.7663382291793823, Inverse Test R2: 0.7663382291793823 
2026-01-27 15:14:16,329 INFO: Epoch 19, Train Loss: 0.45038186566847743, Test Loss: 0.4372242300799399, Inverse Test Loss: 840.9610947117661, Train R2: 0.7829038238886631, Test R2: 0.782217800617218, Inverse Test R2: 0.7822177410125732 
2026-01-27 15:14:28,383 INFO: Epoch 20, Train Loss: 0.44993389499458397, Test Loss: 0.43514960462396796, Inverse Test Loss: 836.9707271691525, Train R2: 0.785572522968957, Test R2: 0.7833095788955688, Inverse Test R2: 0.7833095788955688 
2026-01-27 15:14:28,383 INFO: Best Epoch 20, Best Test Loss: 0.43514960462396796, Inv Test Loss: 836.9707271691525, Best Test R2: 0.7833095788955688 
2026-01-27 15:14:40,427 INFO: Epoch 21, Train Loss: 0.4463810588825833, Test Loss: 0.4246018845023531, Inverse Test Loss: 816.6831618800308, Train R2: 0.7895681745175159, Test R2: 0.7960469722747803, Inverse Test R2: 0.7960469722747803 
2026-01-27 15:14:52,397 INFO: Epoch 22, Train Loss: 0.43956094528689527, Test Loss: 0.4356013066840894, Inverse Test Loss: 837.8395579944957, Train R2: 0.7942004637284712, Test R2: 0.7847223281860352, Inverse Test R2: 0.7847223281860352 
2026-01-27 15:15:04,336 INFO: Epoch 23, Train Loss: 0.4458972558830724, Test Loss: 0.43953024076692987, Inverse Test Loss: 845.3965065696023, Train R2: 0.7902379636511658, Test R2: 0.7796490788459778, Inverse Test R2: 0.7796490788459778 
2026-01-27 15:15:16,298 INFO: Epoch 24, Train Loss: 0.44211801649494603, Test Loss: 0.4333846126541947, Inverse Test Loss: 833.5759305087003, Train R2: 0.792428198185834, Test R2: 0.7850086092948914, Inverse Test R2: 0.7850086092948914 
2026-01-27 15:15:28,112 INFO: Epoch 25, Train Loss: 0.44118327794201445, Test Loss: 0.4329299994490363, Inverse Test Loss: 832.7015538071141, Train R2: 0.7920000616348151, Test R2: 0.7856119871139526, Inverse Test R2: 0.7856119871139526 
2026-01-27 15:15:40,019 INFO: Epoch 26, Train Loss: 0.4389103629598112, Test Loss: 0.4334117377346212, Inverse Test Loss: 833.6281090938684, Train R2: 0.7927193528775013, Test R2: 0.786381185054779, Inverse Test R2: 0.786381185054779 
2026-01-27 15:15:51,792 INFO: Epoch 27, Train Loss: 0.44211264936761424, Test Loss: 0.4379600589022492, Inverse Test Loss: 842.3763954856179, Train R2: 0.7909990291703831, Test R2: 0.7812334895133972, Inverse Test R2: 0.7812334895133972 
2026-01-27 15:16:03,681 INFO: Epoch 28, Train Loss: 0.44188610351446905, Test Loss: 0.4182939272035252, Inverse Test Loss: 804.5503789728338, Train R2: 0.7921676130005808, Test R2: 0.8012884259223938, Inverse Test R2: 0.8012884259223938 
2026-01-27 15:16:15,607 INFO: Epoch 29, Train Loss: 0.4354881200600754, Test Loss: 0.4483588762355573, Inverse Test Loss: 862.3775607022372, Train R2: 0.800623770013, Test R2: 0.768500566482544, Inverse Test R2: 0.768500566482544 
2026-01-27 15:16:27,464 INFO: Epoch 30, Train Loss: 0.43760384337017033, Test Loss: 0.4307730369495623, Inverse Test Loss: 828.552812980883, Train R2: 0.7957068198558056, Test R2: 0.7903378009796143, Inverse Test R2: 0.7903378009796143 
2026-01-27 15:16:27,465 INFO: Best Epoch 28, Best Test Loss: 0.4182939272035252, Inv Test Loss: 804.5503789728338, Best Test R2: 0.8012884259223938 
2026-01-27 15:16:39,328 INFO: Epoch 31, Train Loss: 0.433316175797672, Test Loss: 0.4361083308855693, Inverse Test Loss: 838.8147795706084, Train R2: 0.7998272442456448, Test R2: 0.7799171209335327, Inverse Test R2: 0.7799171209335327 
2026-01-27 15:16:51,243 INFO: Epoch 32, Train Loss: 0.4369423899686698, Test Loss: 0.4317438611478517, Inverse Test Loss: 830.4200994318181, Train R2: 0.7962186205567736, Test R2: 0.7874495983123779, Inverse Test R2: 0.7874495387077332 
2026-01-27 15:17:03,220 INFO: Epoch 33, Train Loss: 0.4321429557872541, Test Loss: 0.4246250187808817, Inverse Test Loss: 816.727656508937, Train R2: 0.8020811518936446, Test R2: 0.7948893308639526, Inverse Test R2: 0.7948892712593079 
2026-01-27 15:17:15,200 INFO: Epoch 34, Train Loss: 0.4286640516736291, Test Loss: 0.4197579432617534, Inverse Test Loss: 807.3662682735559, Train R2: 0.8027652222098727, Test R2: 0.7995086908340454, Inverse Test R2: 0.7995086908340454 
2026-01-27 15:17:27,399 INFO: Epoch 35, Train Loss: 0.43160861470934114, Test Loss: 0.4214752582889615, Inverse Test Loss: 810.6693781072444, Train R2: 0.8021896386688406, Test R2: 0.7969456911087036, Inverse Test R2: 0.7969456911087036 
2026-01-27 15:17:39,520 INFO: Epoch 36, Train Loss: 0.43367365555781306, Test Loss: 0.4295959721008937, Inverse Test Loss: 826.2888313062264, Train R2: 0.7994524204369747, Test R2: 0.7881094217300415, Inverse Test R2: 0.7881094217300415 
2026-01-27 15:17:51,474 INFO: Epoch 37, Train Loss: 0.42932908756263327, Test Loss: 0.4335574706395467, Inverse Test Loss: 833.9084259957979, Train R2: 0.8037288974631916, Test R2: 0.7851821780204773, Inverse Test R2: 0.7851821780204773 
2026-01-27 15:18:03,595 INFO: Epoch 38, Train Loss: 0.4315240096413728, Test Loss: 0.42894163863225415, Inverse Test Loss: 825.0302873091264, Train R2: 0.8016233250047221, Test R2: 0.7912418842315674, Inverse Test R2: 0.7912418246269226 
2026-01-27 15:18:15,635 INFO: Epoch 39, Train Loss: 0.4280994813324827, Test Loss: 0.4249607681324988, Inverse Test Loss: 817.3734454530659, Train R2: 0.8046022075595278, Test R2: 0.7940427660942078, Inverse Test R2: 0.7940427660942078 
2026-01-27 15:18:28,089 INFO: Epoch 40, Train Loss: 0.42750966831138637, Test Loss: 0.42074341755924805, Inverse Test Loss: 809.2617455684777, Train R2: 0.8058653365481984, Test R2: 0.7994747757911682, Inverse Test R2: 0.7994747161865234 
2026-01-27 15:18:28,089 INFO: Best Epoch 28, Best Test Loss: 0.4182939272035252, Inv Test Loss: 804.5503789728338, Best Test R2: 0.8012884259223938 
2026-01-27 15:18:40,260 INFO: Epoch 41, Train Loss: 0.4247768707573414, Test Loss: 0.41705435514450073, Inverse Test Loss: 802.1661635890151, Train R2: 0.8064740706573833, Test R2: 0.8033096790313721, Inverse Test R2: 0.8033096194267273 
2026-01-27 15:18:52,340 INFO: Epoch 42, Train Loss: 0.42282398959452455, Test Loss: 0.4245328596144011, Inverse Test Loss: 816.5503882205848, Train R2: 0.8102952101916978, Test R2: 0.7940047383308411, Inverse Test R2: 0.7940047383308411 
2026-01-27 15:19:04,591 INFO: Epoch 43, Train Loss: 0.4266146720584595, Test Loss: 0.42600927659959503, Inverse Test Loss: 819.3901487408262, Train R2: 0.8067795020161252, Test R2: 0.7937221527099609, Inverse Test R2: 0.7937221527099609 
2026-01-27 15:19:16,561 INFO: Epoch 44, Train Loss: 0.4299441432636796, Test Loss: 0.4178381291302768, Inverse Test Loss: 803.6736884839607, Train R2: 0.8014813327428066, Test R2: 0.8012993931770325, Inverse Test R2: 0.8012993931770325 
2026-01-27 15:19:28,482 INFO: Epoch 45, Train Loss: 0.4311427590296124, Test Loss: 0.43539280421806104, Inverse Test Loss: 837.438515403054, Train R2: 0.8053937766588095, Test R2: 0.785199761390686, Inverse Test R2: 0.785199761390686 
2026-01-27 15:19:40,363 INFO: Epoch 46, Train Loss: 0.4249045719025713, Test Loss: 0.42251104658300226, Inverse Test Loss: 812.6616035230232, Train R2: 0.8081572078394167, Test R2: 0.7962452173233032, Inverse Test R2: 0.7962451577186584 
2026-01-27 15:19:52,308 INFO: Epoch 47, Train Loss: 0.42195549268614163, Test Loss: 0.4177494708335761, Inverse Test Loss: 803.503154407848, Train R2: 0.8112781621289976, Test R2: 0.801344633102417, Inverse Test R2: 0.801344633102417 
2026-01-27 15:20:04,193 INFO: Epoch 48, Train Loss: 0.41761232449701335, Test Loss: 0.42039335496497876, Inverse Test Loss: 808.588438091856, Train R2: 0.8143094222653996, Test R2: 0.79807049036026, Inverse Test R2: 0.7980704307556152 
2026-01-27 15:20:16,088 INFO: Epoch 49, Train Loss: 0.41922337527979503, Test Loss: 0.41668203608556226, Inverse Test Loss: 801.4500593705611, Train R2: 0.8128846490925009, Test R2: 0.8011132478713989, Inverse Test R2: 0.8011132478713989 
2026-01-27 15:20:28,213 INFO: Epoch 50, Train Loss: 0.42289495400407096, Test Loss: 0.4254143680586959, Inverse Test Loss: 818.2459050958806, Train R2: 0.8090742149136283, Test R2: 0.7954477071762085, Inverse Test R2: 0.7954476475715637 
2026-01-27 15:20:28,214 INFO: Best Epoch 49, Best Test Loss: 0.41668203608556226, Inv Test Loss: 801.4500593705611, Best Test R2: 0.8011132478713989 
2026-01-27 15:20:40,090 INFO: Epoch 51, Train Loss: 0.4186294860008991, Test Loss: 0.43160828857710865, Inverse Test Loss: 830.1593424479166, Train R2: 0.8130942619208134, Test R2: 0.7886129021644592, Inverse Test R2: 0.7886129021644592 
2026-01-27 15:20:52,241 INFO: Epoch 52, Train Loss: 0.4189136093764594, Test Loss: 0.4226223153598381, Inverse Test Loss: 812.8756436434659, Train R2: 0.8138504601789244, Test R2: 0.7952677607536316, Inverse Test R2: 0.7952677607536316 
2026-01-27 15:21:04,001 INFO: Epoch 53, Train Loss: 0.41983299465342, Test Loss: 0.416048804918925, Inverse Test Loss: 800.2320935798414, Train R2: 0.8108006679650509, Test R2: 0.8029710650444031, Inverse Test R2: 0.8029710650444031 
2026-01-27 15:21:16,067 INFO: Epoch 54, Train Loss: 0.4166212770523447, Test Loss: 0.4189253675215172, Inverse Test Loss: 805.7648990515506, Train R2: 0.8168737414208326, Test R2: 0.7996838688850403, Inverse Test R2: 0.7996838688850403 
2026-01-27 15:21:28,145 INFO: Epoch 55, Train Loss: 0.4189627802733219, Test Loss: 0.42363417193745123, Inverse Test Loss: 814.8218642726089, Train R2: 0.8113399671785759, Test R2: 0.7961872220039368, Inverse Test R2: 0.7961872220039368 
2026-01-27 15:21:40,189 INFO: Epoch 56, Train Loss: 0.4160518899108424, Test Loss: 0.41886518940781103, Inverse Test Loss: 805.649150501598, Train R2: 0.8147736512350313, Test R2: 0.8006176948547363, Inverse Test R2: 0.8006176948547363 
2026-01-27 15:21:52,136 INFO: Epoch 57, Train Loss: 0.4186542415709207, Test Loss: 0.4265141694834738, Inverse Test Loss: 820.3612633907434, Train R2: 0.8119851039214567, Test R2: 0.7927675247192383, Inverse Test R2: 0.7927675247192383 
2026-01-27 15:22:04,148 INFO: Epoch 58, Train Loss: 0.4201796142892404, Test Loss: 0.4283185032281009, Inverse Test Loss: 823.831728848544, Train R2: 0.8111733369755022, Test R2: 0.7927550077438354, Inverse Test R2: 0.7927550077438354 
2026-01-27 15:22:16,138 INFO: Epoch 59, Train Loss: 0.4117838972897241, Test Loss: 0.4182427164280053, Inverse Test Loss: 804.4518821022727, Train R2: 0.8203975210587183, Test R2: 0.8023545742034912, Inverse Test R2: 0.8023545742034912 
2026-01-27 15:22:28,153 INFO: Epoch 60, Train Loss: 0.41613387090690207, Test Loss: 0.4243917709047144, Inverse Test Loss: 816.2790305397727, Train R2: 0.8160356811501763, Test R2: 0.7971257567405701, Inverse Test R2: 0.7971257567405701 
2026-01-27 15:22:28,153 INFO: Best Epoch 53, Best Test Loss: 0.416048804918925, Inv Test Loss: 800.2320935798414, Best Test R2: 0.8029710650444031 
2026-01-27 15:22:40,261 INFO: Epoch 61, Train Loss: 0.41460922292687674, Test Loss: 0.4240846372011936, Inverse Test Loss: 815.6882897579309, Train R2: 0.8151410908410044, Test R2: 0.7943658828735352, Inverse Test R2: 0.7943658828735352 
2026-01-27 15:22:52,321 INFO: Epoch 62, Train Loss: 0.4129869126234994, Test Loss: 0.423927852601716, Inverse Test Loss: 815.3867298473011, Train R2: 0.8190128460074916, Test R2: 0.7965824007987976, Inverse Test R2: 0.7965823411941528 
2026-01-27 15:23:04,314 INFO: Epoch 63, Train Loss: 0.4126147211275317, Test Loss: 0.43211812774340314, Inverse Test Loss: 831.1399619362571, Train R2: 0.8164873484409216, Test R2: 0.7861735820770264, Inverse Test R2: 0.7861735820770264 
2026-01-27 15:23:16,303 INFO: Epoch 64, Train Loss: 0.40976859640442964, Test Loss: 0.42563083361495624, Inverse Test Loss: 818.6622406930635, Train R2: 0.8213870362801985, Test R2: 0.7946001291275024, Inverse Test R2: 0.7946000695228577 
2026-01-27 15:23:28,247 INFO: Epoch 65, Train Loss: 0.4119297483879508, Test Loss: 0.42969087488723523, Inverse Test Loss: 826.4713745117188, Train R2: 0.819616333101735, Test R2: 0.788453221321106, Inverse Test R2: 0.788453221321106 
2026-01-27 15:23:40,328 INFO: Epoch 66, Train Loss: 0.4188781925900416, Test Loss: 0.41882546878222265, Inverse Test Loss: 805.5727492823745, Train R2: 0.8129882099050464, Test R2: 0.8002302646636963, Inverse Test R2: 0.8002302646636963 
2026-01-27 15:23:52,522 INFO: Epoch 67, Train Loss: 0.4084374944143223, Test Loss: 0.4216642063675505, Inverse Test Loss: 811.0327999230587, Train R2: 0.8224783517194517, Test R2: 0.7981718182563782, Inverse Test R2: 0.7981717586517334 
2026-01-27 15:24:04,617 INFO: Epoch 68, Train Loss: 0.40893829501036444, Test Loss: 0.41878227212212304, Inverse Test Loss: 805.4896573153409, Train R2: 0.8207566218845772, Test R2: 0.8007422685623169, Inverse Test R2: 0.8007422685623169 
2026-01-27 15:24:16,783 INFO: Epoch 69, Train Loss: 0.40621984456524707, Test Loss: 0.42567548065474536, Inverse Test Loss: 818.7481301047585, Train R2: 0.8246058613965006, Test R2: 0.7938469648361206, Inverse Test R2: 0.7938469648361206 
2026-01-27 15:24:28,793 INFO: Epoch 70, Train Loss: 0.40586012545408623, Test Loss: 0.4200712063095786, Inverse Test Loss: 807.9688110351562, Train R2: 0.8243200553186012, Test R2: 0.7994520664215088, Inverse Test R2: 0.7994520664215088 
2026-01-27 15:24:28,793 INFO: Best Epoch 53, Best Test Loss: 0.416048804918925, Inv Test Loss: 800.2320935798414, Best Test R2: 0.8029710650444031 
2026-01-27 15:24:40,706 INFO: Epoch 71, Train Loss: 0.40741447110970813, Test Loss: 0.4189188606811292, Inverse Test Loss: 805.7523785215435, Train R2: 0.8206838224873398, Test R2: 0.8013107180595398, Inverse Test R2: 0.801310658454895 
2026-01-27 15:24:52,702 INFO: Epoch 72, Train Loss: 0.4081501964141022, Test Loss: 0.42145498909733514, Inverse Test Loss: 810.6303858901515, Train R2: 0.821435295271151, Test R2: 0.7975335717201233, Inverse Test R2: 0.7975336313247681 
2026-01-27 15:25:04,638 INFO: Epoch 73, Train Loss: 0.4086821748677528, Test Loss: 0.4250300797549161, Inverse Test Loss: 817.5067406856652, Train R2: 0.8222041649348808, Test R2: 0.7945778369903564, Inverse Test R2: 0.7945778369903564 
2026-01-27 15:25:16,730 INFO: Epoch 74, Train Loss: 0.4039943910232096, Test Loss: 0.42990164865146985, Inverse Test Loss: 826.8767626213305, Train R2: 0.8227220118948908, Test R2: 0.790787398815155, Inverse Test R2: 0.790787398815155 
2026-01-27 15:25:28,847 INFO: Epoch 75, Train Loss: 0.40254583096865454, Test Loss: 0.4237520450895483, Inverse Test Loss: 815.0485728870739, Train R2: 0.8258110149340196, Test R2: 0.796024739742279, Inverse Test R2: 0.7960246801376343 
2026-01-27 15:25:40,873 INFO: Epoch 76, Train Loss: 0.4023007561988903, Test Loss: 0.4296229734565272, Inverse Test Loss: 826.3407759232955, Train R2: 0.8269229991869493, Test R2: 0.7907388210296631, Inverse Test R2: 0.7907387614250183 
2026-01-27 15:25:52,892 INFO: Epoch 77, Train Loss: 0.4002915419863932, Test Loss: 0.432305426308603, Inverse Test Loss: 831.5002274946733, Train R2: 0.8278184320890543, Test R2: 0.7886055111885071, Inverse Test R2: 0.7886055111885071 
2026-01-27 15:26:04,924 INFO: Epoch 78, Train Loss: 0.4075108892989881, Test Loss: 0.45842565641258703, Inverse Test Loss: 881.7401049064867, Train R2: 0.823416732025869, Test R2: 0.7530915141105652, Inverse Test R2: 0.7530915141105652 
2026-01-27 15:26:16,810 INFO: Epoch 79, Train Loss: 0.3969006519200224, Test Loss: 0.4268694953484969, Inverse Test Loss: 821.0447156501539, Train R2: 0.8335008986971595, Test R2: 0.7935521006584167, Inverse Test R2: 0.793552041053772 
2026-01-27 15:26:29,002 INFO: Epoch 80, Train Loss: 0.40107231587171555, Test Loss: 0.42727705294435675, Inverse Test Loss: 821.828604033499, Train R2: 0.8285779365987489, Test R2: 0.7934852242469788, Inverse Test R2: 0.7934852242469788 
2026-01-27 15:26:29,003 INFO: Best Epoch 53, Best Test Loss: 0.416048804918925, Inv Test Loss: 800.2320935798414, Best Test R2: 0.8029710650444031 
2026-01-27 15:26:41,013 INFO: Epoch 81, Train Loss: 0.3970597166229378, Test Loss: 0.4256892448121851, Inverse Test Loss: 818.7746017918442, Train R2: 0.8297285862041243, Test R2: 0.794739305973053, Inverse Test R2: 0.794739305973053 
2026-01-27 15:26:52,993 INFO: Epoch 82, Train Loss: 0.40352312622196745, Test Loss: 0.4378185543147, Inverse Test Loss: 842.1042147549716, Train R2: 0.8261447178594994, Test R2: 0.7823124527931213, Inverse Test R2: 0.7823124527931213 
2026-01-27 15:27:05,020 INFO: Epoch 83, Train Loss: 0.3970058671001232, Test Loss: 0.4274188280105591, Inverse Test Loss: 822.1012961647727, Train R2: 0.8333748326157079, Test R2: 0.793860912322998, Inverse Test R2: 0.7938608527183533 
2026-01-27 15:27:17,098 INFO: Epoch 84, Train Loss: 0.3967691540266528, Test Loss: 0.42054991017688403, Inverse Test Loss: 808.8895679820668, Train R2: 0.8313067866997286, Test R2: 0.8004969358444214, Inverse Test R2: 0.8004969358444214 
2026-01-27 15:27:29,109 INFO: Epoch 85, Train Loss: 0.401686913926493, Test Loss: 0.4261099063988888, Inverse Test Loss: 819.5836976947206, Train R2: 0.8261566419493068, Test R2: 0.7945210337638855, Inverse Test R2: 0.7945209741592407 
2026-01-27 15:27:41,248 INFO: Epoch 86, Train Loss: 0.39639285850253975, Test Loss: 0.4277784652782209, Inverse Test Loss: 822.7930223869555, Train R2: 0.8341947107604055, Test R2: 0.7941861748695374, Inverse Test R2: 0.7941861748695374 
2026-01-27 15:27:53,278 INFO: Epoch 87, Train Loss: 0.3900525836330472, Test Loss: 0.43021215814532654, Inverse Test Loss: 827.4740193684896, Train R2: 0.8386404392394152, Test R2: 0.790877103805542, Inverse Test R2: 0.790877103805542 
2026-01-27 15:28:05,230 INFO: Epoch 88, Train Loss: 0.39537779128912726, Test Loss: 0.4321800443259152, Inverse Test Loss: 831.2590674198035, Train R2: 0.832683423703367, Test R2: 0.7897182703018188, Inverse Test R2: 0.7897182703018188 
2026-01-27 15:28:17,347 INFO: Epoch 89, Train Loss: 0.3918848429439646, Test Loss: 0.42603951241030835, Inverse Test Loss: 819.4482939749053, Train R2: 0.8382329281532404, Test R2: 0.7956792116165161, Inverse Test R2: 0.7956791520118713 
2026-01-27 15:28:29,481 INFO: Epoch 90, Train Loss: 0.3991954836881522, Test Loss: 0.4267145575899066, Inverse Test Loss: 820.746689305161, Train R2: 0.8297154375097968, Test R2: 0.7938003540039062, Inverse Test R2: 0.7938002943992615 
2026-01-27 15:28:29,481 INFO: Best Epoch 53, Best Test Loss: 0.416048804918925, Inv Test Loss: 800.2320935798414, Best Test R2: 0.8029710650444031 
2026-01-27 15:28:41,498 INFO: Epoch 91, Train Loss: 0.3877600478855046, Test Loss: 0.4337199023275664, Inverse Test Loss: 834.2208409164891, Train R2: 0.8404080185926321, Test R2: 0.7873517274856567, Inverse Test R2: 0.7873517274856567 
2026-01-27 15:28:53,427 INFO: Epoch 92, Train Loss: 0.39136484615278966, Test Loss: 0.4261670537067182, Inverse Test Loss: 819.6936183120265, Train R2: 0.83746279324546, Test R2: 0.7941462993621826, Inverse Test R2: 0.7941462993621826 
2026-01-27 15:29:05,413 INFO: Epoch 93, Train Loss: 0.3897449401291934, Test Loss: 0.42732824791561475, Inverse Test Loss: 821.9270814837831, Train R2: 0.839255232702602, Test R2: 0.7931354641914368, Inverse Test R2: 0.7931354641914368 
2026-01-27 15:29:17,604 INFO: Epoch 94, Train Loss: 0.3940098432428909, Test Loss: 0.42662278720826813, Inverse Test Loss: 820.5701830314867, Train R2: 0.8313794980446497, Test R2: 0.7946752309799194, Inverse Test R2: 0.7946752309799194 
2026-01-27 15:29:29,561 INFO: Epoch 95, Train Loss: 0.387994433329864, Test Loss: 0.44092449816790497, Inverse Test Loss: 848.0782294995857, Train R2: 0.8377530227104822, Test R2: 0.7772472500801086, Inverse Test R2: 0.7772471904754639 
2026-01-27 15:29:41,458 INFO: Epoch 96, Train Loss: 0.3886125838440476, Test Loss: 0.43336754224517127, Inverse Test Loss: 833.5430972937381, Train R2: 0.839991322069457, Test R2: 0.7874663472175598, Inverse Test R2: 0.787466287612915 
2026-01-27 15:29:53,366 INFO: Epoch 97, Train Loss: 0.38641981475732545, Test Loss: 0.4306899571057522, Inverse Test Loss: 828.3930035215435, Train R2: 0.841277844526551, Test R2: 0.7911252379417419, Inverse Test R2: 0.7911251783370972 
2026-01-27 15:30:05,436 INFO: Epoch 98, Train Loss: 0.38907242284128163, Test Loss: 0.44263507922490436, Inverse Test Loss: 851.3683804598721, Train R2: 0.839113793589852, Test R2: 0.7816454768180847, Inverse Test R2: 0.7816454172134399 
2026-01-27 15:30:17,334 INFO: Epoch 99, Train Loss: 0.3826070234856822, Test Loss: 0.4446531561287967, Inverse Test Loss: 855.2499500621449, Train R2: 0.8432261790290023, Test R2: 0.7726039290428162, Inverse Test R2: 0.7726039290428162 
2026-01-27 15:30:29,352 INFO: Epoch 100, Train Loss: 0.38602521033449605, Test Loss: 0.42846060702295014, Inverse Test Loss: 824.1050757205848, Train R2: 0.8414917046373541, Test R2: 0.7920458316802979, Inverse Test R2: 0.7920458316802979 
2026-01-27 15:30:29,352 INFO: Best Epoch 53, Best Test Loss: 0.416048804918925, Inv Test Loss: 800.2320935798414, Best Test R2: 0.8029710650444031 
2026-01-27 15:30:41,337 INFO: Epoch 101, Train Loss: 0.38656288972406677, Test Loss: 0.4345955794507807, Inverse Test Loss: 835.9051245487098, Train R2: 0.8384633836421099, Test R2: 0.7867910265922546, Inverse Test R2: 0.7867910265922546 
2026-01-27 15:30:53,444 INFO: Epoch 102, Train Loss: 0.3819141342784419, Test Loss: 0.43747839692867163, Inverse Test Loss: 841.4499585700758, Train R2: 0.8449971255930987, Test R2: 0.7822684049606323, Inverse Test R2: 0.7822684049606323 
2026-01-27 15:31:05,374 INFO: Epoch 103, Train Loss: 0.38500251067858754, Test Loss: 0.43259550134340924, Inverse Test Loss: 832.0581526322799, Train R2: 0.8424225634697712, Test R2: 0.7890484929084778, Inverse Test R2: 0.789048433303833 
2026-01-27 15:31:17,333 INFO: Epoch 104, Train Loss: 0.38337535749782214, Test Loss: 0.43486904646411084, Inverse Test Loss: 836.4311079545455, Train R2: 0.8433364972923741, Test R2: 0.7865143418312073, Inverse Test R2: 0.7865143418312073 
2026-01-27 15:31:29,246 INFO: Epoch 105, Train Loss: 0.3802560011320042, Test Loss: 0.42891592780749005, Inverse Test Loss: 824.9808423591383, Train R2: 0.8478148132562637, Test R2: 0.7916026711463928, Inverse Test R2: 0.791602611541748 
2026-01-27 15:31:41,156 INFO: Epoch 106, Train Loss: 0.3811855098289071, Test Loss: 0.4365350613088319, Inverse Test Loss: 839.6355424360795, Train R2: 0.8454402856754534, Test R2: 0.7851392030715942, Inverse Test R2: 0.7851392030715942 
2026-01-27 15:31:53,026 INFO: Epoch 107, Train Loss: 0.3807611215972539, Test Loss: 0.44930412101023126, Inverse Test Loss: 864.1956805604877, Train R2: 0.8425127380725109, Test R2: 0.7731245756149292, Inverse Test R2: 0.7731245756149292 
2026-01-27 15:32:05,008 INFO: Epoch 108, Train Loss: 0.3777098650056304, Test Loss: 0.4442779683705532, Inverse Test Loss: 854.5283129142992, Train R2: 0.8479360179467634, Test R2: 0.7751526832580566, Inverse Test R2: 0.7751526236534119 
2026-01-27 15:32:16,991 INFO: Epoch 109, Train Loss: 0.3758193471214988, Test Loss: 0.43463772625634167, Inverse Test Loss: 835.9861857096354, Train R2: 0.8473545123230327, Test R2: 0.7882235646247864, Inverse Test R2: 0.7882235646247864 
2026-01-27 15:32:29,017 INFO: Epoch 110, Train Loss: 0.3824708474179109, Test Loss: 0.4357152816021081, Inverse Test Loss: 838.0587805545691, Train R2: 0.8415173405047619, Test R2: 0.7859168648719788, Inverse Test R2: 0.7859168648719788 
2026-01-27 15:32:29,018 INFO: Best Epoch 53, Best Test Loss: 0.416048804918925, Inv Test Loss: 800.2320935798414, Best Test R2: 0.8029710650444031 
2026-01-27 15:32:40,830 INFO: Epoch 111, Train Loss: 0.38495647060600197, Test Loss: 0.44340070991805103, Inverse Test Loss: 852.8409978693181, Train R2: 0.8401943797414954, Test R2: 0.7743637561798096, Inverse Test R2: 0.7743637561798096 
2026-01-27 15:32:52,706 INFO: Epoch 112, Train Loss: 0.37575859734506317, Test Loss: 0.4303052949182915, Inverse Test Loss: 827.6531483043324, Train R2: 0.8512378064068881, Test R2: 0.791106104850769, Inverse Test R2: 0.7911060452461243 
2026-01-27 15:33:04,679 INFO: Epoch 113, Train Loss: 0.3760661708586144, Test Loss: 0.4317828832250653, Inverse Test Loss: 830.4951523289536, Train R2: 0.8503107889132067, Test R2: 0.7895089387893677, Inverse Test R2: 0.7895089387893677 
2026-01-27 15:33:16,671 INFO: Epoch 114, Train Loss: 0.3762420415878296, Test Loss: 0.44032451329809247, Inverse Test Loss: 846.9242165305398, Train R2: 0.8499565119996215, Test R2: 0.7804626226425171, Inverse Test R2: 0.7804626226425171 
2026-01-27 15:33:28,553 INFO: Epoch 115, Train Loss: 0.3766464022072879, Test Loss: 0.4344340680223523, Inverse Test Loss: 835.5944676254735, Train R2: 0.8485748031825731, Test R2: 0.7841517329216003, Inverse Test R2: 0.7841517329216003 
2026-01-27 15:33:40,409 INFO: Epoch 116, Train Loss: 0.3787791476105199, Test Loss: 0.44118253435149335, Inverse Test Loss: 848.574521151456, Train R2: 0.848585401972135, Test R2: 0.7782631516456604, Inverse Test R2: 0.7782631516456604 
2026-01-27 15:33:52,229 INFO: Epoch 117, Train Loss: 0.37847091336593486, Test Loss: 0.43486974320628424, Inverse Test Loss: 836.4324581261837, Train R2: 0.8475579456849531, Test R2: 0.7857627272605896, Inverse Test R2: 0.7857627272605896 
2026-01-27 15:34:04,011 INFO: Epoch 118, Train Loss: 0.37648871529734496, Test Loss: 0.43482340917442786, Inverse Test Loss: 836.3433292273319, Train R2: 0.8477952322273543, Test R2: 0.7841620445251465, Inverse Test R2: 0.7841620445251465 
2026-01-27 15:34:16,055 INFO: Epoch 119, Train Loss: 0.37313954238638736, Test Loss: 0.4390653877547293, Inverse Test Loss: 844.5023840701941, Train R2: 0.8544690189036456, Test R2: 0.7817820906639099, Inverse Test R2: 0.7817820310592651 
2026-01-27 15:34:28,053 INFO: Epoch 120, Train Loss: 0.3675726549417684, Test Loss: 0.4347114021127874, Inverse Test Loss: 836.1278982451468, Train R2: 0.8572681293343053, Test R2: 0.7864471673965454, Inverse Test R2: 0.7864471673965454 
2026-01-27 15:34:28,054 INFO: Best Epoch 53, Best Test Loss: 0.416048804918925, Inv Test Loss: 800.2320935798414, Best Test R2: 0.8029710650444031 
2026-01-27 15:34:39,945 INFO: Epoch 121, Train Loss: 0.3688704239373857, Test Loss: 0.4454331054831996, Inverse Test Loss: 856.7501276189631, Train R2: 0.8529888883684621, Test R2: 0.7764394283294678, Inverse Test R2: 0.7764394283294678 
2026-01-27 15:34:51,867 INFO: Epoch 122, Train Loss: 0.36855890409964503, Test Loss: 0.434529162717588, Inverse Test Loss: 835.7773640950521, Train R2: 0.8538769208120577, Test R2: 0.7840864062309265, Inverse Test R2: 0.7840864658355713 
2026-01-27 15:35:03,753 INFO: Epoch 123, Train Loss: 0.3681106779611472, Test Loss: 0.4575500244444067, Inverse Test Loss: 880.0559285481771, Train R2: 0.8564120996179003, Test R2: 0.7567285895347595, Inverse Test R2: 0.7567285895347595 
2026-01-27 15:35:15,778 INFO: Epoch 124, Train Loss: 0.37018615097710583, Test Loss: 0.43440937905600574, Inverse Test Loss: 835.5469878225615, Train R2: 0.8513650979959604, Test R2: 0.7863936424255371, Inverse Test R2: 0.7863936424255371 
2026-01-27 15:35:27,919 INFO: Epoch 125, Train Loss: 0.3698896026295243, Test Loss: 0.42721196738156403, Inverse Test Loss: 821.7034163041549, Train R2: 0.8539975452603716, Test R2: 0.7921663522720337, Inverse Test R2: 0.7921663522720337 
2026-01-27 15:35:39,659 INFO: Epoch 126, Train Loss: 0.36289430567712494, Test Loss: 0.4347816958571925, Inverse Test Loss: 836.2630966648911, Train R2: 0.857785038875811, Test R2: 0.786780834197998, Inverse Test R2: 0.786780834197998 
2026-01-27 15:35:51,628 INFO: Epoch 127, Train Loss: 0.3657419498671185, Test Loss: 0.43225033716721967, Inverse Test Loss: 831.3942538174716, Train R2: 0.8564825807556962, Test R2: 0.7890342473983765, Inverse Test R2: 0.7890342473983765 
2026-01-27 15:36:03,696 INFO: Epoch 128, Train Loss: 0.37132753680149716, Test Loss: 0.4327836036682129, Inverse Test Loss: 832.4199477687026, Train R2: 0.8527904428315886, Test R2: 0.7897928357124329, Inverse Test R2: 0.7897928357124329 
2026-01-27 15:36:15,716 INFO: Epoch 129, Train Loss: 0.36616222741025867, Test Loss: 0.4387447472774621, Inverse Test Loss: 843.8856867009944, Train R2: 0.8565112221421618, Test R2: 0.7801953554153442, Inverse Test R2: 0.7801953554153442 
2026-01-27 15:36:27,635 INFO: Epoch 130, Train Loss: 0.36454082144932315, Test Loss: 0.42408646417386603, Inverse Test Loss: 815.6917900316643, Train R2: 0.8578701592756041, Test R2: 0.7963007688522339, Inverse Test R2: 0.7963007688522339 
2026-01-27 15:36:27,636 INFO: Best Epoch 53, Best Test Loss: 0.416048804918925, Inv Test Loss: 800.2320935798414, Best Test R2: 0.8029710650444031 
2026-01-27 15:36:39,674 INFO: Epoch 131, Train Loss: 0.3639325946569443, Test Loss: 0.4260778445186037, Inverse Test Loss: 819.5220262932055, Train R2: 0.8561197880542639, Test R2: 0.7957501411437988, Inverse Test R2: 0.7957501411437988 
2026-01-27 15:36:51,653 INFO: Epoch 132, Train Loss: 0.3645047168388511, Test Loss: 0.44122108365550183, Inverse Test Loss: 848.648681640625, Train R2: 0.8581840856508776, Test R2: 0.7781152725219727, Inverse Test R2: 0.7781152725219727 
2026-01-27 15:37:03,496 INFO: Epoch 133, Train Loss: 0.36303858052600513, Test Loss: 0.43698248673569073, Inverse Test Loss: 840.496132590554, Train R2: 0.8597482442855835, Test R2: 0.7819422483444214, Inverse Test R2: 0.7819422483444214 
2026-01-27 15:37:15,588 INFO: Epoch 134, Train Loss: 0.3621363145383922, Test Loss: 0.43067451950275537, Inverse Test Loss: 828.3633367365056, Train R2: 0.8608679938496966, Test R2: 0.7924763560295105, Inverse Test R2: 0.7924763560295105 
2026-01-27 15:37:24,566 INFO: Epoch 135, Train Loss: 0.3709586275120576, Test Loss: 0.42812371344277356, Inverse Test Loss: 823.4570756392045, Train R2: 0.8516301548842228, Test R2: 0.7927085757255554, Inverse Test R2: 0.7927085757255554 
2026-01-27 15:37:32,520 INFO: Epoch 136, Train Loss: 0.3807153461331671, Test Loss: 0.4342141259800304, Inverse Test Loss: 835.1714403557055, Train R2: 0.8422196832570162, Test R2: 0.7866123914718628, Inverse Test R2: 0.7866123914718628 
2026-01-27 15:37:40,442 INFO: Epoch 137, Train Loss: 0.36554677615111525, Test Loss: 0.43551937739054364, Inverse Test Loss: 837.6819716944839, Train R2: 0.856207887783195, Test R2: 0.786714494228363, Inverse Test R2: 0.786714494228363 
2026-01-27 15:37:48,378 INFO: Epoch 138, Train Loss: 0.3627329169575012, Test Loss: 0.43089001738663874, Inverse Test Loss: 828.7778052127723, Train R2: 0.8605851702617876, Test R2: 0.7907225489616394, Inverse Test R2: 0.7907224893569946 
2026-01-27 15:37:56,251 INFO: Epoch 139, Train Loss: 0.3572741383404443, Test Loss: 0.4359168383208188, Inverse Test Loss: 838.4464481238163, Train R2: 0.8653582971204411, Test R2: 0.7864099740982056, Inverse Test R2: 0.7864099740982056 
2026-01-27 15:38:02,053 INFO: Epoch 140, Train Loss: 0.3675659380175851, Test Loss: 0.425069277936762, Inverse Test Loss: 817.5821459221117, Train R2: 0.8545663858001883, Test R2: 0.7955735921859741, Inverse Test R2: 0.7955735921859741 
2026-01-27 15:38:02,054 INFO: Best Epoch 53, Best Test Loss: 0.416048804918925, Inv Test Loss: 800.2320935798414, Best Test R2: 0.8029710650444031 
2026-01-27 15:38:06,233 INFO: Epoch 141, Train Loss: 0.35991934178905055, Test Loss: 0.4322376206065669, Inverse Test Loss: 831.369795365767, Train R2: 0.8612199281201218, Test R2: 0.7885929942131042, Inverse Test R2: 0.7885929942131042 
2026-01-27 15:38:10,483 INFO: Epoch 142, Train Loss: 0.35555747038487234, Test Loss: 0.43433041644818854, Inverse Test Loss: 835.3951397520123, Train R2: 0.865100973483288, Test R2: 0.7862076163291931, Inverse Test R2: 0.7862075567245483 
2026-01-27 15:38:14,874 INFO: Epoch 143, Train Loss: 0.35784389078617096, Test Loss: 0.44798059580904065, Inverse Test Loss: 861.6499735514323, Train R2: 0.8645044971596111, Test R2: 0.7699378728866577, Inverse Test R2: 0.7699378728866577 
2026-01-27 15:38:19,111 INFO: Epoch 144, Train Loss: 0.3642578159995151, Test Loss: 0.4327979169108651, Inverse Test Loss: 832.447470925071, Train R2: 0.8572624790849108, Test R2: 0.7895229458808899, Inverse Test R2: 0.7895229458808899 
2026-01-27 15:38:23,304 INFO: Epoch 145, Train Loss: 0.3569580518612356, Test Loss: 0.4308253328005473, Inverse Test Loss: 828.6534035422585, Train R2: 0.8635549969745405, Test R2: 0.7913029789924622, Inverse Test R2: 0.7913029789924622 
2026-01-27 15:38:27,592 INFO: Epoch 146, Train Loss: 0.3528121232309125, Test Loss: 0.4409698148568471, Inverse Test Loss: 848.165390477036, Train R2: 0.8662088251475132, Test R2: 0.7824065685272217, Inverse Test R2: 0.7824065685272217 
2026-01-27 15:38:31,837 INFO: Epoch 147, Train Loss: 0.35660963155555003, Test Loss: 0.4295672593694745, Inverse Test Loss: 826.233612985322, Train R2: 0.8635137889421347, Test R2: 0.791760265827179, Inverse Test R2: 0.7917602062225342 
2026-01-27 15:38:35,993 INFO: Epoch 148, Train Loss: 0.35045685844891, Test Loss: 0.4467818718968016, Inverse Test Loss: 859.3443585020123, Train R2: 0.8673048669641669, Test R2: 0.7733491063117981, Inverse Test R2: 0.7733491063117981 
2026-01-27 15:38:40,244 INFO: Epoch 149, Train Loss: 0.3533933320731828, Test Loss: 0.4277929356603911, Inverse Test Loss: 822.8208562677556, Train R2: 0.866921067237854, Test R2: 0.7930822372436523, Inverse Test R2: 0.7930821776390076 
2026-01-27 15:38:44,591 INFO: Epoch 150, Train Loss: 0.3519909224952712, Test Loss: 0.4436308028119983, Inverse Test Loss: 853.2835526899858, Train R2: 0.8667827262119814, Test R2: 0.7778295278549194, Inverse Test R2: 0.7778295278549194 
2026-01-27 15:38:44,591 INFO: Best Epoch 53, Best Test Loss: 0.416048804918925, Inv Test Loss: 800.2320935798414, Best Test R2: 0.8029710650444031 
