2026-02-26 14:06:21,805 INFO: log_path:logs_2026_2_26_HS_RMSE/AMFormer_simple_MLP_dim32_depth2_heads4_dropout0.4_fusion0.45_0.55_lr0.001_6P_noRC_noKAN 
2026-02-26 14:06:21,805 INFO: Model:namespace(attn_dropout=0.4, categories=[], cluster=3, depth=2, dim=32, ff_dropout=0.4, groups=[54, 54, 54], heads=4, name='AMFormer_simple_MLP_dim32_depth2_heads4_dropout0.4_fusion0.45_0.55', num_cate=0, num_cont=20, num_special_tokens=1, out_dim=1, predictor='simple_MLP', prod_num_per_group=[6, 6, 6], qk_relu=False, static_fusion={'kan_weight': 0.45, 'trans_weight': 0.55}, sum_num_per_group=[32, 16, 8], target_mode='regression', token_descent=False, use_KAN_path=False, use_cls_token=True, use_prod=True, use_row_col_attention=False, use_sigmoid=True) 
2026-02-26 14:06:21,805 INFO: lr:0.001, loss:RMSE 
2026-02-26 14:06:21,805 INFO: Dataset:HS, Target:['metal6_Peak'] 
2026-02-26 14:06:21,805 INFO: ------Begin Training Model------ 
2026-02-26 14:06:41,095 INFO: Epoch 1, Train Loss: 0.8293579058213667, Test Loss: 0.7221577619061326, Inverse Test Loss: 6.66538566531557, Train R2: 0.28813492303544824, Test R2: 0.4436933994293213, Inverse Test R2: 0.4436933398246765 
2026-02-26 14:06:41,109 INFO: ---> Saved new best model weights to log/txt_log\logs_2026_2_26_HS_RMSE/AMFormer_simple_MLP_dim32_depth2_heads4_dropout0.4_fusion0.45_0.55_lr0.001_6P_noRC_noKAN\best_AMFormer_HS_weights.pth 
2026-02-26 14:06:43,230 INFO: Epoch 2, Train Loss: 0.7108934580376653, Test Loss: 0.6498233152158333, Inverse Test Loss: 5.997751828395959, Train R2: 0.48304330173766974, Test R2: 0.5465264916419983, Inverse Test R2: 0.5465264320373535 
2026-02-26 14:06:43,245 INFO: ---> Saved new best model weights to log/txt_log\logs_2026_2_26_HS_RMSE/AMFormer_simple_MLP_dim32_depth2_heads4_dropout0.4_fusion0.45_0.55_lr0.001_6P_noRC_noKAN\best_AMFormer_HS_weights.pth 
2026-02-26 14:06:45,559 INFO: Epoch 3, Train Loss: 0.6483201418410648, Test Loss: 0.6009116660464894, Inverse Test Loss: 5.546306133270264, Train R2: 0.5705450533917455, Test R2: 0.6107008457183838, Inverse Test R2: 0.6107008457183838 
2026-02-26 14:06:45,572 INFO: ---> Saved new best model weights to log/txt_log\logs_2026_2_26_HS_RMSE/AMFormer_simple_MLP_dim32_depth2_heads4_dropout0.4_fusion0.45_0.55_lr0.001_6P_noRC_noKAN\best_AMFormer_HS_weights.pth 
2026-02-26 14:06:47,683 INFO: Epoch 4, Train Loss: 0.6119466317874013, Test Loss: 0.5612538023428484, Inverse Test Loss: 5.180271199255278, Train R2: 0.615112001245672, Test R2: 0.6606388092041016, Inverse Test R2: 0.6606387495994568 
2026-02-26 14:06:47,695 INFO: ---> Saved new best model weights to log/txt_log\logs_2026_2_26_HS_RMSE/AMFormer_simple_MLP_dim32_depth2_heads4_dropout0.4_fusion0.45_0.55_lr0.001_6P_noRC_noKAN\best_AMFormer_HS_weights.pth 
2026-02-26 14:06:49,799 INFO: Epoch 5, Train Loss: 0.5869093787941065, Test Loss: 0.5513140947529764, Inverse Test Loss: 5.088529565117576, Train R2: 0.6470176356308388, Test R2: 0.6714831590652466, Inverse Test R2: 0.6714831590652466 
2026-02-26 14:06:49,811 INFO: ---> Saved new best model weights to log/txt_log\logs_2026_2_26_HS_RMSE/AMFormer_simple_MLP_dim32_depth2_heads4_dropout0.4_fusion0.45_0.55_lr0.001_6P_noRC_noKAN\best_AMFormer_HS_weights.pth 
2026-02-26 14:06:51,927 INFO: Epoch 6, Train Loss: 0.5726251800855001, Test Loss: 0.5318799073045904, Inverse Test Loss: 4.909155534975456, Train R2: 0.6628852432424371, Test R2: 0.6945517063140869, Inverse Test R2: 0.6945517063140869 
2026-02-26 14:06:51,939 INFO: ---> Saved new best model weights to log/txt_log\logs_2026_2_26_HS_RMSE/AMFormer_simple_MLP_dim32_depth2_heads4_dropout0.4_fusion0.45_0.55_lr0.001_6P_noRC_noKAN\best_AMFormer_HS_weights.pth 
2026-02-26 14:06:54,041 INFO: Epoch 7, Train Loss: 0.5613001176353657, Test Loss: 0.5440105831984318, Inverse Test Loss: 5.0211194428530606, Train R2: 0.6769215591026075, Test R2: 0.6797477006912231, Inverse Test R2: 0.6797476410865784 
2026-02-26 14:06:56,141 INFO: Epoch 8, Train Loss: 0.5462040029691927, Test Loss: 0.512318724935705, Inverse Test Loss: 4.7286092440287275, Train R2: 0.6921636701533289, Test R2: 0.7173573970794678, Inverse Test R2: 0.717357337474823 
2026-02-26 14:06:56,153 INFO: ---> Saved new best model weights to log/txt_log\logs_2026_2_26_HS_RMSE/AMFormer_simple_MLP_dim32_depth2_heads4_dropout0.4_fusion0.45_0.55_lr0.001_6P_noRC_noKAN\best_AMFormer_HS_weights.pth 
2026-02-26 14:06:58,250 INFO: Epoch 9, Train Loss: 0.5384743179787289, Test Loss: 0.5100095922296698, Inverse Test Loss: 4.707296335335934, Train R2: 0.7016093211643624, Test R2: 0.718354344367981, Inverse Test R2: 0.7183542847633362 
2026-02-26 14:06:58,262 INFO: ---> Saved new best model weights to log/txt_log\logs_2026_2_26_HS_RMSE/AMFormer_simple_MLP_dim32_depth2_heads4_dropout0.4_fusion0.45_0.55_lr0.001_6P_noRC_noKAN\best_AMFormer_HS_weights.pth 
2026-02-26 14:07:00,374 INFO: Epoch 10, Train Loss: 0.5306329878442215, Test Loss: 0.504134574622819, Inverse Test Loss: 4.6530710639375625, Train R2: 0.7085567766969855, Test R2: 0.7243585586547852, Inverse Test R2: 0.7243585586547852 
2026-02-26 14:07:00,388 INFO: ---> Saved new best model weights to log/txt_log\logs_2026_2_26_HS_RMSE/AMFormer_simple_MLP_dim32_depth2_heads4_dropout0.4_fusion0.45_0.55_lr0.001_6P_noRC_noKAN\best_AMFormer_HS_weights.pth 
2026-02-26 14:07:00,388 INFO: Best Epoch 10, Best Test Loss: 0.504134574622819, Inv Test Loss: 4.6530710639375625, Best Test R2: 0.7243585586547852 
2026-02-26 14:07:02,501 INFO: Epoch 11, Train Loss: 0.5289731226635702, Test Loss: 0.4977515972021854, Inverse Test Loss: 4.594157392328436, Train R2: 0.7122432828852625, Test R2: 0.7313194870948792, Inverse Test R2: 0.7313194870948792 
2026-02-26 14:07:02,514 INFO: ---> Saved new best model weights to log/txt_log\logs_2026_2_26_HS_RMSE/AMFormer_simple_MLP_dim32_depth2_heads4_dropout0.4_fusion0.45_0.55_lr0.001_6P_noRC_noKAN\best_AMFormer_HS_weights.pth 
2026-02-26 14:07:04,623 INFO: Epoch 12, Train Loss: 0.5215024681705417, Test Loss: 0.48610001079963916, Inverse Test Loss: 4.486615289341319, Train R2: 0.7203515908031752, Test R2: 0.7457262277603149, Inverse Test R2: 0.7457262277603149 
2026-02-26 14:07:04,636 INFO: ---> Saved new best model weights to log/txt_log\logs_2026_2_26_HS_RMSE/AMFormer_simple_MLP_dim32_depth2_heads4_dropout0.4_fusion0.45_0.55_lr0.001_6P_noRC_noKAN\best_AMFormer_HS_weights.pth 
2026-02-26 14:07:06,755 INFO: Epoch 13, Train Loss: 0.5213971695665157, Test Loss: 0.48625982620499353, Inverse Test Loss: 4.488090363415805, Train R2: 0.7195563099601052, Test R2: 0.7446159720420837, Inverse Test R2: 0.7446159720420837 
2026-02-26 14:07:08,886 INFO: Epoch 14, Train Loss: 0.5140369825742461, Test Loss: 0.48038923108216486, Inverse Test Loss: 4.433905767671989, Train R2: 0.7282427422928087, Test R2: 0.749645471572876, Inverse Test R2: 0.749645471572876 
2026-02-26 14:07:08,900 INFO: ---> Saved new best model weights to log/txt_log\logs_2026_2_26_HS_RMSE/AMFormer_simple_MLP_dim32_depth2_heads4_dropout0.4_fusion0.45_0.55_lr0.001_6P_noRC_noKAN\best_AMFormer_HS_weights.pth 
2026-02-26 14:07:11,026 INFO: Epoch 15, Train Loss: 0.5101417535633752, Test Loss: 0.4684625349261544, Inverse Test Loss: 4.323824528491858, Train R2: 0.7309226420792666, Test R2: 0.7626670002937317, Inverse Test R2: 0.7626670002937317 
2026-02-26 14:07:11,037 INFO: ---> Saved new best model weights to log/txt_log\logs_2026_2_26_HS_RMSE/AMFormer_simple_MLP_dim32_depth2_heads4_dropout0.4_fusion0.45_0.55_lr0.001_6P_noRC_noKAN\best_AMFormer_HS_weights.pth 
2026-02-26 14:07:13,140 INFO: Epoch 16, Train Loss: 0.5081573952779626, Test Loss: 0.4889564947648482, Inverse Test Loss: 4.512980114329945, Train R2: 0.73405273168376, Test R2: 0.7408493757247925, Inverse Test R2: 0.7408493757247925 
2026-02-26 14:07:15,238 INFO: Epoch 17, Train Loss: 0.5020134753801606, Test Loss: 0.4737803809570544, Inverse Test Loss: 4.372907320658366, Train R2: 0.7394473950068156, Test R2: 0.7566125392913818, Inverse Test R2: 0.7566125392913818 
2026-02-26 14:07:17,355 INFO: Epoch 18, Train Loss: 0.5018554840124014, Test Loss: 0.47962485840826324, Inverse Test Loss: 4.426850867993904, Train R2: 0.7406746397415797, Test R2: 0.750654935836792, Inverse Test R2: 0.750654935836792 
2026-02-26 14:07:19,483 INFO: Epoch 19, Train Loss: 0.5035122558474541, Test Loss: 0.4649278024832408, Inverse Test Loss: 4.291199720267094, Train R2: 0.7393363949024316, Test R2: 0.7648040056228638, Inverse Test R2: 0.7648040056228638 
2026-02-26 14:07:19,495 INFO: ---> Saved new best model weights to log/txt_log\logs_2026_2_26_HS_RMSE/AMFormer_simple_MLP_dim32_depth2_heads4_dropout0.4_fusion0.45_0.55_lr0.001_6P_noRC_noKAN\best_AMFormer_HS_weights.pth 
2026-02-26 14:07:21,616 INFO: Epoch 20, Train Loss: 0.49364087866111234, Test Loss: 0.4587551779819257, Inverse Test Loss: 4.234227433349147, Train R2: 0.7489980084426475, Test R2: 0.7730119824409485, Inverse Test R2: 0.7730119824409485 
2026-02-26 14:07:21,630 INFO: ---> Saved new best model weights to log/txt_log\logs_2026_2_26_HS_RMSE/AMFormer_simple_MLP_dim32_depth2_heads4_dropout0.4_fusion0.45_0.55_lr0.001_6P_noRC_noKAN\best_AMFormer_HS_weights.pth 
2026-02-26 14:07:21,630 INFO: Best Epoch 20, Best Test Loss: 0.4587551779819257, Inv Test Loss: 4.234227433349147, Best Test R2: 0.7730119824409485 
2026-02-26 14:07:23,749 INFO: Epoch 21, Train Loss: 0.4891734245148572, Test Loss: 0.4489473682461363, Inverse Test Loss: 4.143703142801921, Train R2: 0.7535247301513498, Test R2: 0.7808513641357422, Inverse Test R2: 0.7808513641357422 
2026-02-26 14:07:23,762 INFO: ---> Saved new best model weights to log/txt_log\logs_2026_2_26_HS_RMSE/AMFormer_simple_MLP_dim32_depth2_heads4_dropout0.4_fusion0.45_0.55_lr0.001_6P_noRC_noKAN\best_AMFormer_HS_weights.pth 
2026-02-26 14:07:25,876 INFO: Epoch 22, Train Loss: 0.48894717679782346, Test Loss: 0.4581225008675546, Inverse Test Loss: 4.228387955463294, Train R2: 0.7544202343984083, Test R2: 0.7728962898254395, Inverse Test R2: 0.7728962898254395 
2026-02-26 14:07:27,996 INFO: Epoch 23, Train Loss: 0.48641204924294446, Test Loss: 0.45090867082277936, Inverse Test Loss: 4.161805579156587, Train R2: 0.7563462103858138, Test R2: 0.7796075344085693, Inverse Test R2: 0.7796074748039246 
2026-02-26 14:07:30,119 INFO: Epoch 24, Train Loss: 0.4891010875051672, Test Loss: 0.44184676535201795, Inverse Test Loss: 4.078165856274691, Train R2: 0.7532919744650522, Test R2: 0.788472056388855, Inverse Test R2: 0.788472056388855 
2026-02-26 14:07:30,131 INFO: ---> Saved new best model weights to log/txt_log\logs_2026_2_26_HS_RMSE/AMFormer_simple_MLP_dim32_depth2_heads4_dropout0.4_fusion0.45_0.55_lr0.001_6P_noRC_noKAN\best_AMFormer_HS_weights.pth 
2026-02-26 14:07:32,253 INFO: Epoch 25, Train Loss: 0.4820478967193401, Test Loss: 0.44327591585390497, Inverse Test Loss: 4.0913566242564805, Train R2: 0.7624866321231379, Test R2: 0.7875188589096069, Inverse Test R2: 0.7875188589096069 
2026-02-26 14:07:34,371 INFO: Epoch 26, Train Loss: 0.48705428793574823, Test Loss: 0.4526654120647546, Inverse Test Loss: 4.178019993232958, Train R2: 0.755385034012072, Test R2: 0.7760289907455444, Inverse Test R2: 0.7760289907455444 
2026-02-26 14:07:36,509 INFO: Epoch 27, Train Loss: 0.48297198771527317, Test Loss: 0.4508839078021772, Inverse Test Loss: 4.161577029661699, Train R2: 0.7596838289138043, Test R2: 0.7794691324234009, Inverse Test R2: 0.7794691324234009 
2026-02-26 14:07:38,619 INFO: Epoch 28, Train Loss: 0.47711251856702747, Test Loss: 0.45278698838118353, Inverse Test Loss: 4.179142135562318, Train R2: 0.7632919965368329, Test R2: 0.7790798544883728, Inverse Test R2: 0.779079794883728 
2026-02-26 14:07:40,748 INFO: Epoch 29, Train Loss: 0.48611824507966184, Test Loss: 0.44416326013478363, Inverse Test Loss: 4.099546598665642, Train R2: 0.756565304868149, Test R2: 0.785520076751709, Inverse Test R2: 0.785520076751709 
2026-02-26 14:07:42,872 INFO: Epoch 30, Train Loss: 0.4792181998491287, Test Loss: 0.4410457638177005, Inverse Test Loss: 4.070772720105721, Train R2: 0.7636520347811959, Test R2: 0.7891910076141357, Inverse Test R2: 0.7891910076141357 
2026-02-26 14:07:42,894 INFO: ---> Saved new best model weights to log/txt_log\logs_2026_2_26_HS_RMSE/AMFormer_simple_MLP_dim32_depth2_heads4_dropout0.4_fusion0.45_0.55_lr0.001_6P_noRC_noKAN\best_AMFormer_HS_weights.pth 
2026-02-26 14:07:42,894 INFO: Best Epoch 30, Best Test Loss: 0.4410457638177005, Inv Test Loss: 4.070772720105721, Best Test R2: 0.7891910076141357 
2026-02-26 14:07:45,016 INFO: Epoch 31, Train Loss: 0.47446369379758835, Test Loss: 0.43609835613857617, Inverse Test Loss: 4.025108980410026, Train R2: 0.7670781224062948, Test R2: 0.7931060194969177, Inverse Test R2: 0.7931060194969177 
2026-02-26 14:07:45,029 INFO: ---> Saved new best model weights to log/txt_log\logs_2026_2_26_HS_RMSE/AMFormer_simple_MLP_dim32_depth2_heads4_dropout0.4_fusion0.45_0.55_lr0.001_6P_noRC_noKAN\best_AMFormer_HS_weights.pth 
2026-02-26 14:07:47,178 INFO: Epoch 32, Train Loss: 0.474118174477057, Test Loss: 0.43685833884008, Inverse Test Loss: 4.032123522324995, Train R2: 0.7683820747064821, Test R2: 0.7924310564994812, Inverse Test R2: 0.7924310564994812 
2026-02-26 14:07:49,293 INFO: Epoch 33, Train Loss: 0.4769252310648109, Test Loss: 0.439038665005655, Inverse Test Loss: 4.052247589284724, Train R2: 0.7648465204419512, Test R2: 0.7899078130722046, Inverse Test R2: 0.7899077534675598 
2026-02-26 14:07:51,411 INFO: Epoch 34, Train Loss: 0.47792126915671607, Test Loss: 0.44644666169628955, Inverse Test Loss: 4.120622078577678, Train R2: 0.7635437155311758, Test R2: 0.78249192237854, Inverse Test R2: 0.78249192237854 
2026-02-26 14:07:53,558 INFO: Epoch 35, Train Loss: 0.470940171769171, Test Loss: 0.4355928635958469, Inverse Test Loss: 4.020443540630919, Train R2: 0.7709234379457705, Test R2: 0.7941049337387085, Inverse Test R2: 0.7941049337387085 
2026-02-26 14:07:53,571 INFO: ---> Saved new best model weights to log/txt_log\logs_2026_2_26_HS_RMSE/AMFormer_simple_MLP_dim32_depth2_heads4_dropout0.4_fusion0.45_0.55_lr0.001_6P_noRC_noKAN\best_AMFormer_HS_weights.pth 
2026-02-26 14:07:55,680 INFO: Epoch 36, Train Loss: 0.46886935672073654, Test Loss: 0.4408438124439933, Inverse Test Loss: 4.068908778103915, Train R2: 0.7719396695946202, Test R2: 0.7888889908790588, Inverse Test R2: 0.7888889908790588 
2026-02-26 14:07:57,791 INFO: Epoch 37, Train Loss: 0.47206150514609885, Test Loss: 0.4373655960415349, Inverse Test Loss: 4.03680538408684, Train R2: 0.7710594187180201, Test R2: 0.7920604348182678, Inverse Test R2: 0.792060375213623 
2026-02-26 14:07:59,915 INFO: Epoch 38, Train Loss: 0.46397221449649695, Test Loss: 0.43378260189836676, Inverse Test Loss: 4.003735072685011, Train R2: 0.7774449717817884, Test R2: 0.7948170304298401, Inverse Test R2: 0.7948170304298401 
2026-02-26 14:07:59,927 INFO: ---> Saved new best model weights to log/txt_log\logs_2026_2_26_HS_RMSE/AMFormer_simple_MLP_dim32_depth2_heads4_dropout0.4_fusion0.45_0.55_lr0.001_6P_noRC_noKAN\best_AMFormer_HS_weights.pth 
2026-02-26 14:08:02,047 INFO: Epoch 39, Train Loss: 0.4679353900931098, Test Loss: 0.4271865622563796, Inverse Test Loss: 3.9428548668370103, Train R2: 0.7732842695532423, Test R2: 0.8004975914955139, Inverse Test R2: 0.8004975318908691 
2026-02-26 14:08:02,061 INFO: ---> Saved new best model weights to log/txt_log\logs_2026_2_26_HS_RMSE/AMFormer_simple_MLP_dim32_depth2_heads4_dropout0.4_fusion0.45_0.55_lr0.001_6P_noRC_noKAN\best_AMFormer_HS_weights.pth 
2026-02-26 14:08:04,209 INFO: Epoch 40, Train Loss: 0.4616567460876523, Test Loss: 0.4288241628444556, Inverse Test Loss: 3.9579695427056514, Train R2: 0.7803952007582693, Test R2: 0.799748420715332, Inverse Test R2: 0.799748420715332 
2026-02-26 14:08:04,209 INFO: Best Epoch 39, Best Test Loss: 0.4271865622563796, Inv Test Loss: 3.9428548668370103, Best Test R2: 0.8004975914955139 
2026-02-26 14:08:06,336 INFO: Epoch 41, Train Loss: 0.47129896915320196, Test Loss: 0.438294790910952, Inverse Test Loss: 4.045381712191032, Train R2: 0.771588994698091, Test R2: 0.7911854386329651, Inverse Test R2: 0.7911854386329651 
2026-02-26 14:08:08,470 INFO: Epoch 42, Train Loss: 0.46341171363989514, Test Loss: 0.4576268114826896, Inverse Test Loss: 4.223812825752027, Train R2: 0.7776078396674359, Test R2: 0.773043155670166, Inverse Test R2: 0.773043155670166 
2026-02-26 14:08:10,614 INFO: Epoch 43, Train Loss: 0.46678581608064246, Test Loss: 0.4307497613357775, Inverse Test Loss: 3.9757425207080264, Train R2: 0.7756003900007769, Test R2: 0.7975943088531494, Inverse Test R2: 0.7975942492485046 
2026-02-26 14:08:12,753 INFO: Epoch 44, Train Loss: 0.4654816095576142, Test Loss: 0.4314873832644838, Inverse Test Loss: 3.9825506427071313, Train R2: 0.7760831537571821, Test R2: 0.7984803318977356, Inverse Test R2: 0.7984803318977356 
2026-02-26 14:08:14,882 INFO: Epoch 45, Train Loss: 0.4568398129759413, Test Loss: 0.42268444552566065, Inverse Test Loss: 3.90130108053034, Train R2: 0.7848491609999628, Test R2: 0.8054372072219849, Inverse Test R2: 0.8054372072219849 
2026-02-26 14:08:14,894 INFO: ---> Saved new best model weights to log/txt_log\logs_2026_2_26_HS_RMSE/AMFormer_simple_MLP_dim32_depth2_heads4_dropout0.4_fusion0.45_0.55_lr0.001_6P_noRC_noKAN\best_AMFormer_HS_weights.pth 
2026-02-26 14:08:17,025 INFO: Epoch 46, Train Loss: 0.45638373042597913, Test Loss: 0.43236936222423206, Inverse Test Loss: 3.990691069400672, Train R2: 0.7852467000484467, Test R2: 0.7978277206420898, Inverse Test R2: 0.7978277206420898 
2026-02-26 14:08:19,164 INFO: Epoch 47, Train Loss: 0.4617170005133658, Test Loss: 0.4452403729612177, Inverse Test Loss: 4.109488227150657, Train R2: 0.780228620225733, Test R2: 0.782952606678009, Inverse Test R2: 0.782952606678009 
2026-02-26 14:08:21,304 INFO: Epoch 48, Train Loss: 0.4605083327853318, Test Loss: 0.43161816669232916, Inverse Test Loss: 3.9837577704227334, Train R2: 0.7806814773516222, Test R2: 0.7961894869804382, Inverse Test R2: 0.7961894273757935 
2026-02-26 14:08:23,460 INFO: Epoch 49, Train Loss: 0.45515848425301636, Test Loss: 0.4373349980874495, Inverse Test Loss: 4.036523082039573, Train R2: 0.7857195883989334, Test R2: 0.7909666895866394, Inverse Test R2: 0.7909666895866394 
2026-02-26 14:08:25,604 INFO: Epoch 50, Train Loss: 0.45787965574047784, Test Loss: 0.4221581726363211, Inverse Test Loss: 3.8964436198725845, Train R2: 0.7846910777417097, Test R2: 0.8064836859703064, Inverse Test R2: 0.8064836859703064 
2026-02-26 14:08:25,617 INFO: ---> Saved new best model weights to log/txt_log\logs_2026_2_26_HS_RMSE/AMFormer_simple_MLP_dim32_depth2_heads4_dropout0.4_fusion0.45_0.55_lr0.001_6P_noRC_noKAN\best_AMFormer_HS_weights.pth 
2026-02-26 14:08:25,617 INFO: Best Epoch 50, Best Test Loss: 0.4221581726363211, Inv Test Loss: 3.8964436198725845, Best Test R2: 0.8064836859703064 
2026-02-26 14:08:27,743 INFO: Epoch 51, Train Loss: 0.45900680621465045, Test Loss: 0.4346916612350579, Inverse Test Loss: 4.012125499320753, Train R2: 0.7834739265116778, Test R2: 0.7935285568237305, Inverse Test R2: 0.7935285568237305 
2026-02-26 14:08:29,871 INFO: Epoch 52, Train Loss: 0.4541216458786618, Test Loss: 0.429487921071775, Inverse Test Loss: 3.9640959681886616, Train R2: 0.7859909259008638, Test R2: 0.7986606359481812, Inverse Test R2: 0.7986606359481812 
2026-02-26 14:08:32,002 INFO: Epoch 53, Train Loss: 0.45308864297288837, Test Loss: 0.4313420499816085, Inverse Test Loss: 3.9812092130834404, Train R2: 0.787677699417779, Test R2: 0.7977047562599182, Inverse Test R2: 0.7977046966552734 
2026-02-26 14:08:34,156 INFO: Epoch 54, Train Loss: 0.45519856002294656, Test Loss: 0.42132715835715784, Inverse Test Loss: 3.888773549686779, Train R2: 0.7869027631752419, Test R2: 0.8052918314933777, Inverse Test R2: 0.8052918314933777 
2026-02-26 14:08:34,168 INFO: ---> Saved new best model weights to log/txt_log\logs_2026_2_26_HS_RMSE/AMFormer_simple_MLP_dim32_depth2_heads4_dropout0.4_fusion0.45_0.55_lr0.001_6P_noRC_noKAN\best_AMFormer_HS_weights.pth 
2026-02-26 14:08:36,301 INFO: Epoch 55, Train Loss: 0.4592683615558075, Test Loss: 0.42896531838359253, Inverse Test Loss: 3.959272355744333, Train R2: 0.7812538986856287, Test R2: 0.799871563911438, Inverse Test R2: 0.799871563911438 
2026-02-26 14:08:38,447 INFO: Epoch 56, Train Loss: 0.4572746442122893, Test Loss: 0.4322201031627077, Inverse Test Loss: 3.989313414602569, Train R2: 0.7835342265439756, Test R2: 0.7964746952056885, Inverse Test R2: 0.7964746952056885 
2026-02-26 14:08:40,598 INFO: Epoch 57, Train Loss: 0.45183884420178155, Test Loss: 0.43295964327725495, Inverse Test Loss: 3.9961393601966626, Train R2: 0.7877081126877756, Test R2: 0.7948634624481201, Inverse Test R2: 0.7948634624481201 
2026-02-26 14:08:42,753 INFO: Epoch 58, Train Loss: 0.4489210575367465, Test Loss: 0.4207668196071278, Inverse Test Loss: 3.8836017377448804, Train R2: 0.7914365078463699, Test R2: 0.8067767024040222, Inverse Test R2: 0.8067766427993774 
2026-02-26 14:08:42,766 INFO: ---> Saved new best model weights to log/txt_log\logs_2026_2_26_HS_RMSE/AMFormer_simple_MLP_dim32_depth2_heads4_dropout0.4_fusion0.45_0.55_lr0.001_6P_noRC_noKAN\best_AMFormer_HS_weights.pth 
2026-02-26 14:08:44,928 INFO: Epoch 59, Train Loss: 0.45133836815754574, Test Loss: 0.42150535547372064, Inverse Test Loss: 3.8904183344407515, Train R2: 0.7900901220061562, Test R2: 0.8074848055839539, Inverse Test R2: 0.8074847459793091 
2026-02-26 14:08:47,086 INFO: Epoch 60, Train Loss: 0.4521257924762639, Test Loss: 0.4205894795331088, Inverse Test Loss: 3.8819649508505156, Train R2: 0.7896132094390464, Test R2: 0.8070692420005798, Inverse Test R2: 0.8070691823959351 
2026-02-26 14:08:47,098 INFO: ---> Saved new best model weights to log/txt_log\logs_2026_2_26_HS_RMSE/AMFormer_simple_MLP_dim32_depth2_heads4_dropout0.4_fusion0.45_0.55_lr0.001_6P_noRC_noKAN\best_AMFormer_HS_weights.pth 
2026-02-26 14:08:47,099 INFO: Best Epoch 60, Best Test Loss: 0.4205894795331088, Inv Test Loss: 3.8819649508505156, Best Test R2: 0.8070692420005798 
2026-02-26 14:08:49,243 INFO: Epoch 61, Train Loss: 0.44407427672183875, Test Loss: 0.4267130268342567, Inverse Test Loss: 3.9384841918945312, Train R2: 0.7958588789809834, Test R2: 0.8012650609016418, Inverse Test R2: 0.8012650012969971 
2026-02-26 14:08:51,380 INFO: Epoch 62, Train Loss: 0.4549311948093501, Test Loss: 0.4284127751986186, Inverse Test Loss: 3.95417248841488, Train R2: 0.7849326165336551, Test R2: 0.8004871606826782, Inverse Test R2: 0.8004871606826782 
2026-02-26 14:08:53,535 INFO: Epoch 63, Train Loss: 0.45312032555088855, Test Loss: 0.4193833994142937, Inverse Test Loss: 3.8708329778729063, Train R2: 0.7882034923091079, Test R2: 0.8077644109725952, Inverse Test R2: 0.8077644109725952 
2026-02-26 14:08:53,548 INFO: ---> Saved new best model weights to log/txt_log\logs_2026_2_26_HS_RMSE/AMFormer_simple_MLP_dim32_depth2_heads4_dropout0.4_fusion0.45_0.55_lr0.001_6P_noRC_noKAN\best_AMFormer_HS_weights.pth 
2026-02-26 14:08:55,678 INFO: Epoch 64, Train Loss: 0.44384952341065265, Test Loss: 0.42555105686187744, Inverse Test Loss: 3.927759380051584, Train R2: 0.7959899477886431, Test R2: 0.799765408039093, Inverse Test R2: 0.7997653484344482 
2026-02-26 14:08:57,807 INFO: Epoch 65, Train Loss: 0.4480753635818308, Test Loss: 0.4173953117746295, Inverse Test Loss: 3.8524834170485986, Train R2: 0.7926592050176678, Test R2: 0.8095422387123108, Inverse Test R2: 0.8095422387123108 
2026-02-26 14:08:57,820 INFO: ---> Saved new best model weights to log/txt_log\logs_2026_2_26_HS_RMSE/AMFormer_simple_MLP_dim32_depth2_heads4_dropout0.4_fusion0.45_0.55_lr0.001_6P_noRC_noKAN\best_AMFormer_HS_weights.pth 
2026-02-26 14:08:59,981 INFO: Epoch 66, Train Loss: 0.4428534498720458, Test Loss: 0.4281125989827243, Inverse Test Loss: 3.951401963378444, Train R2: 0.7964033389633353, Test R2: 0.7998950481414795, Inverse Test R2: 0.7998949885368347 
2026-02-26 14:09:02,105 INFO: Epoch 67, Train Loss: 0.4429567770072908, Test Loss: 0.41998088359832764, Inverse Test Loss: 3.876347707979607, Train R2: 0.7969284874923301, Test R2: 0.8074350953102112, Inverse Test R2: 0.8074350357055664 
2026-02-26 14:09:04,247 INFO: Epoch 68, Train Loss: 0.44789204994837445, Test Loss: 0.42660200686165783, Inverse Test Loss: 3.9374594327175254, Train R2: 0.7913632528348402, Test R2: 0.8021740913391113, Inverse Test R2: 0.8021740913391113 
2026-02-26 14:09:06,382 INFO: Epoch 69, Train Loss: 0.44691174093521, Test Loss: 0.4220590320500461, Inverse Test Loss: 3.8955286560636577, Train R2: 0.7937683133464871, Test R2: 0.8053914904594421, Inverse Test R2: 0.8053914904594421 
2026-02-26 14:09:08,514 INFO: Epoch 70, Train Loss: 0.4436741956707203, Test Loss: 0.42460429758736584, Inverse Test Loss: 3.9190209995616567, Train R2: 0.7960547786770444, Test R2: 0.8043714761734009, Inverse Test R2: 0.8043714761734009 
2026-02-26 14:09:08,514 INFO: Best Epoch 65, Best Test Loss: 0.4173953117746295, Inv Test Loss: 3.8524834170485986, Best Test R2: 0.8095422387123108 
2026-02-26 14:09:10,646 INFO: Epoch 71, Train Loss: 0.441241283308376, Test Loss: 0.4398490578839273, Inverse Test Loss: 4.059727365320379, Train R2: 0.7982918624625062, Test R2: 0.788156270980835, Inverse Test R2: 0.788156270980835 
2026-02-26 14:09:12,795 INFO: Epoch 72, Train Loss: 0.4427640713525541, Test Loss: 0.417935952092662, Inverse Test Loss: 3.8574733300642534, Train R2: 0.7970477879950495, Test R2: 0.8090909719467163, Inverse Test R2: 0.8090909123420715 
2026-02-26 14:09:14,943 INFO: Epoch 73, Train Loss: 0.4422418527079351, Test Loss: 0.4169238941235976, Inverse Test Loss: 3.848132277979995, Train R2: 0.7962616840095231, Test R2: 0.8106233477592468, Inverse Test R2: 0.810623288154602 
2026-02-26 14:09:14,956 INFO: ---> Saved new best model weights to log/txt_log\logs_2026_2_26_HS_RMSE/AMFormer_simple_MLP_dim32_depth2_heads4_dropout0.4_fusion0.45_0.55_lr0.001_6P_noRC_noKAN\best_AMFormer_HS_weights.pth 
2026-02-26 14:09:17,091 INFO: Epoch 74, Train Loss: 0.4430914500897581, Test Loss: 0.4219337494084329, Inverse Test Loss: 3.894372253706961, Train R2: 0.7965912466699426, Test R2: 0.804496705532074, Inverse Test R2: 0.8044966459274292 
2026-02-26 14:09:19,238 INFO: Epoch 75, Train Loss: 0.44383883589144907, Test Loss: 0.41263568130406464, Inverse Test Loss: 3.808552778128422, Train R2: 0.7952777752370546, Test R2: 0.8147501945495605, Inverse Test R2: 0.8147501945495605 
2026-02-26 14:09:19,250 INFO: ---> Saved new best model weights to log/txt_log\logs_2026_2_26_HS_RMSE/AMFormer_simple_MLP_dim32_depth2_heads4_dropout0.4_fusion0.45_0.55_lr0.001_6P_noRC_noKAN\best_AMFormer_HS_weights.pth 
2026-02-26 14:09:21,403 INFO: Epoch 76, Train Loss: 0.43901573798873206, Test Loss: 0.4298532541954156, Inverse Test Loss: 3.967467958276922, Train R2: 0.7991708810582305, Test R2: 0.7981477975845337, Inverse Test R2: 0.7981477379798889 
2026-02-26 14:09:23,579 INFO: Epoch 77, Train Loss: 0.4390664841189529, Test Loss: 0.41865603761239484, Inverse Test Loss: 3.864119623646592, Train R2: 0.8012348449591434, Test R2: 0.8089756369590759, Inverse Test R2: 0.8089756369590759 
2026-02-26 14:09:25,738 INFO: Epoch 78, Train Loss: 0.43976348886887234, Test Loss: 0.425225297609965, Inverse Test Loss: 3.9247526905753394, Train R2: 0.7998622104977117, Test R2: 0.8022303581237793, Inverse Test R2: 0.8022302985191345 
2026-02-26 14:09:27,885 INFO: Epoch 79, Train Loss: 0.441801636733792, Test Loss: 0.41839481303186127, Inverse Test Loss: 3.861708568804192, Train R2: 0.7966643097725782, Test R2: 0.8070987462997437, Inverse Test R2: 0.8070987462997437 
2026-02-26 14:09:30,026 INFO: Epoch 80, Train Loss: 0.43473402139815415, Test Loss: 0.4225895368691647, Inverse Test Loss: 3.9004250584226665, Train R2: 0.8038804111155596, Test R2: 0.8042997717857361, Inverse Test R2: 0.8042997717857361 
2026-02-26 14:09:30,026 INFO: Best Epoch 75, Best Test Loss: 0.41263568130406464, Inv Test Loss: 3.808552778128422, Best Test R2: 0.8147501945495605 
2026-02-26 14:09:32,166 INFO: Epoch 81, Train Loss: 0.43962141194126825, Test Loss: 0.4250381299943635, Inverse Test Loss: 3.9230251240007803, Train R2: 0.7994663670207515, Test R2: 0.8002194762229919, Inverse Test R2: 0.8002194166183472 
2026-02-26 14:09:34,309 INFO: Epoch 82, Train Loss: 0.43931642265030835, Test Loss: 0.42432500557465985, Inverse Test Loss: 3.916443138411551, Train R2: 0.7998849907607744, Test R2: 0.8031688928604126, Inverse Test R2: 0.8031688332557678 
2026-02-26 14:09:36,460 INFO: Epoch 83, Train Loss: 0.4360050613229925, Test Loss: 0.4260644217332204, Inverse Test Loss: 3.932497703667843, Train R2: 0.8023747679862109, Test R2: 0.8000273704528809, Inverse Test R2: 0.8000273108482361 
2026-02-26 14:09:38,594 INFO: Epoch 84, Train Loss: 0.42942417977434216, Test Loss: 0.42355130928935425, Inverse Test Loss: 3.9093020684791333, Train R2: 0.8085984569607358, Test R2: 0.8014113903045654, Inverse Test R2: 0.8014113903045654 
2026-02-26 14:09:40,754 INFO: Epoch 85, Train Loss: 0.44034425033764407, Test Loss: 0.4356531717560508, Inverse Test Loss: 4.021000089067401, Train R2: 0.7987790952126185, Test R2: 0.7901092171669006, Inverse Test R2: 0.7901092171669006 
2026-02-26 14:09:42,892 INFO: Epoch 86, Train Loss: 0.43313367280996207, Test Loss: 0.4235971082340587, Inverse Test Loss: 3.9097247557206587, Train R2: 0.8023587695576928, Test R2: 0.8050512075424194, Inverse Test R2: 0.8050512075424194 
2026-02-26 14:09:45,037 INFO: Epoch 87, Train Loss: 0.44666824602719507, Test Loss: 0.43506386605176056, Inverse Test Loss: 4.015560915975859, Train R2: 0.7936005289807464, Test R2: 0.7909408807754517, Inverse Test R2: 0.7909408211708069 
2026-02-26 14:09:47,194 INFO: Epoch 88, Train Loss: 0.44128712560191297, Test Loss: 0.4182952145735423, Inverse Test Loss: 3.860789320685647, Train R2: 0.797115471778494, Test R2: 0.8089746236801147, Inverse Test R2: 0.80897456407547 
2026-02-26 14:09:49,350 INFO: Epoch 89, Train Loss: 0.43269188566641376, Test Loss: 0.42612027851018036, Inverse Test Loss: 3.933013157411055, Train R2: 0.8067417971112512, Test R2: 0.7993798851966858, Inverse Test R2: 0.799379825592041 
2026-02-26 14:09:51,504 INFO: Epoch 90, Train Loss: 0.43642790841333795, Test Loss: 0.4141188878001589, Inverse Test Loss: 3.822242505622633, Train R2: 0.8005495012709589, Test R2: 0.8130898475646973, Inverse Test R2: 0.8130897879600525 
2026-02-26 14:09:51,504 INFO: Best Epoch 75, Best Test Loss: 0.41263568130406464, Inv Test Loss: 3.808552778128422, Best Test R2: 0.8147501945495605 
2026-02-26 14:09:53,656 INFO: Epoch 91, Train Loss: 0.43489600808331463, Test Loss: 0.4302310139843912, Inverse Test Loss: 3.970954504880038, Train R2: 0.8048835848317002, Test R2: 0.7961710691452026, Inverse Test R2: 0.7961710691452026 
2026-02-26 14:09:55,815 INFO: Epoch 92, Train Loss: 0.4335974908687852, Test Loss: 0.41410435329784046, Inverse Test Loss: 3.822108355435458, Train R2: 0.8035859366257986, Test R2: 0.8133218884468079, Inverse Test R2: 0.8133218884468079 
2026-02-26 14:09:57,937 INFO: Epoch 93, Train Loss: 0.43137221828554617, Test Loss: 0.41287281386780017, Inverse Test Loss: 3.8107415184830176, Train R2: 0.8059955528288176, Test R2: 0.8143963813781738, Inverse Test R2: 0.8143963813781738 
2026-02-26 14:10:00,075 INFO: Epoch 94, Train Loss: 0.426617385085785, Test Loss: 0.41803839712431934, Inverse Test Loss: 3.8584189053737754, Train R2: 0.8110125245469989, Test R2: 0.8094326257705688, Inverse Test R2: 0.8094326257705688 
2026-02-26 14:10:02,215 INFO: Epoch 95, Train Loss: 0.42843194328474277, Test Loss: 0.4214176923939676, Inverse Test Loss: 3.8896092212561406, Train R2: 0.8100421559630018, Test R2: 0.8055897951126099, Inverse Test R2: 0.8055897951126099 
2026-02-26 14:10:04,353 INFO: Epoch 96, Train Loss: 0.42791126578143146, Test Loss: 0.4384386051784862, Inverse Test Loss: 4.046709140141805, Train R2: 0.8109957652561592, Test R2: 0.7889693975448608, Inverse Test R2: 0.7889693975448608 
2026-02-26 14:10:06,503 INFO: Epoch 97, Train Loss: 0.4267796092864239, Test Loss: 0.4613989420009382, Inverse Test Loss: 4.2586289824861465, Train R2: 0.8119003497289888, Test R2: 0.7615416646003723, Inverse Test R2: 0.7615416646003723 
2026-02-26 14:10:08,641 INFO: Epoch 98, Train Loss: 0.42713510357972345, Test Loss: 0.43422474644400855, Inverse Test Loss: 4.00781597513141, Train R2: 0.8101093136903011, Test R2: 0.7926275730133057, Inverse Test R2: 0.7926275730133057 
2026-02-26 14:10:10,774 INFO: Epoch 99, Train Loss: 0.4317704942641836, Test Loss: 0.4179953923731139, Inverse Test Loss: 3.858022010687626, Train R2: 0.806527827725266, Test R2: 0.8096844553947449, Inverse Test R2: 0.8096844553947449 
2026-02-26 14:10:12,920 INFO: Epoch 100, Train Loss: 0.43252343278039584, Test Loss: 0.40848888411666406, Inverse Test Loss: 3.7702786055478184, Train R2: 0.8061143381125999, Test R2: 0.8186259269714355, Inverse Test R2: 0.8186258673667908 
2026-02-26 14:10:12,932 INFO: ---> Saved new best model weights to log/txt_log\logs_2026_2_26_HS_RMSE/AMFormer_simple_MLP_dim32_depth2_heads4_dropout0.4_fusion0.45_0.55_lr0.001_6P_noRC_noKAN\best_AMFormer_HS_weights.pth 
2026-02-26 14:10:12,932 INFO: Best Epoch 100, Best Test Loss: 0.40848888411666406, Inv Test Loss: 3.7702786055478184, Best Test R2: 0.8186259269714355 
2026-02-26 14:10:15,075 INFO: Epoch 101, Train Loss: 0.4243967411192981, Test Loss: 0.4828069011370341, Inverse Test Loss: 4.456220532908584, Train R2: 0.8132619248195128, Test R2: 0.7403491735458374, Inverse Test R2: 0.7403491139411926 
2026-02-26 14:10:17,197 INFO: Epoch 102, Train Loss: 0.44519583903478854, Test Loss: 0.41707050077842944, Inverse Test Loss: 3.849485411788478, Train R2: 0.7922212928533554, Test R2: 0.8111151456832886, Inverse Test R2: 0.8111151456832886 
2026-02-26 14:10:19,335 INFO: Epoch 103, Train Loss: 0.4290670452244354, Test Loss: 0.41388360930211615, Inverse Test Loss: 3.8200710325530083, Train R2: 0.8096511675552889, Test R2: 0.8136218786239624, Inverse Test R2: 0.8136218190193176 
2026-02-26 14:10:21,498 INFO: Epoch 104, Train Loss: 0.425322229663531, Test Loss: 0.4134223840453408, Inverse Test Loss: 3.815813974900679, Train R2: 0.8114591195727839, Test R2: 0.8136524558067322, Inverse Test R2: 0.8136524558067322 
2026-02-26 14:10:23,659 INFO: Epoch 105, Train Loss: 0.4311828069163091, Test Loss: 0.4189479739376993, Inverse Test Loss: 3.8668141148307105, Train R2: 0.806498130162557, Test R2: 0.8091695308685303, Inverse Test R2: 0.8091694712638855 
2026-02-26 14:10:25,788 INFO: Epoch 106, Train Loss: 0.4266998659480702, Test Loss: 0.4324999207800085, Inverse Test Loss: 3.991896087473089, Train R2: 0.8107433585506497, Test R2: 0.794339120388031, Inverse Test R2: 0.794339120388031 
2026-02-26 14:10:27,931 INFO: Epoch 107, Train Loss: 0.41615041638865613, Test Loss: 0.42945398435448157, Inverse Test Loss: 3.963782707850138, Train R2: 0.8196948048743334, Test R2: 0.7977028489112854, Inverse Test R2: 0.7977028489112854 
2026-02-26 14:10:30,056 INFO: Epoch 108, Train Loss: 0.4250612231818112, Test Loss: 0.41626882462790515, Inverse Test Loss: 3.842086091186061, Train R2: 0.811812799988371, Test R2: 0.8124832510948181, Inverse Test R2: 0.8124832510948181 
2026-02-26 14:10:32,196 INFO: Epoch 109, Train Loss: 0.42440525487516867, Test Loss: 0.40920137997829553, Inverse Test Loss: 3.77685478961829, Train R2: 0.8132185651497408, Test R2: 0.8171639442443848, Inverse Test R2: 0.8171639442443848 
2026-02-26 14:10:34,345 INFO: Epoch 110, Train Loss: 0.41723637305425876, Test Loss: 0.4453534149762356, Inverse Test Loss: 4.110531633550471, Train R2: 0.8181892579252069, Test R2: 0.7816097736358643, Inverse Test R2: 0.7816097140312195 
2026-02-26 14:10:34,345 INFO: Best Epoch 100, Best Test Loss: 0.40848888411666406, Inv Test Loss: 3.7702786055478184, Best Test R2: 0.8186259269714355 
2026-02-26 14:10:36,514 INFO: Epoch 111, Train Loss: 0.42051304831649317, Test Loss: 0.41930823253862787, Inverse Test Loss: 3.8701391942573315, Train R2: 0.8155192055485465, Test R2: 0.8082634210586548, Inverse Test R2: 0.80826336145401 
2026-02-26 14:10:38,667 INFO: Epoch 112, Train Loss: 0.42884181665651727, Test Loss: 0.43526857007633557, Inverse Test Loss: 4.017450325416796, Train R2: 0.807142946304697, Test R2: 0.7909964323043823, Inverse Test R2: 0.7909964323043823 
2026-02-26 14:10:40,835 INFO: Epoch 113, Train Loss: 0.4308132874694737, Test Loss: 0.43395561612013617, Inverse Test Loss: 4.005331964203806, Train R2: 0.8081444438659784, Test R2: 0.7927746772766113, Inverse Test R2: 0.7927746772766113 
2026-02-26 14:10:42,988 INFO: Epoch 114, Train Loss: 0.4254786625052943, Test Loss: 0.4153730986696301, Inverse Test Loss: 3.8338186740875244, Train R2: 0.8113631208737692, Test R2: 0.8114950656890869, Inverse Test R2: 0.8114950656890869 
2026-02-26 14:10:45,136 INFO: Epoch 115, Train Loss: 0.41965548739288794, Test Loss: 0.43012331561608746, Inverse Test Loss: 3.969960501699737, Train R2: 0.8150928043054811, Test R2: 0.7983003854751587, Inverse Test R2: 0.7983003854751587 
2026-02-26 14:10:47,294 INFO: Epoch 116, Train Loss: 0.4242240030205611, Test Loss: 0.4327201852292726, Inverse Test Loss: 3.9939291188211152, Train R2: 0.8130235333334316, Test R2: 0.7939469814300537, Inverse Test R2: 0.7939469814300537 
2026-02-26 14:10:49,438 INFO: Epoch 117, Train Loss: 0.4299762680223494, Test Loss: 0.42150482535362244, Inverse Test Loss: 3.890413349325007, Train R2: 0.8077638831102487, Test R2: 0.8054713010787964, Inverse Test R2: 0.8054713010787964 
2026-02-26 14:10:51,591 INFO: Epoch 118, Train Loss: 0.4196088307283141, Test Loss: 0.42569521882317285, Inverse Test Loss: 3.9290900374903823, Train R2: 0.8170600777322595, Test R2: 0.8013920187950134, Inverse Test R2: 0.8013920187950134 
2026-02-26 14:10:53,763 INFO: Epoch 119, Train Loss: 0.41954648652763077, Test Loss: 0.42062952482339105, Inverse Test Loss: 3.882334579120983, Train R2: 0.8127395596468088, Test R2: 0.8062298893928528, Inverse Test R2: 0.806229829788208 
2026-02-26 14:10:55,921 INFO: Epoch 120, Train Loss: 0.4210164219592557, Test Loss: 0.43002439809568, Inverse Test Loss: 3.969047517487497, Train R2: 0.8159352554516359, Test R2: 0.7971431016921997, Inverse Test R2: 0.7971431016921997 
2026-02-26 14:10:55,921 INFO: Best Epoch 100, Best Test Loss: 0.40848888411666406, Inv Test Loss: 3.7702786055478184, Best Test R2: 0.8186259269714355 
2026-02-26 14:10:58,067 INFO: Epoch 121, Train Loss: 0.42068690716317203, Test Loss: 0.41649922096368036, Inverse Test Loss: 3.8442125609426787, Train R2: 0.8161420926000132, Test R2: 0.8097168207168579, Inverse Test R2: 0.8097168207168579 
2026-02-26 14:11:00,197 INFO: Epoch 122, Train Loss: 0.4250095658230059, Test Loss: 0.42314402984850336, Inverse Test Loss: 3.9055429660912715, Train R2: 0.8134316138245843, Test R2: 0.8037751913070679, Inverse Test R2: 0.8037751913070679 
2026-02-26 14:11:02,455 INFO: Epoch 123, Train Loss: 0.41942842778834427, Test Loss: 0.4164169855190046, Inverse Test Loss: 3.8434536095821494, Train R2: 0.8173786726864901, Test R2: 0.8099415302276611, Inverse Test R2: 0.8099415302276611 
2026-02-26 14:11:04,675 INFO: Epoch 124, Train Loss: 0.421612882930221, Test Loss: 0.4190231796466943, Inverse Test Loss: 3.8675082380121406, Train R2: 0.8151596269824288, Test R2: 0.8091050982475281, Inverse Test R2: 0.8091050982475281 
2026-02-26 14:11:06,918 INFO: Epoch 125, Train Loss: 0.41879947449673305, Test Loss: 0.41847102298881067, Inverse Test Loss: 3.862411881938125, Train R2: 0.8173987048141884, Test R2: 0.8086670637130737, Inverse Test R2: 0.8086670637130737 
2026-02-26 14:11:09,064 INFO: Epoch 126, Train Loss: 0.4172556230967695, Test Loss: 0.4291588573744803, Inverse Test Loss: 3.9610587177854595, Train R2: 0.8198285735014713, Test R2: 0.798672080039978, Inverse Test R2: 0.798672080039978 
2026-02-26 14:11:11,214 INFO: Epoch 127, Train Loss: 0.41552982366446295, Test Loss: 0.43575000130768976, Inverse Test Loss: 4.021893797498761, Train R2: 0.8205484463409944, Test R2: 0.78929603099823, Inverse Test R2: 0.7892959713935852 
2026-02-26 14:11:13,393 INFO: Epoch 128, Train Loss: 0.4158224601185683, Test Loss: 0.44333601720405347, Inverse Test Loss: 4.091911388166023, Train R2: 0.8198118661389207, Test R2: 0.7838184833526611, Inverse Test R2: 0.7838184833526611 
2026-02-26 14:11:15,552 INFO: Epoch 129, Train Loss: 0.41700560148015164, Test Loss: 0.4282949539748105, Inverse Test Loss: 3.9530850757252085, Train R2: 0.8199344643137672, Test R2: 0.7988958358764648, Inverse Test R2: 0.7988958358764648 
2026-02-26 14:11:17,695 INFO: Epoch 130, Train Loss: 0.4145335631840157, Test Loss: 0.4137194806879217, Inverse Test Loss: 3.818556142575813, Train R2: 0.820709531957453, Test R2: 0.813386082649231, Inverse Test R2: 0.8133860230445862 
2026-02-26 14:11:17,695 INFO: Best Epoch 100, Best Test Loss: 0.40848888411666406, Inv Test Loss: 3.7702786055478184, Best Test R2: 0.8186259269714355 
2026-02-26 14:11:19,840 INFO: Epoch 131, Train Loss: 0.4103814833091967, Test Loss: 0.430529795812838, Inverse Test Loss: 3.973712278134895, Train R2: 0.8252926924915025, Test R2: 0.7947530746459961, Inverse Test R2: 0.7947530746459961 
2026-02-26 14:11:21,978 INFO: Epoch 132, Train Loss: 0.4120408490751729, Test Loss: 0.41881053736715607, Inverse Test Loss: 3.8655456846410576, Train R2: 0.8233544311740182, Test R2: 0.8088887333869934, Inverse Test R2: 0.8088887333869934 
2026-02-26 14:11:24,162 INFO: Epoch 133, Train Loss: 0.41544804473718006, Test Loss: 0.41292449922272656, Inverse Test Loss: 3.8112185362613564, Train R2: 0.8219984665964589, Test R2: 0.8141823410987854, Inverse Test R2: 0.8141823410987854 
2026-02-26 14:11:26,312 INFO: Epoch 134, Train Loss: 0.41162053563378076, Test Loss: 0.43003957831498346, Inverse Test Loss: 3.969187678712787, Train R2: 0.821827951705817, Test R2: 0.7980851531028748, Inverse Test R2: 0.7980851531028748 
2026-02-26 14:11:28,462 INFO: Epoch 135, Train Loss: 0.41313621627561975, Test Loss: 0.4241528818101594, Inverse Test Loss: 3.9148545120701645, Train R2: 0.8227024778272166, Test R2: 0.8014293313026428, Inverse Test R2: 0.8014293313026428 
2026-02-26 14:11:30,602 INFO: Epoch 136, Train Loss: 0.41816764347481006, Test Loss: 0.4308074839187391, Inverse Test Loss: 3.97627524173621, Train R2: 0.8167236334446705, Test R2: 0.79770427942276, Inverse Test R2: 0.79770427942276 
2026-02-26 14:11:32,756 INFO: Epoch 137, Train Loss: 0.4104320111148285, Test Loss: 0.42130204583659314, Inverse Test Loss: 3.8885417923782812, Train R2: 0.8235280576980475, Test R2: 0.8062061071395874, Inverse Test R2: 0.8062061071395874 
2026-02-26 14:11:34,910 INFO: Epoch 138, Train Loss: 0.4152762700210918, Test Loss: 0.45129227457624493, Inverse Test Loss: 4.165346188978716, Train R2: 0.821362781253728, Test R2: 0.7735171914100647, Inverse Test R2: 0.7735171318054199 
2026-02-26 14:11:37,083 INFO: Epoch 139, Train Loss: 0.4161901146625028, Test Loss: 0.42054165222428064, Inverse Test Loss: 3.8815234646652685, Train R2: 0.8199556438308774, Test R2: 0.8061777353286743, Inverse Test R2: 0.8061777353286743 
2026-02-26 14:11:39,233 INFO: Epoch 140, Train Loss: 0.41496658528392966, Test Loss: 0.43524608648184576, Inverse Test Loss: 4.017242756756869, Train R2: 0.8208958759452357, Test R2: 0.7928650379180908, Inverse Test R2: 0.7928650379180908 
2026-02-26 14:11:39,233 INFO: Best Epoch 100, Best Test Loss: 0.40848888411666406, Inv Test Loss: 3.7702786055478184, Best Test R2: 0.8186259269714355 
2026-02-26 14:11:41,397 INFO: Epoch 141, Train Loss: 0.40898844531991263, Test Loss: 0.4320379739457911, Inverse Test Loss: 3.9876325274958755, Train R2: 0.8243508311835203, Test R2: 0.7931514978408813, Inverse Test R2: 0.7931514978408813 
2026-02-26 14:11:43,549 INFO: Epoch 142, Train Loss: 0.41052783461231174, Test Loss: 0.42875599319284613, Inverse Test Loss: 3.957340377749819, Train R2: 0.8225333175875924, Test R2: 0.7973499894142151, Inverse Test R2: 0.7973499298095703 
2026-02-26 14:11:45,708 INFO: Epoch 143, Train Loss: 0.407850380422491, Test Loss: 0.4424740672111511, Inverse Test Loss: 4.083955743096092, Train R2: 0.8261841070471387, Test R2: 0.7821037173271179, Inverse Test R2: 0.7821037173271179 
2026-02-26 14:11:47,915 INFO: Epoch 144, Train Loss: 0.4151337325121417, Test Loss: 0.4186895291010539, Inverse Test Loss: 3.8644287008227725, Train R2: 0.8207644495097074, Test R2: 0.8065471053123474, Inverse Test R2: 0.8065471053123474 
2026-02-26 14:11:50,068 INFO: Epoch 145, Train Loss: 0.4136558003497846, Test Loss: 0.4272060276884021, Inverse Test Loss: 3.9430344393759063, Train R2: 0.8210614088809851, Test R2: 0.8008105158805847, Inverse Test R2: 0.8008105158805847 
2026-02-26 14:11:52,214 INFO: Epoch 146, Train Loss: 0.41004270473212906, Test Loss: 0.43848506880529, Inverse Test Loss: 4.047138033491192, Train R2: 0.8243854027805906, Test R2: 0.7881011962890625, Inverse Test R2: 0.7881011366844177 
2026-02-26 14:11:54,368 INFO: Epoch 147, Train Loss: 0.4072662585160949, Test Loss: 0.4342366023497148, Inverse Test Loss: 4.007925387584802, Train R2: 0.8268176154656843, Test R2: 0.7925070524215698, Inverse Test R2: 0.7925070524215698 
2026-02-26 14:11:56,526 INFO: Epoch 148, Train Loss: 0.40745075385678897, Test Loss: 0.4536669976783521, Inverse Test Loss: 4.187264442443848, Train R2: 0.8230144128654943, Test R2: 0.7696643471717834, Inverse Test R2: 0.7696642875671387 
2026-02-26 14:11:58,680 INFO: Epoch 149, Train Loss: 0.41001616621559317, Test Loss: 0.4196279202446793, Inverse Test Loss: 3.873089956514763, Train R2: 0.8243747931538206, Test R2: 0.8058518767356873, Inverse Test R2: 0.8058518767356873 
2026-02-26 14:12:00,818 INFO: Epoch 150, Train Loss: 0.4045684879476374, Test Loss: 0.42521417592511035, Inverse Test Loss: 3.9246500911134663, Train R2: 0.8287560574033044, Test R2: 0.8017410635948181, Inverse Test R2: 0.8017410635948181 
2026-02-26 14:12:00,818 INFO: Best Epoch 100, Best Test Loss: 0.40848888411666406, Inv Test Loss: 3.7702786055478184, Best Test R2: 0.8186259269714355 
