2026-02-26 15:40:45,421 INFO: log_path:logs_2026_2_26_HS_RMSE_melting/AMFormer_simple_MLP_dim32_depth2_heads4_dropout0.4_fusion0.45_0.55_lr0.001_6P_noRC 
2026-02-26 15:40:45,421 INFO: Model:namespace(attn_dropout=0.4, categories=[], cluster=3, depth=2, dim=32, ff_dropout=0.4, groups=[54, 54, 54], heads=4, name='AMFormer_simple_MLP_dim32_depth2_heads4_dropout0.4_fusion0.45_0.55', num_cate=0, num_cont=20, num_special_tokens=1, out_dim=1, predictor='simple_MLP', prod_num_per_group=[6, 6, 6], qk_relu=False, static_fusion={'kan_weight': 0.45, 'trans_weight': 0.55}, sum_num_per_group=[32, 16, 8], target_mode='regression', token_descent=False, use_KAN_path=True, use_cls_token=True, use_prod=True, use_row_col_attention=False, use_sigmoid=True) 
2026-02-26 15:40:45,422 INFO: lr:0.001, loss:RMSE 
2026-02-26 15:40:45,422 INFO: Dataset:HS, Target:['metal6_Peak'] 
2026-02-26 15:40:45,422 INFO: ------Begin Training Model------ 
2026-02-26 15:40:52,557 INFO: Epoch 1, Train Loss: 0.7848351191390645, Test Loss: 0.6969782475269202, Inverse Test Loss: 6.432983355088667, Train R2: 0.3620415916948607, Test R2: 0.482357919216156, Inverse Test R2: 0.48235785961151123 
2026-02-26 15:40:52,569 INFO: ---> Saved new best model weights to log/txt_log\logs_2026_2_26_HS_RMSE_melting/AMFormer_simple_MLP_dim32_depth2_heads4_dropout0.4_fusion0.45_0.55_lr0.001_6P_noRC\best_AMFormer_HS_weights.pth 
2026-02-26 15:40:56,138 INFO: Epoch 2, Train Loss: 0.6787539237376415, Test Loss: 0.6640992634224169, Inverse Test Loss: 6.129516298120672, Train R2: 0.5271567304929098, Test R2: 0.5274857878684998, Inverse Test R2: 0.527485728263855 
2026-02-26 15:40:56,149 INFO: ---> Saved new best model weights to log/txt_log\logs_2026_2_26_HS_RMSE_melting/AMFormer_simple_MLP_dim32_depth2_heads4_dropout0.4_fusion0.45_0.55_lr0.001_6P_noRC\best_AMFormer_HS_weights.pth 
2026-02-26 15:40:59,704 INFO: Epoch 3, Train Loss: 0.6395191559285829, Test Loss: 0.5952305260932806, Inverse Test Loss: 5.4938702438816875, Train R2: 0.5806529698046771, Test R2: 0.6199737787246704, Inverse Test R2: 0.6199737787246704 
2026-02-26 15:40:59,715 INFO: ---> Saved new best model weights to log/txt_log\logs_2026_2_26_HS_RMSE_melting/AMFormer_simple_MLP_dim32_depth2_heads4_dropout0.4_fusion0.45_0.55_lr0.001_6P_noRC\best_AMFormer_HS_weights.pth 
2026-02-26 15:41:03,344 INFO: Epoch 4, Train Loss: 0.5873865629687454, Test Loss: 0.5499315930135322, Inverse Test Loss: 5.075769214919119, Train R2: 0.6471914314862454, Test R2: 0.6735937595367432, Inverse Test R2: 0.6735936403274536 
2026-02-26 15:41:03,357 INFO: ---> Saved new best model weights to log/txt_log\logs_2026_2_26_HS_RMSE_melting/AMFormer_simple_MLP_dim32_depth2_heads4_dropout0.4_fusion0.45_0.55_lr0.001_6P_noRC\best_AMFormer_HS_weights.pth 
2026-02-26 15:41:06,897 INFO: Epoch 5, Train Loss: 0.5596804964271459, Test Loss: 0.533031451882738, Inverse Test Loss: 4.919784047386863, Train R2: 0.6791537327296806, Test R2: 0.6931875944137573, Inverse Test R2: 0.6931875348091125 
2026-02-26 15:41:06,909 INFO: ---> Saved new best model weights to log/txt_log\logs_2026_2_26_HS_RMSE_melting/AMFormer_simple_MLP_dim32_depth2_heads4_dropout0.4_fusion0.45_0.55_lr0.001_6P_noRC\best_AMFormer_HS_weights.pth 
2026-02-26 15:41:10,636 INFO: Epoch 6, Train Loss: 0.5472999267054327, Test Loss: 0.5114893389470649, Inverse Test Loss: 4.720954071391713, Train R2: 0.691919126293876, Test R2: 0.7186165452003479, Inverse Test R2: 0.7186165452003479 
2026-02-26 15:41:10,649 INFO: ---> Saved new best model weights to log/txt_log\logs_2026_2_26_HS_RMSE_melting/AMFormer_simple_MLP_dim32_depth2_heads4_dropout0.4_fusion0.45_0.55_lr0.001_6P_noRC\best_AMFormer_HS_weights.pth 
2026-02-26 15:41:14,092 INFO: Epoch 7, Train Loss: 0.5332661537509976, Test Loss: 0.5180847997015173, Inverse Test Loss: 4.781829039255778, Train R2: 0.7078816692034403, Test R2: 0.7103712558746338, Inverse Test R2: 0.7103712558746338 
2026-02-26 15:41:17,562 INFO: Epoch 8, Train Loss: 0.5245876147439985, Test Loss: 0.5019863121437304, Inverse Test Loss: 4.633242961132165, Train R2: 0.7168919570518263, Test R2: 0.7275844812393188, Inverse Test R2: 0.7275845408439636 
2026-02-26 15:41:17,573 INFO: ---> Saved new best model weights to log/txt_log\logs_2026_2_26_HS_RMSE_melting/AMFormer_simple_MLP_dim32_depth2_heads4_dropout0.4_fusion0.45_0.55_lr0.001_6P_noRC\best_AMFormer_HS_weights.pth 
2026-02-26 15:41:21,312 INFO: Epoch 9, Train Loss: 0.517394031764883, Test Loss: 0.491719025554079, Inverse Test Loss: 4.538477810946378, Train R2: 0.7249349382790652, Test R2: 0.7379375100135803, Inverse Test R2: 0.7379374504089355 
2026-02-26 15:41:21,326 INFO: ---> Saved new best model weights to log/txt_log\logs_2026_2_26_HS_RMSE_melting/AMFormer_simple_MLP_dim32_depth2_heads4_dropout0.4_fusion0.45_0.55_lr0.001_6P_noRC\best_AMFormer_HS_weights.pth 
2026-02-26 15:41:25,217 INFO: Epoch 10, Train Loss: 0.5029717112580935, Test Loss: 0.4867582583066189, Inverse Test Loss: 4.49269074382204, Train R2: 0.7395614092097138, Test R2: 0.7443934679031372, Inverse Test R2: 0.7443934679031372 
2026-02-26 15:41:25,228 INFO: ---> Saved new best model weights to log/txt_log\logs_2026_2_26_HS_RMSE_melting/AMFormer_simple_MLP_dim32_depth2_heads4_dropout0.4_fusion0.45_0.55_lr0.001_6P_noRC\best_AMFormer_HS_weights.pth 
2026-02-26 15:41:25,228 INFO: Best Epoch 10, Best Test Loss: 0.4867582583066189, Inv Test Loss: 4.49269074382204, Best Test R2: 0.7443934679031372 
2026-02-26 15:41:28,837 INFO: Epoch 11, Train Loss: 0.5005119571631605, Test Loss: 0.4792154341033011, Inverse Test Loss: 4.4230718684918955, Train R2: 0.7434150888161226, Test R2: 0.750002920627594, Inverse Test R2: 0.750002920627594 
2026-02-26 15:41:28,847 INFO: ---> Saved new best model weights to log/txt_log\logs_2026_2_26_HS_RMSE_melting/AMFormer_simple_MLP_dim32_depth2_heads4_dropout0.4_fusion0.45_0.55_lr0.001_6P_noRC\best_AMFormer_HS_weights.pth 
2026-02-26 15:41:32,274 INFO: Epoch 12, Train Loss: 0.4993667137442213, Test Loss: 0.4760791812882279, Inverse Test Loss: 4.394124934167573, Train R2: 0.7435552315278486, Test R2: 0.7538449764251709, Inverse Test R2: 0.7538449764251709 
2026-02-26 15:41:32,284 INFO: ---> Saved new best model weights to log/txt_log\logs_2026_2_26_HS_RMSE_melting/AMFormer_simple_MLP_dim32_depth2_heads4_dropout0.4_fusion0.45_0.55_lr0.001_6P_noRC\best_AMFormer_HS_weights.pth 
2026-02-26 15:41:35,660 INFO: Epoch 13, Train Loss: 0.489950313261061, Test Loss: 0.4700412560592998, Inverse Test Loss: 4.338395949566003, Train R2: 0.7524091574278745, Test R2: 0.7611238956451416, Inverse Test R2: 0.7611238360404968 
2026-02-26 15:41:35,671 INFO: ---> Saved new best model weights to log/txt_log\logs_2026_2_26_HS_RMSE_melting/AMFormer_simple_MLP_dim32_depth2_heads4_dropout0.4_fusion0.45_0.55_lr0.001_6P_noRC\best_AMFormer_HS_weights.pth 
2026-02-26 15:41:39,380 INFO: Epoch 14, Train Loss: 0.48605480767560727, Test Loss: 0.46090446638338495, Inverse Test Loss: 4.254065000649654, Train R2: 0.7568170717268279, Test R2: 0.7690513134002686, Inverse Test R2: 0.7690513134002686 
2026-02-26 15:41:39,395 INFO: ---> Saved new best model weights to log/txt_log\logs_2026_2_26_HS_RMSE_melting/AMFormer_simple_MLP_dim32_depth2_heads4_dropout0.4_fusion0.45_0.55_lr0.001_6P_noRC\best_AMFormer_HS_weights.pth 
2026-02-26 15:41:42,873 INFO: Epoch 15, Train Loss: 0.48132454152360105, Test Loss: 0.4637211868257234, Inverse Test Loss: 4.280062769398545, Train R2: 0.7620648872671705, Test R2: 0.7655090093612671, Inverse Test R2: 0.7655090093612671 
2026-02-26 15:41:46,316 INFO: Epoch 16, Train Loss: 0.47728459559606784, Test Loss: 0.45048855832128815, Inverse Test Loss: 4.157928004409328, Train R2: 0.7654399795062614, Test R2: 0.7785540819168091, Inverse Test R2: 0.7785540819168091 
2026-02-26 15:41:46,328 INFO: ---> Saved new best model weights to log/txt_log\logs_2026_2_26_HS_RMSE_melting/AMFormer_simple_MLP_dim32_depth2_heads4_dropout0.4_fusion0.45_0.55_lr0.001_6P_noRC\best_AMFormer_HS_weights.pth 
2026-02-26 15:41:49,909 INFO: Epoch 17, Train Loss: 0.47469712432586786, Test Loss: 0.4703739050662879, Inverse Test Loss: 4.341466195655592, Train R2: 0.7671079631104614, Test R2: 0.7578330039978027, Inverse Test R2: 0.7578330039978027 
2026-02-26 15:41:53,557 INFO: Epoch 18, Train Loss: 0.4761893338326252, Test Loss: 0.46826155890117993, Inverse Test Loss: 4.3219696030472265, Train R2: 0.766864562124917, Test R2: 0.7602384686470032, Inverse Test R2: 0.7602384090423584 
2026-02-26 15:41:57,306 INFO: Epoch 19, Train Loss: 0.46658101294076804, Test Loss: 0.49883931333368475, Inverse Test Loss: 4.6041966929580225, Train R2: 0.7764383798295801, Test R2: 0.729295015335083, Inverse Test R2: 0.729295015335083 
2026-02-26 15:42:00,963 INFO: Epoch 20, Train Loss: 0.4694020989717859, Test Loss: 0.4458211940346342, Inverse Test Loss: 4.114849083351366, Train R2: 0.770701524886218, Test R2: 0.7833000421524048, Inverse Test R2: 0.78329998254776 
2026-02-26 15:42:00,975 INFO: ---> Saved new best model weights to log/txt_log\logs_2026_2_26_HS_RMSE_melting/AMFormer_simple_MLP_dim32_depth2_heads4_dropout0.4_fusion0.45_0.55_lr0.001_6P_noRC\best_AMFormer_HS_weights.pth 
2026-02-26 15:42:00,975 INFO: Best Epoch 20, Best Test Loss: 0.4458211940346342, Inv Test Loss: 4.114849083351366, Best Test R2: 0.7833000421524048 
2026-02-26 15:42:04,623 INFO: Epoch 21, Train Loss: 0.4659427889820301, Test Loss: 0.4441748478195884, Inverse Test Loss: 4.099653626933242, Train R2: 0.7768673914851565, Test R2: 0.7851362228393555, Inverse Test R2: 0.7851362228393555 
2026-02-26 15:42:04,634 INFO: ---> Saved new best model weights to log/txt_log\logs_2026_2_26_HS_RMSE_melting/AMFormer_simple_MLP_dim32_depth2_heads4_dropout0.4_fusion0.45_0.55_lr0.001_6P_noRC\best_AMFormer_HS_weights.pth 
2026-02-26 15:42:08,030 INFO: Epoch 22, Train Loss: 0.4631557527816657, Test Loss: 0.44568104364655237, Inverse Test Loss: 4.113555510838826, Train R2: 0.7784459342559179, Test R2: 0.7835513949394226, Inverse Test R2: 0.7835513353347778 
2026-02-26 15:42:11,637 INFO: Epoch 23, Train Loss: 0.4574836641550064, Test Loss: 0.44692140546712006, Inverse Test Loss: 4.125003865270903, Train R2: 0.7841056576280883, Test R2: 0.7820529341697693, Inverse Test R2: 0.7820528745651245 
2026-02-26 15:42:15,044 INFO: Epoch 24, Train Loss: 0.4522450105710463, Test Loss: 0.43994796908263006, Inverse Test Loss: 4.060640226710927, Train R2: 0.7873954249150825, Test R2: 0.7876304388046265, Inverse Test R2: 0.7876303791999817 
2026-02-26 15:42:15,055 INFO: ---> Saved new best model weights to log/txt_log\logs_2026_2_26_HS_RMSE_melting/AMFormer_simple_MLP_dim32_depth2_heads4_dropout0.4_fusion0.45_0.55_lr0.001_6P_noRC\best_AMFormer_HS_weights.pth 
2026-02-26 15:42:18,470 INFO: Epoch 25, Train Loss: 0.4554422569997383, Test Loss: 0.4864417350653446, Inverse Test Loss: 4.489769386522697, Train R2: 0.7864903130314567, Test R2: 0.741417646408081, Inverse Test R2: 0.741417646408081 
2026-02-26 15:42:21,963 INFO: Epoch 26, Train Loss: 0.4557986595865452, Test Loss: 0.44051687825809827, Inverse Test Loss: 4.065891229745113, Train R2: 0.7860892257004073, Test R2: 0.7886097431182861, Inverse Test R2: 0.7886097431182861 
2026-02-26 15:42:25,528 INFO: Epoch 27, Train Loss: 0.45067305501663324, Test Loss: 0.4358671813300162, Inverse Test Loss: 4.022975314747203, Train R2: 0.7907470004125075, Test R2: 0.7931275367736816, Inverse Test R2: 0.7931275367736816 
2026-02-26 15:42:25,538 INFO: ---> Saved new best model weights to log/txt_log\logs_2026_2_26_HS_RMSE_melting/AMFormer_simple_MLP_dim32_depth2_heads4_dropout0.4_fusion0.45_0.55_lr0.001_6P_noRC\best_AMFormer_HS_weights.pth 
2026-02-26 15:42:29,018 INFO: Epoch 28, Train Loss: 0.45141032338142395, Test Loss: 0.4537353109229695, Inverse Test Loss: 4.187894980112712, Train R2: 0.7874810524059065, Test R2: 0.776113748550415, Inverse Test R2: 0.776113748550415 
2026-02-26 15:42:32,547 INFO: Epoch 29, Train Loss: 0.4458519997018756, Test Loss: 0.4285655410000772, Inverse Test Loss: 3.9555825464653247, Train R2: 0.794133287487608, Test R2: 0.7993205189704895, Inverse Test R2: 0.7993204593658447 
2026-02-26 15:42:32,559 INFO: ---> Saved new best model weights to log/txt_log\logs_2026_2_26_HS_RMSE_melting/AMFormer_simple_MLP_dim32_depth2_heads4_dropout0.4_fusion0.45_0.55_lr0.001_6P_noRC\best_AMFormer_HS_weights.pth 
2026-02-26 15:42:35,947 INFO: Epoch 30, Train Loss: 0.44748263264244253, Test Loss: 0.4411199390888214, Inverse Test Loss: 4.071457306543986, Train R2: 0.7929487919265573, Test R2: 0.7881925106048584, Inverse Test R2: 0.7881925106048584 
2026-02-26 15:42:35,947 INFO: Best Epoch 29, Best Test Loss: 0.4285655410000772, Inv Test Loss: 3.9555825464653247, Best Test R2: 0.7993205189704895 
2026-02-26 15:42:39,537 INFO: Epoch 31, Train Loss: 0.4364550735688571, Test Loss: 0.4283621844017144, Inverse Test Loss: 3.953705563689723, Train R2: 0.8021661553418997, Test R2: 0.7996175289154053, Inverse Test R2: 0.7996175289154053 
2026-02-26 15:42:39,551 INFO: ---> Saved new best model weights to log/txt_log\logs_2026_2_26_HS_RMSE_melting/AMFormer_simple_MLP_dim32_depth2_heads4_dropout0.4_fusion0.45_0.55_lr0.001_6P_noRC\best_AMFormer_HS_weights.pth 
2026-02-26 15:42:43,107 INFO: Epoch 32, Train Loss: 0.4442198382634105, Test Loss: 0.45014399922255316, Inverse Test Loss: 4.154747818455552, Train R2: 0.7964048457868171, Test R2: 0.779319703578949, Inverse Test R2: 0.779319703578949 
2026-02-26 15:42:46,564 INFO: Epoch 33, Train Loss: 0.4373528812870835, Test Loss: 0.4205855673009699, Inverse Test Loss: 3.881928790699352, Train R2: 0.8015741633646416, Test R2: 0.8071450591087341, Inverse Test R2: 0.8071449995040894 
2026-02-26 15:42:46,575 INFO: ---> Saved new best model weights to log/txt_log\logs_2026_2_26_HS_RMSE_melting/AMFormer_simple_MLP_dim32_depth2_heads4_dropout0.4_fusion0.45_0.55_lr0.001_6P_noRC\best_AMFormer_HS_weights.pth 
2026-02-26 15:42:49,992 INFO: Epoch 34, Train Loss: 0.43803134379964886, Test Loss: 0.42467947710644116, Inverse Test Loss: 3.9197148770997017, Train R2: 0.8013237899903095, Test R2: 0.8024570941925049, Inverse Test R2: 0.8024570941925049 
2026-02-26 15:42:53,495 INFO: Epoch 35, Train Loss: 0.43500835832321283, Test Loss: 0.4482089208834099, Inverse Test Loss: 4.136887333609841, Train R2: 0.8034097430380908, Test R2: 0.7784602046012878, Inverse Test R2: 0.7784601449966431 
2026-02-26 15:42:57,080 INFO: Epoch 36, Train Loss: 0.43320222785978607, Test Loss: 0.44595114119125134, Inverse Test Loss: 4.116048458850745, Train R2: 0.8060060491164526, Test R2: 0.780639111995697, Inverse Test R2: 0.7806390523910522 
2026-02-26 15:43:00,537 INFO: Epoch 37, Train Loss: 0.44121549210765143, Test Loss: 0.4239182336763902, Inverse Test Loss: 3.9126886743487734, Train R2: 0.7992599985816262, Test R2: 0.8030945062637329, Inverse Test R2: 0.8030945062637329 
2026-02-26 15:43:04,121 INFO: Epoch 38, Train Loss: 0.4327040459170486, Test Loss: 0.45471120151606476, Inverse Test Loss: 4.1969022895350605, Train R2: 0.8053716673995509, Test R2: 0.7753223180770874, Inverse Test R2: 0.7753222584724426 
2026-02-26 15:43:07,739 INFO: Epoch 39, Train Loss: 0.43545100883100973, Test Loss: 0.42943097244609485, Inverse Test Loss: 3.9635703852682402, Train R2: 0.8029098610083262, Test R2: 0.7989525198936462, Inverse Test R2: 0.7989525198936462 
2026-02-26 15:43:11,461 INFO: Epoch 40, Train Loss: 0.4311749506177324, Test Loss: 0.42552168802781537, Inverse Test Loss: 3.9274883848248106, Train R2: 0.8085341584501844, Test R2: 0.8009980916976929, Inverse Test R2: 0.8009980916976929 
2026-02-26 15:43:11,462 INFO: Best Epoch 33, Best Test Loss: 0.4205855673009699, Inv Test Loss: 3.881928790699352, Best Test R2: 0.8071450591087341 
2026-02-26 15:43:15,059 INFO: Epoch 41, Train Loss: 0.4309124465693127, Test Loss: 0.4197405089031566, Inverse Test Loss: 3.8741290641553476, Train R2: 0.8081060675057498, Test R2: 0.8077689409255981, Inverse Test R2: 0.8077689409255981 
2026-02-26 15:43:15,071 INFO: ---> Saved new best model weights to log/txt_log\logs_2026_2_26_HS_RMSE_melting/AMFormer_simple_MLP_dim32_depth2_heads4_dropout0.4_fusion0.45_0.55_lr0.001_6P_noRC\best_AMFormer_HS_weights.pth 
2026-02-26 15:43:18,633 INFO: Epoch 42, Train Loss: 0.4246572033699715, Test Loss: 0.424014409383138, Inverse Test Loss: 3.913576364517212, Train R2: 0.8121674282081199, Test R2: 0.8034105896949768, Inverse Test R2: 0.803410530090332 
2026-02-26 15:43:22,148 INFO: Epoch 43, Train Loss: 0.42505081991354626, Test Loss: 0.4373087810747551, Inverse Test Loss: 4.036281022158536, Train R2: 0.8121506964618509, Test R2: 0.7906195521354675, Inverse Test R2: 0.7906194925308228 
2026-02-26 15:43:25,743 INFO: Epoch 44, Train Loss: 0.4294658705140605, Test Loss: 0.4589338754162644, Inverse Test Loss: 4.235876748056123, Train R2: 0.8081881417469545, Test R2: 0.7694910764694214, Inverse Test R2: 0.7694910168647766 
2026-02-26 15:43:29,156 INFO: Epoch 45, Train Loss: 0.42615235235654947, Test Loss: 0.4401986842805689, Inverse Test Loss: 4.062954346338908, Train R2: 0.8111866802880259, Test R2: 0.7881956100463867, Inverse Test R2: 0.7881956100463867 
2026-02-26 15:43:32,758 INFO: Epoch 46, Train Loss: 0.4251117040262078, Test Loss: 0.43534750107562903, Inverse Test Loss: 4.018178780873616, Train R2: 0.812131327661601, Test R2: 0.7925906181335449, Inverse Test R2: 0.7925905585289001 
2026-02-26 15:43:36,320 INFO: Epoch 47, Train Loss: 0.4203813737540534, Test Loss: 0.42281437010476086, Inverse Test Loss: 3.902500260959972, Train R2: 0.8169720805052555, Test R2: 0.8056204319000244, Inverse Test R2: 0.8056204319000244 
2026-02-26 15:43:40,008 INFO: Epoch 48, Train Loss: 0.42130693906184397, Test Loss: 0.43078478719248914, Inverse Test Loss: 3.9760658090764824, Train R2: 0.8157733981356476, Test R2: 0.7982834577560425, Inverse Test R2: 0.7982834577560425 
2026-02-26 15:43:43,607 INFO: Epoch 49, Train Loss: 0.417882370226311, Test Loss: 0.4178643316933603, Inverse Test Loss: 3.8568122748172646, Train R2: 0.818631984519236, Test R2: 0.8087425827980042, Inverse Test R2: 0.8087425827980042 
2026-02-26 15:43:43,617 INFO: ---> Saved new best model weights to log/txt_log\logs_2026_2_26_HS_RMSE_melting/AMFormer_simple_MLP_dim32_depth2_heads4_dropout0.4_fusion0.45_0.55_lr0.001_6P_noRC\best_AMFormer_HS_weights.pth 
2026-02-26 15:43:47,096 INFO: Epoch 50, Train Loss: 0.41144722745274054, Test Loss: 0.4274822220657811, Inverse Test Loss: 3.9455837336453525, Train R2: 0.8249897893631097, Test R2: 0.8011297583580017, Inverse Test R2: 0.8011297583580017 
2026-02-26 15:43:47,096 INFO: Best Epoch 49, Best Test Loss: 0.4178643316933603, Inv Test Loss: 3.8568122748172646, Best Test R2: 0.8087425827980042 
2026-02-26 15:43:50,528 INFO: Epoch 51, Train Loss: 0.41537033247225214, Test Loss: 0.4207116121595556, Inverse Test Loss: 3.8830922372413403, Train R2: 0.8203989732446093, Test R2: 0.8071447014808655, Inverse Test R2: 0.8071447014808655 
2026-02-26 15:43:54,145 INFO: Epoch 52, Train Loss: 0.412778663815874, Test Loss: 0.4105244116349654, Inverse Test Loss: 3.789066199100379, Train R2: 0.8222730773867983, Test R2: 0.8168279528617859, Inverse Test R2: 0.8168279528617859 
2026-02-26 15:43:54,154 INFO: ---> Saved new best model weights to log/txt_log\logs_2026_2_26_HS_RMSE_melting/AMFormer_simple_MLP_dim32_depth2_heads4_dropout0.4_fusion0.45_0.55_lr0.001_6P_noRC\best_AMFormer_HS_weights.pth 
2026-02-26 15:43:57,461 INFO: Epoch 53, Train Loss: 0.4155626988997965, Test Loss: 0.4189495588793899, Inverse Test Loss: 3.8668287522865064, Train R2: 0.8201504977363528, Test R2: 0.809353768825531, Inverse Test R2: 0.809353768825531 
2026-02-26 15:44:00,769 INFO: Epoch 54, Train Loss: 0.41152858305158035, Test Loss: 0.41615333250074676, Inverse Test Loss: 3.8410201289437036, Train R2: 0.8228882605379279, Test R2: 0.8102409839630127, Inverse Test R2: 0.8102409243583679 
2026-02-26 15:44:04,187 INFO: Epoch 55, Train Loss: 0.4153984676707875, Test Loss: 0.43593773607051733, Inverse Test Loss: 4.023626587607644, Train R2: 0.8207002092491497, Test R2: 0.7903183698654175, Inverse Test R2: 0.7903183698654175 
2026-02-26 15:44:07,496 INFO: Epoch 56, Train Loss: 0.414475678042932, Test Loss: 0.4220064544316494, Inverse Test Loss: 3.8950433514334937, Train R2: 0.8227132762020285, Test R2: 0.8061614632606506, Inverse Test R2: 0.8061614632606506 
2026-02-26 15:44:10,772 INFO: Epoch 57, Train Loss: 0.41104817841992236, Test Loss: 0.43422143748312286, Inverse Test Loss: 4.007785479227702, Train R2: 0.8240814231561892, Test R2: 0.7951517105102539, Inverse Test R2: 0.7951517105102539 
2026-02-26 15:44:14,060 INFO: Epoch 58, Train Loss: 0.4127586687153036, Test Loss: 0.4447822823668971, Inverse Test Loss: 4.105260148192897, Train R2: 0.8226278446840517, Test R2: 0.7840428948402405, Inverse Test R2: 0.7840428352355957 
2026-02-26 15:44:17,335 INFO: Epoch 59, Train Loss: 0.41712789102034137, Test Loss: 0.4319326128020431, Inverse Test Loss: 3.9866600397861367, Train R2: 0.8190507685596292, Test R2: 0.7958444356918335, Inverse Test R2: 0.7958444356918335 
2026-02-26 15:44:20,632 INFO: Epoch 60, Train Loss: 0.41039064255627716, Test Loss: 0.4242364231384162, Inverse Test Loss: 3.915625507181341, Train R2: 0.8253009816010793, Test R2: 0.8049424886703491, Inverse Test R2: 0.8049424886703491 
2026-02-26 15:44:20,632 INFO: Best Epoch 52, Best Test Loss: 0.4105244116349654, Inv Test Loss: 3.789066199100379, Best Test R2: 0.8168279528617859 
2026-02-26 15:44:23,918 INFO: Epoch 61, Train Loss: 0.4039469508059097, Test Loss: 0.43612563700386975, Inverse Test Loss: 4.025360866026445, Train R2: 0.8302526659134662, Test R2: 0.7908586859703064, Inverse Test R2: 0.7908586263656616 
2026-02-26 15:44:27,206 INFO: Epoch 62, Train Loss: 0.40515603734688327, Test Loss: 0.42692379427678656, Inverse Test Loss: 3.9404295430038916, Train R2: 0.8303071549444487, Test R2: 0.8025486469268799, Inverse Test R2: 0.8025486469268799 
2026-02-26 15:44:30,489 INFO: Epoch 63, Train Loss: 0.402720423471747, Test Loss: 0.42254879528825934, Inverse Test Loss: 3.9000490361993965, Train R2: 0.8324983752135074, Test R2: 0.8051513433456421, Inverse Test R2: 0.8051513433456421 
2026-02-26 15:44:33,783 INFO: Epoch 64, Train Loss: 0.40607818216085434, Test Loss: 0.44296172803098505, Inverse Test Loss: 4.0884568185517285, Train R2: 0.8281837525692853, Test R2: 0.7850967049598694, Inverse Test R2: 0.7850966453552246 
2026-02-26 15:44:37,061 INFO: Epoch 65, Train Loss: 0.4012633510159724, Test Loss: 0.4250523899540757, Inverse Test Loss: 3.9231567599556665, Train R2: 0.8314045956640532, Test R2: 0.8034400343894958, Inverse Test R2: 0.8034399747848511 
2026-02-26 15:44:40,351 INFO: Epoch 66, Train Loss: 0.4059340071045991, Test Loss: 0.4394690791765849, Inverse Test Loss: 4.056220256921017, Train R2: 0.8281298320401799, Test R2: 0.7902921438217163, Inverse Test R2: 0.7902921438217163 
2026-02-26 15:44:43,651 INFO: Epoch 67, Train Loss: 0.40714068056055996, Test Loss: 0.4391956428686778, Inverse Test Loss: 4.0536965095635615, Train R2: 0.8279164392839778, Test R2: 0.7868580222129822, Inverse Test R2: 0.7868579626083374 
2026-02-26 15:44:46,978 INFO: Epoch 68, Train Loss: 0.40723109719428147, Test Loss: 0.41937781463969837, Inverse Test Loss: 3.870781472235015, Train R2: 0.8269143840580275, Test R2: 0.8088482022285461, Inverse Test R2: 0.8088482022285461 
2026-02-26 15:44:50,289 INFO: Epoch 69, Train Loss: 0.4000715568210139, Test Loss: 0.43473754687742755, Inverse Test Loss: 4.012549031864513, Train R2: 0.8338666151870381, Test R2: 0.7934538722038269, Inverse Test R2: 0.7934538722038269 
2026-02-26 15:44:53,583 INFO: Epoch 70, Train Loss: 0.4036787784460819, Test Loss: 0.41568082661339734, Inverse Test Loss: 3.836658896821918, Train R2: 0.8313339275844169, Test R2: 0.8106529116630554, Inverse Test R2: 0.8106529116630554 
2026-02-26 15:44:53,583 INFO: Best Epoch 52, Best Test Loss: 0.4105244116349654, Inv Test Loss: 3.789066199100379, Best Test R2: 0.8168279528617859 
2026-02-26 15:44:56,889 INFO: Epoch 71, Train Loss: 0.4018082054275455, Test Loss: 0.42749308275453973, Inverse Test Loss: 3.9456838622237695, Train R2: 0.8314457671208815, Test R2: 0.8000286817550659, Inverse Test R2: 0.8000286817550659 
2026-02-26 15:45:00,172 INFO: Epoch 72, Train Loss: 0.4012929939410903, Test Loss: 0.41640686898520496, Inverse Test Loss: 3.8433602217471963, Train R2: 0.8323760569998713, Test R2: 0.8109925985336304, Inverse Test R2: 0.8109925985336304 
2026-02-26 15:45:03,475 INFO: Epoch 73, Train Loss: 0.3938777509963874, Test Loss: 0.4210364881790046, Inverse Test Loss: 3.8860907410130356, Train R2: 0.8387910728201722, Test R2: 0.8060141801834106, Inverse Test R2: 0.8060141205787659 
2026-02-26 15:45:06,786 INFO: Epoch 74, Train Loss: 0.3946289358039697, Test Loss: 0.4308064616087711, Inverse Test Loss: 3.9762658205899326, Train R2: 0.8370107741970004, Test R2: 0.7944750189781189, Inverse Test R2: 0.7944750189781189 
2026-02-26 15:45:10,177 INFO: Epoch 75, Train Loss: 0.3898984143002467, Test Loss: 0.41822690223202563, Inverse Test Loss: 3.860158754117561, Train R2: 0.8405526194608572, Test R2: 0.8075073957443237, Inverse Test R2: 0.8075073957443237 
2026-02-26 15:45:13,524 INFO: Epoch 76, Train Loss: 0.38528902286832983, Test Loss: 0.43767183567538404, Inverse Test Loss: 4.039632002512614, Train R2: 0.8468002848552935, Test R2: 0.7886132001876831, Inverse Test R2: 0.7886132001876831 
2026-02-26 15:45:16,855 INFO: Epoch 77, Train Loss: 0.38908692584796384, Test Loss: 0.41545801812952216, Inverse Test Loss: 3.8346025076779453, Train R2: 0.8420856315078158, Test R2: 0.811140775680542, Inverse Test R2: 0.8111407160758972 
2026-02-26 15:45:20,156 INFO: Epoch 78, Train Loss: 0.3911591306554549, Test Loss: 0.43066471815109253, Inverse Test Loss: 3.9749575889471807, Train R2: 0.8409745535164168, Test R2: 0.7941396236419678, Inverse Test R2: 0.7941396236419678 
2026-02-26 15:45:23,449 INFO: Epoch 79, Train Loss: 0.3947721857464675, Test Loss: 0.43605695710037695, Inverse Test Loss: 4.024726925474225, Train R2: 0.8387367802135872, Test R2: 0.7914462685585022, Inverse Test R2: 0.7914462089538574 
2026-02-26 15:45:26,766 INFO: Epoch 80, Train Loss: 0.4021758884191513, Test Loss: 0.42965591676307446, Inverse Test Loss: 3.9656465487046675, Train R2: 0.8319638366952087, Test R2: 0.7995826601982117, Inverse Test R2: 0.7995826601982117 
2026-02-26 15:45:26,766 INFO: Best Epoch 52, Best Test Loss: 0.4105244116349654, Inv Test Loss: 3.789066199100379, Best Test R2: 0.8168279528617859 
2026-02-26 15:45:30,157 INFO: Epoch 81, Train Loss: 0.3897914486852559, Test Loss: 0.4194287784171827, Inverse Test Loss: 3.8712519226652202, Train R2: 0.8416984198671399, Test R2: 0.8081456422805786, Inverse Test R2: 0.8081456422805786 
2026-02-26 15:45:33,524 INFO: Epoch 82, Train Loss: 0.3943734828269843, Test Loss: 0.43519190315044287, Inverse Test Loss: 4.016742670174801, Train R2: 0.8373722777222142, Test R2: 0.7920681834220886, Inverse Test R2: 0.7920681834220886 
2026-02-26 15:45:36,861 INFO: Epoch 83, Train Loss: 0.3838992046587395, Test Loss: 0.42527183348482306, Inverse Test Loss: 3.9251822847308535, Train R2: 0.8468783678430499, Test R2: 0.8015041947364807, Inverse Test R2: 0.8015041947364807 
2026-02-26 15:45:40,168 INFO: Epoch 84, Train Loss: 0.38065550623066496, Test Loss: 0.4275510979421211, Inverse Test Loss: 3.9462193792516533, Train R2: 0.8479848057031631, Test R2: 0.7992570400238037, Inverse Test R2: 0.7992570996284485 
2026-02-26 15:45:43,469 INFO: Epoch 85, Train Loss: 0.3891504905892141, Test Loss: 0.427027679754026, Inverse Test Loss: 3.9413883686065674, Train R2: 0.8424370776523243, Test R2: 0.7999188303947449, Inverse Test R2: 0.7999188303947449 
2026-02-26 15:45:46,885 INFO: Epoch 86, Train Loss: 0.39268839991453924, Test Loss: 0.44821236260009534, Inverse Test Loss: 4.136919137203332, Train R2: 0.8389602971799446, Test R2: 0.779930591583252, Inverse Test R2: 0.7799305319786072 
2026-02-26 15:45:50,205 INFO: Epoch 87, Train Loss: 0.3831605340043704, Test Loss: 0.4220579916780645, Inverse Test Loss: 3.8955190181732178, Train R2: 0.8456181170362415, Test R2: 0.8048796057701111, Inverse Test R2: 0.8048796057701111 
2026-02-26 15:45:53,517 INFO: Epoch 88, Train Loss: 0.38119653951038013, Test Loss: 0.4382967172246991, Inverse Test Loss: 4.045399521336411, Train R2: 0.8488252609968185, Test R2: 0.7883703112602234, Inverse Test R2: 0.7883703112602234 
2026-02-26 15:45:56,832 INFO: Epoch 89, Train Loss: 0.38942705072236783, Test Loss: 0.4236025990861835, Inverse Test Loss: 3.909775488304369, Train R2: 0.8416766939741193, Test R2: 0.8043349385261536, Inverse Test R2: 0.8043348789215088 
2026-02-26 15:46:00,131 INFO: Epoch 90, Train Loss: 0.38007162285573554, Test Loss: 0.44973632873910846, Inverse Test Loss: 4.150985110889781, Train R2: 0.8490742968790459, Test R2: 0.7745057344436646, Inverse Test R2: 0.7745057344436646 
2026-02-26 15:46:00,131 INFO: Best Epoch 52, Best Test Loss: 0.4105244116349654, Inv Test Loss: 3.789066199100379, Best Test R2: 0.8168279528617859 
2026-02-26 15:46:03,434 INFO: Epoch 91, Train Loss: 0.3888514014807614, Test Loss: 0.4507698543143995, Inverse Test Loss: 4.160524389960549, Train R2: 0.8425214742169236, Test R2: 0.7748157382011414, Inverse Test R2: 0.7748157382011414 
2026-02-26 15:46:06,740 INFO: Epoch 92, Train Loss: 0.3797425650285952, Test Loss: 0.4494982741095803, Inverse Test Loss: 4.148787939187252, Train R2: 0.8489389672423854, Test R2: 0.7748969793319702, Inverse Test R2: 0.7748969793319702 
2026-02-26 15:46:10,325 INFO: Epoch 93, Train Loss: 0.383389925866416, Test Loss: 0.4241812400745623, Inverse Test Loss: 3.91511624509638, Train R2: 0.8439142514358867, Test R2: 0.8005272150039673, Inverse Test R2: 0.8005272150039673 
2026-02-26 15:46:13,797 INFO: Epoch 94, Train Loss: 0.37811067610075977, Test Loss: 0.4268203495126782, Inverse Test Loss: 3.9394747054938115, Train R2: 0.8508403883738951, Test R2: 0.7988674640655518, Inverse Test R2: 0.7988674640655518 
2026-02-26 15:46:17,403 INFO: Epoch 95, Train Loss: 0.3811769456122861, Test Loss: 0.43238205259496515, Inverse Test Loss: 3.9908083496671733, Train R2: 0.8482098326538549, Test R2: 0.7933240532875061, Inverse Test R2: 0.7933240532875061 
2026-02-26 15:46:20,833 INFO: Epoch 96, Train Loss: 0.37770739728302666, Test Loss: 0.43280311877077277, Inverse Test Loss: 3.994694623080167, Train R2: 0.8490846716996395, Test R2: 0.7948014140129089, Inverse Test R2: 0.7948013544082642 
2026-02-26 15:46:24,426 INFO: Epoch 97, Train Loss: 0.37250028482892295, Test Loss: 0.4295724458766706, Inverse Test Loss: 3.964876160477147, Train R2: 0.8546581196062493, Test R2: 0.7951040863990784, Inverse Test R2: 0.7951040863990784 
2026-02-26 15:46:28,022 INFO: Epoch 98, Train Loss: 0.37485019952961895, Test Loss: 0.42658505204952124, Inverse Test Loss: 3.937303001230413, Train R2: 0.8531099345647928, Test R2: 0.8010328412055969, Inverse Test R2: 0.8010328412055969 
2026-02-26 15:46:31,632 INFO: Epoch 99, Train Loss: 0.3786878371329019, Test Loss: 0.4279464401982047, Inverse Test Loss: 3.949868339480776, Train R2: 0.8514826555143703, Test R2: 0.800331711769104, Inverse Test R2: 0.800331711769104 
2026-02-26 15:46:35,142 INFO: Epoch 100, Train Loss: 0.3843760079506672, Test Loss: 0.4216719630992774, Inverse Test Loss: 3.891956076477513, Train R2: 0.8444999153866912, Test R2: 0.8071205615997314, Inverse Test R2: 0.8071205615997314 
2026-02-26 15:46:35,142 INFO: Best Epoch 52, Best Test Loss: 0.4105244116349654, Inv Test Loss: 3.789066199100379, Best Test R2: 0.8168279528617859 
2026-02-26 15:46:38,839 INFO: Epoch 101, Train Loss: 0.36648679355328734, Test Loss: 0.41866614963069104, Inverse Test Loss: 3.8642129681327124, Train R2: 0.8597382329630129, Test R2: 0.8066315650939941, Inverse Test R2: 0.8066315650939941 
2026-02-26 15:46:42,399 INFO: Epoch 102, Train Loss: 0.37370779342723615, Test Loss: 0.42431433273084235, Inverse Test Loss: 3.9163446281895493, Train R2: 0.854759261915178, Test R2: 0.803558349609375, Inverse Test R2: 0.803558349609375 
2026-02-26 15:46:45,870 INFO: Epoch 103, Train Loss: 0.37172320078719745, Test Loss: 0.425570755293875, Inverse Test Loss: 3.9279412428538003, Train R2: 0.8548476420568697, Test R2: 0.8002523183822632, Inverse Test R2: 0.8002523183822632 
2026-02-26 15:46:49,489 INFO: Epoch 104, Train Loss: 0.36194327801014436, Test Loss: 0.424596599557183, Inverse Test Loss: 3.9189499580498897, Train R2: 0.8625242452729832, Test R2: 0.8010114431381226, Inverse Test R2: 0.8010114431381226 
2026-02-26 15:46:52,975 INFO: Epoch 105, Train Loss: 0.36271751085014053, Test Loss: 0.4299774133797848, Inverse Test Loss: 3.968613776293668, Train R2: 0.8620233608014656, Test R2: 0.7963613271713257, Inverse Test R2: 0.7963612675666809 
2026-02-26 15:46:56,833 INFO: Epoch 106, Train Loss: 0.36667404797944153, Test Loss: 0.4302691465074366, Inverse Test Loss: 3.9713065913229277, Train R2: 0.8594145639376207, Test R2: 0.7945549488067627, Inverse Test R2: 0.7945549488067627 
2026-02-26 15:47:00,297 INFO: Epoch 107, Train Loss: 0.3634077635678378, Test Loss: 0.4431186191963427, Inverse Test Loss: 4.089904850179499, Train R2: 0.8623426750753865, Test R2: 0.7853097915649414, Inverse Test R2: 0.7853097915649414 
2026-02-26 15:47:03,567 INFO: Epoch 108, Train Loss: 0.3672616897207318, Test Loss: 0.4269870835723299, Inverse Test Loss: 3.9410136612978848, Train R2: 0.8591332909735766, Test R2: 0.8004833459854126, Inverse Test R2: 0.8004832863807678 
2026-02-26 15:47:06,962 INFO: Epoch 109, Train Loss: 0.36592981366045546, Test Loss: 0.44751377268271014, Inverse Test Loss: 4.130471337925304, Train R2: 0.8586675055099257, Test R2: 0.779223620891571, Inverse Test R2: 0.779223620891571 
2026-02-26 15:47:10,293 INFO: Epoch 110, Train Loss: 0.36786920046716026, Test Loss: 0.42982345006682654, Inverse Test Loss: 3.9671928304614443, Train R2: 0.8575688605055665, Test R2: 0.7972882986068726, Inverse Test R2: 0.7972882986068726 
2026-02-26 15:47:10,293 INFO: Best Epoch 52, Best Test Loss: 0.4105244116349654, Inv Test Loss: 3.789066199100379, Best Test R2: 0.8168279528617859 
2026-02-26 15:47:13,632 INFO: Epoch 111, Train Loss: 0.3605587634850632, Test Loss: 0.43093748435829626, Inverse Test Loss: 3.9774750796231357, Train R2: 0.8636748772678953, Test R2: 0.7972328066825867, Inverse Test R2: 0.7972328066825867 
2026-02-26 15:47:17,002 INFO: Epoch 112, Train Loss: 0.3608386428518729, Test Loss: 0.43275510000460077, Inverse Test Loss: 3.994251402941617, Train R2: 0.864117069677873, Test R2: 0.7910030484199524, Inverse Test R2: 0.7910030484199524 
2026-02-26 15:47:20,591 INFO: Epoch 113, Train Loss: 0.3579161161500396, Test Loss: 0.42652876088113495, Inverse Test Loss: 3.9367834943713564, Train R2: 0.8648732589049772, Test R2: 0.8011261224746704, Inverse Test R2: 0.8011260628700256 
2026-02-26 15:47:24,157 INFO: Epoch 114, Train Loss: 0.36043953545617335, Test Loss: 0.419203135100278, Inverse Test Loss: 3.8691692713535195, Train R2: 0.8637589238809816, Test R2: 0.8064420223236084, Inverse Test R2: 0.8064420223236084 
2026-02-26 15:47:27,735 INFO: Epoch 115, Train Loss: 0.35732875775658723, Test Loss: 0.4260615408420563, Inverse Test Loss: 3.932471123608676, Train R2: 0.8644270774993029, Test R2: 0.8004831075668335, Inverse Test R2: 0.8004831075668335 
2026-02-26 15:47:31,369 INFO: Epoch 116, Train Loss: 0.35718228882460884, Test Loss: 0.44126264796112524, Inverse Test Loss: 4.072774561968717, Train R2: 0.8654840854984341, Test R2: 0.7843356728553772, Inverse Test R2: 0.7843356132507324 
2026-02-26 15:47:34,794 INFO: Epoch 117, Train Loss: 0.35603065517815674, Test Loss: 0.43610879237001593, Inverse Test Loss: 4.025205388213649, Train R2: 0.8659629469568079, Test R2: 0.7917309999465942, Inverse Test R2: 0.7917309999465942 
2026-02-26 15:47:38,067 INFO: Epoch 118, Train Loss: 0.3623071657211492, Test Loss: 0.43911148743195966, Inverse Test Loss: 4.052919741832849, Train R2: 0.8616522401571274, Test R2: 0.785943329334259, Inverse Test R2: 0.785943329334259 
2026-02-26 15:47:41,660 INFO: Epoch 119, Train Loss: 0.3590668023309924, Test Loss: 0.45010880358291394, Inverse Test Loss: 4.1544230490019824, Train R2: 0.8647057648861047, Test R2: 0.7704104781150818, Inverse Test R2: 0.7704104781150818 
2026-02-26 15:47:45,252 INFO: Epoch 120, Train Loss: 0.35887669613867096, Test Loss: 0.42861276594075287, Inverse Test Loss: 3.9560183467287007, Train R2: 0.8618677859053467, Test R2: 0.7960458397865295, Inverse Test R2: 0.7960458993911743 
2026-02-26 15:47:45,252 INFO: Best Epoch 52, Best Test Loss: 0.4105244116349654, Inv Test Loss: 3.789066199100379, Best Test R2: 0.8168279528617859 
2026-02-26 15:47:48,793 INFO: Epoch 121, Train Loss: 0.35969236955949757, Test Loss: 0.42548929380648065, Inverse Test Loss: 3.927189422376228, Train R2: 0.86455766359965, Test R2: 0.8002652525901794, Inverse Test R2: 0.8002652525901794 
2026-02-26 15:47:52,310 INFO: Epoch 122, Train Loss: 0.3574613497564287, Test Loss: 0.4445088541868961, Inverse Test Loss: 4.10273645140908, Train R2: 0.8656725811235833, Test R2: 0.7822408080101013, Inverse Test R2: 0.7822408080101013 
2026-02-26 15:47:55,918 INFO: Epoch 123, Train Loss: 0.3561812411203529, Test Loss: 0.44910950281403283, Inverse Test Loss: 4.145199696222941, Train R2: 0.8661313458825602, Test R2: 0.774810791015625, Inverse Test R2: 0.7748107314109802 
2026-02-26 15:47:59,519 INFO: Epoch 124, Train Loss: 0.34617460236856434, Test Loss: 0.43309138760422217, Inverse Test Loss: 3.9973552588260537, Train R2: 0.8741184820731481, Test R2: 0.793662965297699, Inverse Test R2: 0.793662965297699 
2026-02-26 15:48:03,051 INFO: Epoch 125, Train Loss: 0.3543541257580121, Test Loss: 0.43184300354032806, Inverse Test Loss: 3.985832879037568, Train R2: 0.8664512119509957, Test R2: 0.7917510867118835, Inverse Test R2: 0.7917510867118835 
2026-02-26 15:48:06,505 INFO: Epoch 126, Train Loss: 0.34848538345911284, Test Loss: 0.4295068925077265, Inverse Test Loss: 3.9642710252241655, Train R2: 0.8717943610567035, Test R2: 0.7958332300186157, Inverse Test R2: 0.7958332300186157 
2026-02-26 15:48:10,150 INFO: Epoch 127, Train Loss: 0.35092405794244824, Test Loss: 0.4318578748991995, Inverse Test Loss: 3.98597011421666, Train R2: 0.870691719380292, Test R2: 0.7945107817649841, Inverse Test R2: 0.7945107221603394 
2026-02-26 15:48:13,661 INFO: Epoch 128, Train Loss: 0.35061577978459274, Test Loss: 0.4363426855116179, Inverse Test Loss: 4.027364167300138, Train R2: 0.871310010100856, Test R2: 0.791594922542572, Inverse Test R2: 0.791594922542572 
2026-02-26 15:48:17,210 INFO: Epoch 129, Train Loss: 0.3573173576909484, Test Loss: 0.43332907738107623, Inverse Test Loss: 3.9995491071180864, Train R2: 0.8654298570119974, Test R2: 0.7919536232948303, Inverse Test R2: 0.7919535636901855 
2026-02-26 15:48:20,737 INFO: Epoch 130, Train Loss: 0.35031210190870543, Test Loss: 0.4347341096762455, Inverse Test Loss: 4.0125173583175195, Train R2: 0.8711852964126703, Test R2: 0.7916920185089111, Inverse Test R2: 0.7916920185089111 
2026-02-26 15:48:20,738 INFO: Best Epoch 52, Best Test Loss: 0.4105244116349654, Inv Test Loss: 3.789066199100379, Best Test R2: 0.8168279528617859 
2026-02-26 15:48:24,251 INFO: Epoch 131, Train Loss: 0.3495564922464616, Test Loss: 0.42288815252708667, Inverse Test Loss: 3.903181314468384, Train R2: 0.8716381910172376, Test R2: 0.8023437261581421, Inverse Test R2: 0.8023437261581421 
2026-02-26 15:48:27,739 INFO: Epoch 132, Train Loss: 0.3456512935685389, Test Loss: 0.448213717251113, Inverse Test Loss: 4.136931672240749, Train R2: 0.8735895960619955, Test R2: 0.7785026431083679, Inverse Test R2: 0.7785025835037231 
2026-02-26 15:48:31,315 INFO: Epoch 133, Train Loss: 0.3419876243128921, Test Loss: 0.4350761500271884, Inverse Test Loss: 4.015674323746652, Train R2: 0.8774967753525936, Test R2: 0.7915686368942261, Inverse Test R2: 0.7915686368942261 
2026-02-26 15:48:34,819 INFO: Epoch 134, Train Loss: 0.34948380404349527, Test Loss: 0.436520592732863, Inverse Test Loss: 4.029006286100908, Train R2: 0.8715196703419541, Test R2: 0.7882315516471863, Inverse Test R2: 0.7882315516471863 
2026-02-26 15:48:38,280 INFO: Epoch 135, Train Loss: 0.34343768362746097, Test Loss: 0.44428266991268506, Inverse Test Loss: 4.100648807756828, Train R2: 0.8771133382212032, Test R2: 0.7790577411651611, Inverse Test R2: 0.7790577411651611 
2026-02-26 15:48:41,961 INFO: Epoch 136, Train Loss: 0.3491719120153875, Test Loss: 0.4581383629278703, Inverse Test Loss: 4.228534366145278, Train R2: 0.8728731658422586, Test R2: 0.767003059387207, Inverse Test R2: 0.767003059387207 
2026-02-26 15:48:45,404 INFO: Epoch 137, Train Loss: 0.3518131440787604, Test Loss: 0.43272443973656854, Inverse Test Loss: 3.993968465111472, Train R2: 0.8707739485032631, Test R2: 0.7912147045135498, Inverse Test R2: 0.7912147045135498 
2026-02-26 15:48:48,918 INFO: Epoch 138, Train Loss: 0.342281273142858, Test Loss: 0.43454534086314117, Inverse Test Loss: 4.01077508203911, Train R2: 0.8764823729341681, Test R2: 0.7896009087562561, Inverse Test R2: 0.7896008491516113 
2026-02-26 15:48:52,411 INFO: Epoch 139, Train Loss: 0.3357433879917318, Test Loss: 0.42938694628802215, Inverse Test Loss: 3.963163961063732, Train R2: 0.8817643279379065, Test R2: 0.7990379333496094, Inverse Test R2: 0.7990379333496094 
2026-02-26 15:48:55,976 INFO: Epoch 140, Train Loss: 0.3369594310043436, Test Loss: 0.4438446651805531, Inverse Test Loss: 4.096606001709446, Train R2: 0.8799721065795783, Test R2: 0.7814080715179443, Inverse Test R2: 0.7814080715179443 
2026-02-26 15:48:55,976 INFO: Best Epoch 52, Best Test Loss: 0.4105244116349654, Inv Test Loss: 3.789066199100379, Best Test R2: 0.8168279528617859 
2026-02-26 15:48:59,475 INFO: Epoch 141, Train Loss: 0.34433388032696466, Test Loss: 0.4247150484359626, Inverse Test Loss: 3.920043150583903, Train R2: 0.8745870969512246, Test R2: 0.8025749921798706, Inverse Test R2: 0.8025749921798706 
2026-02-26 15:49:02,950 INFO: Epoch 142, Train Loss: 0.34419507386557985, Test Loss: 0.4374233375896107, Inverse Test Loss: 4.03733839410724, Train R2: 0.8754025137785709, Test R2: 0.7896772623062134, Inverse Test R2: 0.7896772027015686 
2026-02-26 15:49:06,435 INFO: Epoch 143, Train Loss: 0.3357109592267961, Test Loss: 0.42451740033698804, Inverse Test Loss: 3.9182189522367534, Train R2: 0.8813880781332651, Test R2: 0.802864670753479, Inverse Test R2: 0.802864670753479 
2026-02-26 15:49:10,026 INFO: Epoch 144, Train Loss: 0.3328392243746555, Test Loss: 0.4450886972022779, Inverse Test Loss: 4.1080882838278105, Train R2: 0.8830113338701653, Test R2: 0.7802944183349609, Inverse Test R2: 0.7802944183349609 
2026-02-26 15:49:13,515 INFO: Epoch 145, Train Loss: 0.3341848828801603, Test Loss: 0.4309144083297614, Inverse Test Loss: 3.9772621646071924, Train R2: 0.8829136432120295, Test R2: 0.7942293882369995, Inverse Test R2: 0.7942293882369995 
2026-02-26 15:49:17,014 INFO: Epoch 146, Train Loss: 0.33068905048298114, Test Loss: 0.43806905818708014, Inverse Test Loss: 4.043298316724373, Train R2: 0.883238875504696, Test R2: 0.7881281971931458, Inverse Test R2: 0.7881281971931458 
2026-02-26 15:49:20,500 INFO: Epoch 147, Train Loss: 0.32998150530638115, Test Loss: 0.4392835055336808, Inverse Test Loss: 4.054507378375892, Train R2: 0.8851330831195369, Test R2: 0.7871882319450378, Inverse Test R2: 0.7871882319450378 
2026-02-26 15:49:24,070 INFO: Epoch 148, Train Loss: 0.3280281745123141, Test Loss: 0.4424701775565292, Inverse Test Loss: 4.0839198285883125, Train R2: 0.8870419439944354, Test R2: 0.7826387286186218, Inverse Test R2: 0.7826387286186218 
2026-02-26 15:49:27,360 INFO: Epoch 149, Train Loss: 0.32403641487612866, Test Loss: 0.45916403513966186, Inverse Test Loss: 4.238001093719944, Train R2: 0.8899721399401174, Test R2: 0.7612528204917908, Inverse Test R2: 0.761252760887146 
2026-02-26 15:49:30,663 INFO: Epoch 150, Train Loss: 0.32957675127368985, Test Loss: 0.4402876144105738, Inverse Test Loss: 4.0637751853827275, Train R2: 0.8859485270399036, Test R2: 0.7868456244468689, Inverse Test R2: 0.7868456244468689 
2026-02-26 15:49:30,663 INFO: Best Epoch 52, Best Test Loss: 0.4105244116349654, Inv Test Loss: 3.789066199100379, Best Test R2: 0.8168279528617859 
