2026-02-26 14:33:36,957 INFO: log_path:logs_2026_2_26_HS_RMSE/simple_KAN_lr0.001_6P 
2026-02-26 14:33:36,957 INFO: Model:namespace(depth=2, name='simple_KAN') 
2026-02-26 14:33:36,957 INFO: lr:0.001, loss:RMSE 
2026-02-26 14:33:36,957 INFO: Dataset:HS, Target:['metal6_Peak'] 
2026-02-26 14:33:36,957 INFO: ------Begin Training Model------ 
2026-02-26 14:33:39,347 INFO: Epoch 1, Train Loss: 0.8273538233655872, Test Loss: 0.7077903819806648, Inverse Test Loss: 6.532777439464223, Train R2: 0.2934526638551192, Test R2: 0.4668372869491577, Inverse Test R2: 0.46683716773986816 
2026-02-26 14:33:39,351 INFO: ---> Saved new best model weights to log/txt_log\logs_2026_2_26_HS_RMSE/simple_KAN_lr0.001_6P\best_simple_KAN_HS_weights.pth 
2026-02-26 14:33:39,972 INFO: Epoch 2, Train Loss: 0.6625774823354952, Test Loss: 0.6331370689652183, Inverse Test Loss: 5.843740737799442, Train R2: 0.5503161951447978, Test R2: 0.5700652003288269, Inverse Test R2: 0.5700650811195374 
2026-02-26 14:33:39,974 INFO: ---> Saved new best model weights to log/txt_log\logs_2026_2_26_HS_RMSE/simple_KAN_lr0.001_6P\best_simple_KAN_HS_weights.pth 
2026-02-26 14:33:40,579 INFO: Epoch 3, Train Loss: 0.5901039899750189, Test Loss: 0.5727122904676379, Inverse Test Loss: 5.286030986092308, Train R2: 0.6429894760702596, Test R2: 0.6461808681488037, Inverse Test R2: 0.6461808681488037 
2026-02-26 14:33:40,582 INFO: ---> Saved new best model weights to log/txt_log\logs_2026_2_26_HS_RMSE/simple_KAN_lr0.001_6P\best_simple_KAN_HS_weights.pth 
2026-02-26 14:33:41,165 INFO: Epoch 4, Train Loss: 0.5368187292055651, Test Loss: 0.5383163076458555, Inverse Test Loss: 4.968562234531749, Train R2: 0.7033898469173547, Test R2: 0.6860997676849365, Inverse Test R2: 0.6860997080802917 
2026-02-26 14:33:41,167 INFO: ---> Saved new best model weights to log/txt_log\logs_2026_2_26_HS_RMSE/simple_KAN_lr0.001_6P\best_simple_KAN_HS_weights.pth 
2026-02-26 14:33:41,719 INFO: Epoch 5, Train Loss: 0.5100010500261278, Test Loss: 0.5092873040473822, Inverse Test Loss: 4.700629725600734, Train R2: 0.731504812836647, Test R2: 0.7188475131988525, Inverse Test R2: 0.7188475131988525 
2026-02-26 14:33:41,722 INFO: ---> Saved new best model weights to log/txt_log\logs_2026_2_26_HS_RMSE/simple_KAN_lr0.001_6P\best_simple_KAN_HS_weights.pth 
2026-02-26 14:33:42,286 INFO: Epoch 6, Train Loss: 0.49352644925767725, Test Loss: 0.4952189037294099, Inverse Test Loss: 4.570780978058323, Train R2: 0.749867043260372, Test R2: 0.7335026264190674, Inverse Test R2: 0.7335026264190674 
2026-02-26 14:33:42,288 INFO: ---> Saved new best model weights to log/txt_log\logs_2026_2_26_HS_RMSE/simple_KAN_lr0.001_6P\best_simple_KAN_HS_weights.pth 
2026-02-26 14:33:42,846 INFO: Epoch 7, Train Loss: 0.4817694407520872, Test Loss: 0.4845794936021169, Inverse Test Loss: 4.472581126473167, Train R2: 0.7612564071561351, Test R2: 0.7446538209915161, Inverse Test R2: 0.7446538209915161 
2026-02-26 14:33:42,848 INFO: ---> Saved new best model weights to log/txt_log\logs_2026_2_26_HS_RMSE/simple_KAN_lr0.001_6P\best_simple_KAN_HS_weights.pth 
2026-02-26 14:33:43,406 INFO: Epoch 8, Train Loss: 0.47294071542494226, Test Loss: 0.474307760144725, Inverse Test Loss: 4.377775004415801, Train R2: 0.7698702983783953, Test R2: 0.7552850246429443, Inverse Test R2: 0.7552850246429443 
2026-02-26 14:33:43,408 INFO: ---> Saved new best model weights to log/txt_log\logs_2026_2_26_HS_RMSE/simple_KAN_lr0.001_6P\best_simple_KAN_HS_weights.pth 
2026-02-26 14:33:43,976 INFO: Epoch 9, Train Loss: 0.4683640000946594, Test Loss: 0.4695643087228139, Inverse Test Loss: 4.333993767247056, Train R2: 0.7747345955082865, Test R2: 0.7599455714225769, Inverse Test R2: 0.7599455714225769 
2026-02-26 14:33:43,978 INFO: ---> Saved new best model weights to log/txt_log\logs_2026_2_26_HS_RMSE/simple_KAN_lr0.001_6P\best_simple_KAN_HS_weights.pth 
2026-02-26 14:33:44,534 INFO: Epoch 10, Train Loss: 0.46092355161002185, Test Loss: 0.46344685193264124, Inverse Test Loss: 4.277530706290043, Train R2: 0.7802067909276846, Test R2: 0.7661974430084229, Inverse Test R2: 0.7661974430084229 
2026-02-26 14:33:44,537 INFO: ---> Saved new best model weights to log/txt_log\logs_2026_2_26_HS_RMSE/simple_KAN_lr0.001_6P\best_simple_KAN_HS_weights.pth 
2026-02-26 14:33:44,537 INFO: Best Epoch 10, Best Test Loss: 0.46344685193264124, Inv Test Loss: 4.277530706290043, Best Test R2: 0.7661974430084229 
2026-02-26 14:33:45,104 INFO: Epoch 11, Train Loss: 0.45428572527386923, Test Loss: 0.4603170598998214, Inverse Test Loss: 4.248643311587247, Train R2: 0.7870544944748734, Test R2: 0.7693655490875244, Inverse Test R2: 0.7693654894828796 
2026-02-26 14:33:45,106 INFO: ---> Saved new best model weights to log/txt_log\logs_2026_2_26_HS_RMSE/simple_KAN_lr0.001_6P\best_simple_KAN_HS_weights.pth 
2026-02-26 14:33:45,670 INFO: Epoch 12, Train Loss: 0.4503982787330945, Test Loss: 0.4540159142378605, Inverse Test Loss: 4.1904849355871026, Train R2: 0.7909469518697623, Test R2: 0.7760123014450073, Inverse Test R2: 0.7760123014450073 
2026-02-26 14:33:45,672 INFO: ---> Saved new best model weights to log/txt_log\logs_2026_2_26_HS_RMSE/simple_KAN_lr0.001_6P\best_simple_KAN_HS_weights.pth 
2026-02-26 14:33:46,238 INFO: Epoch 13, Train Loss: 0.4467085356062109, Test Loss: 0.45123389634219085, Inverse Test Loss: 4.164807435238, Train R2: 0.7938349224401243, Test R2: 0.7782937288284302, Inverse Test R2: 0.7782936692237854 
2026-02-26 14:33:46,240 INFO: ---> Saved new best model weights to log/txt_log\logs_2026_2_26_HS_RMSE/simple_KAN_lr0.001_6P\best_simple_KAN_HS_weights.pth 
2026-02-26 14:33:46,799 INFO: Epoch 14, Train Loss: 0.443498563134309, Test Loss: 0.4490806984178948, Inverse Test Loss: 4.1449337222359395, Train R2: 0.796356098669948, Test R2: 0.7802008390426636, Inverse Test R2: 0.7802007794380188 
2026-02-26 14:33:46,801 INFO: ---> Saved new best model weights to log/txt_log\logs_2026_2_26_HS_RMSE/simple_KAN_lr0.001_6P\best_simple_KAN_HS_weights.pth 
2026-02-26 14:33:47,369 INFO: Epoch 15, Train Loss: 0.44102282257694186, Test Loss: 0.44762662053108215, Inverse Test Loss: 4.131512822526874, Train R2: 0.7989032729105516, Test R2: 0.7817893028259277, Inverse Test R2: 0.7817893028259277 
2026-02-26 14:33:47,371 INFO: ---> Saved new best model weights to log/txt_log\logs_2026_2_26_HS_RMSE/simple_KAN_lr0.001_6P\best_simple_KAN_HS_weights.pth 
2026-02-26 14:33:47,931 INFO: Epoch 16, Train Loss: 0.4374669239376531, Test Loss: 0.4445824830821066, Inverse Test Loss: 4.103416096080434, Train R2: 0.8019085679993485, Test R2: 0.784686803817749, Inverse Test R2: 0.784686803817749 
2026-02-26 14:33:47,933 INFO: ---> Saved new best model weights to log/txt_log\logs_2026_2_26_HS_RMSE/simple_KAN_lr0.001_6P\best_simple_KAN_HS_weights.pth 
2026-02-26 14:33:48,500 INFO: Epoch 17, Train Loss: 0.43703506661183905, Test Loss: 0.443213192802487, Inverse Test Loss: 4.090777635574341, Train R2: 0.8035027669234709, Test R2: 0.7857924699783325, Inverse Test R2: 0.7857924699783325 
2026-02-26 14:33:48,503 INFO: ---> Saved new best model weights to log/txt_log\logs_2026_2_26_HS_RMSE/simple_KAN_lr0.001_6P\best_simple_KAN_HS_weights.pth 
2026-02-26 14:33:49,069 INFO: Epoch 18, Train Loss: 0.4340882962851813, Test Loss: 0.4432327286763625, Inverse Test Loss: 4.090957995617028, Train R2: 0.8045134282473362, Test R2: 0.7858883142471313, Inverse Test R2: 0.7858883142471313 
2026-02-26 14:33:49,638 INFO: Epoch 19, Train Loss: 0.432782918214798, Test Loss: 0.4410737770976442, Inverse Test Loss: 4.071031259767937, Train R2: 0.8056871552358974, Test R2: 0.7883040904998779, Inverse Test R2: 0.7883040904998779 
2026-02-26 14:33:49,640 INFO: ---> Saved new best model weights to log/txt_log\logs_2026_2_26_HS_RMSE/simple_KAN_lr0.001_6P\best_simple_KAN_HS_weights.pth 
2026-02-26 14:33:50,214 INFO: Epoch 20, Train Loss: 0.4330267276276242, Test Loss: 0.44115417473243945, Inverse Test Loss: 4.071773326758183, Train R2: 0.8047925586050207, Test R2: 0.788602352142334, Inverse Test R2: 0.788602352142334 
2026-02-26 14:33:50,214 INFO: Best Epoch 19, Best Test Loss: 0.4410737770976442, Inv Test Loss: 4.071031259767937, Best Test R2: 0.7883040904998779 
2026-02-26 14:33:50,791 INFO: Epoch 21, Train Loss: 0.4276627017693086, Test Loss: 0.439151434284268, Inverse Test Loss: 4.053288459777832, Train R2: 0.8107570938088677, Test R2: 0.7896525859832764, Inverse Test R2: 0.7896525859832764 
2026-02-26 14:33:50,793 INFO: ---> Saved new best model weights to log/txt_log\logs_2026_2_26_HS_RMSE/simple_KAN_lr0.001_6P\best_simple_KAN_HS_weights.pth 
2026-02-26 14:33:51,354 INFO: Epoch 22, Train Loss: 0.4275480662331437, Test Loss: 0.43734161239681824, Inverse Test Loss: 4.036584182219072, Train R2: 0.8111095744552035, Test R2: 0.7916439771652222, Inverse Test R2: 0.7916439771652222 
2026-02-26 14:33:51,357 INFO: ---> Saved new best model weights to log/txt_log\logs_2026_2_26_HS_RMSE/simple_KAN_lr0.001_6P\best_simple_KAN_HS_weights.pth 
2026-02-26 14:33:51,929 INFO: Epoch 23, Train Loss: 0.426257872671792, Test Loss: 0.43624313762693695, Inverse Test Loss: 4.026445367119529, Train R2: 0.8107014465512652, Test R2: 0.7927578687667847, Inverse Test R2: 0.7927578687667847 
2026-02-26 14:33:51,933 INFO: ---> Saved new best model weights to log/txt_log\logs_2026_2_26_HS_RMSE/simple_KAN_lr0.001_6P\best_simple_KAN_HS_weights.pth 
2026-02-26 14:33:52,502 INFO: Epoch 24, Train Loss: 0.42385693752404413, Test Loss: 0.4387972363919923, Inverse Test Loss: 4.050019199197942, Train R2: 0.8132880700357032, Test R2: 0.7909345626831055, Inverse Test R2: 0.7909345030784607 
2026-02-26 14:33:53,059 INFO: Epoch 25, Train Loss: 0.42192599177360535, Test Loss: 0.4387256945624496, Inverse Test Loss: 4.049358902555523, Train R2: 0.8157096907044902, Test R2: 0.7905119061470032, Inverse Test R2: 0.7905119061470032 
2026-02-26 14:33:53,616 INFO: Epoch 26, Train Loss: 0.4214263316808325, Test Loss: 0.4369470648693316, Inverse Test Loss: 4.032942519043431, Train R2: 0.8156972017252084, Test R2: 0.7918123602867126, Inverse Test R2: 0.7918123602867126 
2026-02-26 14:33:54,207 INFO: Epoch 27, Train Loss: 0.41913711324785696, Test Loss: 0.4349913497765859, Inverse Test Loss: 4.0148916027762676, Train R2: 0.8181208764964883, Test R2: 0.7941486835479736, Inverse Test R2: 0.7941486835479736 
2026-02-26 14:33:54,210 INFO: ---> Saved new best model weights to log/txt_log\logs_2026_2_26_HS_RMSE/simple_KAN_lr0.001_6P\best_simple_KAN_HS_weights.pth 
2026-02-26 14:33:54,770 INFO: Epoch 28, Train Loss: 0.41915237881017453, Test Loss: 0.4344789069710356, Inverse Test Loss: 4.010161789980802, Train R2: 0.8180517021453741, Test R2: 0.7949128746986389, Inverse Test R2: 0.7949128150939941 
2026-02-26 14:33:54,772 INFO: ---> Saved new best model weights to log/txt_log\logs_2026_2_26_HS_RMSE/simple_KAN_lr0.001_6P\best_simple_KAN_HS_weights.pth 
2026-02-26 14:33:55,344 INFO: Epoch 29, Train Loss: 0.41667868061499164, Test Loss: 0.4342010671442205, Inverse Test Loss: 4.007597497015288, Train R2: 0.8202472970341191, Test R2: 0.7949225306510925, Inverse Test R2: 0.7949225306510925 
2026-02-26 14:33:55,347 INFO: ---> Saved new best model weights to log/txt_log\logs_2026_2_26_HS_RMSE/simple_KAN_lr0.001_6P\best_simple_KAN_HS_weights.pth 
2026-02-26 14:33:55,912 INFO: Epoch 30, Train Loss: 0.41590976240960037, Test Loss: 0.43060814882769727, Inverse Test Loss: 3.9744354378093374, Train R2: 0.8219429069396221, Test R2: 0.7986327409744263, Inverse Test R2: 0.7986327409744263 
2026-02-26 14:33:55,915 INFO: ---> Saved new best model weights to log/txt_log\logs_2026_2_26_HS_RMSE/simple_KAN_lr0.001_6P\best_simple_KAN_HS_weights.pth 
2026-02-26 14:33:55,915 INFO: Best Epoch 30, Best Test Loss: 0.43060814882769727, Inv Test Loss: 3.9744354378093374, Best Test R2: 0.7986327409744263 
2026-02-26 14:33:56,487 INFO: Epoch 31, Train Loss: 0.4136118277004271, Test Loss: 0.43675445968454535, Inverse Test Loss: 4.031164877342455, Train R2: 0.822485810879505, Test R2: 0.7926930785179138, Inverse Test R2: 0.792693018913269 
2026-02-26 14:33:57,049 INFO: Epoch 32, Train Loss: 0.4154411328561378, Test Loss: 0.4304770447991111, Inverse Test Loss: 3.9732253695979263, Train R2: 0.8219104047977563, Test R2: 0.7988907098770142, Inverse Test R2: 0.7988907098770142 
2026-02-26 14:33:57,053 INFO: ---> Saved new best model weights to log/txt_log\logs_2026_2_26_HS_RMSE/simple_KAN_lr0.001_6P\best_simple_KAN_HS_weights.pth 
2026-02-26 14:33:57,616 INFO: Epoch 33, Train Loss: 0.41265089787317044, Test Loss: 0.4348249137401581, Inverse Test Loss: 4.0133553345998125, Train R2: 0.8245860175652937, Test R2: 0.795127272605896, Inverse Test R2: 0.7951272130012512 
2026-02-26 14:33:58,180 INFO: Epoch 34, Train Loss: 0.4123380827632817, Test Loss: 0.43397724176898145, Inverse Test Loss: 4.005531549453735, Train R2: 0.8239689202922763, Test R2: 0.7951878309249878, Inverse Test R2: 0.7951878309249878 
2026-02-26 14:33:58,757 INFO: Epoch 35, Train Loss: 0.4117649710088065, Test Loss: 0.43149899623610755, Inverse Test Loss: 3.9826578082460347, Train R2: 0.8253998769955202, Test R2: 0.7976604104042053, Inverse Test R2: 0.7976603507995605 
2026-02-26 14:33:59,330 INFO: Epoch 36, Train Loss: 0.40690496586488956, Test Loss: 0.434064861499902, Inverse Test Loss: 4.0063402724988535, Train R2: 0.82869409792351, Test R2: 0.7952045798301697, Inverse Test R2: 0.7952045798301697 
2026-02-26 14:33:59,897 INFO: Epoch 37, Train Loss: 0.4080952004049764, Test Loss: 0.4336909100864873, Inverse Test Loss: 4.002888758977254, Train R2: 0.8263804763555527, Test R2: 0.7958151698112488, Inverse Test R2: 0.7958151698112488 
2026-02-26 14:34:00,462 INFO: Epoch 38, Train Loss: 0.40795777309121506, Test Loss: 0.430468811230226, Inverse Test Loss: 3.9731493935440527, Train R2: 0.8282440246054621, Test R2: 0.7986374497413635, Inverse Test R2: 0.7986374497413635 
2026-02-26 14:34:00,465 INFO: ---> Saved new best model weights to log/txt_log\logs_2026_2_26_HS_RMSE/simple_KAN_lr0.001_6P\best_simple_KAN_HS_weights.pth 
2026-02-26 14:34:01,028 INFO: Epoch 39, Train Loss: 0.4056631143797528, Test Loss: 0.4332413637276852, Inverse Test Loss: 3.99873956044515, Train R2: 0.8296992336258744, Test R2: 0.7956881523132324, Inverse Test R2: 0.7956881523132324 
2026-02-26 14:34:01,600 INFO: Epoch 40, Train Loss: 0.4042679074813019, Test Loss: 0.43223345731243945, Inverse Test Loss: 3.9894367348064077, Train R2: 0.8305655799128793, Test R2: 0.7975959777832031, Inverse Test R2: 0.7975958585739136 
2026-02-26 14:34:01,600 INFO: Best Epoch 38, Best Test Loss: 0.430468811230226, Inv Test Loss: 3.9731493935440527, Best Test R2: 0.7986374497413635 
2026-02-26 14:34:02,173 INFO: Epoch 41, Train Loss: 0.40559106083078816, Test Loss: 0.4317565533247861, Inverse Test Loss: 3.9850349859757856, Train R2: 0.8293478565685677, Test R2: 0.7980437278747559, Inverse Test R2: 0.7980437278747559 
2026-02-26 14:34:02,735 INFO: Epoch 42, Train Loss: 0.40325962661793735, Test Loss: 0.4317600998011502, Inverse Test Loss: 3.985067757693204, Train R2: 0.8310763524337248, Test R2: 0.7974836826324463, Inverse Test R2: 0.7974836826324463 
2026-02-26 14:34:03,305 INFO: Epoch 43, Train Loss: 0.40276321497830475, Test Loss: 0.43368515281966236, Inverse Test Loss: 4.002835591634114, Train R2: 0.8322322540210955, Test R2: 0.7962620258331299, Inverse Test R2: 0.7962620258331299 
2026-02-26 14:34:03,870 INFO: Epoch 44, Train Loss: 0.40235959749781725, Test Loss: 0.4308647468234553, Inverse Test Loss: 3.9768037434780235, Train R2: 0.8327291336926547, Test R2: 0.7979949712753296, Inverse Test R2: 0.7979949116706848 
2026-02-26 14:34:04,431 INFO: Epoch 45, Train Loss: 0.4004367808952476, Test Loss: 0.4325939245296247, Inverse Test Loss: 3.9927637721552993, Train R2: 0.8333798543070302, Test R2: 0.7971031069755554, Inverse Test R2: 0.7971031069755554 
2026-02-26 14:34:05,001 INFO: Epoch 46, Train Loss: 0.39956986542904016, Test Loss: 0.4315960443381107, Inverse Test Loss: 3.9835535540725244, Train R2: 0.8344081509293932, Test R2: 0.7980137467384338, Inverse Test R2: 0.7980136871337891 
2026-02-26 14:34:05,564 INFO: Epoch 47, Train Loss: 0.3997868572672208, Test Loss: 0.43123486638069153, Inverse Test Loss: 3.980219913251472, Train R2: 0.8341442545255026, Test R2: 0.7986405491828918, Inverse Test R2: 0.7986405491828918 
2026-02-26 14:34:06,141 INFO: Epoch 48, Train Loss: 0.39695957980372687, Test Loss: 0.4318166628028407, Inverse Test Loss: 3.9855898221333823, Train R2: 0.8366098182670998, Test R2: 0.7977280616760254, Inverse Test R2: 0.7977280616760254 
2026-02-26 14:34:06,711 INFO: Epoch 49, Train Loss: 0.39769002637176804, Test Loss: 0.43584822434367554, Inverse Test Loss: 4.022800402207808, Train R2: 0.8351755652463797, Test R2: 0.7938204407691956, Inverse Test R2: 0.7938203811645508 
2026-02-26 14:34:07,278 INFO: Epoch 50, Train Loss: 0.39789826705148723, Test Loss: 0.4315745469295617, Inverse Test Loss: 3.983355103117047, Train R2: 0.8351240894108107, Test R2: 0.7980002164840698, Inverse Test R2: 0.7980002164840698 
2026-02-26 14:34:07,278 INFO: Best Epoch 38, Best Test Loss: 0.430468811230226, Inv Test Loss: 3.9731493935440527, Best Test R2: 0.7986374497413635 
2026-02-26 14:34:07,844 INFO: Epoch 51, Train Loss: 0.39622187862793606, Test Loss: 0.43235674861705664, Inverse Test Loss: 3.990574677785238, Train R2: 0.8377203047275543, Test R2: 0.7977076172828674, Inverse Test R2: 0.7977076172828674 
2026-02-26 14:34:08,414 INFO: Epoch 52, Train Loss: 0.39371692118319596, Test Loss: 0.43506689234213397, Inverse Test Loss: 4.015588796500004, Train R2: 0.8385698872082161, Test R2: 0.794506311416626, Inverse Test R2: 0.7945062518119812 
2026-02-26 14:34:08,987 INFO: Epoch 53, Train Loss: 0.39503110414653114, Test Loss: 0.43401229110631073, Inverse Test Loss: 4.005855047341549, Train R2: 0.8379898418982824, Test R2: 0.7960441708564758, Inverse Test R2: 0.7960441708564758 
2026-02-26 14:34:09,551 INFO: Epoch 54, Train Loss: 0.3923950879411264, Test Loss: 0.4344767521728169, Inverse Test Loss: 4.010141914541071, Train R2: 0.8406207696958021, Test R2: 0.7952508330345154, Inverse Test R2: 0.7952507734298706 
2026-02-26 14:34:10,129 INFO: Epoch 55, Train Loss: 0.3943903035286701, Test Loss: 0.4337021690426451, Inverse Test Loss: 4.002992579431245, Train R2: 0.838789191661459, Test R2: 0.796090841293335, Inverse Test R2: 0.7960907816886902 
2026-02-26 14:34:10,700 INFO: Epoch 56, Train Loss: 0.39355434387019184, Test Loss: 0.43514402797727875, Inverse Test Loss: 4.016300714377201, Train R2: 0.8383331113692486, Test R2: 0.7948116064071655, Inverse Test R2: 0.7948116064071655 
2026-02-26 14:34:11,266 INFO: Epoch 57, Train Loss: 0.392446835497112, Test Loss: 0.4352463312221296, Inverse Test Loss: 4.017244938648108, Train R2: 0.8399144691048246, Test R2: 0.7946884632110596, Inverse Test R2: 0.7946884632110596 
2026-02-26 14:34:11,832 INFO: Epoch 58, Train Loss: 0.390422940367099, Test Loss: 0.43553550947796216, Inverse Test Loss: 4.019914092439594, Train R2: 0.8417548225684599, Test R2: 0.7947070598602295, Inverse Test R2: 0.7947070002555847 
2026-02-26 14:34:12,420 INFO: Epoch 59, Train Loss: 0.3917047044996059, Test Loss: 0.43505821535081574, Inverse Test Loss: 4.01550866618301, Train R2: 0.8408169949596579, Test R2: 0.7949132919311523, Inverse Test R2: 0.7949132323265076 
2026-02-26 14:34:13,116 INFO: Epoch 60, Train Loss: 0.388495205139572, Test Loss: 0.43375198046366376, Inverse Test Loss: 4.003452474420721, Train R2: 0.843194635980057, Test R2: 0.7957049608230591, Inverse Test R2: 0.7957049608230591 
2026-02-26 14:34:13,116 INFO: Best Epoch 38, Best Test Loss: 0.430468811230226, Inv Test Loss: 3.9731493935440527, Best Test R2: 0.7986374497413635 
2026-02-26 14:34:13,706 INFO: Epoch 61, Train Loss: 0.38962556636243156, Test Loss: 0.4332919310439717, Inverse Test Loss: 3.9992062539765327, Train R2: 0.8415570502931421, Test R2: 0.7969971895217896, Inverse Test R2: 0.7969971895217896 
2026-02-26 14:34:14,268 INFO: Epoch 62, Train Loss: 0.38825205329692725, Test Loss: 0.43295959360671765, Inverse Test Loss: 3.9961388544602827, Train R2: 0.8436785471258741, Test R2: 0.7963781356811523, Inverse Test R2: 0.7963781356811523 
2026-02-26 14:34:14,824 INFO: Epoch 63, Train Loss: 0.3894104702454625, Test Loss: 0.44082299055475177, Inverse Test Loss: 4.0687166055043535, Train R2: 0.8430522576426015, Test R2: 0.788813054561615, Inverse Test R2: 0.7888129949569702 
2026-02-26 14:34:15,396 INFO: Epoch 64, Train Loss: 0.38745341991836374, Test Loss: 0.4367077215151353, Inverse Test Loss: 4.030733281915838, Train R2: 0.8446673570257245, Test R2: 0.7931941151618958, Inverse Test R2: 0.7931941151618958 
2026-02-26 14:34:15,950 INFO: Epoch 65, Train Loss: 0.38781565551956493, Test Loss: 0.43728627851515106, Inverse Test Loss: 4.036073402924971, Train R2: 0.8436578286416603, Test R2: 0.7926902174949646, Inverse Test R2: 0.7926902174949646 
2026-02-26 14:34:16,501 INFO: Epoch 66, Train Loss: 0.3884232964253787, Test Loss: 0.4352454299276525, Inverse Test Loss: 4.017236716819532, Train R2: 0.8439684298002359, Test R2: 0.794366180896759, Inverse Test R2: 0.794366180896759 
2026-02-26 14:34:17,070 INFO: Epoch 67, Train Loss: 0.3872696317055009, Test Loss: 0.43772034030972107, Inverse Test Loss: 4.040079673131307, Train R2: 0.8440146071441246, Test R2: 0.7930208444595337, Inverse Test R2: 0.7930208444595337 
2026-02-26 14:34:17,636 INFO: Epoch 68, Train Loss: 0.38613039221275935, Test Loss: 0.43487343643650866, Inverse Test Loss: 4.013803221962669, Train R2: 0.8445998832131877, Test R2: 0.7951843738555908, Inverse Test R2: 0.795184314250946 
2026-02-26 14:34:18,200 INFO: Epoch 69, Train Loss: 0.3854346839767514, Test Loss: 0.4383627221439824, Inverse Test Loss: 4.046008724154848, Train R2: 0.8458597353010466, Test R2: 0.7920826077461243, Inverse Test R2: 0.7920826077461243 
2026-02-26 14:34:18,767 INFO: Epoch 70, Train Loss: 0.3845590262702017, Test Loss: 0.4368834522637454, Inverse Test Loss: 4.0323553374319365, Train R2: 0.8456636197639235, Test R2: 0.7926657199859619, Inverse Test R2: 0.7926657199859619 
2026-02-26 14:34:18,767 INFO: Best Epoch 38, Best Test Loss: 0.430468811230226, Inv Test Loss: 3.9731493935440527, Best Test R2: 0.7986374497413635 
2026-02-26 14:34:19,344 INFO: Epoch 71, Train Loss: 0.3852418880119468, Test Loss: 0.43765508315779944, Inverse Test Loss: 4.039477384451664, Train R2: 0.8444295385570237, Test R2: 0.7924343943595886, Inverse Test R2: 0.7924343943595886 
2026-02-26 14:34:19,909 INFO: Epoch 72, Train Loss: 0.3857404747695634, Test Loss: 0.4382277013677539, Inverse Test Loss: 4.044762510241884, Train R2: 0.8464878278248238, Test R2: 0.7913891673088074, Inverse Test R2: 0.7913891673088074 
2026-02-26 14:34:20,488 INFO: Epoch 73, Train Loss: 0.3831413826256087, Test Loss: 0.43814992182182544, Inverse Test Loss: 4.044044639125015, Train R2: 0.8478925494533597, Test R2: 0.7921466827392578, Inverse Test R2: 0.7921466827392578 
2026-02-26 14:34:21,064 INFO: Epoch 74, Train Loss: 0.38431193747303705, Test Loss: 0.43779148387186456, Inverse Test Loss: 4.04073631402218, Train R2: 0.8470001378745744, Test R2: 0.7925724387168884, Inverse Test R2: 0.7925724387168884 
2026-02-26 14:34:21,632 INFO: Epoch 75, Train Loss: 0.3832921988584779, Test Loss: 0.43892233660726837, Inverse Test Loss: 4.051173903725364, Train R2: 0.8484243262897838, Test R2: 0.7912328243255615, Inverse Test R2: 0.7912328243255615 
2026-02-26 14:34:22,212 INFO: Epoch 76, Train Loss: 0.3820195321106549, Test Loss: 0.44030153570753156, Inverse Test Loss: 4.063903613524004, Train R2: 0.8494068253220934, Test R2: 0.7902992963790894, Inverse Test R2: 0.7902992963790894 
2026-02-26 14:34:22,781 INFO: Epoch 77, Train Loss: 0.3824821335799766, Test Loss: 0.4382072687149048, Inverse Test Loss: 4.044573906696204, Train R2: 0.8473617538358226, Test R2: 0.7918211817741394, Inverse Test R2: 0.7918211817741394 
2026-02-26 14:34:23,344 INFO: Epoch 78, Train Loss: 0.3796794200033853, Test Loss: 0.44151384541482636, Inverse Test Loss: 4.075093009255149, Train R2: 0.8495152479771412, Test R2: 0.7889230847358704, Inverse Test R2: 0.7889230847358704 
2026-02-26 14:34:23,925 INFO: Epoch 79, Train Loss: 0.3794696040903077, Test Loss: 0.4399339376073895, Inverse Test Loss: 4.060510736523253, Train R2: 0.8501167112227642, Test R2: 0.7902014255523682, Inverse Test R2: 0.7902014255523682 
2026-02-26 14:34:24,492 INFO: Epoch 80, Train Loss: 0.381423432379961, Test Loss: 0.43964967131614685, Inverse Test Loss: 4.057887106230765, Train R2: 0.8503426986210274, Test R2: 0.7903876304626465, Inverse Test R2: 0.7903876304626465 
2026-02-26 14:34:24,492 INFO: Best Epoch 38, Best Test Loss: 0.430468811230226, Inv Test Loss: 3.9731493935440527, Best Test R2: 0.7986374497413635 
2026-02-26 14:34:25,055 INFO: Epoch 81, Train Loss: 0.3782170195922707, Test Loss: 0.44268256335547473, Inverse Test Loss: 4.085880091696074, Train R2: 0.8508351833531351, Test R2: 0.7873333692550659, Inverse Test R2: 0.7873333692550659 
2026-02-26 14:34:25,632 INFO: Epoch 82, Train Loss: 0.38055898339459393, Test Loss: 0.4456837502392856, Inverse Test Loss: 4.1135804869911885, Train R2: 0.8500334995262551, Test R2: 0.7846806645393372, Inverse Test R2: 0.7846806645393372 
2026-02-26 14:34:26,342 INFO: Epoch 83, Train Loss: 0.38005535552899045, Test Loss: 0.4398187290538441, Inverse Test Loss: 4.059447476358125, Train R2: 0.8486457575451244, Test R2: 0.7902895212173462, Inverse Test R2: 0.7902895212173462 
2026-02-26 14:34:26,939 INFO: Epoch 84, Train Loss: 0.3797892022765044, Test Loss: 0.43749723109332, Inverse Test Loss: 4.03802043018919, Train R2: 0.8500210597659602, Test R2: 0.7927806973457336, Inverse Test R2: 0.7927806973457336 
2026-02-26 14:34:27,493 INFO: Epoch 85, Train Loss: 0.37935160326235223, Test Loss: 0.4406866973096674, Inverse Test Loss: 4.067458528460878, Train R2: 0.8497057173288229, Test R2: 0.7893802523612976, Inverse Test R2: 0.7893802523612976 
2026-02-26 14:34:28,049 INFO: Epoch 86, Train Loss: 0.3787077634849332, Test Loss: 0.44102181087840686, Inverse Test Loss: 4.0705516627340605, Train R2: 0.8509181281833937, Test R2: 0.7889395952224731, Inverse Test R2: 0.7889395952224731 
2026-02-26 14:34:28,600 INFO: Epoch 87, Train Loss: 0.3792753881125739, Test Loss: 0.44041782075708563, Inverse Test Loss: 4.06497690894387, Train R2: 0.8507829064672644, Test R2: 0.7899750471115112, Inverse Test R2: 0.7899750471115112 
2026-02-26 14:34:29,153 INFO: Epoch 88, Train Loss: 0.3758926510133527, Test Loss: 0.4405809993093664, Inverse Test Loss: 4.066483013557665, Train R2: 0.8533443465377345, Test R2: 0.7900263071060181, Inverse Test R2: 0.7900262475013733 
2026-02-26 14:34:29,713 INFO: Epoch 89, Train Loss: 0.3754311419571891, Test Loss: 0.44082749251163367, Inverse Test Loss: 4.0687581047867285, Train R2: 0.8543099896474318, Test R2: 0.7894645929336548, Inverse Test R2: 0.7894645929336548 
2026-02-26 14:34:30,275 INFO: Epoch 90, Train Loss: 0.3755574297498573, Test Loss: 0.44101793747959717, Inverse Test Loss: 4.070515899947195, Train R2: 0.8529664950840401, Test R2: 0.7891780734062195, Inverse Test R2: 0.7891780734062195 
2026-02-26 14:34:30,275 INFO: Best Epoch 38, Best Test Loss: 0.430468811230226, Inv Test Loss: 3.9731493935440527, Best Test R2: 0.7986374497413635 
2026-02-26 14:34:30,859 INFO: Epoch 91, Train Loss: 0.37477723080100434, Test Loss: 0.4402705268426375, Inverse Test Loss: 4.063617424531416, Train R2: 0.8538849710515051, Test R2: 0.7901977300643921, Inverse Test R2: 0.7901977300643921 
2026-02-26 14:34:31,431 INFO: Epoch 92, Train Loss: 0.3745023554021662, Test Loss: 0.4407241696661169, Inverse Test Loss: 4.067804459369544, Train R2: 0.854449720996799, Test R2: 0.7901585102081299, Inverse Test R2: 0.7901585102081299 
2026-02-26 14:34:31,990 INFO: Epoch 93, Train Loss: 0.37537841747204465, Test Loss: 0.4410228629906972, Inverse Test Loss: 4.070561315074111, Train R2: 0.852320672436194, Test R2: 0.7892965078353882, Inverse Test R2: 0.7892965078353882 
2026-02-26 14:34:32,548 INFO: Epoch 94, Train Loss: 0.37588654255325143, Test Loss: 0.4420477838227243, Inverse Test Loss: 4.0800211935332324, Train R2: 0.8517692260669939, Test R2: 0.7885226607322693, Inverse Test R2: 0.7885226607322693 
2026-02-26 14:34:33,111 INFO: Epoch 95, Train Loss: 0.3756543111168977, Test Loss: 0.4407912447597041, Inverse Test Loss: 4.068423516822584, Train R2: 0.8532758120334509, Test R2: 0.7897742390632629, Inverse Test R2: 0.7897742390632629 
2026-02-26 14:34:33,673 INFO: Epoch 96, Train Loss: 0.37445769233234, Test Loss: 0.4420329549095847, Inverse Test Loss: 4.079884334044023, Train R2: 0.8552951216697693, Test R2: 0.788442850112915, Inverse Test R2: 0.788442850112915 
2026-02-26 14:34:34,270 INFO: Epoch 97, Train Loss: 0.374140334851814, Test Loss: 0.4432558679219448, Inverse Test Loss: 4.091171604214293, Train R2: 0.8547070243141868, Test R2: 0.7871711254119873, Inverse Test R2: 0.7871711254119873 
2026-02-26 14:34:34,838 INFO: Epoch 98, Train Loss: 0.37396521358327434, Test Loss: 0.4415707082459421, Inverse Test Loss: 4.075617970842304, Train R2: 0.8547909932606148, Test R2: 0.7886157631874084, Inverse Test R2: 0.7886158227920532 
2026-02-26 14:34:35,409 INFO: Epoch 99, Train Loss: 0.37537868693470955, Test Loss: 0.44052482825337036, Inverse Test Loss: 4.065964568745006, Train R2: 0.8547639341065378, Test R2: 0.7899659872055054, Inverse Test R2: 0.7899659276008606 
2026-02-26 14:34:35,980 INFO: Epoch 100, Train Loss: 0.3716365173459053, Test Loss: 0.4414696458614234, Inverse Test Loss: 4.074685089515917, Train R2: 0.8561241396448829, Test R2: 0.7888890504837036, Inverse Test R2: 0.7888890504837036 
2026-02-26 14:34:35,980 INFO: Best Epoch 38, Best Test Loss: 0.430468811230226, Inv Test Loss: 3.9731493935440527, Best Test R2: 0.7986374497413635 
2026-02-26 14:34:36,570 INFO: Epoch 101, Train Loss: 0.3712978601229913, Test Loss: 0.44238086993044073, Inverse Test Loss: 4.083095478289055, Train R2: 0.855462522669272, Test R2: 0.7880862951278687, Inverse Test R2: 0.7880862951278687 
2026-02-26 14:34:37,139 INFO: Epoch 102, Train Loss: 0.3709875157836712, Test Loss: 0.44600002693407464, Inverse Test Loss: 4.116499604600849, Train R2: 0.8556574709487684, Test R2: 0.7845972776412964, Inverse Test R2: 0.7845972776412964 
2026-02-26 14:34:37,724 INFO: Epoch 103, Train Loss: 0.3730757297440009, Test Loss: 0.4429529697606058, Inverse Test Loss: 4.088375857382109, Train R2: 0.8555188757000547, Test R2: 0.7879041433334351, Inverse Test R2: 0.7879040837287903 
2026-02-26 14:34:38,301 INFO: Epoch 104, Train Loss: 0.3710971917166854, Test Loss: 0.44299919135642774, Inverse Test Loss: 4.088802467692982, Train R2: 0.8574307520281185, Test R2: 0.7873706817626953, Inverse Test R2: 0.7873706817626953 
2026-02-26 14:34:38,988 INFO: Epoch 105, Train Loss: 0.37024326396710944, Test Loss: 0.4440260619828195, Inverse Test Loss: 4.098280408165672, Train R2: 0.8572121294158878, Test R2: 0.7869106531143188, Inverse Test R2: 0.7869106531143188 
2026-02-26 14:34:39,618 INFO: Epoch 106, Train Loss: 0.3699231422082944, Test Loss: 0.44491990316997876, Inverse Test Loss: 4.10653036290949, Train R2: 0.8574896179365389, Test R2: 0.7854942083358765, Inverse Test R2: 0.7854942083358765 
2026-02-26 14:34:40,199 INFO: Epoch 107, Train Loss: 0.36969218278924626, Test Loss: 0.4436046806248752, Inverse Test Loss: 4.094391013636733, Train R2: 0.858645297812693, Test R2: 0.7870848774909973, Inverse Test R2: 0.7870848774909973 
2026-02-26 14:34:40,819 INFO: Epoch 108, Train Loss: 0.3713230306677746, Test Loss: 0.4425200847062198, Inverse Test Loss: 4.084380438833525, Train R2: 0.8562486605210737, Test R2: 0.7881184220314026, Inverse Test R2: 0.7881183624267578 
2026-02-26 14:34:41,404 INFO: Epoch 109, Train Loss: 0.36809701416077034, Test Loss: 0.44940809228203515, Inverse Test Loss: 4.147955554904359, Train R2: 0.858869575641372, Test R2: 0.7807913422584534, Inverse Test R2: 0.7807912826538086 
2026-02-26 14:34:42,038 INFO: Epoch 110, Train Loss: 0.36788447291562054, Test Loss: 0.44359066811474884, Inverse Test Loss: 4.094261812441276, Train R2: 0.8595109238769069, Test R2: 0.7870521545410156, Inverse Test R2: 0.7870521545410156 
2026-02-26 14:34:42,038 INFO: Best Epoch 38, Best Test Loss: 0.430468811230226, Inv Test Loss: 3.9731493935440527, Best Test R2: 0.7986374497413635 
2026-02-26 14:34:42,689 INFO: Epoch 111, Train Loss: 0.3696908035287351, Test Loss: 0.4470187416582396, Inverse Test Loss: 4.125902204802542, Train R2: 0.8577603444908605, Test R2: 0.7838698625564575, Inverse Test R2: 0.7838698625564575 
2026-02-26 14:34:43,345 INFO: Epoch 112, Train Loss: 0.36846236636241275, Test Loss: 0.4476073610060143, Inverse Test Loss: 4.131335099538167, Train R2: 0.8581301709919265, Test R2: 0.7831277847290039, Inverse Test R2: 0.7831277251243591 
2026-02-26 14:34:43,975 INFO: Epoch 113, Train Loss: 0.36742076164845267, Test Loss: 0.44359930807893927, Inverse Test Loss: 4.094341494820335, Train R2: 0.8604182483571948, Test R2: 0.7872238755226135, Inverse Test R2: 0.7872238755226135 
2026-02-26 14:34:44,527 INFO: Epoch 114, Train Loss: 0.3675598756156184, Test Loss: 0.4455254719112859, Inverse Test Loss: 4.112119595209758, Train R2: 0.8597263007452993, Test R2: 0.7850604057312012, Inverse Test R2: 0.7850603461265564 
2026-02-26 14:34:45,086 INFO: Epoch 115, Train Loss: 0.3677395416254347, Test Loss: 0.4483455103455168, Inverse Test Loss: 4.138148054932103, Train R2: 0.8595089944023074, Test R2: 0.7827007174491882, Inverse Test R2: 0.7827007174491882 
2026-02-26 14:34:45,641 INFO: Epoch 116, Train Loss: 0.3685507348766833, Test Loss: 0.44966080062317126, Inverse Test Loss: 4.150288011088516, Train R2: 0.8590428467952844, Test R2: 0.7814483642578125, Inverse Test R2: 0.7814483642578125 
2026-02-26 14:34:46,201 INFO: Epoch 117, Train Loss: 0.3653648832079136, Test Loss: 0.4497112369898594, Inverse Test Loss: 4.150753461953365, Train R2: 0.8613299000443835, Test R2: 0.7815345525741577, Inverse Test R2: 0.7815345525741577 
2026-02-26 14:34:46,762 INFO: Epoch 118, Train Loss: 0.36663895359996596, Test Loss: 0.4460057489799731, Inverse Test Loss: 4.1165524396029385, Train R2: 0.8600605604323474, Test R2: 0.784732460975647, Inverse Test R2: 0.784732460975647 
2026-02-26 14:34:47,345 INFO: Epoch 119, Train Loss: 0.36597631126642227, Test Loss: 0.4451437998901714, Inverse Test Loss: 4.108596859556256, Train R2: 0.8608654881968643, Test R2: 0.785751223564148, Inverse Test R2: 0.785751223564148 
2026-02-26 14:34:47,917 INFO: Epoch 120, Train Loss: 0.36413038251074875, Test Loss: 0.4462978180610772, Inverse Test Loss: 4.119248209577618, Train R2: 0.8621734303958488, Test R2: 0.784491777420044, Inverse Test R2: 0.784491777420044 
2026-02-26 14:34:47,917 INFO: Best Epoch 38, Best Test Loss: 0.430468811230226, Inv Test Loss: 3.9731493935440527, Best Test R2: 0.7986374497413635 
2026-02-26 14:34:48,483 INFO: Epoch 121, Train Loss: 0.364821744010304, Test Loss: 0.44677043864221283, Inverse Test Loss: 4.123610467621774, Train R2: 0.8629971715536985, Test R2: 0.7843514680862427, Inverse Test R2: 0.7843514680862427 
2026-02-26 14:34:49,049 INFO: Epoch 122, Train Loss: 0.3659034934685086, Test Loss: 0.4456348301786365, Inverse Test Loss: 4.113128965551203, Train R2: 0.8606998527591879, Test R2: 0.7849180698394775, Inverse Test R2: 0.7849180698394775 
2026-02-26 14:34:49,629 INFO: Epoch 123, Train Loss: 0.363766112788157, Test Loss: 0.4475253197279843, Inverse Test Loss: 4.130577817107692, Train R2: 0.8609639930002617, Test R2: 0.7833073139190674, Inverse Test R2: 0.7833073139190674 
2026-02-26 14:34:50,203 INFO: Epoch 124, Train Loss: 0.36420772913278954, Test Loss: 0.44903340393846686, Inverse Test Loss: 4.1444971994920214, Train R2: 0.861057388511571, Test R2: 0.7816578149795532, Inverse Test R2: 0.7816578149795532 
2026-02-26 14:34:50,767 INFO: Epoch 125, Train Loss: 0.3643917025941791, Test Loss: 0.4499689159971295, Inverse Test Loss: 4.153131867900039, Train R2: 0.8628324261217406, Test R2: 0.7815035581588745, Inverse Test R2: 0.7815034985542297 
2026-02-26 14:34:51,337 INFO: Epoch 126, Train Loss: 0.36426444633892086, Test Loss: 0.45009423115036706, Inverse Test Loss: 4.154288429202455, Train R2: 0.8623838198907448, Test R2: 0.7811006903648376, Inverse Test R2: 0.7811006903648376 
2026-02-26 14:34:51,918 INFO: Epoch 127, Train Loss: 0.3651659015678998, Test Loss: 0.4477840716188604, Inverse Test Loss: 4.132966092138579, Train R2: 0.8609858859669078, Test R2: 0.7834183573722839, Inverse Test R2: 0.7834183573722839 
2026-02-26 14:34:52,494 INFO: Epoch 128, Train Loss: 0.36289582469246606, Test Loss: 0.44814155860380694, Inverse Test Loss: 4.136265574079571, Train R2: 0.8617364357818257, Test R2: 0.7832746505737305, Inverse Test R2: 0.7832746505737305 
2026-02-26 14:34:53,063 INFO: Epoch 129, Train Loss: 0.3614553718855887, Test Loss: 0.45007829684199707, Inverse Test Loss: 4.154141353838371, Train R2: 0.8630425984209235, Test R2: 0.7807363271713257, Inverse Test R2: 0.7807362675666809 
2026-02-26 14:34:53,630 INFO: Epoch 130, Train Loss: 0.36099391238707484, Test Loss: 0.4477510903820847, Inverse Test Loss: 4.13266168941151, Train R2: 0.8645280978896401, Test R2: 0.7837277054786682, Inverse Test R2: 0.7837277054786682 
2026-02-26 14:34:53,630 INFO: Best Epoch 38, Best Test Loss: 0.430468811230226, Inv Test Loss: 3.9731493935440527, Best Test R2: 0.7986374497413635 
2026-02-26 14:34:54,205 INFO: Epoch 131, Train Loss: 0.3619198390480244, Test Loss: 0.44747726212848316, Inverse Test Loss: 4.130134300752119, Train R2: 0.8627793590227762, Test R2: 0.7837331295013428, Inverse Test R2: 0.7837331295013428 
2026-02-26 14:34:54,765 INFO: Epoch 132, Train Loss: 0.3620295548303561, Test Loss: 0.4483760757879777, Inverse Test Loss: 4.138430248607289, Train R2: 0.8634126294742931, Test R2: 0.7830529808998108, Inverse Test R2: 0.7830529808998108 
2026-02-26 14:34:55,336 INFO: Epoch 133, Train Loss: 0.360362989432884, Test Loss: 0.4513571253328612, Inverse Test Loss: 4.165944742433952, Train R2: 0.864751371921915, Test R2: 0.7797976136207581, Inverse Test R2: 0.7797975540161133 
2026-02-26 14:34:55,902 INFO: Epoch 134, Train Loss: 0.3623765352548975, Test Loss: 0.4508547846114997, Inverse Test Loss: 4.161308180202138, Train R2: 0.8623946918682619, Test R2: 0.7807634472846985, Inverse Test R2: 0.7807634472846985 
2026-02-26 14:34:56,475 INFO: Epoch 135, Train Loss: 0.3595402285908208, Test Loss: 0.45288873170361377, Inverse Test Loss: 4.180081136298902, Train R2: 0.8656777206695441, Test R2: 0.7786110043525696, Inverse Test R2: 0.7786109447479248 
2026-02-26 14:34:57,039 INFO: Epoch 136, Train Loss: 0.35931063093470805, Test Loss: 0.45250708948482166, Inverse Test Loss: 4.176558624614369, Train R2: 0.8652005299474254, Test R2: 0.7787827253341675, Inverse Test R2: 0.7787827253341675 
2026-02-26 14:34:57,619 INFO: Epoch 137, Train Loss: 0.3606633858924562, Test Loss: 0.45190105925906787, Inverse Test Loss: 4.170965180252537, Train R2: 0.8641446575973973, Test R2: 0.7792545557022095, Inverse Test R2: 0.7792544960975647 
2026-02-26 14:34:58,190 INFO: Epoch 138, Train Loss: 0.3603949173156059, Test Loss: 0.451300988594691, Inverse Test Loss: 4.165426680535981, Train R2: 0.8654539548989498, Test R2: 0.7802691459655762, Inverse Test R2: 0.7802691459655762 
2026-02-26 14:34:58,768 INFO: Epoch 139, Train Loss: 0.3598099893918543, Test Loss: 0.4506433669364814, Inverse Test Loss: 4.1593568975275215, Train R2: 0.8661749087499849, Test R2: 0.7805127501487732, Inverse Test R2: 0.7805127501487732 
2026-02-26 14:34:59,329 INFO: Epoch 140, Train Loss: 0.3581207526678389, Test Loss: 0.45215961969260016, Inverse Test Loss: 4.173351649082068, Train R2: 0.8657326142896306, Test R2: 0.780217170715332, Inverse Test R2: 0.780217170715332 
2026-02-26 14:34:59,329 INFO: Best Epoch 38, Best Test Loss: 0.430468811230226, Inv Test Loss: 3.9731493935440527, Best Test R2: 0.7986374497413635 
2026-02-26 14:34:59,903 INFO: Epoch 141, Train Loss: 0.3588202796650655, Test Loss: 0.4520499688206297, Inverse Test Loss: 4.1723395116401445, Train R2: 0.8668339961405956, Test R2: 0.7795448303222656, Inverse Test R2: 0.7795447707176208 
2026-02-26 14:35:00,479 INFO: Epoch 142, Train Loss: 0.35914666510441084, Test Loss: 0.45231520497437677, Inverse Test Loss: 4.174787557486332, Train R2: 0.8651678277687593, Test R2: 0.7790706753730774, Inverse Test R2: 0.7790706753730774 
2026-02-26 14:35:01,044 INFO: Epoch 143, Train Loss: 0.35786031807462376, Test Loss: 0.45045499910007825, Inverse Test Loss: 4.157618284225464, Train R2: 0.8663806820457632, Test R2: 0.7808042764663696, Inverse Test R2: 0.7808042764663696 
2026-02-26 14:35:01,604 INFO: Epoch 144, Train Loss: 0.3572639313836892, Test Loss: 0.45227290644790186, Inverse Test Loss: 4.174397230148315, Train R2: 0.8674196632522525, Test R2: 0.7792431116104126, Inverse Test R2: 0.7792431116104126 
2026-02-26 14:35:02,179 INFO: Epoch 145, Train Loss: 0.3590268794108521, Test Loss: 0.45102603327144275, Inverse Test Loss: 4.162888844807942, Train R2: 0.865650549530983, Test R2: 0.7805182933807373, Inverse Test R2: 0.7805182933807373 
2026-02-26 14:35:02,756 INFO: Epoch 146, Train Loss: 0.3586624662081401, Test Loss: 0.45074931690187164, Inverse Test Loss: 4.160334760492498, Train R2: 0.8664434132250872, Test R2: 0.7804639935493469, Inverse Test R2: 0.7804639935493469 
2026-02-26 14:35:03,328 INFO: Epoch 147, Train Loss: 0.3563655383433356, Test Loss: 0.4510749081770579, Inverse Test Loss: 4.1633399544340195, Train R2: 0.8671776968421359, Test R2: 0.7805832624435425, Inverse Test R2: 0.7805832028388977 
2026-02-26 14:35:03,903 INFO: Epoch 148, Train Loss: 0.3567725329688101, Test Loss: 0.45082663135095075, Inverse Test Loss: 4.161048390648582, Train R2: 0.8678813698616895, Test R2: 0.7806401252746582, Inverse Test R2: 0.7806401252746582 
2026-02-26 14:35:04,468 INFO: Epoch 149, Train Loss: 0.35697308227871405, Test Loss: 0.45538606517242664, Inverse Test Loss: 4.203131162759029, Train R2: 0.8677555480689714, Test R2: 0.776603639125824, Inverse Test R2: 0.7766035795211792 
2026-02-26 14:35:05,035 INFO: Epoch 150, Train Loss: 0.3568022207102992, Test Loss: 0.455398597500541, Inverse Test Loss: 4.203246788545088, Train R2: 0.8675206172646899, Test R2: 0.7763038277626038, Inverse Test R2: 0.776303768157959 
2026-02-26 14:35:05,035 INFO: Best Epoch 38, Best Test Loss: 0.430468811230226, Inv Test Loss: 3.9731493935440527, Best Test R2: 0.7986374497413635 
