2026-01-27 13:35:40,037 INFO: log_path:/logs_2026_1_27_HS_RMSE/AMFormer_simple_MLP_dim32_depth2_heads4_dropout0.4_fusion0.45_0.55_lr0.001_3P 
2026-01-27 13:35:40,038 INFO: Model:namespace(attn_dropout=0.4, categories=[], cluster=3, depth=2, dim=32, ff_dropout=0.4, groups=[54, 54, 54], heads=4, name='AMFormer_simple_MLP_dim32_depth2_heads4_dropout0.4_fusion0.45_0.55', num_cate=0, num_cont=20, num_special_tokens=1, out_dim=1, predictor='simple_MLP', prod_num_per_group=[6, 6, 6], qk_relu=False, static_fusion={'kan_weight': 0.45, 'trans_weight': 0.55}, sum_num_per_group=[32, 16, 8], target_mode='regression', token_descent=False, use_cls_token=True, use_prod=True, use_row_col_attention=True, use_sigmoid=True) 
2026-01-27 13:35:40,038 INFO: lr:0.001, loss:RMSE 
2026-01-27 13:35:40,038 INFO: Dataset:HS, Target:['metal3_Peak'] 
2026-01-27 13:35:40,038 INFO: ------Begin Training Model------ 
2026-01-27 13:36:06,405 INFO: Epoch 1, Train Loss: 0.6397030145832987, Test Loss: 0.4961503599629258, Inverse Test Loss: 0.35172347498662543, Train R2: 0.5723424720944781, Test R2: 0.7494645118713379, Inverse Test R2: 0.7494644522666931 
2026-01-27 13:36:18,904 INFO: Epoch 2, Train Loss: 0.49581883960601053, Test Loss: 0.4533412321047349, Inverse Test Loss: 0.32137587305271265, Train R2: 0.7477182231166146, Test R2: 0.7905018329620361, Inverse Test R2: 0.7905018329620361 
2026-01-27 13:36:31,299 INFO: Epoch 3, Train Loss: 0.4454599151557142, Test Loss: 0.4318283507318208, Inverse Test Loss: 0.30612527737111755, Train R2: 0.795743030129057, Test R2: 0.8102759122848511, Inverse Test R2: 0.8102759718894958 
2026-01-27 13:36:43,692 INFO: Epoch 4, Train Loss: 0.4130933880805969, Test Loss: 0.39106674808444397, Inverse Test Loss: 0.2772291840025873, Train R2: 0.8249417322151589, Test R2: 0.8435159921646118, Inverse Test R2: 0.8435159921646118 
2026-01-27 13:36:55,832 INFO: Epoch 5, Train Loss: 0.3971948813308369, Test Loss: 0.3822196460131443, Inverse Test Loss: 0.27095741936654755, Train R2: 0.8378859257156198, Test R2: 0.8506088256835938, Inverse Test R2: 0.8506088256835938 
2026-01-27 13:37:08,077 INFO: Epoch 6, Train Loss: 0.38593612972534064, Test Loss: 0.3763457283829198, Inverse Test Loss: 0.26679337340773956, Train R2: 0.8460711191097895, Test R2: 0.8547605276107788, Inverse Test R2: 0.8547605276107788 
2026-01-27 13:37:20,340 INFO: Epoch 7, Train Loss: 0.37986483876452304, Test Loss: 0.37040088845021796, Inverse Test Loss: 0.2625790432547078, Train R2: 0.8514451768362161, Test R2: 0.8590993881225586, Inverse Test R2: 0.8590994477272034 
2026-01-27 13:37:32,547 INFO: Epoch 8, Train Loss: 0.3688016055208264, Test Loss: 0.3697272439797719, Inverse Test Loss: 0.2621014985171231, Train R2: 0.8591903651302512, Test R2: 0.8596289157867432, Inverse Test R2: 0.8596289157867432 
2026-01-27 13:37:44,943 INFO: Epoch 9, Train Loss: 0.36676666050246265, Test Loss: 0.3602775606242093, Inverse Test Loss: 0.2554025717756965, Train R2: 0.8613705070632877, Test R2: 0.8665554523468018, Inverse Test R2: 0.8665554523468018 
2026-01-27 13:37:57,300 INFO: Epoch 10, Train Loss: 0.3613564618157618, Test Loss: 0.3585566751884692, Inverse Test Loss: 0.254182626803716, Train R2: 0.8648376636432878, Test R2: 0.8676942586898804, Inverse Test R2: 0.8676942586898804 
2026-01-27 13:38:09,588 INFO: Epoch 11, Train Loss: 0.35493815633835213, Test Loss: 0.36106515111345233, Inverse Test Loss: 0.255960895708113, Train R2: 0.8697620688965826, Test R2: 0.8657408952713013, Inverse Test R2: 0.8657408952713013 
2026-01-27 13:38:21,873 INFO: Epoch 12, Train Loss: 0.3527095506362843, Test Loss: 0.3523991812359203, Inverse Test Loss: 0.24981754702149014, Train R2: 0.8712886788628318, Test R2: 0.87192702293396, Inverse Test R2: 0.87192702293396 
2026-01-27 13:38:34,058 INFO: Epoch 13, Train Loss: 0.35241258957169275, Test Loss: 0.35593940994956275, Inverse Test Loss: 0.2523272340044831, Train R2: 0.8712145808068189, Test R2: 0.869592010974884, Inverse Test R2: 0.869592010974884 
2026-01-27 13:38:46,413 INFO: Epoch 14, Train Loss: 0.3482119119302793, Test Loss: 0.35167131008523883, Inverse Test Loss: 0.24930155728802536, Train R2: 0.8743849356066097, Test R2: 0.8725965023040771, Inverse Test R2: 0.8725964426994324 
2026-01-27 13:38:58,604 INFO: Epoch 15, Train Loss: 0.3449768111335509, Test Loss: 0.349434444398591, Inverse Test Loss: 0.2477158330606692, Train R2: 0.8768110731334398, Test R2: 0.8737985491752625, Inverse Test R2: 0.8737985491752625 
2026-01-27 13:39:10,828 INFO: Epoch 16, Train Loss: 0.3405500386248935, Test Loss: 0.34664995110396185, Inverse Test Loss: 0.24574188752607865, Train R2: 0.8800589338396535, Test R2: 0.875792384147644, Inverse Test R2: 0.875792384147644 
2026-01-27 13:39:23,180 INFO: Epoch 17, Train Loss: 0.3414432740572727, Test Loss: 0.3462213422312881, Inverse Test Loss: 0.2454380469791817, Train R2: 0.8795848258517005, Test R2: 0.8763123154640198, Inverse Test R2: 0.8763123154640198 
2026-01-27 13:39:35,438 INFO: Epoch 18, Train Loss: 0.33714984504110884, Test Loss: 0.35092428055676544, Inverse Test Loss: 0.2487719835657062, Train R2: 0.8824419465028879, Test R2: 0.8732336759567261, Inverse Test R2: 0.8732336759567261 
2026-01-27 13:39:47,641 INFO: Epoch 19, Train Loss: 0.33720511536706577, Test Loss: 0.3407694227767713, Inverse Test Loss: 0.24157315628095108, Train R2: 0.8821304923657215, Test R2: 0.8802270293235779, Inverse Test R2: 0.8802270293235779 
2026-01-27 13:39:59,993 INFO: Epoch 20, Train Loss: 0.33367219996271713, Test Loss: 0.3397302862369653, Inverse Test Loss: 0.24083650654012506, Train R2: 0.8855019961342667, Test R2: 0.8810751438140869, Inverse Test R2: 0.8810751438140869 
2026-01-27 13:40:12,318 INFO: Epoch 21, Train Loss: 0.3311170849836234, Test Loss: 0.3422908304315625, Inverse Test Loss: 0.24265168516924887, Train R2: 0.885986051324642, Test R2: 0.8794516921043396, Inverse Test R2: 0.8794516921043396 
2026-01-27 13:40:24,593 INFO: Epoch 22, Train Loss: 0.33018210778633755, Test Loss: 0.3436657461253079, Inverse Test Loss: 0.24362637373534116, Train R2: 0.8878886464870337, Test R2: 0.8779872059822083, Inverse Test R2: 0.8779872059822083 
2026-01-27 13:40:36,752 INFO: Epoch 23, Train Loss: 0.3276976107647925, Test Loss: 0.34164208128596796, Inverse Test Loss: 0.24219178611581976, Train R2: 0.8884465992450714, Test R2: 0.8791012167930603, Inverse Test R2: 0.8791012167930603 
2026-01-27 13:40:48,946 INFO: Epoch 24, Train Loss: 0.325460026661555, Test Loss: 0.3442112144195672, Inverse Test Loss: 0.2440130552559188, Train R2: 0.8902286534959619, Test R2: 0.8775150179862976, Inverse Test R2: 0.8775150179862976 
2026-01-27 13:41:01,054 INFO: Epoch 25, Train Loss: 0.32594804668968375, Test Loss: 0.33956114360780426, Inverse Test Loss: 0.24071659283204513, Train R2: 0.8897787169976668, Test R2: 0.8809558153152466, Inverse Test R2: 0.8809558153152466 
2026-01-27 13:41:13,312 INFO: Epoch 26, Train Loss: 0.3254441997092782, Test Loss: 0.3375303474339572, Inverse Test Loss: 0.23927695326732867, Train R2: 0.8887988076065526, Test R2: 0.8825960755348206, Inverse Test R2: 0.8825960755348206 
2026-01-27 13:41:25,570 INFO: Epoch 27, Train Loss: 0.32321886921470816, Test Loss: 0.3381623183235978, Inverse Test Loss: 0.23972496390342712, Train R2: 0.8916369450814796, Test R2: 0.8821347951889038, Inverse Test R2: 0.8821347951889038 
2026-01-27 13:41:37,967 INFO: Epoch 28, Train Loss: 0.323299134545254, Test Loss: 0.3373960057894389, Inverse Test Loss: 0.23918172175234015, Train R2: 0.8917171201019576, Test R2: 0.8825219869613647, Inverse Test R2: 0.8825219869613647 
2026-01-27 13:41:50,100 INFO: Epoch 29, Train Loss: 0.31963160351821873, Test Loss: 0.3397602253791058, Inverse Test Loss: 0.24085772624521545, Train R2: 0.8940699177257942, Test R2: 0.8812079429626465, Inverse Test R2: 0.8812079429626465 
2026-01-27 13:42:02,411 INFO: Epoch 30, Train Loss: 0.31971622179403447, Test Loss: 0.3373651892849893, Inverse Test Loss: 0.23915987303762726, Train R2: 0.8940652523076895, Test R2: 0.8824827671051025, Inverse Test R2: 0.8824827671051025 
2026-01-27 13:42:14,724 INFO: Epoch 31, Train Loss: 0.31941182911396027, Test Loss: 0.33541259982369165, Inverse Test Loss: 0.23777567301735733, Train R2: 0.894234739018209, Test R2: 0.883880615234375, Inverse Test R2: 0.883880615234375 
2026-01-27 13:42:27,156 INFO: Epoch 32, Train Loss: 0.3170510388233445, Test Loss: 0.3434487667047616, Inverse Test Loss: 0.2434725540153908, Train R2: 0.8956290357040636, Test R2: 0.8778414130210876, Inverse Test R2: 0.8778414130210876 
2026-01-27 13:42:39,355 INFO: Epoch 33, Train Loss: 0.3149128830568357, Test Loss: 0.3375153469316887, Inverse Test Loss: 0.23926632151459204, Train R2: 0.89722386544401, Test R2: 0.8826736211776733, Inverse Test R2: 0.8826736211776733 
2026-01-27 13:42:51,708 INFO: Epoch 34, Train Loss: 0.3162579949606549, Test Loss: 0.33881471464128204, Inverse Test Loss: 0.24018744853409854, Train R2: 0.8965858862255559, Test R2: 0.8815686702728271, Inverse Test R2: 0.8815686106681824 
2026-01-27 13:43:04,030 INFO: Epoch 35, Train Loss: 0.31661994687535544, Test Loss: 0.34278279317147803, Inverse Test Loss: 0.24300044413768884, Train R2: 0.8961965866161116, Test R2: 0.878580629825592, Inverse Test R2: 0.878580629825592 
2026-01-27 13:43:16,294 INFO: Epoch 36, Train Loss: 0.31406550470626715, Test Loss: 0.3369921152338837, Inverse Test Loss: 0.23889540045550375, Train R2: 0.8975535983389075, Test R2: 0.8826388120651245, Inverse Test R2: 0.8826388120651245 
2026-01-27 13:43:28,641 INFO: Epoch 37, Train Loss: 0.311056010086428, Test Loss: 0.3389471507433689, Inverse Test Loss: 0.2402813375899286, Train R2: 0.8987372169891993, Test R2: 0.881399393081665, Inverse Test R2: 0.881399393081665 
2026-01-27 13:43:40,963 INFO: Epoch 38, Train Loss: 0.3138483107993097, Test Loss: 0.3368475509412361, Inverse Test Loss: 0.23879291568741653, Train R2: 0.8977395914720766, Test R2: 0.8828291893005371, Inverse Test R2: 0.8828291893005371 
2026-01-27 13:43:53,208 INFO: Epoch 39, Train Loss: 0.31406114701971866, Test Loss: 0.33825104841680237, Inverse Test Loss: 0.23978786080172568, Train R2: 0.8980740430680189, Test R2: 0.8823323845863342, Inverse Test R2: 0.8823323845863342 
2026-01-27 13:44:05,525 INFO: Epoch 40, Train Loss: 0.31368722969835455, Test Loss: 0.343462375980435, Inverse Test Loss: 0.2434822018399383, Train R2: 0.8976159447973425, Test R2: 0.8785852193832397, Inverse Test R2: 0.8785852193832397 
2026-01-27 13:44:17,856 INFO: Epoch 41, Train Loss: 0.3087456485990322, Test Loss: 0.3418658876960928, Inverse Test Loss: 0.2423504428430037, Train R2: 0.9010897558746915, Test R2: 0.8794623613357544, Inverse Test R2: 0.8794623613357544 
2026-01-27 13:44:30,158 INFO: Epoch 42, Train Loss: 0.31352956920410646, Test Loss: 0.3355491734815366, Inverse Test Loss: 0.23787249398953986, Train R2: 0.897715968616081, Test R2: 0.8841753005981445, Inverse Test R2: 0.8841753602027893 
2026-01-27 13:44:42,444 INFO: Epoch 43, Train Loss: 0.3081849821363435, Test Loss: 0.34055433535214624, Inverse Test Loss: 0.2414206745046558, Train R2: 0.9013962497313818, Test R2: 0.8802379369735718, Inverse Test R2: 0.8802379369735718 
2026-01-27 13:44:54,751 INFO: Epoch 44, Train Loss: 0.3063786126898997, Test Loss: 0.3352848941629583, Inverse Test Loss: 0.23768514439915167, Train R2: 0.9020599939606406, Test R2: 0.8838806748390198, Inverse Test R2: 0.8838806748390198 
2026-01-27 13:45:07,048 INFO: Epoch 45, Train Loss: 0.30685559806950163, Test Loss: 0.33851299728408, Inverse Test Loss: 0.2399735658457785, Train R2: 0.9028730920769952, Test R2: 0.8813760280609131, Inverse Test R2: 0.8813760280609131 
2026-01-27 13:45:19,354 INFO: Epoch 46, Train Loss: 0.30590335076505487, Test Loss: 0.34039820279135846, Inverse Test Loss: 0.2413099972587643, Train R2: 0.9024786456967845, Test R2: 0.8802333474159241, Inverse Test R2: 0.8802333474159241 
2026-01-27 13:45:31,672 INFO: Epoch 47, Train Loss: 0.30346957752198883, Test Loss: 0.3366101835713242, Inverse Test Loss: 0.23862464906591357, Train R2: 0.9045210015593153, Test R2: 0.8827500343322754, Inverse Test R2: 0.8827500343322754 
2026-01-27 13:45:43,917 INFO: Epoch 48, Train Loss: 0.3014619481382948, Test Loss: 0.3375696445053274, Inverse Test Loss: 0.23930481618100946, Train R2: 0.9060926378676386, Test R2: 0.8821072578430176, Inverse Test R2: 0.8821072578430176 
2026-01-27 13:45:56,231 INFO: Epoch 49, Train Loss: 0.3041710597321843, Test Loss: 0.33666759232680005, Inverse Test Loss: 0.23866534368558365, Train R2: 0.9033416970209642, Test R2: 0.8828166723251343, Inverse Test R2: 0.8828166723251343 
2026-01-27 13:46:08,665 INFO: Epoch 50, Train Loss: 0.3015603870153427, Test Loss: 0.34087864738522156, Inverse Test Loss: 0.241650583617615, Train R2: 0.9056038382378492, Test R2: 0.8798161745071411, Inverse Test R2: 0.8798161745071411 
2026-01-27 13:46:21,021 INFO: Epoch 51, Train Loss: 0.3024689034756386, Test Loss: 0.33766301292361633, Inverse Test Loss: 0.23937100578438153, Train R2: 0.9048525216904554, Test R2: 0.8818515539169312, Inverse Test R2: 0.8818515539169312 
2026-01-27 13:46:33,293 INFO: Epoch 52, Train Loss: 0.30038500475612556, Test Loss: 0.3390409214930101, Inverse Test Loss: 0.2403478076060613, Train R2: 0.9062497548081658, Test R2: 0.8808820247650146, Inverse Test R2: 0.8808820247650146 
2026-01-27 13:46:45,610 INFO: Epoch 53, Train Loss: 0.3002744208682667, Test Loss: 0.33898363104372314, Inverse Test Loss: 0.24030719291080127, Train R2: 0.9063030675505147, Test R2: 0.8814647793769836, Inverse Test R2: 0.8814647793769836 
2026-01-27 13:46:57,800 INFO: Epoch 54, Train Loss: 0.2983736347294215, Test Loss: 0.3455123309836243, Inverse Test Loss: 0.24493542178110642, Train R2: 0.9075106337214961, Test R2: 0.8766031861305237, Inverse Test R2: 0.8766031861305237 
2026-01-27 13:47:10,073 INFO: Epoch 55, Train Loss: 0.2995033564441132, Test Loss: 0.3437340837536436, Inverse Test Loss: 0.24367481515263067, Train R2: 0.9063463838714542, Test R2: 0.8777093887329102, Inverse Test R2: 0.8777093887329102 
2026-01-27 13:47:22,502 INFO: Epoch 56, Train Loss: 0.2968072640624913, Test Loss: 0.3409889724218484, Inverse Test Loss: 0.24172879123326504, Train R2: 0.9089071213295965, Test R2: 0.879583477973938, Inverse Test R2: 0.879583477973938 
2026-01-27 13:47:34,703 INFO: Epoch 57, Train Loss: 0.2975222318235672, Test Loss: 0.341033629395745, Inverse Test Loss: 0.24176044762134552, Train R2: 0.9074908255627661, Test R2: 0.8796124458312988, Inverse Test R2: 0.8796124458312988 
2026-01-27 13:47:46,939 INFO: Epoch 58, Train Loss: 0.2971353728437062, Test Loss: 0.3397218585014343, Inverse Test Loss: 0.240830530722936, Train R2: 0.9082643367124327, Test R2: 0.8807070851325989, Inverse Test R2: 0.8807070851325989 
2026-01-27 13:47:59,243 INFO: Epoch 59, Train Loss: 0.296611373397437, Test Loss: 0.3449369136131171, Inverse Test Loss: 0.24452750971823028, Train R2: 0.9090380817651749, Test R2: 0.8767567276954651, Inverse Test R2: 0.8767567276954651 
2026-01-27 13:48:11,544 INFO: Epoch 60, Train Loss: 0.2964483340355483, Test Loss: 0.33880134829969116, Inverse Test Loss: 0.24017797455643164, Train R2: 0.9091300973386476, Test R2: 0.8810857534408569, Inverse Test R2: 0.8810857534408569 
2026-01-27 13:48:23,735 INFO: Epoch 61, Train Loss: 0.2944785470538067, Test Loss: 0.34796958529587946, Inverse Test Loss: 0.24667738378047943, Train R2: 0.9095560465798234, Test R2: 0.8750379681587219, Inverse Test R2: 0.8750379681587219 
2026-01-27 13:48:36,039 INFO: Epoch 62, Train Loss: 0.2946016180018584, Test Loss: 0.3446439911018718, Inverse Test Loss: 0.2443198480389335, Train R2: 0.9097839449391221, Test R2: 0.8774341940879822, Inverse Test R2: 0.8774341940879822 
2026-01-27 13:48:48,454 INFO: Epoch 63, Train Loss: 0.29318842359564523, Test Loss: 0.347134350827246, Inverse Test Loss: 0.2460852838826902, Train R2: 0.9111030327551293, Test R2: 0.8755073547363281, Inverse Test R2: 0.8755073547363281 
2026-01-27 13:49:00,757 INFO: Epoch 64, Train Loss: 0.2936808910559524, Test Loss: 0.3397451625628905, Inverse Test Loss: 0.2408470529498476, Train R2: 0.9108000573786822, Test R2: 0.8806489109992981, Inverse Test R2: 0.8806489109992981 
2026-01-27 13:49:13,081 INFO: Epoch 65, Train Loss: 0.29273617019255954, Test Loss: 0.34793770042332733, Inverse Test Loss: 0.2466547800735994, Train R2: 0.9108025639346151, Test R2: 0.874900221824646, Inverse Test R2: 0.874900221824646 
2026-01-27 13:49:25,280 INFO: Epoch 66, Train Loss: 0.2920103407267368, Test Loss: 0.34586084069627704, Inverse Test Loss: 0.24518248122749906, Train R2: 0.9114888274308407, Test R2: 0.8766704797744751, Inverse Test R2: 0.8766704797744751 
2026-01-27 13:49:37,615 INFO: Epoch 67, Train Loss: 0.28926495677142433, Test Loss: 0.3423957951141126, Inverse Test Loss: 0.24272609479499585, Train R2: 0.9132257009094412, Test R2: 0.8789162635803223, Inverse Test R2: 0.8789162635803223 
2026-01-27 13:49:49,886 INFO: Epoch 68, Train Loss: 0.2902684956789017, Test Loss: 0.34200642054731195, Inverse Test Loss: 0.24245006929744373, Train R2: 0.9130416715686972, Test R2: 0.8788909316062927, Inverse Test R2: 0.8788909316062927 
2026-01-27 13:50:02,194 INFO: Epoch 69, Train Loss: 0.28870576778144547, Test Loss: 0.34557578599814215, Inverse Test Loss: 0.24498040612899896, Train R2: 0.9140037740721847, Test R2: 0.876379668712616, Inverse Test R2: 0.876379668712616 
2026-01-27 13:50:14,430 INFO: Epoch 70, Train Loss: 0.28716464002024045, Test Loss: 0.34118311378088867, Inverse Test Loss: 0.24186641655185007, Train R2: 0.9134092538645773, Test R2: 0.8793680667877197, Inverse Test R2: 0.8793680667877197 
2026-01-27 13:50:26,645 INFO: Epoch 71, Train Loss: 0.2862674164952654, Test Loss: 0.34707381508567114, Inverse Test Loss: 0.24604236673225055, Train R2: 0.9155246032909914, Test R2: 0.8750269412994385, Inverse Test R2: 0.8750269412994385 
2026-01-27 13:50:38,891 INFO: Epoch 72, Train Loss: 0.2884631869242047, Test Loss: 0.34321609229752514, Inverse Test Loss: 0.24330760990128372, Train R2: 0.9131260961294174, Test R2: 0.8784247636795044, Inverse Test R2: 0.8784247636795044 
2026-01-27 13:50:51,070 INFO: Epoch 73, Train Loss: 0.286725750700994, Test Loss: 0.3438930172811855, Inverse Test Loss: 0.24378748283241736, Train R2: 0.9146379963918165, Test R2: 0.8776537179946899, Inverse Test R2: 0.8776537179946899 
2026-01-27 13:51:03,310 INFO: Epoch 74, Train Loss: 0.28473941270600667, Test Loss: 0.3485831988580299, Inverse Test Loss: 0.24711237486564752, Train R2: 0.9152518063783646, Test R2: 0.8741104602813721, Inverse Test R2: 0.8741104602813721 
2026-01-27 13:51:15,603 INFO: Epoch 75, Train Loss: 0.28732579923940427, Test Loss: 0.34736247676791565, Inverse Test Loss: 0.24624700392737534, Train R2: 0.9138331729354281, Test R2: 0.8751660585403442, Inverse Test R2: 0.8751660585403442 
2026-01-27 13:51:27,839 INFO: Epoch 76, Train Loss: 0.28332600392626994, Test Loss: 0.34614096717400983, Inverse Test Loss: 0.24538106674497778, Train R2: 0.9167827850941456, Test R2: 0.8758715391159058, Inverse Test R2: 0.8758715391159058 
2026-01-27 13:51:40,193 INFO: Epoch 77, Train Loss: 0.284490596051469, Test Loss: 0.339914572058302, Inverse Test Loss: 0.24096714637496255, Train R2: 0.9160511841376623, Test R2: 0.8807284832000732, Inverse Test R2: 0.8807284235954285 
2026-01-27 13:51:52,469 INFO: Epoch 78, Train Loss: 0.28260632175387757, Test Loss: 0.3456441308512832, Inverse Test Loss: 0.24502885522264423, Train R2: 0.9169345005895152, Test R2: 0.8762356638908386, Inverse Test R2: 0.8762356638908386 
2026-01-27 13:52:04,806 INFO: Epoch 79, Train Loss: 0.28409246784268005, Test Loss: 0.34630441575339344, Inverse Test Loss: 0.24549693817442114, Train R2: 0.9167120005145217, Test R2: 0.8757111430168152, Inverse Test R2: 0.8757111430168152 
2026-01-27 13:52:17,038 INFO: Epoch 80, Train Loss: 0.28153461850050726, Test Loss: 0.34579787200147455, Inverse Test Loss: 0.24513784728266977, Train R2: 0.9175057515050425, Test R2: 0.8758290410041809, Inverse Test R2: 0.8758290410041809 
2026-01-27 13:52:29,299 INFO: Epoch 81, Train Loss: 0.28172140331430867, Test Loss: 0.3445550749699275, Inverse Test Loss: 0.2442568229003386, Train R2: 0.9173634571559501, Test R2: 0.8771182298660278, Inverse Test R2: 0.8771182298660278 
2026-01-27 13:52:41,471 INFO: Epoch 82, Train Loss: 0.2815783865975611, Test Loss: 0.3428277111414707, Inverse Test Loss: 0.24303227888815332, Train R2: 0.9176237989555706, Test R2: 0.8780106902122498, Inverse Test R2: 0.8780106902122498 
2026-01-27 13:52:53,698 INFO: Epoch 83, Train Loss: 0.27983241471828835, Test Loss: 0.34831548549912195, Inverse Test Loss: 0.24692259503133368, Train R2: 0.9184160769888849, Test R2: 0.8744150400161743, Inverse Test R2: 0.8744150400161743 
2026-01-27 13:53:05,914 INFO: Epoch 84, Train Loss: 0.2791142984095848, Test Loss: 0.34711106392470276, Inverse Test Loss: 0.2460687720414364, Train R2: 0.9194965303847284, Test R2: 0.8752188086509705, Inverse Test R2: 0.8752188086509705 
2026-01-27 13:53:18,170 INFO: Epoch 85, Train Loss: 0.2795216747079835, Test Loss: 0.34716267161297076, Inverse Test Loss: 0.24610535800457, Train R2: 0.918665223049395, Test R2: 0.8755372762680054, Inverse Test R2: 0.8755372762680054 
2026-01-27 13:53:30,455 INFO: Epoch 86, Train Loss: 0.2788047515081637, Test Loss: 0.3452664202812946, Inverse Test Loss: 0.24476109580560165, Train R2: 0.9193855411175526, Test R2: 0.8761773705482483, Inverse Test R2: 0.8761773705482483 
2026-01-27 13:53:42,605 INFO: Epoch 87, Train Loss: 0.2758495881024635, Test Loss: 0.34022659198804334, Inverse Test Loss: 0.24118833876017368, Train R2: 0.9209058736309861, Test R2: 0.8799033164978027, Inverse Test R2: 0.8799033164978027 
2026-01-27 13:53:54,889 INFO: Epoch 88, Train Loss: 0.27754809763846977, Test Loss: 0.3425655148246072, Inverse Test Loss: 0.24284641173752872, Train R2: 0.9199119964332292, Test R2: 0.8778952956199646, Inverse Test R2: 0.8778952956199646 
2026-01-27 13:54:06,974 INFO: Epoch 89, Train Loss: 0.27635897741173254, Test Loss: 0.3444144025896535, Inverse Test Loss: 0.2441570975563743, Train R2: 0.9213197737029104, Test R2: 0.8764359354972839, Inverse Test R2: 0.8764359354972839 
2026-01-27 13:54:19,258 INFO: Epoch 90, Train Loss: 0.2742070452959249, Test Loss: 0.3452274451653163, Inverse Test Loss: 0.24473346544034552, Train R2: 0.9217210678440152, Test R2: 0.8766332864761353, Inverse Test R2: 0.8766332864761353 
2026-01-27 13:54:31,478 INFO: Epoch 91, Train Loss: 0.2771298826643915, Test Loss: 0.3458920003789844, Inverse Test Loss: 0.24520457423094547, Train R2: 0.9207474544192805, Test R2: 0.8762088418006897, Inverse Test R2: 0.8762088418006897 
2026-01-27 13:54:43,639 INFO: Epoch 92, Train Loss: 0.27555401092677406, Test Loss: 0.3471097801670884, Inverse Test Loss: 0.24606786307060358, Train R2: 0.9212084990559202, Test R2: 0.8753643035888672, Inverse Test R2: 0.8753643035888672 
2026-01-27 13:54:55,930 INFO: Epoch 93, Train Loss: 0.2752160563161879, Test Loss: 0.34069761995113257, Inverse Test Loss: 0.24152225120501083, Train R2: 0.9217767065221613, Test R2: 0.8799469470977783, Inverse Test R2: 0.8799469470977783 
2026-01-27 13:55:08,279 INFO: Epoch 94, Train Loss: 0.27284991639581596, Test Loss: 0.348123134988727, Inverse Test Loss: 0.24678623721455084, Train R2: 0.9230900144938267, Test R2: 0.8749260306358337, Inverse Test R2: 0.874925971031189 
2026-01-27 13:55:20,567 INFO: Epoch 95, Train Loss: 0.2735765352845192, Test Loss: 0.34841194568258343, Inverse Test Loss: 0.24699097104144818, Train R2: 0.9221289230115486, Test R2: 0.8739635944366455, Inverse Test R2: 0.8739635944366455 
2026-01-27 13:55:32,838 INFO: Epoch 96, Train Loss: 0.27318935931632016, Test Loss: 0.34406310139280377, Inverse Test Loss: 0.2439080589648449, Train R2: 0.9227295951409773, Test R2: 0.8775118589401245, Inverse Test R2: 0.8775118589401245 
2026-01-27 13:55:45,222 INFO: Epoch 97, Train Loss: 0.26964736131556105, Test Loss: 0.343860511526917, Inverse Test Loss: 0.24376444202480893, Train R2: 0.924566163258119, Test R2: 0.8773844242095947, Inverse Test R2: 0.87738436460495 
2026-01-27 13:55:57,471 INFO: Epoch 98, Train Loss: 0.2689416154541753, Test Loss: 0.3512759308020274, Inverse Test Loss: 0.24902126689751944, Train R2: 0.9251931368401556, Test R2: 0.8723735213279724, Inverse Test R2: 0.8723735213279724 
2026-01-27 13:56:09,828 INFO: Epoch 99, Train Loss: 0.2711922872924443, Test Loss: 0.3452968055551702, Inverse Test Loss: 0.24478263746608386, Train R2: 0.923862584161036, Test R2: 0.8762036561965942, Inverse Test R2: 0.8762036561965942 
2026-01-27 13:56:22,123 INFO: Epoch 100, Train Loss: 0.2700132190278082, Test Loss: 0.3441221605647694, Inverse Test Loss: 0.24394991993904114, Train R2: 0.9246599940639554, Test R2: 0.8773816823959351, Inverse Test R2: 0.8773816823959351 
2026-01-27 13:56:22,123 INFO: Best Epoch 44, Best Test Loss: 0.3352848941629583, Inv Test Loss: 0.23768514439915167, Best Test R2: 0.8838806748390198 
2026-01-27 13:56:34,445 INFO: Epoch 101, Train Loss: 0.26998978751626884, Test Loss: 0.3422639451243661, Inverse Test Loss: 0.24263262884183365, Train R2: 0.9242720960667639, Test R2: 0.8784419298171997, Inverse Test R2: 0.8784419298171997 
2026-01-27 13:56:46,786 INFO: Epoch 102, Train Loss: 0.2673786042088812, Test Loss: 0.3475224416364323, Inverse Test Loss: 0.24636040311871152, Train R2: 0.9255903575456503, Test R2: 0.8747466206550598, Inverse Test R2: 0.8747466206550598 
2026-01-27 13:56:59,069 INFO: Epoch 103, Train Loss: 0.26783719037969905, Test Loss: 0.3473482240330089, Inverse Test Loss: 0.2462368973276832, Train R2: 0.9260527315464887, Test R2: 0.874891996383667, Inverse Test R2: 0.874891996383667 
2026-01-27 13:57:11,319 INFO: Epoch 104, Train Loss: 0.26464322062604356, Test Loss: 0.3450006165287711, Inverse Test Loss: 0.2445726679130034, Train R2: 0.9268287298354235, Test R2: 0.8768320083618164, Inverse Test R2: 0.8768320083618164 
2026-01-27 13:57:23,566 INFO: Epoch 105, Train Loss: 0.2660229491690795, Test Loss: 0.34364363370519696, Inverse Test Loss: 0.2436106986168659, Train R2: 0.926801378528277, Test R2: 0.8776211142539978, Inverse Test R2: 0.8776211142539978 
2026-01-27 13:57:35,766 INFO: Epoch 106, Train Loss: 0.26484158928647183, Test Loss: 0.3474670337005095, Inverse Test Loss: 0.2463211245609052, Train R2: 0.9268818032560926, Test R2: 0.8748034238815308, Inverse Test R2: 0.874803364276886 
2026-01-27 13:57:48,052 INFO: Epoch 107, Train Loss: 0.2668696877857049, Test Loss: 0.3521674153479663, Inverse Test Loss: 0.2496532445604151, Train R2: 0.9257740306131768, Test R2: 0.8716186285018921, Inverse Test R2: 0.8716186285018921 
2026-01-27 13:58:00,216 INFO: Epoch 108, Train Loss: 0.26352646563089255, Test Loss: 0.34703237360174005, Inverse Test Loss: 0.24601298931873206, Train R2: 0.9276761245546918, Test R2: 0.8752989768981934, Inverse Test R2: 0.8752989768981934 
2026-01-27 13:58:12,491 INFO: Epoch 109, Train Loss: 0.26618846505880356, Test Loss: 0.35594861886718054, Inverse Test Loss: 0.2523337598099853, Train R2: 0.9259680884354042, Test R2: 0.8688424229621887, Inverse Test R2: 0.8688424229621887 
2026-01-27 13:58:24,705 INFO: Epoch 110, Train Loss: 0.26574900272217666, Test Loss: 0.349109175530347, Inverse Test Loss: 0.24748524526755014, Train R2: 0.9268944254427245, Test R2: 0.8737978339195251, Inverse Test R2: 0.8737978339195251 
2026-01-27 13:58:36,904 INFO: Epoch 111, Train Loss: 0.26403457084388443, Test Loss: 0.3533790892723835, Inverse Test Loss: 0.25051220483852155, Train R2: 0.9278064627539028, Test R2: 0.8705219626426697, Inverse Test R2: 0.8705219626426697 
2026-01-27 13:58:49,081 INFO: Epoch 112, Train Loss: 0.2614539580588991, Test Loss: 0.35069178722121497, Inverse Test Loss: 0.2486071681434458, Train R2: 0.9293792062636578, Test R2: 0.8726539611816406, Inverse Test R2: 0.8726539611816406 
2026-01-27 13:59:01,259 INFO: Epoch 113, Train Loss: 0.26453528508092417, Test Loss: 0.3491107076406479, Inverse Test Loss: 0.24748633621316968, Train R2: 0.9282180395993319, Test R2: 0.873572826385498, Inverse Test R2: 0.873572826385498 
2026-01-27 13:59:13,481 INFO: Epoch 114, Train Loss: 0.26042697962486383, Test Loss: 0.3545007985649687, Inverse Test Loss: 0.2513073958230741, Train R2: 0.9295386468822305, Test R2: 0.8703441619873047, Inverse Test R2: 0.8703441619873047 
2026-01-27 13:59:25,630 INFO: Epoch 115, Train Loss: 0.25720971709851065, Test Loss: 0.34653961748787854, Inverse Test Loss: 0.24566367223407282, Train R2: 0.931426520148913, Test R2: 0.8757683038711548, Inverse Test R2: 0.87576824426651 
2026-01-27 13:59:38,014 INFO: Epoch 116, Train Loss: 0.26102921795664413, Test Loss: 0.3521529318708362, Inverse Test Loss: 0.24964298262740625, Train R2: 0.9293776926669207, Test R2: 0.8715757131576538, Inverse Test R2: 0.8715757131576538 
2026-01-27 13:59:50,226 INFO: Epoch 117, Train Loss: 0.2607775948038607, Test Loss: 0.3488263316226728, Inverse Test Loss: 0.24728473569407608, Train R2: 0.9293594346805052, Test R2: 0.8740268349647522, Inverse Test R2: 0.8740268349647522 
2026-01-27 14:00:02,512 INFO: Epoch 118, Train Loss: 0.2593145575938803, Test Loss: 0.35308252229835047, Inverse Test Loss: 0.25030197293469403, Train R2: 0.9299834971175049, Test R2: 0.8710052371025085, Inverse Test R2: 0.8710051774978638 
2026-01-27 14:00:14,691 INFO: Epoch 119, Train Loss: 0.2564808761305881, Test Loss: 0.3442090821988655, Inverse Test Loss: 0.24401154617468515, Train R2: 0.9319730242996505, Test R2: 0.8770641684532166, Inverse Test R2: 0.8770641684532166 
2026-01-27 14:00:26,863 INFO: Epoch 120, Train Loss: 0.25708320307912247, Test Loss: 0.3482346065116651, Inverse Test Loss: 0.24686525807236182, Train R2: 0.931635115182761, Test R2: 0.8746610283851624, Inverse Test R2: 0.8746610283851624 
2026-01-27 14:00:39,037 INFO: Epoch 121, Train Loss: 0.2570026166962855, Test Loss: 0.34923973363457306, Inverse Test Loss: 0.24757779683127548, Train R2: 0.9315548597863226, Test R2: 0.8734827041625977, Inverse Test R2: 0.8734827041625977 
2026-01-27 14:00:51,103 INFO: Epoch 122, Train Loss: 0.256948262791742, Test Loss: 0.3554180652806253, Inverse Test Loss: 0.25195764863129816, Train R2: 0.9312108276468335, Test R2: 0.8701513409614563, Inverse Test R2: 0.8701513409614563 
2026-01-27 14:01:03,248 INFO: Epoch 123, Train Loss: 0.2571905267735322, Test Loss: 0.3519979010928761, Inverse Test Loss: 0.24953308069344723, Train R2: 0.9311468596711303, Test R2: 0.8720120191574097, Inverse Test R2: 0.8720120191574097 
2026-01-27 14:01:15,405 INFO: Epoch 124, Train Loss: 0.2556430835163955, Test Loss: 0.34997660102266254, Inverse Test Loss: 0.24810016471328158, Train R2: 0.9313873535755909, Test R2: 0.8726102113723755, Inverse Test R2: 0.8726102113723755 
2026-01-27 14:01:27,525 INFO: Epoch 125, Train Loss: 0.2538133721911546, Test Loss: 0.3506948713100318, Inverse Test Loss: 0.2486093540986379, Train R2: 0.933332567413648, Test R2: 0.8730030655860901, Inverse Test R2: 0.8730030059814453 
2026-01-27 14:01:39,720 INFO: Epoch 126, Train Loss: 0.25696886748527037, Test Loss: 0.3544339754364707, Inverse Test Loss: 0.2512600182583838, Train R2: 0.9310698712413962, Test R2: 0.8700720071792603, Inverse Test R2: 0.8700720071792603 
2026-01-27 14:01:51,917 INFO: Epoch 127, Train Loss: 0.25313254084550973, Test Loss: 0.34605392903992627, Inverse Test Loss: 0.24531936464887677, Train R2: 0.9334877706838377, Test R2: 0.8762855529785156, Inverse Test R2: 0.8762855529785156 
2026-01-27 14:02:04,208 INFO: Epoch 128, Train Loss: 0.2554735192521052, Test Loss: 0.34733972269477265, Inverse Test Loss: 0.2462308695822051, Train R2: 0.932063926801537, Test R2: 0.8750782608985901, Inverse Test R2: 0.8750782608985901 
2026-01-27 14:02:16,443 INFO: Epoch 129, Train Loss: 0.2573677651358373, Test Loss: 0.3469233178731167, Inverse Test Loss: 0.24593568028825702, Train R2: 0.9312216174421888, Test R2: 0.875591516494751, Inverse Test R2: 0.875591516494751 
2026-01-27 14:02:28,686 INFO: Epoch 130, Train Loss: 0.25221668364423694, Test Loss: 0.34870800014698144, Inverse Test Loss: 0.2472008498329105, Train R2: 0.9339634771599914, Test R2: 0.8740519285202026, Inverse Test R2: 0.8740519285202026 
2026-01-27 14:02:40,828 INFO: Epoch 131, Train Loss: 0.25423583952766476, Test Loss: 0.34716948776534107, Inverse Test Loss: 0.24611019094785055, Train R2: 0.9334492940794338, Test R2: 0.8748911023139954, Inverse Test R2: 0.8748910427093506 
2026-01-27 14:02:52,919 INFO: Epoch 132, Train Loss: 0.2527200374187845, Test Loss: 0.3502998650074005, Inverse Test Loss: 0.24832933057438245, Train R2: 0.9333069356101932, Test R2: 0.872373104095459, Inverse Test R2: 0.872373104095459 
2026-01-27 14:03:05,077 INFO: Epoch 133, Train Loss: 0.254546104732788, Test Loss: 0.3508219357692834, Inverse Test Loss: 0.248699428005652, Train R2: 0.9328204515305433, Test R2: 0.8724578619003296, Inverse Test R2: 0.8724578619003296 
2026-01-27 14:03:17,246 INFO: Epoch 134, Train Loss: 0.25028594120433834, Test Loss: 0.35055266456170514, Inverse Test Loss: 0.24850854232455744, Train R2: 0.9350279578656862, Test R2: 0.8724319934844971, Inverse Test R2: 0.8724320530891418 
2026-01-27 14:03:29,359 INFO: Epoch 135, Train Loss: 0.24841345124172443, Test Loss: 0.354732226693269, Inverse Test Loss: 0.25147145128611365, Train R2: 0.9357050715973882, Test R2: 0.8699191808700562, Inverse Test R2: 0.8699191808700562 
2026-01-27 14:03:41,600 INFO: Epoch 136, Train Loss: 0.2476353831589222, Test Loss: 0.3519495486310034, Inverse Test Loss: 0.24949880215254697, Train R2: 0.9361319569024172, Test R2: 0.8711749315261841, Inverse Test R2: 0.8711749315261841 
2026-01-27 14:03:53,755 INFO: Epoch 137, Train Loss: 0.25115546279332857, Test Loss: 0.3505189156893528, Inverse Test Loss: 0.24848461512363318, Train R2: 0.9344392942659783, Test R2: 0.8727807998657227, Inverse Test R2: 0.8727807998657227 
2026-01-27 14:04:06,004 INFO: Epoch 138, Train Loss: 0.25088182791615976, Test Loss: 0.35424423488703644, Inverse Test Loss: 0.251125513604193, Train R2: 0.9342600012367422, Test R2: 0.8698235750198364, Inverse Test R2: 0.8698235750198364 
2026-01-27 14:04:18,182 INFO: Epoch 139, Train Loss: 0.24943846836686134, Test Loss: 0.3519860189972502, Inverse Test Loss: 0.24952465205481558, Train R2: 0.9354653539079608, Test R2: 0.8720606565475464, Inverse Test R2: 0.8720606565475464 
2026-01-27 14:04:30,273 INFO: Epoch 140, Train Loss: 0.24365863000804727, Test Loss: 0.35800857706503436, Inverse Test Loss: 0.253794071800781, Train R2: 0.9384948706085031, Test R2: 0.8676021695137024, Inverse Test R2: 0.8676021695137024 
2026-01-27 14:04:42,377 INFO: Epoch 141, Train Loss: 0.2477829737419432, Test Loss: 0.3511762862855738, Inverse Test Loss: 0.24895062907175583, Train R2: 0.9358815397277023, Test R2: 0.8724642395973206, Inverse Test R2: 0.8724642395973206 
2026-01-27 14:04:54,525 INFO: Epoch 142, Train Loss: 0.245813800304225, Test Loss: 0.3521362114133257, Inverse Test Loss: 0.24963112220619665, Train R2: 0.9371507998668787, Test R2: 0.8712314367294312, Inverse Test R2: 0.8712314367294312 
2026-01-27 14:05:06,697 INFO: Epoch 143, Train Loss: 0.2462473703604756, Test Loss: 0.3550652635819984, Inverse Test Loss: 0.2517075412201159, Train R2: 0.9364514815987963, Test R2: 0.8700476884841919, Inverse Test R2: 0.8700476884841919 
2026-01-27 14:05:18,954 INFO: Epoch 144, Train Loss: 0.24767118568221727, Test Loss: 0.3563168500408982, Inverse Test Loss: 0.25259480286728253, Train R2: 0.9364003290732702, Test R2: 0.8687361478805542, Inverse Test R2: 0.8687360882759094 
2026-01-27 14:05:31,184 INFO: Epoch 145, Train Loss: 0.24586051950852075, Test Loss: 0.35028130719155975, Inverse Test Loss: 0.2483161719459476, Train R2: 0.9372056379462733, Test R2: 0.8731323480606079, Inverse Test R2: 0.8731323480606079 
2026-01-27 14:05:43,357 INFO: Epoch 146, Train Loss: 0.24528492208231578, Test Loss: 0.35440535707907245, Inverse Test Loss: 0.25123973100474384, Train R2: 0.9376254023024531, Test R2: 0.8702481985092163, Inverse Test R2: 0.8702481985092163 
2026-01-27 14:05:55,564 INFO: Epoch 147, Train Loss: 0.24433843712463524, Test Loss: 0.3541341911662709, Inverse Test Loss: 0.25104750060673914, Train R2: 0.9380107201410063, Test R2: 0.8702825307846069, Inverse Test R2: 0.8702825307846069 
2026-01-27 14:06:07,789 INFO: Epoch 148, Train Loss: 0.24239114118796407, Test Loss: 0.3523282002318989, Inverse Test Loss: 0.24976723031564194, Train R2: 0.9388503242622722, Test R2: 0.8716883063316345, Inverse Test R2: 0.8716883063316345 
2026-01-27 14:06:20,023 INFO: Epoch 149, Train Loss: 0.24313420441114542, Test Loss: 0.3519237470446211, Inverse Test Loss: 0.24948050759055398, Train R2: 0.9386557015505704, Test R2: 0.8715258836746216, Inverse Test R2: 0.8715258836746216 
2026-01-27 14:06:32,347 INFO: Epoch 150, Train Loss: 0.2437077724572384, Test Loss: 0.35522183324351453, Inverse Test Loss: 0.2518185381636475, Train R2: 0.9381599620436177, Test R2: 0.869739294052124, Inverse Test R2: 0.8697393536567688 
2026-01-27 14:06:44,566 INFO: Epoch 151, Train Loss: 0.24198476383180328, Test Loss: 0.35737434481129504, Inverse Test Loss: 0.2533444640311328, Train R2: 0.9386541617639137, Test R2: 0.867975652217865, Inverse Test R2: 0.867975652217865 
2026-01-27 14:06:56,932 INFO: Epoch 152, Train Loss: 0.24320143551537485, Test Loss: 0.3539974084406188, Inverse Test Loss: 0.2509505410086025, Train R2: 0.9385596825317903, Test R2: 0.8705818057060242, Inverse Test R2: 0.8705817461013794 
2026-01-27 14:07:09,160 INFO: Epoch 153, Train Loss: 0.24254424452330126, Test Loss: 0.35828229784965515, Inverse Test Loss: 0.253988115624948, Train R2: 0.9388594058426943, Test R2: 0.8674129843711853, Inverse Test R2: 0.8674129247665405 
2026-01-27 14:07:21,252 INFO: Epoch 154, Train Loss: 0.23879423906857317, Test Loss: 0.35507193298050854, Inverse Test Loss: 0.25171227391922113, Train R2: 0.9408018367760109, Test R2: 0.8703336119651794, Inverse Test R2: 0.8703336119651794 
2026-01-27 14:07:33,438 INFO: Epoch 155, Train Loss: 0.24126075862935095, Test Loss: 0.3592966515006441, Inverse Test Loss: 0.25470719599362573, Train R2: 0.9393469591935476, Test R2: 0.8671746850013733, Inverse Test R2: 0.8671747446060181 
2026-01-27 14:07:45,620 INFO: Epoch 156, Train Loss: 0.2414379415638519, Test Loss: 0.3549518052375678, Inverse Test Loss: 0.2516271151376493, Train R2: 0.9394379479415489, Test R2: 0.8692681193351746, Inverse Test R2: 0.8692681193351746 
2026-01-27 14:07:57,776 INFO: Epoch 157, Train Loss: 0.24070423954364026, Test Loss: 0.36341542547399347, Inverse Test Loss: 0.2576270220857678, Train R2: 0.9395605844981743, Test R2: 0.8634530305862427, Inverse Test R2: 0.8634530305862427 
2026-01-27 14:08:10,011 INFO: Epoch 158, Train Loss: 0.24387793976700667, Test Loss: 0.3592065500490593, Inverse Test Loss: 0.25464332735899725, Train R2: 0.9382761622017081, Test R2: 0.8667827248573303, Inverse Test R2: 0.8667827248573303 
2026-01-27 14:08:22,158 INFO: Epoch 159, Train Loss: 0.23978065518718777, Test Loss: 0.3591407885154088, Inverse Test Loss: 0.25459670343182306, Train R2: 0.939956451455752, Test R2: 0.8664528131484985, Inverse Test R2: 0.8664528131484985 
2026-01-27 14:08:34,315 INFO: Epoch 160, Train Loss: 0.23839058783469777, Test Loss: 0.35324807600541547, Inverse Test Loss: 0.250419329513203, Train R2: 0.9405740341453841, Test R2: 0.8708087205886841, Inverse Test R2: 0.8708087205886841 
2026-01-27 14:08:46,518 INFO: Epoch 161, Train Loss: 0.23755887873245007, Test Loss: 0.3604957280736981, Inverse Test Loss: 0.2555572295730764, Train R2: 0.9413495257948384, Test R2: 0.8662759065628052, Inverse Test R2: 0.86627596616745 
2026-01-27 14:08:58,645 INFO: Epoch 162, Train Loss: 0.2374470972202041, Test Loss: 0.35581290992823517, Inverse Test Loss: 0.2522375552040158, Train R2: 0.9409959790381518, Test R2: 0.8690861463546753, Inverse Test R2: 0.8690861463546753 
2026-01-27 14:09:10,855 INFO: Epoch 163, Train Loss: 0.23705530595598798, Test Loss: 0.3555440406004588, Inverse Test Loss: 0.2520469558058363, Train R2: 0.9417372034354643, Test R2: 0.8692596554756165, Inverse Test R2: 0.8692596554756165 
2026-01-27 14:09:23,136 INFO: Epoch 164, Train Loss: 0.23875154329068732, Test Loss: 0.36421191240801953, Inverse Test Loss: 0.25819164875781897, Train R2: 0.9409375967401447, Test R2: 0.8629617691040039, Inverse Test R2: 0.8629617691040039 
2026-01-27 14:09:35,450 INFO: Epoch 165, Train Loss: 0.2381142187073375, Test Loss: 0.358594458211552, Inverse Test Loss: 0.25420940780278406, Train R2: 0.9407809936639034, Test R2: 0.8668127655982971, Inverse Test R2: 0.8668127059936523 
2026-01-27 14:09:47,525 INFO: Epoch 166, Train Loss: 0.23634334980989946, Test Loss: 0.35340699192249414, Inverse Test Loss: 0.2505319831949292, Train R2: 0.9419241755297689, Test R2: 0.8713594675064087, Inverse Test R2: 0.8713594675064087 
2026-01-27 14:09:59,620 INFO: Epoch 167, Train Loss: 0.2345797229896892, Test Loss: 0.3601653621052251, Inverse Test Loss: 0.2553230343442975, Train R2: 0.9426756519259829, Test R2: 0.866222620010376, Inverse Test R2: 0.866222620010376 
2026-01-27 14:10:11,773 INFO: Epoch 168, Train Loss: 0.2396088849866029, Test Loss: 0.3597645479621309, Inverse Test Loss: 0.2550388922293981, Train R2: 0.9404725856853254, Test R2: 0.8665975332260132, Inverse Test R2: 0.8665975332260132 
2026-01-27 14:10:24,034 INFO: Epoch 169, Train Loss: 0.2362791303206574, Test Loss: 0.35903951345068036, Inverse Test Loss: 0.2545249087340904, Train R2: 0.9420998344818751, Test R2: 0.8671627044677734, Inverse Test R2: 0.8671627044677734 
2026-01-27 14:10:36,271 INFO: Epoch 170, Train Loss: 0.23477748092828374, Test Loss: 0.3613984909924594, Inverse Test Loss: 0.2561972023862781, Train R2: 0.942680731867299, Test R2: 0.8650565147399902, Inverse Test R2: 0.8650565147399902 
2026-01-27 14:10:48,645 INFO: Epoch 171, Train Loss: 0.23394717840534268, Test Loss: 0.36754257660923584, Inverse Test Loss: 0.2605527698090582, Train R2: 0.9425439888780768, Test R2: 0.8608341813087463, Inverse Test R2: 0.8608341813087463 
2026-01-27 14:11:00,723 INFO: Epoch 172, Train Loss: 0.23356110489729678, Test Loss: 0.35640309886498883, Inverse Test Loss: 0.2526559445894126, Train R2: 0.9429097085288076, Test R2: 0.8686318397521973, Inverse Test R2: 0.8686318397521973 
2026-01-27 14:11:12,942 INFO: Epoch 173, Train Loss: 0.2334170467925794, Test Loss: 0.3577932281927629, Inverse Test Loss: 0.25364141030745074, Train R2: 0.9434727520653696, Test R2: 0.8676580190658569, Inverse Test R2: 0.8676580190658569 
2026-01-27 14:11:25,142 INFO: Epoch 174, Train Loss: 0.2331744355685783, Test Loss: 0.359252292098421, Inverse Test Loss: 0.254675749576453, Train R2: 0.9436106749556281, Test R2: 0.8663150072097778, Inverse Test R2: 0.8663150072097778 
2026-01-27 14:11:37,501 INFO: Epoch 175, Train Loss: 0.23244618240630988, Test Loss: 0.35616971236286743, Inverse Test Loss: 0.25249049564202625, Train R2: 0.9438975019888445, Test R2: 0.8689208626747131, Inverse Test R2: 0.8689208626747131 
2026-01-27 14:11:49,693 INFO: Epoch 176, Train Loss: 0.23165251664591557, Test Loss: 0.3577098855466554, Inverse Test Loss: 0.25358233217037085, Train R2: 0.9443713656880639, Test R2: 0.8676288723945618, Inverse Test R2: 0.8676288723945618 
2026-01-27 14:12:01,836 INFO: Epoch 177, Train Loss: 0.2299421655409264, Test Loss: 0.3547815942403042, Inverse Test Loss: 0.25150645366220764, Train R2: 0.9450069729125861, Test R2: 0.8696805834770203, Inverse Test R2: 0.8696805238723755 
2026-01-27 14:12:14,054 INFO: Epoch 178, Train Loss: 0.23070663337906203, Test Loss: 0.35660662976178253, Inverse Test Loss: 0.2528002230506955, Train R2: 0.944601940386223, Test R2: 0.8679563999176025, Inverse Test R2: 0.8679563999176025 
2026-01-27 14:12:26,342 INFO: Epoch 179, Train Loss: 0.22984301456899353, Test Loss: 0.3557696635975982, Inverse Test Loss: 0.2522068985483863, Train R2: 0.9452132393013347, Test R2: 0.8686059713363647, Inverse Test R2: 0.8686059713363647 
2026-01-27 14:12:38,497 INFO: Epoch 180, Train Loss: 0.2290784070889155, Test Loss: 0.36512407299244043, Inverse Test Loss: 0.2588382869055777, Train R2: 0.9451465430584821, Test R2: 0.8620791435241699, Inverse Test R2: 0.8620791435241699 
2026-01-27 14:12:50,773 INFO: Epoch 181, Train Loss: 0.2310022912693746, Test Loss: 0.36229540904362995, Inverse Test Loss: 0.2568330326766679, Train R2: 0.944239056020072, Test R2: 0.8645066618919373, Inverse Test R2: 0.8645066618919373 
2026-01-27 14:13:02,987 INFO: Epoch 182, Train Loss: 0.22882495154485558, Test Loss: 0.364259219530857, Inverse Test Loss: 0.2582251867561629, Train R2: 0.945795710791241, Test R2: 0.8635668158531189, Inverse Test R2: 0.8635668158531189 
2026-01-27 14:13:15,232 INFO: Epoch 183, Train Loss: 0.23009063879197295, Test Loss: 0.3556456967736735, Inverse Test Loss: 0.2521190146605174, Train R2: 0.9446549334309318, Test R2: 0.8686646223068237, Inverse Test R2: 0.8686646223068237 
2026-01-27 14:13:27,435 INFO: Epoch 184, Train Loss: 0.2265062653882937, Test Loss: 0.35923981847185077, Inverse Test Loss: 0.25466690867236164, Train R2: 0.9462796982490655, Test R2: 0.8664228916168213, Inverse Test R2: 0.8664228916168213 
2026-01-27 14:13:39,570 INFO: Epoch 185, Train Loss: 0.23089600975314775, Test Loss: 0.3592609338688128, Inverse Test Loss: 0.25468188027540845, Train R2: 0.9442819374980349, Test R2: 0.866703987121582, Inverse Test R2: 0.866703987121582 
2026-01-27 14:13:51,895 INFO: Epoch 186, Train Loss: 0.22442474769371928, Test Loss: 0.3609992301825321, Inverse Test Loss: 0.25591416295730707, Train R2: 0.9477618449565136, Test R2: 0.8648227453231812, Inverse Test R2: 0.8648227453231812 
2026-01-27 14:14:04,067 INFO: Epoch 187, Train Loss: 0.22841798468972696, Test Loss: 0.3639378985672286, Inverse Test Loss: 0.2579974017359994, Train R2: 0.9458377650289824, Test R2: 0.8628849983215332, Inverse Test R2: 0.8628849983215332 
2026-01-27 14:14:16,308 INFO: Epoch 188, Train Loss: 0.22548271151203098, Test Loss: 0.3602079685890313, Inverse Test Loss: 0.25535323267633264, Train R2: 0.9470544046524799, Test R2: 0.8656247854232788, Inverse Test R2: 0.8656247854232788 
2026-01-27 14:14:28,430 INFO: Epoch 189, Train Loss: 0.22792019785353632, Test Loss: 0.35706188010446954, Inverse Test Loss: 0.25312295872153656, Train R2: 0.9456292174079202, Test R2: 0.8676283359527588, Inverse Test R2: 0.8676283359527588 
2026-01-27 14:14:40,678 INFO: Epoch 190, Train Loss: 0.227253372696313, Test Loss: 0.36601086818810663, Inverse Test Loss: 0.2594669447703795, Train R2: 0.9461695515748226, Test R2: 0.8619140386581421, Inverse Test R2: 0.8619140386581421 
2026-01-27 14:14:52,892 INFO: Epoch 191, Train Loss: 0.22710281531467583, Test Loss: 0.3633865804383249, Inverse Test Loss: 0.25760656956470374, Train R2: 0.9459214088591662, Test R2: 0.8630456924438477, Inverse Test R2: 0.8630456924438477 
2026-01-27 14:15:05,009 INFO: Epoch 192, Train Loss: 0.2267981618642807, Test Loss: 0.36016445629524463, Inverse Test Loss: 0.25532238907886273, Train R2: 0.9464023898948323, Test R2: 0.8663244247436523, Inverse Test R2: 0.8663244247436523 
2026-01-27 14:15:17,203 INFO: Epoch 193, Train Loss: 0.22519982809370215, Test Loss: 0.3602992494901021, Inverse Test Loss: 0.25541794390389416, Train R2: 0.9470683729106729, Test R2: 0.8661377429962158, Inverse Test R2: 0.866137683391571 
2026-01-27 14:15:29,365 INFO: Epoch 194, Train Loss: 0.2232422154735435, Test Loss: 0.35510086832624493, Inverse Test Loss: 0.25173278785113135, Train R2: 0.9477285855647289, Test R2: 0.8696416616439819, Inverse Test R2: 0.8696416616439819 
2026-01-27 14:15:41,563 INFO: Epoch 195, Train Loss: 0.22307488672209508, Test Loss: 0.3641379674275716, Inverse Test Loss: 0.2581392314397927, Train R2: 0.9482138319448992, Test R2: 0.8625400066375732, Inverse Test R2: 0.8625400066375732 
2026-01-27 14:15:53,826 INFO: Epoch 196, Train Loss: 0.22429156506603415, Test Loss: 0.36427122264197376, Inverse Test Loss: 0.25823369215835223, Train R2: 0.9474810804381515, Test R2: 0.8630650043487549, Inverse Test R2: 0.8630650043487549 
2026-01-27 14:16:06,030 INFO: Epoch 197, Train Loss: 0.2237366031516682, Test Loss: 0.35977128328699054, Inverse Test Loss: 0.25504366737423523, Train R2: 0.9477158550060156, Test R2: 0.86603844165802, Inverse Test R2: 0.86603844165802 
2026-01-27 14:16:18,197 INFO: Epoch 198, Train Loss: 0.22217924351041968, Test Loss: 0.3583276037013892, Inverse Test Loss: 0.2540202353036765, Train R2: 0.9483130664536448, Test R2: 0.8668276071548462, Inverse Test R2: 0.8668276071548462 
2026-01-27 14:16:30,356 INFO: Epoch 199, Train Loss: 0.22406329011375253, Test Loss: 0.35479495471174066, Inverse Test Loss: 0.25151592312437115, Train R2: 0.9475570063699376, Test R2: 0.8693715929985046, Inverse Test R2: 0.8693715929985046 
2026-01-27 14:16:42,594 INFO: Epoch 200, Train Loss: 0.22376751990029306, Test Loss: 0.35731078458554816, Inverse Test Loss: 0.25329940111348126, Train R2: 0.9476176568052985, Test R2: 0.8681110143661499, Inverse Test R2: 0.8681110143661499 
2026-01-27 14:16:42,594 INFO: Best Epoch 44, Best Test Loss: 0.3352848941629583, Inv Test Loss: 0.23768514439915167, Best Test R2: 0.8838806748390198 
2026-01-27 14:16:54,880 INFO: Epoch 201, Train Loss: 0.22284924408251588, Test Loss: 0.3607179323832194, Inverse Test Loss: 0.2557147506511573, Train R2: 0.9483500484264258, Test R2: 0.8653159141540527, Inverse Test R2: 0.865315854549408 
2026-01-27 14:17:07,083 INFO: Epoch 202, Train Loss: 0.22097831670985077, Test Loss: 0.36327147845065955, Inverse Test Loss: 0.2575249694513552, Train R2: 0.9486852170843066, Test R2: 0.8637549877166748, Inverse Test R2: 0.8637549877166748 
2026-01-27 14:17:19,175 INFO: Epoch 203, Train Loss: 0.2192089854542053, Test Loss: 0.36214056972301367, Inverse Test Loss: 0.25672326349850855, Train R2: 0.9500076454697233, Test R2: 0.8643764853477478, Inverse Test R2: 0.8643764853477478 
2026-01-27 14:17:31,388 INFO: Epoch 204, Train Loss: 0.22215856543996118, Test Loss: 0.3626005911465847, Inverse Test Loss: 0.25704937676588696, Train R2: 0.9484515510725252, Test R2: 0.8643065690994263, Inverse Test R2: 0.8643065690994263 
2026-01-27 14:17:43,566 INFO: Epoch 205, Train Loss: 0.2209108000000318, Test Loss: 0.3591067637457992, Inverse Test Loss: 0.2545725838704543, Train R2: 0.9489381769389817, Test R2: 0.866446316242218, Inverse Test R2: 0.866446316242218 
2026-01-27 14:17:55,679 INFO: Epoch 206, Train Loss: 0.2236622806751367, Test Loss: 0.359863896261562, Inverse Test Loss: 0.2551093196327036, Train R2: 0.947782550797318, Test R2: 0.8658696413040161, Inverse Test R2: 0.8658696413040161 
2026-01-27 14:18:07,774 INFO: Epoch 207, Train Loss: 0.22031801826123035, Test Loss: 0.36116817954814795, Inverse Test Loss: 0.25603393307237915, Train R2: 0.9493716345591978, Test R2: 0.86515873670578, Inverse Test R2: 0.86515873670578 
2026-01-27 14:18:19,890 INFO: Epoch 208, Train Loss: 0.21852973171255805, Test Loss: 0.3710539133259744, Inverse Test Loss: 0.26304197853261774, Train R2: 0.9502328679417119, Test R2: 0.8577287197113037, Inverse Test R2: 0.8577287197113037 
2026-01-27 14:18:32,045 INFO: Epoch 209, Train Loss: 0.2207005490182024, Test Loss: 0.36702765208302124, Inverse Test Loss: 0.2601877405787959, Train R2: 0.9488823901523243, Test R2: 0.8605329394340515, Inverse Test R2: 0.8605329394340515 
2026-01-27 14:18:44,242 INFO: Epoch 210, Train Loss: 0.2176640840868155, Test Loss: 0.36333289652159717, Inverse Test Loss: 0.25756850974126294, Train R2: 0.9506979819500085, Test R2: 0.8632451295852661, Inverse Test R2: 0.8632451295852661 
2026-01-27 14:18:56,305 INFO: Epoch 211, Train Loss: 0.21849546175111423, Test Loss: 0.3635843965140256, Inverse Test Loss: 0.2577468025864977, Train R2: 0.9500155250231425, Test R2: 0.8629741668701172, Inverse Test R2: 0.8629741668701172 
2026-01-27 14:19:08,482 INFO: Epoch 212, Train Loss: 0.2178466852867242, Test Loss: 0.3636863294875983, Inverse Test Loss: 0.25781906283263006, Train R2: 0.9504862043893698, Test R2: 0.8630816340446472, Inverse Test R2: 0.8630816340446472 
2026-01-27 14:19:20,582 INFO: Epoch 213, Train Loss: 0.21601019935174423, Test Loss: 0.365032976323908, Inverse Test Loss: 0.25877370888536627, Train R2: 0.9506496552265051, Test R2: 0.8621211647987366, Inverse Test R2: 0.8621211647987366 
2026-01-27 14:19:32,663 INFO: Epoch 214, Train Loss: 0.21923903500040373, Test Loss: 0.3623401089148088, Inverse Test Loss: 0.25686471886707074, Train R2: 0.9496035101738843, Test R2: 0.8642618656158447, Inverse Test R2: 0.8642618656158447 
2026-01-27 14:19:44,771 INFO: Epoch 215, Train Loss: 0.2213656629125277, Test Loss: 0.36217559467662463, Inverse Test Loss: 0.2567480956063126, Train R2: 0.9490787973909667, Test R2: 0.8638908863067627, Inverse Test R2: 0.8638908863067627 
2026-01-27 14:19:56,935 INFO: Epoch 216, Train Loss: 0.21935787842129217, Test Loss: 0.3580880779208559, Inverse Test Loss: 0.2538504343141209, Train R2: 0.9496517208489504, Test R2: 0.8674848079681396, Inverse Test R2: 0.8674848079681396 
2026-01-27 14:20:09,126 INFO: Epoch 217, Train Loss: 0.21694009299531128, Test Loss: 0.3625174977562644, Inverse Test Loss: 0.2569904724756877, Train R2: 0.9509856872486345, Test R2: 0.8640708923339844, Inverse Test R2: 0.8640708923339844 
2026-01-27 14:20:21,319 INFO: Epoch 218, Train Loss: 0.21406359270666586, Test Loss: 0.36391643954045844, Inverse Test Loss: 0.25798218810197077, Train R2: 0.9520622550538091, Test R2: 0.8627385497093201, Inverse Test R2: 0.8627384901046753 
2026-01-27 14:20:33,411 INFO: Epoch 219, Train Loss: 0.2149643265839779, Test Loss: 0.35778377453486127, Inverse Test Loss: 0.25363471200971893, Train R2: 0.9516621760346673, Test R2: 0.867397129535675, Inverse Test R2: 0.867397129535675 
2026-01-27 14:20:45,497 INFO: Epoch 220, Train Loss: 0.2118316932835362, Test Loss: 0.36761150215611316, Inverse Test Loss: 0.26060163432901556, Train R2: 0.9529946428356748, Test R2: 0.860061526298523, Inverse Test R2: 0.860061526298523 
2026-01-27 14:20:57,588 INFO: Epoch 221, Train Loss: 0.21812467807621666, Test Loss: 0.3659810387726986, Inverse Test Loss: 0.2594457918947393, Train R2: 0.9503021858858339, Test R2: 0.8615900278091431, Inverse Test R2: 0.8615899682044983 
2026-01-27 14:21:09,843 INFO: Epoch 222, Train Loss: 0.21715988952553633, Test Loss: 0.36120164755618933, Inverse Test Loss: 0.2560576561725501, Train R2: 0.950620760068749, Test R2: 0.8650692701339722, Inverse Test R2: 0.8650692701339722 
2026-01-27 14:21:22,017 INFO: Epoch 223, Train Loss: 0.21419619035088655, Test Loss: 0.3588233698498119, Inverse Test Loss: 0.25437168235128577, Train R2: 0.9522043290463361, Test R2: 0.866883397102356, Inverse Test R2: 0.866883397102356 
2026-01-27 14:21:34,192 INFO: Epoch 224, Train Loss: 0.21231684066129453, Test Loss: 0.3636916659095071, Inverse Test Loss: 0.2578228432120699, Train R2: 0.9531209401109002, Test R2: 0.8633359670639038, Inverse Test R2: 0.8633359670639038 
2026-01-27 14:21:46,477 INFO: Epoch 225, Train Loss: 0.21570522315574414, Test Loss: 0.3616154943451737, Inverse Test Loss: 0.25635103700738965, Train R2: 0.9513399903521393, Test R2: 0.864505410194397, Inverse Test R2: 0.864505410194397 
2026-01-27 14:21:58,616 INFO: Epoch 226, Train Loss: 0.21269022323416942, Test Loss: 0.36035953146038635, Inverse Test Loss: 0.2554606804341981, Train R2: 0.9529566137176572, Test R2: 0.8656352758407593, Inverse Test R2: 0.8656352758407593 
2026-01-27 14:22:10,741 INFO: Epoch 227, Train Loss: 0.21404755420305513, Test Loss: 0.36482163360624603, Inverse Test Loss: 0.25862388267661585, Train R2: 0.9521411440589211, Test R2: 0.8622075319290161, Inverse Test R2: 0.8622075319290161 
2026-01-27 14:22:22,876 INFO: Epoch 228, Train Loss: 0.21125080662243295, Test Loss: 0.3642865600007953, Inverse Test Loss: 0.2582445740699768, Train R2: 0.953219317577102, Test R2: 0.8623858094215393, Inverse Test R2: 0.8623858094215393 
2026-01-27 14:22:35,200 INFO: Epoch 229, Train Loss: 0.21226428945859274, Test Loss: 0.36232683062553406, Inverse Test Loss: 0.2568553081064513, Train R2: 0.9528850213144765, Test R2: 0.8643169403076172, Inverse Test R2: 0.8643169403076172 
2026-01-27 14:22:47,360 INFO: Epoch 230, Train Loss: 0.20906577202858348, Test Loss: 0.3643620655392156, Inverse Test Loss: 0.2582980945254817, Train R2: 0.9542311628659567, Test R2: 0.8624764084815979, Inverse Test R2: 0.8624764084815979 
2026-01-27 14:22:59,594 INFO: Epoch 231, Train Loss: 0.21070575680245052, Test Loss: 0.36113072615681274, Inverse Test Loss: 0.2560073778484807, Train R2: 0.9534244975357344, Test R2: 0.8651677370071411, Inverse Test R2: 0.8651677370071411 
2026-01-27 14:23:11,751 INFO: Epoch 232, Train Loss: 0.21137389292319617, Test Loss: 0.3654446574774655, Inverse Test Loss: 0.25906555490060285, Train R2: 0.9533487355167215, Test R2: 0.8620033264160156, Inverse Test R2: 0.8620032668113708 
2026-01-27 14:23:24,058 INFO: Epoch 233, Train Loss: 0.21075535215663188, Test Loss: 0.3706874639698953, Inverse Test Loss: 0.26278220207402203, Train R2: 0.9533915474559321, Test R2: 0.8578692674636841, Inverse Test R2: 0.8578692674636841 
2026-01-27 14:23:36,200 INFO: Epoch 234, Train Loss: 0.21158568978761183, Test Loss: 0.36599552992618445, Inverse Test Loss: 0.25945606285875494, Train R2: 0.9530675876321215, Test R2: 0.8611732125282288, Inverse Test R2: 0.8611732721328735 
2026-01-27 14:23:48,243 INFO: Epoch 235, Train Loss: 0.21175872839309953, Test Loss: 0.3575986885663235, Inverse Test Loss: 0.25350350683385675, Train R2: 0.9528153051029552, Test R2: 0.8674647808074951, Inverse Test R2: 0.8674647808074951 
2026-01-27 14:24:00,424 INFO: Epoch 236, Train Loss: 0.2104149887507612, Test Loss: 0.368204748991764, Inverse Test Loss: 0.2610221916075909, Train R2: 0.9536085173939214, Test R2: 0.8596898317337036, Inverse Test R2: 0.8596898317337036 
2026-01-27 14:24:12,719 INFO: Epoch 237, Train Loss: 0.210684731264006, Test Loss: 0.36361224813894794, Inverse Test Loss: 0.2577665416580258, Train R2: 0.9537048014727506, Test R2: 0.8634346127510071, Inverse Test R2: 0.8634346723556519 
2026-01-27 14:24:24,787 INFO: Epoch 238, Train Loss: 0.20909866668058164, Test Loss: 0.36292153325947846, Inverse Test Loss: 0.25727689040429663, Train R2: 0.9541415816003626, Test R2: 0.8632210493087769, Inverse Test R2: 0.8632210493087769 
2026-01-27 14:24:37,052 INFO: Epoch 239, Train Loss: 0.20800117245226196, Test Loss: 0.36398453242851025, Inverse Test Loss: 0.25803046109098376, Train R2: 0.9546244216687751, Test R2: 0.8630050420761108, Inverse Test R2: 0.8630050420761108 
2026-01-27 14:24:49,516 INFO: Epoch 240, Train Loss: 0.2069149168603348, Test Loss: 0.36251736319426336, Inverse Test Loss: 0.25699037539236474, Train R2: 0.9551878824378505, Test R2: 0.8639470934867859, Inverse Test R2: 0.8639470934867859 
2026-01-27 14:25:02,067 INFO: Epoch 241, Train Loss: 0.20494106355490108, Test Loss: 0.3597530433625886, Inverse Test Loss: 0.2550307354240706, Train R2: 0.9561055465178057, Test R2: 0.8660980463027954, Inverse Test R2: 0.8660980463027954 
2026-01-27 14:25:14,551 INFO: Epoch 242, Train Loss: 0.20998967122850995, Test Loss: 0.3676045487324397, Inverse Test Loss: 0.2605967092694658, Train R2: 0.9540693488988009, Test R2: 0.8604224920272827, Inverse Test R2: 0.8604224920272827 
2026-01-27 14:25:26,971 INFO: Epoch 243, Train Loss: 0.2077658845845497, Test Loss: 0.35897046146970807, Inverse Test Loss: 0.2544759597742196, Train R2: 0.9546568474986337, Test R2: 0.8665037155151367, Inverse Test R2: 0.8665037155151367 
2026-01-27 14:25:39,280 INFO: Epoch 244, Train Loss: 0.20609566399996931, Test Loss: 0.36223821206526324, Inverse Test Loss: 0.25679248706860974, Train R2: 0.9556669628981388, Test R2: 0.864082396030426, Inverse Test R2: 0.864082396030426 
2026-01-27 14:25:51,571 INFO: Epoch 245, Train Loss: 0.20775341231263045, Test Loss: 0.36610105543425586, Inverse Test Loss: 0.2595308721065521, Train R2: 0.9550777904011987, Test R2: 0.8616189360618591, Inverse Test R2: 0.8616189360618591 
2026-01-27 14:26:03,738 INFO: Epoch 246, Train Loss: 0.2062478285621513, Test Loss: 0.37240758989796496, Inverse Test Loss: 0.26400160067009204, Train R2: 0.9558449324333307, Test R2: 0.8568262457847595, Inverse Test R2: 0.8568262457847595 
2026-01-27 14:26:16,004 INFO: Epoch 247, Train Loss: 0.20295656788529773, Test Loss: 0.36009557951580395, Inverse Test Loss: 0.25527356339223456, Train R2: 0.9568558552048423, Test R2: 0.8659507036209106, Inverse Test R2: 0.8659507036209106 
2026-01-27 14:26:28,351 INFO: Epoch 248, Train Loss: 0.20546636685277475, Test Loss: 0.36526338710929407, Inverse Test Loss: 0.25893704864111816, Train R2: 0.9560002634922663, Test R2: 0.8623496890068054, Inverse Test R2: 0.8623496890068054 
2026-01-27 14:26:40,488 INFO: Epoch 249, Train Loss: 0.2058815456023722, Test Loss: 0.36625325137918646, Inverse Test Loss: 0.25963876554460236, Train R2: 0.9556584109862646, Test R2: 0.8616305589675903, Inverse Test R2: 0.8616306185722351 
2026-01-27 14:26:52,679 INFO: Epoch 250, Train Loss: 0.20633251976334688, Test Loss: 0.36566794821710297, Inverse Test Loss: 0.25922384000185766, Train R2: 0.9552116890748342, Test R2: 0.8615987300872803, Inverse Test R2: 0.861598789691925 
2026-01-27 14:27:04,988 INFO: Epoch 251, Train Loss: 0.20418647744438864, Test Loss: 0.3629657770648147, Inverse Test Loss: 0.2573082596063614, Train R2: 0.9563687123132475, Test R2: 0.8637398481369019, Inverse Test R2: 0.8637398481369019 
2026-01-27 14:27:17,201 INFO: Epoch 252, Train Loss: 0.2047674028259335, Test Loss: 0.3648016687595483, Inverse Test Loss: 0.2586097369591395, Train R2: 0.9563789950175718, Test R2: 0.8624406456947327, Inverse Test R2: 0.8624406456947327 
2026-01-27 14:27:29,318 INFO: Epoch 253, Train Loss: 0.20360223147453685, Test Loss: 0.366077055533727, Inverse Test Loss: 0.25951386085062317, Train R2: 0.9564204635945234, Test R2: 0.8618000149726868, Inverse Test R2: 0.8618000149726868 
2026-01-27 14:27:41,572 INFO: Epoch 254, Train Loss: 0.2092126149571303, Test Loss: 0.3634421735098868, Inverse Test Loss: 0.25764597816900775, Train R2: 0.9542262350971048, Test R2: 0.863676130771637, Inverse Test R2: 0.863676130771637 
2026-01-27 14:27:53,696 INFO: Epoch 255, Train Loss: 0.20529732593532765, Test Loss: 0.3715708075147687, Inverse Test Loss: 0.2634084089235826, Train R2: 0.9557950293475931, Test R2: 0.857703447341919, Inverse Test R2: 0.857703447341919 
2026-01-27 14:28:05,867 INFO: Epoch 256, Train Loss: 0.20408976010300897, Test Loss: 0.3690651718414191, Inverse Test Loss: 0.2616321516759468, Train R2: 0.9567099732883049, Test R2: 0.8592641949653625, Inverse Test R2: 0.8592641949653625 
2026-01-27 14:28:18,062 INFO: Epoch 257, Train Loss: 0.20238712113915067, Test Loss: 0.36475610010551685, Inverse Test Loss: 0.2585774262746175, Train R2: 0.9570665300795527, Test R2: 0.8623557090759277, Inverse Test R2: 0.8623557090759277 
2026-01-27 14:28:30,432 INFO: Epoch 258, Train Loss: 0.20113404964407286, Test Loss: 0.3709707892302311, Inverse Test Loss: 0.2629830539226532, Train R2: 0.9580294169259794, Test R2: 0.8579690456390381, Inverse Test R2: 0.8579690456390381 
2026-01-27 14:28:42,671 INFO: Epoch 259, Train Loss: 0.20269846272739497, Test Loss: 0.37288216569206933, Inverse Test Loss: 0.26433803502357367, Train R2: 0.9570651460777629, Test R2: 0.8566070795059204, Inverse Test R2: 0.8566070795059204 
2026-01-27 14:28:54,844 INFO: Epoch 260, Train Loss: 0.20272189649668607, Test Loss: 0.3751430773373806, Inverse Test Loss: 0.2659408102432887, Train R2: 0.9568344377207033, Test R2: 0.8547844886779785, Inverse Test R2: 0.8547844886779785 
2026-01-27 14:29:07,162 INFO: Epoch 261, Train Loss: 0.20363892671285252, Test Loss: 0.3663771902069901, Inverse Test Loss: 0.25972662550030334, Train R2: 0.9567830734180681, Test R2: 0.8608161211013794, Inverse Test R2: 0.8608161211013794 
2026-01-27 14:29:19,379 INFO: Epoch 262, Train Loss: 0.20321146748734242, Test Loss: 0.3667729740793055, Inverse Test Loss: 0.2600071985613216, Train R2: 0.9565602680950454, Test R2: 0.8608612418174744, Inverse Test R2: 0.8608612418174744 
2026-01-27 14:29:31,600 INFO: Epoch 263, Train Loss: 0.20089437564214072, Test Loss: 0.37066186196876294, Inverse Test Loss: 0.2627640515565872, Train R2: 0.9576233702175545, Test R2: 0.8579446077346802, Inverse Test R2: 0.8579446077346802 
2026-01-27 14:29:43,744 INFO: Epoch 264, Train Loss: 0.2016917271821788, Test Loss: 0.37125844847072254, Inverse Test Loss: 0.2631869727011883, Train R2: 0.9575853149096171, Test R2: 0.8577321767807007, Inverse Test R2: 0.8577321767807007 
2026-01-27 14:29:55,891 INFO: Epoch 265, Train Loss: 0.20127506396084122, Test Loss: 0.3629349452076536, Inverse Test Loss: 0.25728640005444037, Train R2: 0.9577408080751245, Test R2: 0.8638988137245178, Inverse Test R2: 0.863898754119873 
2026-01-27 14:30:08,113 INFO: Epoch 266, Train Loss: 0.19853742510983438, Test Loss: 0.36953283620603156, Inverse Test Loss: 0.26196367451638886, Train R2: 0.9584141626502528, Test R2: 0.8585762977600098, Inverse Test R2: 0.8585762977600098 
2026-01-27 14:30:20,400 INFO: Epoch 267, Train Loss: 0.2014536617154425, Test Loss: 0.3682446570107431, Inverse Test Loss: 0.2610504803332416, Train R2: 0.9576404541730881, Test R2: 0.8597338199615479, Inverse Test R2: 0.8597338199615479 
2026-01-27 14:30:32,639 INFO: Epoch 268, Train Loss: 0.19860980637145764, Test Loss: 0.36904432556845923, Inverse Test Loss: 0.2616173683693915, Train R2: 0.9587452474868658, Test R2: 0.8588868379592896, Inverse Test R2: 0.8588867783546448 
2026-01-27 14:30:44,812 INFO: Epoch 269, Train Loss: 0.19884988202741652, Test Loss: 0.3699648443496589, Inverse Test Loss: 0.2622699308576006, Train R2: 0.9586480964313854, Test R2: 0.858133852481842, Inverse Test R2: 0.8581337928771973 
2026-01-27 14:30:57,069 INFO: Epoch 270, Train Loss: 0.19928363078471387, Test Loss: 0.3722874612519235, Inverse Test Loss: 0.26391644595247327, Train R2: 0.9580527589176641, Test R2: 0.8570003509521484, Inverse Test R2: 0.8570003509521484 
2026-01-27 14:31:09,395 INFO: Epoch 271, Train Loss: 0.1997474209603035, Test Loss: 0.3659814343307958, Inverse Test Loss: 0.259446075016802, Train R2: 0.9583789326927878, Test R2: 0.8613440990447998, Inverse Test R2: 0.8613440990447998 
2026-01-27 14:31:21,601 INFO: Epoch 272, Train Loss: 0.19816388697786766, Test Loss: 0.364664021766547, Inverse Test Loss: 0.2585121524153334, Train R2: 0.9587464481592178, Test R2: 0.8625125288963318, Inverse Test R2: 0.8625125288963318 
2026-01-27 14:31:33,841 INFO: Epoch 273, Train Loss: 0.19954014016371785, Test Loss: 0.3635120703415437, Inverse Test Loss: 0.25769552904548065, Train R2: 0.9583056812936609, Test R2: 0.8629313707351685, Inverse Test R2: 0.8629314303398132 
2026-01-27 14:31:46,041 INFO: Epoch 274, Train Loss: 0.19832095876336098, Test Loss: 0.3759386783296412, Inverse Test Loss: 0.26650481151812005, Train R2: 0.9589538718714858, Test R2: 0.8538503646850586, Inverse Test R2: 0.8538503646850586 
2026-01-27 14:31:58,304 INFO: Epoch 275, Train Loss: 0.19850794542016406, Test Loss: 0.37120157751170074, Inverse Test Loss: 0.2631466623508569, Train R2: 0.9583870867888132, Test R2: 0.8573652505874634, Inverse Test R2: 0.8573652505874634 
2026-01-27 14:32:10,450 INFO: Epoch 276, Train Loss: 0.1956991054343455, Test Loss: 0.36157186193899676, Inverse Test Loss: 0.2563201121308587, Train R2: 0.9599430651375742, Test R2: 0.8646335601806641, Inverse Test R2: 0.8646335601806641 
2026-01-27 14:32:22,926 INFO: Epoch 277, Train Loss: 0.19970965216105635, Test Loss: 0.3649148326931578, Inverse Test Loss: 0.258689953973799, Train R2: 0.9584748898491715, Test R2: 0.8622801899909973, Inverse Test R2: 0.8622801899909973 
2026-01-27 14:32:35,008 INFO: Epoch 278, Train Loss: 0.1961446450741002, Test Loss: 0.3702180746829871, Inverse Test Loss: 0.26244944921045593, Train R2: 0.959642721396504, Test R2: 0.8582417964935303, Inverse Test R2: 0.8582417964935303 
2026-01-27 14:32:47,180 INFO: Epoch 279, Train Loss: 0.19632662200566495, Test Loss: 0.37265269593759015, Inverse Test Loss: 0.26417536356232385, Train R2: 0.9594353541280284, Test R2: 0.8569671511650085, Inverse Test R2: 0.8569671511650085 
2026-01-27 14:32:59,398 INFO: Epoch 280, Train Loss: 0.19549051627065195, Test Loss: 0.3750872323007295, Inverse Test Loss: 0.26590122147039935, Train R2: 0.9595854467514789, Test R2: 0.8550211191177368, Inverse Test R2: 0.8550211191177368 
2026-01-27 14:33:11,599 INFO: Epoch 281, Train Loss: 0.19564200057224793, Test Loss: 0.37101603999282373, Inverse Test Loss: 0.26301513115564984, Train R2: 0.9598472222234263, Test R2: 0.8571575284004211, Inverse Test R2: 0.8571575284004211 
2026-01-27 14:33:24,200 INFO: Epoch 282, Train Loss: 0.1956695606085387, Test Loss: 0.3647765973300645, Inverse Test Loss: 0.2585919585191842, Train R2: 0.9598254064718882, Test R2: 0.8617868423461914, Inverse Test R2: 0.8617868423461914 
2026-01-27 14:33:36,665 INFO: Epoch 283, Train Loss: 0.19575898417017676, Test Loss: 0.3703652891245755, Inverse Test Loss: 0.2625538088155515, Train R2: 0.959992096731157, Test R2: 0.8577098846435547, Inverse Test R2: 0.8577098846435547 
2026-01-27 14:33:47,640 INFO: Epoch 284, Train Loss: 0.19552695175463503, Test Loss: 0.3696590038863095, Inverse Test Loss: 0.2620531212199818, Train R2: 0.9600831130237291, Test R2: 0.8587379455566406, Inverse Test R2: 0.8587379455566406 
2026-01-27 14:33:51,995 INFO: Epoch 285, Train Loss: 0.19487115661754753, Test Loss: 0.3687889314059055, Inverse Test Loss: 0.26143632061553723, Train R2: 0.9601411078915452, Test R2: 0.8592181205749512, Inverse Test R2: 0.8592181205749512 
2026-01-27 14:33:56,283 INFO: Epoch 286, Train Loss: 0.19733907158176103, Test Loss: 0.36757274920290167, Inverse Test Loss: 0.2605741669734319, Train R2: 0.9594272478963389, Test R2: 0.8600015640258789, Inverse Test R2: 0.8600015640258789 
2026-01-27 14:34:00,812 INFO: Epoch 287, Train Loss: 0.1978533188953544, Test Loss: 0.3678132205298453, Inverse Test Loss: 0.26074463806369086, Train R2: 0.9591378136114641, Test R2: 0.8602297306060791, Inverse Test R2: 0.8602297306060791 
2026-01-27 14:34:05,028 INFO: Epoch 288, Train Loss: 0.19312647809133385, Test Loss: 0.36778756073026947, Inverse Test Loss: 0.26072644645517523, Train R2: 0.9610081816261465, Test R2: 0.860077977180481, Inverse Test R2: 0.860077977180481 
2026-01-27 14:34:09,297 INFO: Epoch 289, Train Loss: 0.19448729254531139, Test Loss: 0.37261552702296863, Inverse Test Loss: 0.2641490151484807, Train R2: 0.960581693685416, Test R2: 0.8563163876533508, Inverse Test R2: 0.8563163876533508 
2026-01-27 14:34:13,454 INFO: Epoch 290, Train Loss: 0.1926022223902471, Test Loss: 0.37861481038006867, Inverse Test Loss: 0.2684019352450515, Train R2: 0.9610258535002217, Test R2: 0.8521519303321838, Inverse Test R2: 0.8521519303321838 
2026-01-27 14:34:18,450 INFO: Epoch 291, Train Loss: 0.19517309816949296, Test Loss: 0.3638101816177368, Inverse Test Loss: 0.25790685866818286, Train R2: 0.9601855205767083, Test R2: 0.8636090159416199, Inverse Test R2: 0.8636089563369751 
2026-01-27 14:34:24,056 INFO: Epoch 292, Train Loss: 0.1927216239273548, Test Loss: 0.3717708479274403, Inverse Test Loss: 0.26355021740451, Train R2: 0.9612692093307321, Test R2: 0.8573594093322754, Inverse Test R2: 0.8573594093322754 
2026-01-27 14:34:29,328 INFO: Epoch 293, Train Loss: 0.19185916176348022, Test Loss: 0.3672946248993729, Inverse Test Loss: 0.26037700158177, Train R2: 0.9614764402310053, Test R2: 0.8603779673576355, Inverse Test R2: 0.8603779077529907 
2026-01-27 14:34:34,251 INFO: Epoch 294, Train Loss: 0.19211883854233858, Test Loss: 0.3687609009670489, Inverse Test Loss: 0.2614164537552631, Train R2: 0.9612985456531699, Test R2: 0.8597435355186462, Inverse Test R2: 0.8597435355186462 
2026-01-27 14:34:40,023 INFO: Epoch 295, Train Loss: 0.1925763406536796, Test Loss: 0.36637334028879803, Inverse Test Loss: 0.25972390265175793, Train R2: 0.9611252316019752, Test R2: 0.861269474029541, Inverse Test R2: 0.861269474029541 
2026-01-27 14:34:45,095 INFO: Epoch 296, Train Loss: 0.19366653207125087, Test Loss: 0.3668244517210758, Inverse Test Loss: 0.26004369376283704, Train R2: 0.9608566142392881, Test R2: 0.8607848286628723, Inverse Test R2: 0.8607848286628723 
2026-01-27 14:34:49,882 INFO: Epoch 297, Train Loss: 0.19135349718007175, Test Loss: 0.37078962271863763, Inverse Test Loss: 0.26285462171742413, Train R2: 0.9615776195670619, Test R2: 0.8578758239746094, Inverse Test R2: 0.8578758239746094 
2026-01-27 14:34:54,835 INFO: Epoch 298, Train Loss: 0.1915742572058331, Test Loss: 0.371492965203343, Inverse Test Loss: 0.2633532245050777, Train R2: 0.9614226894848275, Test R2: 0.857399582862854, Inverse Test R2: 0.857399582862854 
2026-01-27 14:34:59,286 INFO: Epoch 299, Train Loss: 0.1909425730506579, Test Loss: 0.365991700779308, Inverse Test Loss: 0.25945335220206867, Train R2: 0.9616357575763356, Test R2: 0.8616721630096436, Inverse Test R2: 0.8616721630096436 
2026-01-27 14:35:04,087 INFO: Epoch 300, Train Loss: 0.18895845984419188, Test Loss: 0.36885928294875403, Inverse Test Loss: 0.2614861979629054, Train R2: 0.9624889953569933, Test R2: 0.8593472838401794, Inverse Test R2: 0.8593472838401794 
2026-01-27 14:35:04,088 INFO: Best Epoch 44, Best Test Loss: 0.3352848941629583, Inv Test Loss: 0.23768514439915167, Best Test R2: 0.8838806748390198 
2026-01-27 14:35:09,777 INFO: Epoch 301, Train Loss: 0.19212328337810256, Test Loss: 0.3668655111934199, Inverse Test Loss: 0.260072796182199, Train R2: 0.9612945530450705, Test R2: 0.8610577583312988, Inverse Test R2: 0.861057698726654 
2026-01-27 14:35:14,497 INFO: Epoch 302, Train Loss: 0.19155811789360913, Test Loss: 0.36961580496845825, Inverse Test Loss: 0.2620225024945808, Train R2: 0.9612701043035045, Test R2: 0.8586625456809998, Inverse Test R2: 0.858662486076355 
